[2026-01-12T22:08:02.927Z] --- Logger configurado para escrever em arquivo: test-run.log ---
[2026-01-12T22:08:02.948Z] --- INICIANDO SERVIDOR ---
[2026-01-12T22:08:02.950Z] ETAPA 1: Conectando e sincronizando bancos de dados...
[2026-01-12T22:08:02.950Z] --- INICIALIZAÇÃO DO BANCO DE DADOS (PostgreSQL + Sequelize) ---
[2026-01-12T22:08:03.523Z] ✅ Conexão com o PostgreSQL estabelecida com sucesso.
[2026-01-12T22:08:03.524Z] Carregando models dinamicamente...
[2026-01-12T22:08:03.562Z] ✅ Models carregados.
[2026-01-12T22:08:03.562Z] Sincronizando models com o banco de dados (force: false)...
[2026-01-12T22:08:03.600Z] ✅ Tabelas de cache (PostgreSQL) verificadas/criadas com sucesso.
[2026-01-12T22:08:03.957Z] ✅ Models sincronizados com sucesso (tabelas recriadas/atualizadas).
[2026-01-12T22:08:03.958Z] ✅ Bancos de dados (PostgreSQL Relacional) prontos.
[2026-01-12T22:08:03.958Z] ETAPA 2: Configurando serviços e autenticação...
[2026-01-12T22:08:04.009Z] Nenhum usuário admin encontrado. Criando um novo...
[2026-01-12T22:08:04.323Z] Usuário 'Administrador' criado com sucesso com ID: 6fa45f54-49fd-4b9a-9c1b-f4d703e34bf2
[2026-01-12T22:08:04.326Z] ✅ Usuário admin criado com sucesso.
[2026-01-12T22:08:04.326Z] --- ORQUESTRADOR DE AUTENTICAÇÃO: performLogin ---
[2026-01-12T22:08:04.326Z] Tentando autenticar no endpoint: https://auth.inhire.app/login
[2026-01-12T22:08:05.410Z] Login realizado com sucesso. Tokens recebidos. AccessToken length: 1488, RefreshToken length: 64
[2026-01-12T22:08:05.413Z] ✅ Autenticação com a API externa bem-sucedida.
[2026-01-12T22:08:05.413Z] ETAPA 3: Sincronizando dados essenciais (Vagas, Talentos, Scorecards)...
[2026-01-12T22:08:05.417Z] --- ORQUESTRADOR (SYNC): Buscando e enriquecendo todas as vagas ---
[2026-01-12T22:08:05.417Z] --- SERVIÇO: Buscando TODAS as vagas com paginação interna ---
[2026-01-12T22:08:05.417Z] --- ORQUESTRADOR (SYNC): Buscando TODOS os talentos com paginação interna ---
[2026-01-12T22:08:05.417Z] Buscando uma página de talentos (limite de 100).
[2026-01-12T22:08:06.726Z] Página de vagas recebida. Chave para a próxima página encontrada. Total atual: 100
[2026-01-12T22:08:06.842Z] Buscando uma página de talentos (limite de 100).
[2026-01-12T22:08:07.341Z] Página de vagas recebida. Chave para a próxima página encontrada. Total atual: 200
[2026-01-12T22:08:07.598Z] Busca completa. Total final de 206 vagas carregadas da API.
[2026-01-12T22:08:08.761Z] DEBUG: Dados salvos com sucesso em "/Users/patricksiqueira/PEOPLE/api-people/debug_logs/all_jobs_raw_1768255687598.txt"
[2026-01-12T22:08:08.761Z] --- SERVIÇO: Buscando tags para a vaga 010b9be5-e7a6-4bef-bf00-07b6b4a2e787 ---
[2026-01-12T22:08:08.761Z] --- SERVIÇO: Buscando tags para a vaga 01eb8c12-9d27-4d24-8924-e00e3312a549 ---
[2026-01-12T22:08:08.762Z] --- SERVIÇO: Buscando tags para a vaga 02036b7c-7e4e-4da4-94c4-4e0411046210 ---
[2026-01-12T22:08:08.762Z] --- SERVIÇO: Buscando tags para a vaga 038f7c8c-0ad0-4489-9019-f1f320c10a94 ---
[2026-01-12T22:08:08.762Z] --- SERVIÇO: Buscando tags para a vaga 0713cef6-067b-46dd-90f6-9d6d1e70efb2 ---
[2026-01-12T22:08:08.762Z] --- SERVIÇO: Buscando tags para a vaga 087fa08a-3f9b-4f89-8abd-ed0a8ffb32aa ---
[2026-01-12T22:08:08.762Z] --- SERVIÇO: Buscando tags para a vaga 09c2edda-64b4-41e1-8580-73c6b2e03d64 ---
[2026-01-12T22:08:08.762Z] --- SERVIÇO: Buscando tags para a vaga 0b2a0725-363b-4a25-a95f-658f93451a17 ---
[2026-01-12T22:08:08.762Z] --- SERVIÇO: Buscando tags para a vaga 0e3ad5ba-5f6b-48a9-91b0-d02402d2039e ---
[2026-01-12T22:08:08.762Z] --- SERVIÇO: Buscando tags para a vaga 0f57a077-a7ad-4665-8d59-76ab585fd594 ---
[2026-01-12T22:08:08.762Z] --- SERVIÇO: Buscando tags para a vaga 103725bc-95a8-4a2a-a7dd-a07dd432f599 ---
[2026-01-12T22:08:08.762Z] --- SERVIÇO: Buscando tags para a vaga 1061f8b2-c706-473d-b7f9-d1f129c50797 ---
[2026-01-12T22:08:08.763Z] --- SERVIÇO: Buscando tags para a vaga 110cafa9-71a1-43b3-b3d3-02315a6cab75 ---
[2026-01-12T22:08:08.763Z] --- SERVIÇO: Buscando tags para a vaga 1199197f-ad3f-49fb-b59d-e8993669d8bf ---
[2026-01-12T22:08:08.763Z] --- SERVIÇO: Buscando tags para a vaga 12d01928-a53b-416a-a122-2a7779ba2d34 ---
[2026-01-12T22:08:08.763Z] --- SERVIÇO: Buscando tags para a vaga 12d66e5d-8f00-4e59-aefa-261fadae8747 ---
[2026-01-12T22:08:08.763Z] --- SERVIÇO: Buscando tags para a vaga 12df898d-45bf-487a-bb44-f0d6b52abb93 ---
[2026-01-12T22:08:08.763Z] --- SERVIÇO: Buscando tags para a vaga 1432c3df-44a3-45da-a7a7-8b8cfcb8a2a8 ---
[2026-01-12T22:08:08.763Z] --- SERVIÇO: Buscando tags para a vaga 198081f8-53cc-455a-834a-6467f07ce5a4 ---
[2026-01-12T22:08:08.763Z] --- SERVIÇO: Buscando tags para a vaga 19a031ab-f6f1-4bac-9b3f-49453b88e747 ---
[2026-01-12T22:08:08.763Z] --- SERVIÇO: Buscando tags para a vaga 1b25ccbf-ce03-4599-ab6b-c6574f8b51a9 ---
[2026-01-12T22:08:08.763Z] --- SERVIÇO: Buscando tags para a vaga 1dabe24a-55f3-4143-baa3-beb26a5ea825 ---
[2026-01-12T22:08:08.763Z] --- SERVIÇO: Buscando tags para a vaga 21370dcd-11c3-4d02-b8c2-795c1f7302ca ---
[2026-01-12T22:08:08.763Z] --- SERVIÇO: Buscando tags para a vaga 216e0e8d-2373-4449-bf8e-3e304555a918 ---
[2026-01-12T22:08:08.763Z] --- SERVIÇO: Buscando tags para a vaga 21cb7be5-7c24-4c31-9b68-e01c598f0b29 ---
[2026-01-12T22:08:08.764Z] --- SERVIÇO: Buscando tags para a vaga 22abe01d-7c71-47fb-9631-c1e7af0adda9 ---
[2026-01-12T22:08:08.764Z] --- SERVIÇO: Buscando tags para a vaga 24df6510-fc44-48e7-b72b-b0722c51ada9 ---
[2026-01-12T22:08:08.764Z] --- SERVIÇO: Buscando tags para a vaga 27057a67-dc99-4561-8fbb-2c01d0f95664 ---
[2026-01-12T22:08:08.764Z] --- SERVIÇO: Buscando tags para a vaga 28890951-c5c2-4172-8ffc-00b2c087f26d ---
[2026-01-12T22:08:08.764Z] --- SERVIÇO: Buscando tags para a vaga 28ada291-0f0a-4f88-8c21-d4399fccf2ea ---
[2026-01-12T22:08:08.764Z] --- SERVIÇO: Buscando tags para a vaga 28b18b11-ffd6-4a4c-8792-52625979eec6 ---
[2026-01-12T22:08:08.764Z] --- SERVIÇO: Buscando tags para a vaga 2a247d8e-5f71-4516-a2f2-7768e4d2ac13 ---
[2026-01-12T22:08:08.764Z] --- SERVIÇO: Buscando tags para a vaga 2b8c1009-6f71-4a00-82ad-d0ae4121933a ---
[2026-01-12T22:08:08.764Z] --- SERVIÇO: Buscando tags para a vaga 2bc2c17d-a2e9-4eba-bc37-1b2788c55ce9 ---
[2026-01-12T22:08:08.764Z] --- SERVIÇO: Buscando tags para a vaga 2bf8cf21-f6a4-4dea-b08f-68534e123b75 ---
[2026-01-12T22:08:08.764Z] --- SERVIÇO: Buscando tags para a vaga 2cb4f868-f797-42b7-ad10-a111bce78c81 ---
[2026-01-12T22:08:08.764Z] --- SERVIÇO: Buscando tags para a vaga 2cbcf9fb-be48-4840-9d1f-ea87787203e3 ---
[2026-01-12T22:08:08.764Z] --- SERVIÇO: Buscando tags para a vaga 2ce5c7e0-29cc-4b13-9f84-757887c847a7 ---
[2026-01-12T22:08:08.764Z] --- SERVIÇO: Buscando tags para a vaga 2db744bb-f359-4eb6-a319-3059ec161be5 ---
[2026-01-12T22:08:08.764Z] --- SERVIÇO: Buscando tags para a vaga 2e27e07c-a46f-4b47-b06c-6ad09de1541a ---
[2026-01-12T22:08:08.764Z] --- SERVIÇO: Buscando tags para a vaga 2e9b2e51-a864-4fb6-8501-42707c3a53ef ---
[2026-01-12T22:08:08.764Z] --- SERVIÇO: Buscando tags para a vaga 3150379a-7df2-465d-9347-a52d292e6d05 ---
[2026-01-12T22:08:08.764Z] --- SERVIÇO: Buscando tags para a vaga 3266ee48-79cb-4d45-9d3a-bcb0ef086569 ---
[2026-01-12T22:08:08.764Z] --- SERVIÇO: Buscando tags para a vaga 3306e92c-dc9e-47a0-8b24-438b310ce51a ---
[2026-01-12T22:08:08.764Z] --- SERVIÇO: Buscando tags para a vaga 3518b656-ce33-467a-be1f-2517cc8b0983 ---
[2026-01-12T22:08:08.764Z] --- SERVIÇO: Buscando tags para a vaga 35e7cc64-988c-4038-bf14-557a52ce72c8 ---
[2026-01-12T22:08:08.764Z] --- SERVIÇO: Buscando tags para a vaga 35f4346a-f575-47da-b210-e72b7c82bd68 ---
[2026-01-12T22:08:08.764Z] --- SERVIÇO: Buscando tags para a vaga 36246616-3b33-40e7-a13b-07461647a1af ---
[2026-01-12T22:08:08.764Z] --- SERVIÇO: Buscando tags para a vaga 3672c6af-0306-4df1-bbdd-f87442e4867b ---
[2026-01-12T22:08:08.765Z] --- SERVIÇO: Buscando tags para a vaga 37d72799-de1c-49b7-b594-32dcf3f56165 ---
[2026-01-12T22:08:08.765Z] --- SERVIÇO: Buscando tags para a vaga 3ad21787-de34-4af8-84f9-a48fc651e6e0 ---
[2026-01-12T22:08:08.765Z] --- SERVIÇO: Buscando tags para a vaga 3e00d7c2-a10a-4c16-aa01-115737031119 ---
[2026-01-12T22:08:08.765Z] --- SERVIÇO: Buscando tags para a vaga 3fa0ce0c-c82f-4606-a18f-8637a9d028ad ---
[2026-01-12T22:08:08.765Z] --- SERVIÇO: Buscando tags para a vaga 42b083cd-35ca-40cc-8886-2efff457eef7 ---
[2026-01-12T22:08:08.765Z] --- SERVIÇO: Buscando tags para a vaga 4531a001-3bd3-450c-965b-70c1da3a161e ---
[2026-01-12T22:08:08.765Z] --- SERVIÇO: Buscando tags para a vaga 466f3abd-50bd-49da-95b3-63c011d69385 ---
[2026-01-12T22:08:08.765Z] --- SERVIÇO: Buscando tags para a vaga 48419cea-f5d0-48a9-9e2f-32d275868d2a ---
[2026-01-12T22:08:08.765Z] --- SERVIÇO: Buscando tags para a vaga 48c7d8ca-bc43-4991-b901-4004b1d9ad68 ---
[2026-01-12T22:08:08.765Z] --- SERVIÇO: Buscando tags para a vaga 4a517f4c-baf4-45dc-86ab-606f9b799d17 ---
[2026-01-12T22:08:08.765Z] --- SERVIÇO: Buscando tags para a vaga 4b86e7b6-b76f-4f4b-b0ab-7c3a6873213b ---
[2026-01-12T22:08:08.765Z] --- SERVIÇO: Buscando tags para a vaga 4e052659-0bcb-44df-a8bb-94dd0a51a6fb ---
[2026-01-12T22:08:08.765Z] --- SERVIÇO: Buscando tags para a vaga 4ea77680-2259-477c-944c-3f7792aaf843 ---
[2026-01-12T22:08:08.765Z] --- SERVIÇO: Buscando tags para a vaga 4edb97eb-0611-4546-b901-731b92afab0c ---
[2026-01-12T22:08:08.765Z] --- SERVIÇO: Buscando tags para a vaga 4fffcb5c-962b-4f22-9703-7590e791be48 ---
[2026-01-12T22:08:08.765Z] --- SERVIÇO: Buscando tags para a vaga 50225e4a-e656-4671-9f30-39500578ece1 ---
[2026-01-12T22:08:08.765Z] --- SERVIÇO: Buscando tags para a vaga 53cefb70-7450-470b-a873-5ba48d95da84 ---
[2026-01-12T22:08:08.765Z] --- SERVIÇO: Buscando tags para a vaga 5505856a-c9c2-4b49-89eb-cf446e0c0629 ---
[2026-01-12T22:08:08.765Z] --- SERVIÇO: Buscando tags para a vaga 587d8ef0-bd3c-47ea-8ce6-e650cf6c527a ---
[2026-01-12T22:08:08.765Z] --- SERVIÇO: Buscando tags para a vaga 58951772-68fb-4324-8266-a47fe2be8e9d ---
[2026-01-12T22:08:08.765Z] --- SERVIÇO: Buscando tags para a vaga 5a8e7dd3-99a8-40ad-b441-ee06f58f7588 ---
[2026-01-12T22:08:08.765Z] --- SERVIÇO: Buscando tags para a vaga 5e78e517-13fd-47c7-83c7-6a33e14c4b63 ---
[2026-01-12T22:08:08.765Z] --- SERVIÇO: Buscando tags para a vaga 5fbebe8b-c092-4778-902e-8d193305f8f0 ---
[2026-01-12T22:08:08.765Z] --- SERVIÇO: Buscando tags para a vaga 604cbaca-96af-420d-98c3-55cee4995a1b ---
[2026-01-12T22:08:08.765Z] --- SERVIÇO: Buscando tags para a vaga 6075f3be-d885-4c32-9087-41d6eb798c93 ---
[2026-01-12T22:08:08.765Z] --- SERVIÇO: Buscando tags para a vaga 62583a4f-b749-414e-b544-9a307c40ac8c ---
[2026-01-12T22:08:08.765Z] --- SERVIÇO: Buscando tags para a vaga 62fb5e76-f6c2-4ec1-bfea-a4ff8557634c ---
[2026-01-12T22:08:08.765Z] --- SERVIÇO: Buscando tags para a vaga 666bd257-db76-400a-8100-1bfa9e356068 ---
[2026-01-12T22:08:08.765Z] --- SERVIÇO: Buscando tags para a vaga 66e073f2-37ce-4b27-9a6b-fdc5113fde6b ---
[2026-01-12T22:08:08.766Z] --- SERVIÇO: Buscando tags para a vaga 68cb2d53-21ec-45f3-a7e9-b5cb928ef79b ---
[2026-01-12T22:08:08.766Z] --- SERVIÇO: Buscando tags para a vaga 69b50fd3-4a4b-4081-8a4e-c6590504b7eb ---
[2026-01-12T22:08:08.766Z] --- SERVIÇO: Buscando tags para a vaga 69f0dfde-3439-4335-b3bc-cf0c41f613d9 ---
[2026-01-12T22:08:08.766Z] --- SERVIÇO: Buscando tags para a vaga 6b78bfff-00b0-4f45-b192-16c24d7c9d5f ---
[2026-01-12T22:08:08.766Z] --- SERVIÇO: Buscando tags para a vaga 6bff9d21-f95c-4928-b421-b2e79f39b85b ---
[2026-01-12T22:08:08.766Z] --- SERVIÇO: Buscando tags para a vaga 6c1511a0-6cd1-4028-be3c-3d033cd3ff41 ---
[2026-01-12T22:08:08.766Z] --- SERVIÇO: Buscando tags para a vaga 6ee0e457-5d3f-40e8-bd14-f8ab4d6f9c81 ---
[2026-01-12T22:08:08.766Z] --- SERVIÇO: Buscando tags para a vaga 6fe6f7f9-da78-4b27-88c7-b8adbadc5ae2 ---
[2026-01-12T22:08:08.766Z] --- SERVIÇO: Buscando tags para a vaga 71f23562-3ec7-49eb-bdf7-c839f0892745 ---
[2026-01-12T22:08:08.766Z] --- SERVIÇO: Buscando tags para a vaga 73636ab7-4474-4575-ac9b-ee08f032918a ---
[2026-01-12T22:08:08.766Z] --- SERVIÇO: Buscando tags para a vaga 7371002c-a20c-4885-8755-793f66ba1deb ---
[2026-01-12T22:08:08.767Z] --- SERVIÇO: Buscando tags para a vaga 73b65c4b-9848-43c1-b286-04dfdfe4a70f ---
[2026-01-12T22:08:08.767Z] --- SERVIÇO: Buscando tags para a vaga 7637003e-55c4-492b-9d40-eed2545b3a12 ---
[2026-01-12T22:08:08.767Z] --- SERVIÇO: Buscando tags para a vaga 764f8bad-1f99-408a-a845-79bb3bd79699 ---
[2026-01-12T22:08:08.767Z] --- SERVIÇO: Buscando tags para a vaga 76c93207-d2ca-4fb3-abad-94e7c36b3604 ---
[2026-01-12T22:08:08.767Z] --- SERVIÇO: Buscando tags para a vaga 76ee6b00-1bca-4ced-9f05-946753815c3c ---
[2026-01-12T22:08:08.767Z] --- SERVIÇO: Buscando tags para a vaga 781a8a0d-1cee-45b0-b25f-ff91e04f8eb3 ---
[2026-01-12T22:08:08.767Z] --- SERVIÇO: Buscando tags para a vaga 792a095b-b3ef-4eba-a6a2-a0a66d9a6129 ---
[2026-01-12T22:08:08.833Z] --- SERVIÇO: Buscando tags para a vaga 7945b7ff-3afc-4399-a52e-7ad3bb23e3f9 ---
[2026-01-12T22:08:08.833Z] --- SERVIÇO: Buscando tags para a vaga 812a8718-2cb7-4bad-bd68-e371bef16922 ---
[2026-01-12T22:08:08.833Z] --- SERVIÇO: Buscando tags para a vaga 84b11a17-31af-463e-9fb8-fc5f2463030d ---
[2026-01-12T22:08:08.834Z] --- SERVIÇO: Buscando tags para a vaga 8555a61a-3392-42fb-9072-d7805680ad92 ---
[2026-01-12T22:08:08.834Z] --- SERVIÇO: Buscando tags para a vaga 8629e6be-e251-453f-9493-e841351db50e ---
[2026-01-12T22:08:08.834Z] --- SERVIÇO: Buscando tags para a vaga 871d5a51-df59-437a-b78f-2ab4633292bf ---
[2026-01-12T22:08:08.834Z] --- SERVIÇO: Buscando tags para a vaga 882c0a08-d993-4cac-ad0a-5f38ea3e65e9 ---
[2026-01-12T22:08:08.834Z] --- SERVIÇO: Buscando tags para a vaga 8bff2734-de96-4dbd-a3da-371e00880a02 ---
[2026-01-12T22:08:08.834Z] --- SERVIÇO: Buscando tags para a vaga 8c1a6724-f397-4a03-95a7-d39e9c80cb30 ---
[2026-01-12T22:08:08.834Z] --- SERVIÇO: Buscando tags para a vaga 8c950fd0-b46f-4d85-bd5a-648e012c2937 ---
[2026-01-12T22:08:08.835Z] --- SERVIÇO: Buscando tags para a vaga 8d3a6d73-419d-4c5c-a385-ae20a61dc4a1 ---
[2026-01-12T22:08:08.835Z] --- SERVIÇO: Buscando tags para a vaga 983684cd-3191-4aa4-8a0f-d7d35c1f1469 ---
[2026-01-12T22:08:08.835Z] --- SERVIÇO: Buscando tags para a vaga 997894d1-5d61-4742-bb6c-8a9f9584dea0 ---
[2026-01-12T22:08:08.835Z] --- SERVIÇO: Buscando tags para a vaga 9acd00b2-fff2-46c4-b781-b6cc623d7266 ---
[2026-01-12T22:08:08.835Z] --- SERVIÇO: Buscando tags para a vaga 9cd89a17-1d89-4463-b05d-94b74024a965 ---
[2026-01-12T22:08:08.835Z] --- SERVIÇO: Buscando tags para a vaga 9e5ae1d3-7900-4046-9c97-91c1429fa348 ---
[2026-01-12T22:08:08.835Z] --- SERVIÇO: Buscando tags para a vaga 9eb409d5-61ce-456a-96df-880c81c180c7 ---
[2026-01-12T22:08:08.835Z] --- SERVIÇO: Buscando tags para a vaga a17ece41-6e89-40c5-bdbe-1963cc4129e6 ---
[2026-01-12T22:08:08.835Z] --- SERVIÇO: Buscando tags para a vaga a21274c4-32ba-4d05-9e0a-c7e6e35efe7f ---
[2026-01-12T22:08:08.835Z] --- SERVIÇO: Buscando tags para a vaga a28921e8-abbc-4b40-bed2-9fddb4079b3c ---
[2026-01-12T22:08:08.835Z] --- SERVIÇO: Buscando tags para a vaga a38150ac-23e0-45d8-add6-1217f41b881c ---
[2026-01-12T22:08:08.835Z] --- SERVIÇO: Buscando tags para a vaga a3a8f036-14d3-46c3-8744-213851ab0740 ---
[2026-01-12T22:08:08.835Z] --- SERVIÇO: Buscando tags para a vaga a3fe7418-1061-4227-a71e-8c5733a97bc9 ---
[2026-01-12T22:08:08.836Z] --- SERVIÇO: Buscando tags para a vaga a4d30c4c-ad22-4f05-a538-198826b91414 ---
[2026-01-12T22:08:08.836Z] --- SERVIÇO: Buscando tags para a vaga a7c5c7f8-dd68-4c17-bb29-8bd16a6b6e90 ---
[2026-01-12T22:08:08.836Z] --- SERVIÇO: Buscando tags para a vaga a9156217-6f67-43f3-ae2b-fe5f39e016a7 ---
[2026-01-12T22:08:08.836Z] --- SERVIÇO: Buscando tags para a vaga a9a62503-94f0-4e67-95ca-2d603fd9b78b ---
[2026-01-12T22:08:08.836Z] --- SERVIÇO: Buscando tags para a vaga ab1f7522-7466-4480-abe4-83c6e021761d ---
[2026-01-12T22:08:08.836Z] --- SERVIÇO: Buscando tags para a vaga ab4b6ff3-3d05-44fb-9806-ed1ca35c4c1b ---
[2026-01-12T22:08:08.836Z] --- SERVIÇO: Buscando tags para a vaga abfb09de-9bf6-43d8-b3f7-584e865a7420 ---
[2026-01-12T22:08:08.836Z] --- SERVIÇO: Buscando tags para a vaga adcc8425-b7b1-41a5-b9a1-5f559f9fa844 ---
[2026-01-12T22:08:08.836Z] --- SERVIÇO: Buscando tags para a vaga ae3a7e47-9acf-4e5e-89dc-0933da79ee49 ---
[2026-01-12T22:08:08.836Z] --- SERVIÇO: Buscando tags para a vaga aec9178e-2772-4226-b71a-8f67748f368e ---
[2026-01-12T22:08:08.837Z] --- SERVIÇO: Buscando tags para a vaga af024203-9fd6-40fd-ac69-05662eb045ec ---
[2026-01-12T22:08:08.837Z] --- SERVIÇO: Buscando tags para a vaga b0d6514a-d73d-49e6-905e-e2c16fb5dbe1 ---
[2026-01-12T22:08:08.837Z] --- SERVIÇO: Buscando tags para a vaga b18a8440-4514-405c-a31e-42c76e4de898 ---
[2026-01-12T22:08:08.837Z] --- SERVIÇO: Buscando tags para a vaga b335822e-5c67-4949-b87b-5d1ef1764d4a ---
[2026-01-12T22:08:08.837Z] --- SERVIÇO: Buscando tags para a vaga b34296e8-1def-4c29-b45a-8a081b925956 ---
[2026-01-12T22:08:08.837Z] --- SERVIÇO: Buscando tags para a vaga b381a667-0d32-47c5-92a3-1fd1e7fa5393 ---
[2026-01-12T22:08:08.837Z] --- SERVIÇO: Buscando tags para a vaga b3a3e8cf-3cd1-4059-a656-9ffedb098d60 ---
[2026-01-12T22:08:08.837Z] --- SERVIÇO: Buscando tags para a vaga b508f8e4-6c60-434a-9d01-6a0e6239548d ---
[2026-01-12T22:08:08.837Z] --- SERVIÇO: Buscando tags para a vaga b63048e4-5224-4e3f-982a-dd4ec8c53c04 ---
[2026-01-12T22:08:08.838Z] --- SERVIÇO: Buscando tags para a vaga b683cad9-ea1c-4075-96f5-b58ee4fa332e ---
[2026-01-12T22:08:08.838Z] --- SERVIÇO: Buscando tags para a vaga b6b44e51-df22-4ae3-9d20-f3ec57dc8086 ---
[2026-01-12T22:08:08.838Z] --- SERVIÇO: Buscando tags para a vaga b75c0e83-d035-49d8-a9c1-86dfb2c3c78e ---
[2026-01-12T22:08:08.838Z] --- SERVIÇO: Buscando tags para a vaga b7a9bf6d-4bb7-475b-acb1-d00b623d11cf ---
[2026-01-12T22:08:08.838Z] --- SERVIÇO: Buscando tags para a vaga b8e04f6a-8e2d-43c7-b25e-a54b807dc329 ---
[2026-01-12T22:08:08.838Z] --- SERVIÇO: Buscando tags para a vaga ba07cc99-ee2b-4b4c-9781-977690ee888d ---
[2026-01-12T22:08:08.838Z] --- SERVIÇO: Buscando tags para a vaga bb3160a4-1d6e-4c27-8a3e-10012501159b ---
[2026-01-12T22:08:08.838Z] --- SERVIÇO: Buscando tags para a vaga bb5eec13-15ec-434b-946a-b1793a46914b ---
[2026-01-12T22:08:08.838Z] --- SERVIÇO: Buscando tags para a vaga bc97677e-f4ff-4bef-bfe6-941b3193c3b0 ---
[2026-01-12T22:08:08.838Z] --- SERVIÇO: Buscando tags para a vaga bd33935e-d096-4eb2-bc72-723b12423f0d ---
[2026-01-12T22:08:08.838Z] --- SERVIÇO: Buscando tags para a vaga be2692a9-1dca-486d-a802-5ce412dc7a8e ---
[2026-01-12T22:08:08.838Z] --- SERVIÇO: Buscando tags para a vaga be439c0f-69e6-4606-8c75-f0556b6fb72d ---
[2026-01-12T22:08:08.838Z] --- SERVIÇO: Buscando tags para a vaga be766298-eaaf-493f-9884-783856a1575f ---
[2026-01-12T22:08:08.839Z] --- SERVIÇO: Buscando tags para a vaga bee80d70-f0cb-4eab-9b60-da7e2375cff8 ---
[2026-01-12T22:08:08.839Z] --- SERVIÇO: Buscando tags para a vaga bfc0de30-6c0f-4d47-94fe-0a3b137d1032 ---
[2026-01-12T22:08:08.839Z] --- SERVIÇO: Buscando tags para a vaga c2565fd3-47a2-496c-9a5a-1778b3a40bf2 ---
[2026-01-12T22:08:08.839Z] --- SERVIÇO: Buscando tags para a vaga c4070a66-63c5-405c-b1e3-441b92bb43a4 ---
[2026-01-12T22:08:08.839Z] --- SERVIÇO: Buscando tags para a vaga c47273b3-1435-4d56-9389-39c47f3aa6a3 ---
[2026-01-12T22:08:08.839Z] --- SERVIÇO: Buscando tags para a vaga c52b4b74-26c4-4dfb-ab95-96c2ffb9c866 ---
[2026-01-12T22:08:08.839Z] --- SERVIÇO: Buscando tags para a vaga c709ca23-54be-49f1-b4d5-eb02601ffd6d ---
[2026-01-12T22:08:08.839Z] --- SERVIÇO: Buscando tags para a vaga c9745ee1-aeea-4868-b13c-4a2b914e8e77 ---
[2026-01-12T22:08:08.839Z] --- SERVIÇO: Buscando tags para a vaga ccbf5f24-7ef8-43b5-8dbb-423b39b21d50 ---
[2026-01-12T22:08:08.839Z] --- SERVIÇO: Buscando tags para a vaga cdea6c2f-2269-43cc-84ea-fe0e25b5e54d ---
[2026-01-12T22:08:08.839Z] --- SERVIÇO: Buscando tags para a vaga cf5e8f77-4527-4432-a281-86e21c186077 ---
[2026-01-12T22:08:08.839Z] --- SERVIÇO: Buscando tags para a vaga cf62ef85-5b6a-4b33-96e2-e3300f8a768a ---
[2026-01-12T22:08:08.839Z] --- SERVIÇO: Buscando tags para a vaga cfa194c4-bf08-4a1a-a264-c41470216bd9 ---
[2026-01-12T22:08:08.839Z] --- SERVIÇO: Buscando tags para a vaga d0b95540-7927-49ed-8d5b-844e4fa6453c ---
[2026-01-12T22:08:08.839Z] --- SERVIÇO: Buscando tags para a vaga d0c27dd1-ba64-4b09-b9cf-a4c406314e63 ---
[2026-01-12T22:08:08.839Z] --- SERVIÇO: Buscando tags para a vaga d166490e-2a11-4c8c-ba4e-d8a8d5a81358 ---
[2026-01-12T22:08:08.839Z] --- SERVIÇO: Buscando tags para a vaga d3fc787b-2632-484e-979b-ed27ad981770 ---
[2026-01-12T22:08:08.839Z] --- SERVIÇO: Buscando tags para a vaga d6b89b2c-20c2-41bf-bd91-d126bbbb0f5c ---
[2026-01-12T22:08:08.839Z] --- SERVIÇO: Buscando tags para a vaga d773d309-13af-4a7c-a56c-c74ea2767f84 ---
[2026-01-12T22:08:08.839Z] --- SERVIÇO: Buscando tags para a vaga d780f1b1-9a14-4f2c-8517-39febde65ba4 ---
[2026-01-12T22:08:08.839Z] --- SERVIÇO: Buscando tags para a vaga d8dca707-4a10-4554-bd57-3423565aebf3 ---
[2026-01-12T22:08:08.913Z] --- SERVIÇO: Buscando tags para a vaga da8ee7b6-3cca-41e0-8496-1e7d784dea5c ---
[2026-01-12T22:08:08.913Z] --- SERVIÇO: Buscando tags para a vaga db58afee-aa79-44d7-b01a-084c08ac9ffc ---
[2026-01-12T22:08:08.913Z] --- SERVIÇO: Buscando tags para a vaga dd9b4e38-c7a3-4453-a912-6cc7b4e542dd ---
[2026-01-12T22:08:08.913Z] --- SERVIÇO: Buscando tags para a vaga ddc9f50c-b15c-497d-a740-bd682de6e982 ---
[2026-01-12T22:08:08.913Z] --- SERVIÇO: Buscando tags para a vaga de32cf73-deb2-46a7-a78b-05a0427cbfe6 ---
[2026-01-12T22:08:08.913Z] --- SERVIÇO: Buscando tags para a vaga df4f7c2e-8f9a-464a-b5cd-ecb105cfd6cb ---
[2026-01-12T22:08:08.913Z] --- SERVIÇO: Buscando tags para a vaga e3300c6a-ffcf-4b70-b147-97012871bb99 ---
[2026-01-12T22:08:08.913Z] --- SERVIÇO: Buscando tags para a vaga e3643e48-0d7c-4989-916f-fe7659d98a33 ---
[2026-01-12T22:08:08.913Z] --- SERVIÇO: Buscando tags para a vaga e3e6ab23-7e2e-4539-ba23-922599a99718 ---
[2026-01-12T22:08:08.913Z] --- SERVIÇO: Buscando tags para a vaga e4f3e42b-6b05-40dc-8659-a81504410e9b ---
[2026-01-12T22:08:08.913Z] --- SERVIÇO: Buscando tags para a vaga e681b432-3bbe-4ae9-b8e4-f2e86d3d11c6 ---
[2026-01-12T22:08:08.913Z] --- SERVIÇO: Buscando tags para a vaga e68c4f98-5623-4108-a8f2-b8252a1e5363 ---
[2026-01-12T22:08:08.914Z] --- SERVIÇO: Buscando tags para a vaga e8e05409-1d79-449e-9bd5-8766914f9cb9 ---
[2026-01-12T22:08:08.914Z] --- SERVIÇO: Buscando tags para a vaga e8ef0e45-f2c9-4dfc-a026-213cad983ec8 ---
[2026-01-12T22:08:08.914Z] --- SERVIÇO: Buscando tags para a vaga e9f9d0de-7dea-4c59-9078-3c63136d2c3d ---
[2026-01-12T22:08:08.914Z] --- SERVIÇO: Buscando tags para a vaga eb6ceb2b-7ff6-4365-9fa4-67ea175d8f5a ---
[2026-01-12T22:08:08.914Z] --- SERVIÇO: Buscando tags para a vaga eb987d00-3669-416c-afd6-f299f2106f09 ---
[2026-01-12T22:08:08.914Z] --- SERVIÇO: Buscando tags para a vaga ebfc702b-fe2b-4256-9a71-9f29927aebf0 ---
[2026-01-12T22:08:08.914Z] --- SERVIÇO: Buscando tags para a vaga eed56da4-5ad6-495e-8c53-5205d7ecbf8b ---
[2026-01-12T22:08:08.914Z] --- SERVIÇO: Buscando tags para a vaga ef7e90f9-09ed-497c-a74a-35464f8ff4e0 ---
[2026-01-12T22:08:08.914Z] --- SERVIÇO: Buscando tags para a vaga f02d9412-b27a-42d6-b021-22baa32446b1 ---
[2026-01-12T22:08:08.914Z] --- SERVIÇO: Buscando tags para a vaga f19ffe30-c39c-49e5-b9db-7d7533ae8b7e ---
[2026-01-12T22:08:08.914Z] --- SERVIÇO: Buscando tags para a vaga f294572b-b7cf-468b-bf7a-4381da0d33b0 ---
[2026-01-12T22:08:08.914Z] --- SERVIÇO: Buscando tags para a vaga f2cebfcd-1a4f-43d5-b082-c0849853ddbc ---
[2026-01-12T22:08:08.914Z] --- SERVIÇO: Buscando tags para a vaga f31cde87-5872-42dc-b34c-c4604a679e95 ---
[2026-01-12T22:08:08.914Z] --- SERVIÇO: Buscando tags para a vaga f354323d-be6c-42ee-8341-3cf00a5ba7f1 ---
[2026-01-12T22:08:08.914Z] --- SERVIÇO: Buscando tags para a vaga f3c4bffb-3043-4b9a-9c4b-846d1ea394d4 ---
[2026-01-12T22:08:08.914Z] --- SERVIÇO: Buscando tags para a vaga f71b7bab-ec59-4b45-8cb1-53d0497256c5 ---
[2026-01-12T22:08:08.914Z] --- SERVIÇO: Buscando tags para a vaga f71ee2bd-27ec-4e54-8bd7-1c88d6841244 ---
[2026-01-12T22:08:08.914Z] --- SERVIÇO: Buscando tags para a vaga f84ee05c-b0f8-4835-8e57-0e7c12705119 ---
[2026-01-12T22:08:08.914Z] --- SERVIÇO: Buscando tags para a vaga f8a46ee0-7d89-48bd-8c89-3f209d6a19bf ---
[2026-01-12T22:08:08.914Z] --- SERVIÇO: Buscando tags para a vaga fa721cb8-4af5-4340-b46e-5e8708f28f33 ---
[2026-01-12T22:08:08.915Z] --- SERVIÇO: Buscando tags para a vaga fb54fa05-e2bf-41b4-8adb-2e59fa0d3916 ---
[2026-01-12T22:08:08.915Z] --- SERVIÇO: Buscando tags para a vaga fd534c00-0776-4981-9a48-530a813cd7f7 ---
[2026-01-12T22:08:09.418Z] Buscando uma página de talentos (limite de 100).
[2026-01-12T22:08:11.707Z] Buscando uma página de talentos (limite de 100).
[2026-01-12T22:08:12.484Z] Buscando uma página de talentos (limite de 100).
[2026-01-12T22:08:14.046Z] Buscando uma página de talentos (limite de 100).
[2026-01-12T22:08:15.506Z] Buscando uma página de talentos (limite de 100).
[2026-01-12T22:08:17.043Z] Buscando uma página de talentos (limite de 100).
[2026-01-12T22:08:18.728Z] Buscando uma página de talentos (limite de 100).
[2026-01-12T22:08:20.471Z] Buscando uma página de talentos (limite de 100).
[2026-01-12T22:08:21.711Z] Buscando uma página de talentos (limite de 100).
[2026-01-12T22:08:22.489Z] Buscando uma página de talentos (limite de 100).
[2026-01-12T22:08:24.083Z] Buscando uma página de talentos (limite de 100).
[2026-01-12T22:08:25.691Z] Buscando uma página de talentos (limite de 100).
[2026-01-12T22:08:27.260Z] Buscando uma página de talentos (limite de 100).
[2026-01-12T22:08:28.275Z] Buscando uma página de talentos (limite de 100).
[2026-01-12T22:08:29.840Z] Buscando uma página de talentos (limite de 100).
[2026-01-12T22:08:31.131Z] Buscando uma página de talentos (limite de 100).
[2026-01-12T22:08:31.765Z] --- ORQUESTRADOR (SYNC): Busca completa. Total de 65889 talentos carregados.
[2026-01-12T22:08:32.077Z] ✅ Sincronização inicial de dados essenciais concluída. O cache está pronto.
[2026-01-12T22:08:32.078Z] ETAPA 4: Configurando as rotas da API...
[2026-01-12T22:08:32.090Z] ✅ Rotas da API prontas.
[2026-01-12T22:08:32.090Z] ETAPA 5: Abrindo a porta do servidor...
[2026-01-12T22:08:32.374Z] ETAPA 6: Agendando sincronizações periódicas...
[2026-01-12T22:08:32.389Z] 🔄 Sincronização periódica agendada a cada 60s.
[2026-01-12T22:08:32.391Z] 🚀 SERVIDOR PRONTO E OUVINDO NA PORTA 4000
[2026-01-12T22:08:32.391Z] Iniciando tarefas de segundo plano (pré-carregamento de candidatos)...
[2026-01-12T22:08:32.395Z] --- PREFETCH WORKER: Iniciando pré-carregamento de candidatos InHire (em segundo plano) ---
[2026-01-12T22:08:32.396Z] PREFETCH WORKER: Encontradas 206 vagas. Buscando candidatos...
[2026-01-12T22:08:32.401Z] --- ORQUESTRADOR: Buscando candidaturas para a vaga 010b9be5-e7a6-4bef-bf00-07b6b4a2e787 ---
[2026-01-12T22:08:32.401Z] CACHE MISS: Buscando candidaturas para a vaga 010b9be5-e7a6-4bef-bf00-07b6b4a2e787 da API.
[2026-01-12T22:08:32.402Z] --- SERVIÇO: Buscando TODAS as candidaturas para a vaga 010b9be5-e7a6-4bef-bf00-07b6b4a2e787 ---
[2026-01-12T22:08:32.406Z] --- ORQUESTRADOR: Buscando candidaturas para a vaga 01eb8c12-9d27-4d24-8924-e00e3312a549 ---
[2026-01-12T22:08:32.408Z] CACHE MISS: Buscando candidaturas para a vaga 01eb8c12-9d27-4d24-8924-e00e3312a549 da API.
[2026-01-12T22:08:32.408Z] --- SERVIÇO: Buscando TODAS as candidaturas para a vaga 01eb8c12-9d27-4d24-8924-e00e3312a549 ---
[2026-01-12T22:08:32.409Z] --- ORQUESTRADOR: Buscando candidaturas para a vaga 02036b7c-7e4e-4da4-94c4-4e0411046210 ---
[2026-01-12T22:08:32.409Z] CACHE MISS: Buscando candidaturas para a vaga 02036b7c-7e4e-4da4-94c4-4e0411046210 da API.
[2026-01-12T22:08:32.409Z] --- SERVIÇO: Buscando TODAS as candidaturas para a vaga 02036b7c-7e4e-4da4-94c4-4e0411046210 ---
[2026-01-12T22:08:32.410Z] --- ORQUESTRADOR: Buscando candidaturas para a vaga 038f7c8c-0ad0-4489-9019-f1f320c10a94 ---
[2026-01-12T22:08:32.410Z] CACHE MISS: Buscando candidaturas para a vaga 038f7c8c-0ad0-4489-9019-f1f320c10a94 da API.
[2026-01-12T22:08:32.410Z] --- SERVIÇO: Buscando TODAS as candidaturas para a vaga 038f7c8c-0ad0-4489-9019-f1f320c10a94 ---
[2026-01-12T22:08:32.410Z] --- ORQUESTRADOR: Buscando candidaturas para a vaga 0713cef6-067b-46dd-90f6-9d6d1e70efb2 ---
[2026-01-12T22:08:32.410Z] CACHE MISS: Buscando candidaturas para a vaga 0713cef6-067b-46dd-90f6-9d6d1e70efb2 da API.
[2026-01-12T22:08:32.410Z] --- SERVIÇO: Buscando TODAS as candidaturas para a vaga 0713cef6-067b-46dd-90f6-9d6d1e70efb2 ---
[2026-01-12T22:08:33.062Z] Busca completa. Total de 0 candidaturas carregadas para a vaga 010b9be5-e7a6-4bef-bf00-07b6b4a2e787.
[2026-01-12T22:08:34.071Z] DEBUG: Dados salvos com sucesso em "/Users/patricksiqueira/PEOPLE/api-people/debug_logs/candidates_for_job_010b9be5-e7a6-4bef-bf00-07b6b4a2e787_1768255713063.txt"
[2026-01-12T22:08:34.482Z] Busca completa. Total de 0 candidaturas carregadas para a vaga 01eb8c12-9d27-4d24-8924-e00e3312a549.
[2026-01-12T22:08:34.485Z] DEBUG: Dados salvos com sucesso em "/Users/patricksiqueira/PEOPLE/api-people/debug_logs/candidates_for_job_01eb8c12-9d27-4d24-8924-e00e3312a549_1768255714483.txt"
[2026-01-12T22:08:34.926Z] Busca completa. Total de 162 candidaturas carregadas para a vaga 038f7c8c-0ad0-4489-9019-f1f320c10a94.
[2026-01-12T22:08:34.933Z] DEBUG: Dados salvos com sucesso em "/Users/patricksiqueira/PEOPLE/api-people/debug_logs/candidates_for_job_038f7c8c-0ad0-4489-9019-f1f320c10a94_1768255714927.txt"
[2026-01-12T22:08:35.175Z] Busca completa. Total de 99 candidaturas carregadas para a vaga 02036b7c-7e4e-4da4-94c4-4e0411046210.
[2026-01-12T22:08:35.235Z] DEBUG: Dados salvos com sucesso em "/Users/patricksiqueira/PEOPLE/api-people/debug_logs/candidates_for_job_02036b7c-7e4e-4da4-94c4-4e0411046210_1768255715177.txt"
[2026-01-12T22:08:36.420Z] Busca completa. Total de 458 candidaturas carregadas para a vaga 0713cef6-067b-46dd-90f6-9d6d1e70efb2.
[2026-01-12T22:08:36.442Z] DEBUG: Dados salvos com sucesso em "/Users/patricksiqueira/PEOPLE/api-people/debug_logs/candidates_for_job_0713cef6-067b-46dd-90f6-9d6d1e70efb2_1768255716422.txt"
[2026-01-12T22:08:36.443Z] PREFETCH WORKER: Lote de 5 vagas processado.
[2026-01-12T22:08:36.443Z] --- ORQUESTRADOR: Buscando candidaturas para a vaga 087fa08a-3f9b-4f89-8abd-ed0a8ffb32aa ---
[2026-01-12T22:08:36.443Z] CACHE MISS: Buscando candidaturas para a vaga 087fa08a-3f9b-4f89-8abd-ed0a8ffb32aa da API.
[2026-01-12T22:08:36.443Z] --- SERVIÇO: Buscando TODAS as candidaturas para a vaga 087fa08a-3f9b-4f89-8abd-ed0a8ffb32aa ---
[2026-01-12T22:08:36.444Z] --- ORQUESTRADOR: Buscando candidaturas para a vaga 09c2edda-64b4-41e1-8580-73c6b2e03d64 ---
[2026-01-12T22:08:36.444Z] CACHE MISS: Buscando candidaturas para a vaga 09c2edda-64b4-41e1-8580-73c6b2e03d64 da API.
[2026-01-12T22:08:36.444Z] --- SERVIÇO: Buscando TODAS as candidaturas para a vaga 09c2edda-64b4-41e1-8580-73c6b2e03d64 ---
[2026-01-12T22:08:36.444Z] --- ORQUESTRADOR: Buscando candidaturas para a vaga 0b2a0725-363b-4a25-a95f-658f93451a17 ---
[2026-01-12T22:08:36.444Z] CACHE MISS: Buscando candidaturas para a vaga 0b2a0725-363b-4a25-a95f-658f93451a17 da API.
[2026-01-12T22:08:36.444Z] --- SERVIÇO: Buscando TODAS as candidaturas para a vaga 0b2a0725-363b-4a25-a95f-658f93451a17 ---
[2026-01-12T22:08:36.444Z] --- ORQUESTRADOR: Buscando candidaturas para a vaga 0e3ad5ba-5f6b-48a9-91b0-d02402d2039e ---
[2026-01-12T22:08:36.444Z] CACHE MISS: Buscando candidaturas para a vaga 0e3ad5ba-5f6b-48a9-91b0-d02402d2039e da API.
[2026-01-12T22:08:36.444Z] --- SERVIÇO: Buscando TODAS as candidaturas para a vaga 0e3ad5ba-5f6b-48a9-91b0-d02402d2039e ---
[2026-01-12T22:08:36.444Z] --- ORQUESTRADOR: Buscando candidaturas para a vaga 0f57a077-a7ad-4665-8d59-76ab585fd594 ---
[2026-01-12T22:08:36.444Z] CACHE MISS: Buscando candidaturas para a vaga 0f57a077-a7ad-4665-8d59-76ab585fd594 da API.
[2026-01-12T22:08:36.444Z] --- SERVIÇO: Buscando TODAS as candidaturas para a vaga 0f57a077-a7ad-4665-8d59-76ab585fd594 ---
[2026-01-12T22:08:36.951Z] Busca completa. Total de 16 candidaturas carregadas para a vaga 087fa08a-3f9b-4f89-8abd-ed0a8ffb32aa.
[2026-01-12T22:08:37.002Z] DEBUG: Dados salvos com sucesso em "/Users/patricksiqueira/PEOPLE/api-people/debug_logs/candidates_for_job_087fa08a-3f9b-4f89-8abd-ed0a8ffb32aa_1768255716958.txt"
[2026-01-12T22:08:37.615Z] Busca completa. Total de 38 candidaturas carregadas para a vaga 09c2edda-64b4-41e1-8580-73c6b2e03d64.
[2026-01-12T22:08:37.654Z] DEBUG: Dados salvos com sucesso em "/Users/patricksiqueira/PEOPLE/api-people/debug_logs/candidates_for_job_09c2edda-64b4-41e1-8580-73c6b2e03d64_1768255717626.txt"
[2026-01-12T22:08:37.815Z] Busca completa. Total de 125 candidaturas carregadas para a vaga 0b2a0725-363b-4a25-a95f-658f93451a17.
[2026-01-12T22:08:37.852Z] DEBUG: Dados salvos com sucesso em "/Users/patricksiqueira/PEOPLE/api-people/debug_logs/candidates_for_job_0b2a0725-363b-4a25-a95f-658f93451a17_1768255717815.txt"
[2026-01-12T22:08:38.935Z] Busca completa. Total de 66 candidaturas carregadas para a vaga 0f57a077-a7ad-4665-8d59-76ab585fd594.
[2026-01-12T22:08:39.027Z] DEBUG: Dados salvos com sucesso em "/Users/patricksiqueira/PEOPLE/api-people/debug_logs/candidates_for_job_0f57a077-a7ad-4665-8d59-76ab585fd594_1768255718948.txt"
[2026-01-12T22:08:39.382Z] Busca completa. Total de 94 candidaturas carregadas para a vaga 0e3ad5ba-5f6b-48a9-91b0-d02402d2039e.
[2026-01-12T22:08:39.462Z] DEBUG: Dados salvos com sucesso em "/Users/patricksiqueira/PEOPLE/api-people/debug_logs/candidates_for_job_0e3ad5ba-5f6b-48a9-91b0-d02402d2039e_1768255719393.txt"
[2026-01-12T22:08:39.466Z] PREFETCH WORKER: Lote de 5 vagas processado.
[2026-01-12T22:08:39.468Z] --- ORQUESTRADOR: Buscando candidaturas para a vaga 103725bc-95a8-4a2a-a7dd-a07dd432f599 ---
[2026-01-12T22:08:39.468Z] CACHE MISS: Buscando candidaturas para a vaga 103725bc-95a8-4a2a-a7dd-a07dd432f599 da API.
[2026-01-12T22:08:39.468Z] --- SERVIÇO: Buscando TODAS as candidaturas para a vaga 103725bc-95a8-4a2a-a7dd-a07dd432f599 ---
[2026-01-12T22:08:39.502Z] --- ORQUESTRADOR: Buscando candidaturas para a vaga 1061f8b2-c706-473d-b7f9-d1f129c50797 ---
[2026-01-12T22:08:39.503Z] CACHE MISS: Buscando candidaturas para a vaga 1061f8b2-c706-473d-b7f9-d1f129c50797 da API.
[2026-01-12T22:08:39.503Z] --- SERVIÇO: Buscando TODAS as candidaturas para a vaga 1061f8b2-c706-473d-b7f9-d1f129c50797 ---
[2026-01-12T22:08:39.506Z] --- ORQUESTRADOR: Buscando candidaturas para a vaga 110cafa9-71a1-43b3-b3d3-02315a6cab75 ---
[2026-01-12T22:08:39.507Z] CACHE MISS: Buscando candidaturas para a vaga 110cafa9-71a1-43b3-b3d3-02315a6cab75 da API.
[2026-01-12T22:08:39.507Z] --- SERVIÇO: Buscando TODAS as candidaturas para a vaga 110cafa9-71a1-43b3-b3d3-02315a6cab75 ---
[2026-01-12T22:08:39.507Z] --- ORQUESTRADOR: Buscando candidaturas para a vaga 1199197f-ad3f-49fb-b59d-e8993669d8bf ---
[2026-01-12T22:08:39.507Z] CACHE MISS: Buscando candidaturas para a vaga 1199197f-ad3f-49fb-b59d-e8993669d8bf da API.
[2026-01-12T22:08:39.507Z] --- SERVIÇO: Buscando TODAS as candidaturas para a vaga 1199197f-ad3f-49fb-b59d-e8993669d8bf ---
[2026-01-12T22:08:39.507Z] --- ORQUESTRADOR: Buscando candidaturas para a vaga 12d01928-a53b-416a-a122-2a7779ba2d34 ---
[2026-01-12T22:08:39.507Z] CACHE MISS: Buscando candidaturas para a vaga 12d01928-a53b-416a-a122-2a7779ba2d34 da API.
[2026-01-12T22:08:39.507Z] --- SERVIÇO: Buscando TODAS as candidaturas para a vaga 12d01928-a53b-416a-a122-2a7779ba2d34 ---
[2026-01-12T22:08:40.043Z] Busca completa. Total de 0 candidaturas carregadas para a vaga 103725bc-95a8-4a2a-a7dd-a07dd432f599.
[2026-01-12T22:08:40.256Z] DEBUG: Dados salvos com sucesso em "/Users/patricksiqueira/PEOPLE/api-people/debug_logs/candidates_for_job_103725bc-95a8-4a2a-a7dd-a07dd432f599_1768255720098.txt"
[2026-01-12T22:08:40.260Z] Busca completa. Total de 7 candidaturas carregadas para a vaga 1199197f-ad3f-49fb-b59d-e8993669d8bf.
[2026-01-12T22:08:40.264Z] DEBUG: Dados salvos com sucesso em "/Users/patricksiqueira/PEOPLE/api-people/debug_logs/candidates_for_job_1199197f-ad3f-49fb-b59d-e8993669d8bf_1768255720260.txt"
[2026-01-12T22:08:40.266Z] Busca completa. Total de 12 candidaturas carregadas para a vaga 1061f8b2-c706-473d-b7f9-d1f129c50797.
[2026-01-12T22:08:40.274Z] DEBUG: Dados salvos com sucesso em "/Users/patricksiqueira/PEOPLE/api-people/debug_logs/candidates_for_job_1061f8b2-c706-473d-b7f9-d1f129c50797_1768255720266.txt"
[2026-01-12T22:08:40.840Z] Busca completa. Total de 206 candidaturas carregadas para a vaga 110cafa9-71a1-43b3-b3d3-02315a6cab75.
[2026-01-12T22:08:41.000Z] DEBUG: Dados salvos com sucesso em "/Users/patricksiqueira/PEOPLE/api-people/debug_logs/candidates_for_job_110cafa9-71a1-43b3-b3d3-02315a6cab75_1768255720850.txt"
[2026-01-12T22:08:42.034Z] Busca completa. Total de 73 candidaturas carregadas para a vaga 12d01928-a53b-416a-a122-2a7779ba2d34.
[2026-01-12T22:08:42.183Z] DEBUG: Dados salvos com sucesso em "/Users/patricksiqueira/PEOPLE/api-people/debug_logs/candidates_for_job_12d01928-a53b-416a-a122-2a7779ba2d34_1768255722142.txt"
[2026-01-12T22:08:42.190Z] PREFETCH WORKER: Lote de 5 vagas processado.
[2026-01-12T22:08:42.191Z] --- ORQUESTRADOR: Buscando candidaturas para a vaga 12d66e5d-8f00-4e59-aefa-261fadae8747 ---
[2026-01-12T22:08:42.193Z] CACHE MISS: Buscando candidaturas para a vaga 12d66e5d-8f00-4e59-aefa-261fadae8747 da API.
[2026-01-12T22:08:42.193Z] --- SERVIÇO: Buscando TODAS as candidaturas para a vaga 12d66e5d-8f00-4e59-aefa-261fadae8747 ---
[2026-01-12T22:08:42.210Z] --- ORQUESTRADOR: Buscando candidaturas para a vaga 12df898d-45bf-487a-bb44-f0d6b52abb93 ---
[2026-01-12T22:08:42.210Z] CACHE MISS: Buscando candidaturas para a vaga 12df898d-45bf-487a-bb44-f0d6b52abb93 da API.
[2026-01-12T22:08:42.210Z] --- SERVIÇO: Buscando TODAS as candidaturas para a vaga 12df898d-45bf-487a-bb44-f0d6b52abb93 ---
[2026-01-12T22:08:42.210Z] --- ORQUESTRADOR: Buscando candidaturas para a vaga 1432c3df-44a3-45da-a7a7-8b8cfcb8a2a8 ---
[2026-01-12T22:08:42.213Z] CACHE MISS: Buscando candidaturas para a vaga 1432c3df-44a3-45da-a7a7-8b8cfcb8a2a8 da API.
[2026-01-12T22:08:42.213Z] --- SERVIÇO: Buscando TODAS as candidaturas para a vaga 1432c3df-44a3-45da-a7a7-8b8cfcb8a2a8 ---
[2026-01-12T22:08:42.214Z] --- ORQUESTRADOR: Buscando candidaturas para a vaga 198081f8-53cc-455a-834a-6467f07ce5a4 ---
[2026-01-12T22:08:42.214Z] CACHE MISS: Buscando candidaturas para a vaga 198081f8-53cc-455a-834a-6467f07ce5a4 da API.
[2026-01-12T22:08:42.214Z] --- SERVIÇO: Buscando TODAS as candidaturas para a vaga 198081f8-53cc-455a-834a-6467f07ce5a4 ---
[2026-01-12T22:08:42.214Z] --- ORQUESTRADOR: Buscando candidaturas para a vaga 19a031ab-f6f1-4bac-9b3f-49453b88e747 ---
[2026-01-12T22:08:42.214Z] CACHE MISS: Buscando candidaturas para a vaga 19a031ab-f6f1-4bac-9b3f-49453b88e747 da API.
[2026-01-12T22:08:42.214Z] --- SERVIÇO: Buscando TODAS as candidaturas para a vaga 19a031ab-f6f1-4bac-9b3f-49453b88e747 ---
[2026-01-12T22:08:42.929Z] Busca completa. Total de 70 candidaturas carregadas para a vaga 12d66e5d-8f00-4e59-aefa-261fadae8747.
[2026-01-12T22:08:42.944Z] DEBUG: Dados salvos com sucesso em "/Users/patricksiqueira/PEOPLE/api-people/debug_logs/candidates_for_job_12d66e5d-8f00-4e59-aefa-261fadae8747_1768255722930.txt"
[2026-01-12T22:08:42.961Z] Busca completa. Total de 5 candidaturas carregadas para a vaga 19a031ab-f6f1-4bac-9b3f-49453b88e747.
[2026-01-12T22:08:43.017Z] DEBUG: Dados salvos com sucesso em "/Users/patricksiqueira/PEOPLE/api-people/debug_logs/candidates_for_job_19a031ab-f6f1-4bac-9b3f-49453b88e747_1768255722961.txt"
[2026-01-12T22:08:43.048Z] Busca completa. Total de 72 candidaturas carregadas para a vaga 12df898d-45bf-487a-bb44-f0d6b52abb93.
[2026-01-12T22:08:43.061Z] DEBUG: Dados salvos com sucesso em "/Users/patricksiqueira/PEOPLE/api-people/debug_logs/candidates_for_job_12df898d-45bf-487a-bb44-f0d6b52abb93_1768255723049.txt"
[2026-01-12T22:08:43.348Z] Busca completa. Total de 160 candidaturas carregadas para a vaga 198081f8-53cc-455a-834a-6467f07ce5a4.
[2026-01-12T22:08:43.397Z] DEBUG: Dados salvos com sucesso em "/Users/patricksiqueira/PEOPLE/api-people/debug_logs/candidates_for_job_198081f8-53cc-455a-834a-6467f07ce5a4_1768255723349.txt"
[2026-01-12T22:08:43.816Z] Busca completa. Total de 209 candidaturas carregadas para a vaga 1432c3df-44a3-45da-a7a7-8b8cfcb8a2a8.
[2026-01-12T22:08:43.876Z] DEBUG: Dados salvos com sucesso em "/Users/patricksiqueira/PEOPLE/api-people/debug_logs/candidates_for_job_1432c3df-44a3-45da-a7a7-8b8cfcb8a2a8_1768255723818.txt"
[2026-01-12T22:08:43.878Z] PREFETCH WORKER: Lote de 5 vagas processado.
[2026-01-12T22:08:43.880Z] --- ORQUESTRADOR: Buscando candidaturas para a vaga 1b25ccbf-ce03-4599-ab6b-c6574f8b51a9 ---
[2026-01-12T22:08:43.880Z] CACHE MISS: Buscando candidaturas para a vaga 1b25ccbf-ce03-4599-ab6b-c6574f8b51a9 da API.
[2026-01-12T22:08:43.881Z] --- SERVIÇO: Buscando TODAS as candidaturas para a vaga 1b25ccbf-ce03-4599-ab6b-c6574f8b51a9 ---
[2026-01-12T22:08:43.891Z] --- ORQUESTRADOR: Buscando candidaturas para a vaga 1dabe24a-55f3-4143-baa3-beb26a5ea825 ---
[2026-01-12T22:08:43.892Z] CACHE MISS: Buscando candidaturas para a vaga 1dabe24a-55f3-4143-baa3-beb26a5ea825 da API.
[2026-01-12T22:08:43.892Z] --- SERVIÇO: Buscando TODAS as candidaturas para a vaga 1dabe24a-55f3-4143-baa3-beb26a5ea825 ---
[2026-01-12T22:08:43.892Z] --- ORQUESTRADOR: Buscando candidaturas para a vaga 21370dcd-11c3-4d02-b8c2-795c1f7302ca ---
[2026-01-12T22:08:43.892Z] CACHE MISS: Buscando candidaturas para a vaga 21370dcd-11c3-4d02-b8c2-795c1f7302ca da API.
[2026-01-12T22:08:43.892Z] --- SERVIÇO: Buscando TODAS as candidaturas para a vaga 21370dcd-11c3-4d02-b8c2-795c1f7302ca ---
[2026-01-12T22:08:43.892Z] --- ORQUESTRADOR: Buscando candidaturas para a vaga 216e0e8d-2373-4449-bf8e-3e304555a918 ---
[2026-01-12T22:08:43.893Z] CACHE MISS: Buscando candidaturas para a vaga 216e0e8d-2373-4449-bf8e-3e304555a918 da API.
[2026-01-12T22:08:43.893Z] --- SERVIÇO: Buscando TODAS as candidaturas para a vaga 216e0e8d-2373-4449-bf8e-3e304555a918 ---
[2026-01-12T22:08:43.893Z] --- ORQUESTRADOR: Buscando candidaturas para a vaga 21cb7be5-7c24-4c31-9b68-e01c598f0b29 ---
[2026-01-12T22:08:43.893Z] CACHE MISS: Buscando candidaturas para a vaga 21cb7be5-7c24-4c31-9b68-e01c598f0b29 da API.
[2026-01-12T22:08:43.893Z] --- SERVIÇO: Buscando TODAS as candidaturas para a vaga 21cb7be5-7c24-4c31-9b68-e01c598f0b29 ---
[2026-01-12T22:08:44.840Z] Busca completa. Total de 77 candidaturas carregadas para a vaga 1b25ccbf-ce03-4599-ab6b-c6574f8b51a9.
[2026-01-12T22:08:44.911Z] DEBUG: Dados salvos com sucesso em "/Users/patricksiqueira/PEOPLE/api-people/debug_logs/candidates_for_job_1b25ccbf-ce03-4599-ab6b-c6574f8b51a9_1768255724842.txt"
[2026-01-12T22:08:45.048Z] Busca completa. Total de 80 candidaturas carregadas para a vaga 1dabe24a-55f3-4143-baa3-beb26a5ea825.
[2026-01-12T22:08:45.131Z] DEBUG: Dados salvos com sucesso em "/Users/patricksiqueira/PEOPLE/api-people/debug_logs/candidates_for_job_1dabe24a-55f3-4143-baa3-beb26a5ea825_1768255725049.txt"
[2026-01-12T22:08:45.370Z] Busca completa. Total de 28 candidaturas carregadas para a vaga 216e0e8d-2373-4449-bf8e-3e304555a918.
[2026-01-12T22:08:45.428Z] DEBUG: Dados salvos com sucesso em "/Users/patricksiqueira/PEOPLE/api-people/debug_logs/candidates_for_job_216e0e8d-2373-4449-bf8e-3e304555a918_1768255725387.txt"
[2026-01-12T22:08:45.533Z] Busca completa. Total de 115 candidaturas carregadas para a vaga 21370dcd-11c3-4d02-b8c2-795c1f7302ca.
[2026-01-12T22:08:45.559Z] DEBUG: Dados salvos com sucesso em "/Users/patricksiqueira/PEOPLE/api-people/debug_logs/candidates_for_job_21370dcd-11c3-4d02-b8c2-795c1f7302ca_1768255725534.txt"
[2026-01-12T22:08:45.586Z] Busca completa. Total de 120 candidaturas carregadas para a vaga 21cb7be5-7c24-4c31-9b68-e01c598f0b29.
[2026-01-12T22:08:45.601Z] DEBUG: Dados salvos com sucesso em "/Users/patricksiqueira/PEOPLE/api-people/debug_logs/candidates_for_job_21cb7be5-7c24-4c31-9b68-e01c598f0b29_1768255725587.txt"
[2026-01-12T22:08:45.605Z] PREFETCH WORKER: Lote de 5 vagas processado.
[2026-01-12T22:08:45.607Z] --- ORQUESTRADOR: Buscando candidaturas para a vaga 22abe01d-7c71-47fb-9631-c1e7af0adda9 ---
[2026-01-12T22:08:45.610Z] CACHE MISS: Buscando candidaturas para a vaga 22abe01d-7c71-47fb-9631-c1e7af0adda9 da API.
[2026-01-12T22:08:45.610Z] --- SERVIÇO: Buscando TODAS as candidaturas para a vaga 22abe01d-7c71-47fb-9631-c1e7af0adda9 ---
[2026-01-12T22:08:45.615Z] --- ORQUESTRADOR: Buscando candidaturas para a vaga 24df6510-fc44-48e7-b72b-b0722c51ada9 ---
[2026-01-12T22:08:45.616Z] CACHE MISS: Buscando candidaturas para a vaga 24df6510-fc44-48e7-b72b-b0722c51ada9 da API.
[2026-01-12T22:08:45.616Z] --- SERVIÇO: Buscando TODAS as candidaturas para a vaga 24df6510-fc44-48e7-b72b-b0722c51ada9 ---
[2026-01-12T22:08:45.618Z] --- ORQUESTRADOR: Buscando candidaturas para a vaga 27057a67-dc99-4561-8fbb-2c01d0f95664 ---
[2026-01-12T22:08:45.618Z] CACHE MISS: Buscando candidaturas para a vaga 27057a67-dc99-4561-8fbb-2c01d0f95664 da API.
[2026-01-12T22:08:45.620Z] --- SERVIÇO: Buscando TODAS as candidaturas para a vaga 27057a67-dc99-4561-8fbb-2c01d0f95664 ---
[2026-01-12T22:08:45.620Z] --- ORQUESTRADOR: Buscando candidaturas para a vaga 28890951-c5c2-4172-8ffc-00b2c087f26d ---
[2026-01-12T22:08:45.620Z] CACHE MISS: Buscando candidaturas para a vaga 28890951-c5c2-4172-8ffc-00b2c087f26d da API.
[2026-01-12T22:08:45.620Z] --- SERVIÇO: Buscando TODAS as candidaturas para a vaga 28890951-c5c2-4172-8ffc-00b2c087f26d ---
[2026-01-12T22:08:45.620Z] --- ORQUESTRADOR: Buscando candidaturas para a vaga 28ada291-0f0a-4f88-8c21-d4399fccf2ea ---
[2026-01-12T22:08:45.621Z] CACHE MISS: Buscando candidaturas para a vaga 28ada291-0f0a-4f88-8c21-d4399fccf2ea da API.
[2026-01-12T22:08:45.621Z] --- SERVIÇO: Buscando TODAS as candidaturas para a vaga 28ada291-0f0a-4f88-8c21-d4399fccf2ea ---
[2026-01-12T22:08:46.051Z] Busca completa. Total de 2 candidaturas carregadas para a vaga 22abe01d-7c71-47fb-9631-c1e7af0adda9.
[2026-01-12T22:08:46.098Z] DEBUG: Dados salvos com sucesso em "/Users/patricksiqueira/PEOPLE/api-people/debug_logs/candidates_for_job_22abe01d-7c71-47fb-9631-c1e7af0adda9_1768255726054.txt"
[2026-01-12T22:08:46.124Z] Busca completa. Total de 5 candidaturas carregadas para a vaga 28890951-c5c2-4172-8ffc-00b2c087f26d.
[2026-01-12T22:08:46.126Z] DEBUG: Dados salvos com sucesso em "/Users/patricksiqueira/PEOPLE/api-people/debug_logs/candidates_for_job_28890951-c5c2-4172-8ffc-00b2c087f26d_1768255726125.txt"
[2026-01-12T22:08:46.294Z] Busca completa. Total de 100 candidaturas carregadas para a vaga 27057a67-dc99-4561-8fbb-2c01d0f95664.
[2026-01-12T22:08:46.702Z] DEBUG: Dados salvos com sucesso em "/Users/patricksiqueira/PEOPLE/api-people/debug_logs/candidates_for_job_27057a67-dc99-4561-8fbb-2c01d0f95664_1768255726294.txt"
[2026-01-12T22:08:47.036Z] Busca completa. Total de 1 candidaturas carregadas para a vaga 24df6510-fc44-48e7-b72b-b0722c51ada9.
[2026-01-12T22:08:48.642Z] DEBUG: Dados salvos com sucesso em "/Users/patricksiqueira/PEOPLE/api-people/debug_logs/candidates_for_job_24df6510-fc44-48e7-b72b-b0722c51ada9_1768255727039.txt"
[2026-01-12T22:08:48.888Z] Busca completa. Total de 1 candidaturas carregadas para a vaga 28ada291-0f0a-4f88-8c21-d4399fccf2ea.
[2026-01-12T22:08:48.919Z] DEBUG: Dados salvos com sucesso em "/Users/patricksiqueira/PEOPLE/api-people/debug_logs/candidates_for_job_28ada291-0f0a-4f88-8c21-d4399fccf2ea_1768255728889.txt"
[2026-01-12T22:08:48.919Z] PREFETCH WORKER: Lote de 5 vagas processado.
[2026-01-12T22:08:48.920Z] --- ORQUESTRADOR: Buscando candidaturas para a vaga 28b18b11-ffd6-4a4c-8792-52625979eec6 ---
[2026-01-12T22:08:48.920Z] CACHE MISS: Buscando candidaturas para a vaga 28b18b11-ffd6-4a4c-8792-52625979eec6 da API.
[2026-01-12T22:08:48.920Z] --- SERVIÇO: Buscando TODAS as candidaturas para a vaga 28b18b11-ffd6-4a4c-8792-52625979eec6 ---
[2026-01-12T22:08:48.932Z] --- ORQUESTRADOR: Buscando candidaturas para a vaga 2a247d8e-5f71-4516-a2f2-7768e4d2ac13 ---
[2026-01-12T22:08:48.932Z] CACHE MISS: Buscando candidaturas para a vaga 2a247d8e-5f71-4516-a2f2-7768e4d2ac13 da API.
[2026-01-12T22:08:48.932Z] --- SERVIÇO: Buscando TODAS as candidaturas para a vaga 2a247d8e-5f71-4516-a2f2-7768e4d2ac13 ---
[2026-01-12T22:08:48.932Z] --- ORQUESTRADOR: Buscando candidaturas para a vaga 2b8c1009-6f71-4a00-82ad-d0ae4121933a ---
[2026-01-12T22:08:48.932Z] CACHE MISS: Buscando candidaturas para a vaga 2b8c1009-6f71-4a00-82ad-d0ae4121933a da API.
[2026-01-12T22:08:48.932Z] --- SERVIÇO: Buscando TODAS as candidaturas para a vaga 2b8c1009-6f71-4a00-82ad-d0ae4121933a ---
[2026-01-12T22:08:48.932Z] --- ORQUESTRADOR: Buscando candidaturas para a vaga 2bc2c17d-a2e9-4eba-bc37-1b2788c55ce9 ---
[2026-01-12T22:08:48.932Z] CACHE MISS: Buscando candidaturas para a vaga 2bc2c17d-a2e9-4eba-bc37-1b2788c55ce9 da API.
[2026-01-12T22:08:48.932Z] --- SERVIÇO: Buscando TODAS as candidaturas para a vaga 2bc2c17d-a2e9-4eba-bc37-1b2788c55ce9 ---
[2026-01-12T22:08:48.933Z] --- ORQUESTRADOR: Buscando candidaturas para a vaga 2bf8cf21-f6a4-4dea-b08f-68534e123b75 ---
[2026-01-12T22:08:48.933Z] CACHE MISS: Buscando candidaturas para a vaga 2bf8cf21-f6a4-4dea-b08f-68534e123b75 da API.
[2026-01-12T22:08:48.933Z] --- SERVIÇO: Buscando TODAS as candidaturas para a vaga 2bf8cf21-f6a4-4dea-b08f-68534e123b75 ---
[2026-01-12T22:08:49.539Z] Busca completa. Total de 31 candidaturas carregadas para a vaga 2bc2c17d-a2e9-4eba-bc37-1b2788c55ce9.
[2026-01-12T22:08:49.589Z] DEBUG: Dados salvos com sucesso em "/Users/patricksiqueira/PEOPLE/api-people/debug_logs/candidates_for_job_2bc2c17d-a2e9-4eba-bc37-1b2788c55ce9_1768255729547.txt"
[2026-01-12T22:08:49.703Z] Busca completa. Total de 105 candidaturas carregadas para a vaga 2a247d8e-5f71-4516-a2f2-7768e4d2ac13.
[2026-01-12T22:08:49.712Z] DEBUG: Dados salvos com sucesso em "/Users/patricksiqueira/PEOPLE/api-people/debug_logs/candidates_for_job_2a247d8e-5f71-4516-a2f2-7768e4d2ac13_1768255729704.txt"
[2026-01-12T22:08:50.507Z] Busca completa. Total de 199 candidaturas carregadas para a vaga 2bf8cf21-f6a4-4dea-b08f-68534e123b75.
[2026-01-12T22:08:50.693Z] DEBUG: Dados salvos com sucesso em "/Users/patricksiqueira/PEOPLE/api-people/debug_logs/candidates_for_job_2bf8cf21-f6a4-4dea-b08f-68534e123b75_1768255730508.txt"
[2026-01-12T22:08:50.717Z] Busca completa. Total de 137 candidaturas carregadas para a vaga 2b8c1009-6f71-4a00-82ad-d0ae4121933a.
[2026-01-12T22:08:52.773Z] DEBUG: Dados salvos com sucesso em "/Users/patricksiqueira/PEOPLE/api-people/debug_logs/candidates_for_job_2b8c1009-6f71-4a00-82ad-d0ae4121933a_1768255730717.txt"
[2026-01-12T22:08:52.795Z] Busca completa. Total de 392 candidaturas carregadas para a vaga 28b18b11-ffd6-4a4c-8792-52625979eec6.
[2026-01-12T22:08:52.839Z] DEBUG: Dados salvos com sucesso em "/Users/patricksiqueira/PEOPLE/api-people/debug_logs/candidates_for_job_28b18b11-ffd6-4a4c-8792-52625979eec6_1768255732795.txt"
[2026-01-12T22:08:52.856Z] PREFETCH WORKER: Lote de 5 vagas processado.
[2026-01-12T22:08:52.857Z] --- ORQUESTRADOR: Buscando candidaturas para a vaga 2cb4f868-f797-42b7-ad10-a111bce78c81 ---
[2026-01-12T22:08:52.857Z] CACHE MISS: Buscando candidaturas para a vaga 2cb4f868-f797-42b7-ad10-a111bce78c81 da API.
[2026-01-12T22:08:52.857Z] --- SERVIÇO: Buscando TODAS as candidaturas para a vaga 2cb4f868-f797-42b7-ad10-a111bce78c81 ---
[2026-01-12T22:08:52.862Z] --- ORQUESTRADOR: Buscando candidaturas para a vaga 2cbcf9fb-be48-4840-9d1f-ea87787203e3 ---
[2026-01-12T22:08:52.862Z] CACHE MISS: Buscando candidaturas para a vaga 2cbcf9fb-be48-4840-9d1f-ea87787203e3 da API.
[2026-01-12T22:08:52.863Z] --- SERVIÇO: Buscando TODAS as candidaturas para a vaga 2cbcf9fb-be48-4840-9d1f-ea87787203e3 ---
[2026-01-12T22:08:52.864Z] --- ORQUESTRADOR: Buscando candidaturas para a vaga 2ce5c7e0-29cc-4b13-9f84-757887c847a7 ---
[2026-01-12T22:08:52.864Z] CACHE MISS: Buscando candidaturas para a vaga 2ce5c7e0-29cc-4b13-9f84-757887c847a7 da API.
[2026-01-12T22:08:52.865Z] --- SERVIÇO: Buscando TODAS as candidaturas para a vaga 2ce5c7e0-29cc-4b13-9f84-757887c847a7 ---
[2026-01-12T22:08:52.865Z] --- ORQUESTRADOR: Buscando candidaturas para a vaga 2db744bb-f359-4eb6-a319-3059ec161be5 ---
[2026-01-12T22:08:52.868Z] CACHE MISS: Buscando candidaturas para a vaga 2db744bb-f359-4eb6-a319-3059ec161be5 da API.
[2026-01-12T22:08:52.868Z] --- SERVIÇO: Buscando TODAS as candidaturas para a vaga 2db744bb-f359-4eb6-a319-3059ec161be5 ---
[2026-01-12T22:08:52.873Z] --- ORQUESTRADOR: Buscando candidaturas para a vaga 2e27e07c-a46f-4b47-b06c-6ad09de1541a ---
[2026-01-12T22:08:52.876Z] CACHE MISS: Buscando candidaturas para a vaga 2e27e07c-a46f-4b47-b06c-6ad09de1541a da API.
[2026-01-12T22:08:52.876Z] --- SERVIÇO: Buscando TODAS as candidaturas para a vaga 2e27e07c-a46f-4b47-b06c-6ad09de1541a ---
[2026-01-12T22:08:54.969Z] Busca completa. Total de 24 candidaturas carregadas para a vaga 2ce5c7e0-29cc-4b13-9f84-757887c847a7.
[2026-01-12T22:08:57.762Z] DEBUG: Dados salvos com sucesso em "/Users/patricksiqueira/PEOPLE/api-people/debug_logs/candidates_for_job_2ce5c7e0-29cc-4b13-9f84-757887c847a7_1768255735011.txt"
[2026-01-12T22:08:57.838Z] Busca completa. Total de 68 candidaturas carregadas para a vaga 2cb4f868-f797-42b7-ad10-a111bce78c81.
[2026-01-12T22:08:58.555Z] DEBUG: Dados salvos com sucesso em "/Users/patricksiqueira/PEOPLE/api-people/debug_logs/candidates_for_job_2cb4f868-f797-42b7-ad10-a111bce78c81_1768255737838.txt"
[2026-01-12T22:08:58.559Z] Busca completa. Total de 30 candidaturas carregadas para a vaga 2cbcf9fb-be48-4840-9d1f-ea87787203e3.
[2026-01-12T22:08:58.565Z] DEBUG: Dados salvos com sucesso em "/Users/patricksiqueira/PEOPLE/api-people/debug_logs/candidates_for_job_2cbcf9fb-be48-4840-9d1f-ea87787203e3_1768255738559.txt"
[2026-01-12T22:08:58.571Z] Busca completa. Total de 153 candidaturas carregadas para a vaga 2e27e07c-a46f-4b47-b06c-6ad09de1541a.
[2026-01-12T22:08:58.595Z] DEBUG: Dados salvos com sucesso em "/Users/patricksiqueira/PEOPLE/api-people/debug_logs/candidates_for_job_2e27e07c-a46f-4b47-b06c-6ad09de1541a_1768255738571.txt"
[2026-01-12T22:08:58.597Z] Busca completa. Total de 1 candidaturas carregadas para a vaga 2db744bb-f359-4eb6-a319-3059ec161be5.
[2026-01-12T22:08:58.604Z] DEBUG: Dados salvos com sucesso em "/Users/patricksiqueira/PEOPLE/api-people/debug_logs/candidates_for_job_2db744bb-f359-4eb6-a319-3059ec161be5_1768255738597.txt"
[2026-01-12T22:08:58.604Z] PREFETCH WORKER: Lote de 5 vagas processado.
[2026-01-12T22:08:58.605Z] --- ORQUESTRADOR: Buscando candidaturas para a vaga 2e9b2e51-a864-4fb6-8501-42707c3a53ef ---
[2026-01-12T22:08:58.605Z] CACHE MISS: Buscando candidaturas para a vaga 2e9b2e51-a864-4fb6-8501-42707c3a53ef da API.
[2026-01-12T22:08:58.605Z] --- SERVIÇO: Buscando TODAS as candidaturas para a vaga 2e9b2e51-a864-4fb6-8501-42707c3a53ef ---
[2026-01-12T22:08:58.605Z] --- ORQUESTRADOR: Buscando candidaturas para a vaga 3150379a-7df2-465d-9347-a52d292e6d05 ---
[2026-01-12T22:08:58.605Z] CACHE MISS: Buscando candidaturas para a vaga 3150379a-7df2-465d-9347-a52d292e6d05 da API.
[2026-01-12T22:08:58.606Z] --- SERVIÇO: Buscando TODAS as candidaturas para a vaga 3150379a-7df2-465d-9347-a52d292e6d05 ---
[2026-01-12T22:08:58.606Z] --- ORQUESTRADOR: Buscando candidaturas para a vaga 3266ee48-79cb-4d45-9d3a-bcb0ef086569 ---
[2026-01-12T22:08:58.606Z] CACHE MISS: Buscando candidaturas para a vaga 3266ee48-79cb-4d45-9d3a-bcb0ef086569 da API.
[2026-01-12T22:08:58.606Z] --- SERVIÇO: Buscando TODAS as candidaturas para a vaga 3266ee48-79cb-4d45-9d3a-bcb0ef086569 ---
[2026-01-12T22:08:58.606Z] --- ORQUESTRADOR: Buscando candidaturas para a vaga 3306e92c-dc9e-47a0-8b24-438b310ce51a ---
[2026-01-12T22:08:58.606Z] CACHE MISS: Buscando candidaturas para a vaga 3306e92c-dc9e-47a0-8b24-438b310ce51a da API.
[2026-01-12T22:08:58.606Z] --- SERVIÇO: Buscando TODAS as candidaturas para a vaga 3306e92c-dc9e-47a0-8b24-438b310ce51a ---
[2026-01-12T22:08:58.606Z] --- ORQUESTRADOR: Buscando candidaturas para a vaga 3518b656-ce33-467a-be1f-2517cc8b0983 ---
[2026-01-12T22:08:58.606Z] CACHE MISS: Buscando candidaturas para a vaga 3518b656-ce33-467a-be1f-2517cc8b0983 da API.
[2026-01-12T22:08:58.606Z] --- SERVIÇO: Buscando TODAS as candidaturas para a vaga 3518b656-ce33-467a-be1f-2517cc8b0983 ---
[2026-01-12T22:08:59.008Z] Busca completa. Total de 6 candidaturas carregadas para a vaga 3306e92c-dc9e-47a0-8b24-438b310ce51a.
[2026-01-12T22:08:59.516Z] DEBUG: Dados salvos com sucesso em "/Users/patricksiqueira/PEOPLE/api-people/debug_logs/candidates_for_job_3306e92c-dc9e-47a0-8b24-438b310ce51a_1768255739008.txt"
[2026-01-12T22:08:59.547Z] Busca completa. Total de 150 candidaturas carregadas para a vaga 3150379a-7df2-465d-9347-a52d292e6d05.
[2026-01-12T22:08:59.577Z] DEBUG: Dados salvos com sucesso em "/Users/patricksiqueira/PEOPLE/api-people/debug_logs/candidates_for_job_3150379a-7df2-465d-9347-a52d292e6d05_1768255739547.txt"
[2026-01-12T22:08:59.617Z] Busca completa. Total de 157 candidaturas carregadas para a vaga 3266ee48-79cb-4d45-9d3a-bcb0ef086569.
[2026-01-12T22:08:59.642Z] DEBUG: Dados salvos com sucesso em "/Users/patricksiqueira/PEOPLE/api-people/debug_logs/candidates_for_job_3266ee48-79cb-4d45-9d3a-bcb0ef086569_1768255739618.txt"
[2026-01-12T22:08:59.671Z] Busca completa. Total de 65 candidaturas carregadas para a vaga 3518b656-ce33-467a-be1f-2517cc8b0983.
[2026-01-12T22:08:59.678Z] DEBUG: Dados salvos com sucesso em "/Users/patricksiqueira/PEOPLE/api-people/debug_logs/candidates_for_job_3518b656-ce33-467a-be1f-2517cc8b0983_1768255739672.txt"
[2026-01-12T22:08:59.713Z] Busca completa. Total de 13 candidaturas carregadas para a vaga 2e9b2e51-a864-4fb6-8501-42707c3a53ef.
[2026-01-12T22:08:59.732Z] DEBUG: Dados salvos com sucesso em "/Users/patricksiqueira/PEOPLE/api-people/debug_logs/candidates_for_job_2e9b2e51-a864-4fb6-8501-42707c3a53ef_1768255739714.txt"
[2026-01-12T22:08:59.736Z] PREFETCH WORKER: Lote de 5 vagas processado.
[2026-01-12T22:08:59.736Z] --- ORQUESTRADOR: Buscando candidaturas para a vaga 35e7cc64-988c-4038-bf14-557a52ce72c8 ---
[2026-01-12T22:08:59.736Z] CACHE MISS: Buscando candidaturas para a vaga 35e7cc64-988c-4038-bf14-557a52ce72c8 da API.
[2026-01-12T22:08:59.736Z] --- SERVIÇO: Buscando TODAS as candidaturas para a vaga 35e7cc64-988c-4038-bf14-557a52ce72c8 ---
[2026-01-12T22:08:59.740Z] --- ORQUESTRADOR: Buscando candidaturas para a vaga 35f4346a-f575-47da-b210-e72b7c82bd68 ---
[2026-01-12T22:08:59.741Z] CACHE MISS: Buscando candidaturas para a vaga 35f4346a-f575-47da-b210-e72b7c82bd68 da API.
[2026-01-12T22:08:59.741Z] --- SERVIÇO: Buscando TODAS as candidaturas para a vaga 35f4346a-f575-47da-b210-e72b7c82bd68 ---
[2026-01-12T22:08:59.795Z] --- ORQUESTRADOR: Buscando candidaturas para a vaga 36246616-3b33-40e7-a13b-07461647a1af ---
[2026-01-12T22:08:59.799Z] CACHE MISS: Buscando candidaturas para a vaga 36246616-3b33-40e7-a13b-07461647a1af da API.
[2026-01-12T22:08:59.800Z] --- SERVIÇO: Buscando TODAS as candidaturas para a vaga 36246616-3b33-40e7-a13b-07461647a1af ---
[2026-01-12T22:08:59.801Z] --- ORQUESTRADOR: Buscando candidaturas para a vaga 3672c6af-0306-4df1-bbdd-f87442e4867b ---
[2026-01-12T22:08:59.801Z] CACHE MISS: Buscando candidaturas para a vaga 3672c6af-0306-4df1-bbdd-f87442e4867b da API.
[2026-01-12T22:08:59.801Z] --- SERVIÇO: Buscando TODAS as candidaturas para a vaga 3672c6af-0306-4df1-bbdd-f87442e4867b ---
[2026-01-12T22:08:59.801Z] --- ORQUESTRADOR: Buscando candidaturas para a vaga 37d72799-de1c-49b7-b594-32dcf3f56165 ---
[2026-01-12T22:08:59.802Z] CACHE MISS: Buscando candidaturas para a vaga 37d72799-de1c-49b7-b594-32dcf3f56165 da API.
[2026-01-12T22:08:59.802Z] --- SERVIÇO: Buscando TODAS as candidaturas para a vaga 37d72799-de1c-49b7-b594-32dcf3f56165 ---
[2026-01-12T22:09:00.617Z] Busca completa. Total de 95 candidaturas carregadas para a vaga 37d72799-de1c-49b7-b594-32dcf3f56165.
[2026-01-12T22:09:00.622Z] DEBUG: Dados salvos com sucesso em "/Users/patricksiqueira/PEOPLE/api-people/debug_logs/candidates_for_job_37d72799-de1c-49b7-b594-32dcf3f56165_1768255740617.txt"
[2026-01-12T22:09:00.892Z] Busca completa. Total de 153 candidaturas carregadas para a vaga 35f4346a-f575-47da-b210-e72b7c82bd68.
[2026-01-12T22:09:00.905Z] DEBUG: Dados salvos com sucesso em "/Users/patricksiqueira/PEOPLE/api-people/debug_logs/candidates_for_job_35f4346a-f575-47da-b210-e72b7c82bd68_1768255740892.txt"
[2026-01-12T22:09:00.930Z] Busca completa. Total de 97 candidaturas carregadas para a vaga 3672c6af-0306-4df1-bbdd-f87442e4867b.
[2026-01-12T22:09:00.940Z] DEBUG: Dados salvos com sucesso em "/Users/patricksiqueira/PEOPLE/api-people/debug_logs/candidates_for_job_3672c6af-0306-4df1-bbdd-f87442e4867b_1768255740930.txt"
[2026-01-12T22:09:00.983Z] Busca completa. Total de 173 candidaturas carregadas para a vaga 36246616-3b33-40e7-a13b-07461647a1af.
[2026-01-12T22:09:00.990Z] DEBUG: Dados salvos com sucesso em "/Users/patricksiqueira/PEOPLE/api-people/debug_logs/candidates_for_job_36246616-3b33-40e7-a13b-07461647a1af_1768255740983.txt"
[2026-01-12T22:09:01.057Z] Busca completa. Total de 280 candidaturas carregadas para a vaga 35e7cc64-988c-4038-bf14-557a52ce72c8.
[2026-01-12T22:09:01.092Z] DEBUG: Dados salvos com sucesso em "/Users/patricksiqueira/PEOPLE/api-people/debug_logs/candidates_for_job_35e7cc64-988c-4038-bf14-557a52ce72c8_1768255741058.txt"
[2026-01-12T22:09:01.093Z] PREFETCH WORKER: Lote de 5 vagas processado.
[2026-01-12T22:09:01.093Z] --- ORQUESTRADOR: Buscando candidaturas para a vaga 3ad21787-de34-4af8-84f9-a48fc651e6e0 ---
[2026-01-12T22:09:01.093Z] CACHE MISS: Buscando candidaturas para a vaga 3ad21787-de34-4af8-84f9-a48fc651e6e0 da API.
[2026-01-12T22:09:01.093Z] --- SERVIÇO: Buscando TODAS as candidaturas para a vaga 3ad21787-de34-4af8-84f9-a48fc651e6e0 ---
[2026-01-12T22:09:01.093Z] --- ORQUESTRADOR: Buscando candidaturas para a vaga 3e00d7c2-a10a-4c16-aa01-115737031119 ---
[2026-01-12T22:09:01.093Z] CACHE MISS: Buscando candidaturas para a vaga 3e00d7c2-a10a-4c16-aa01-115737031119 da API.
[2026-01-12T22:09:01.093Z] --- SERVIÇO: Buscando TODAS as candidaturas para a vaga 3e00d7c2-a10a-4c16-aa01-115737031119 ---
[2026-01-12T22:09:01.194Z] --- ORQUESTRADOR: Buscando candidaturas para a vaga 3fa0ce0c-c82f-4606-a18f-8637a9d028ad ---
[2026-01-12T22:09:01.194Z] CACHE MISS: Buscando candidaturas para a vaga 3fa0ce0c-c82f-4606-a18f-8637a9d028ad da API.
[2026-01-12T22:09:01.194Z] --- SERVIÇO: Buscando TODAS as candidaturas para a vaga 3fa0ce0c-c82f-4606-a18f-8637a9d028ad ---
[2026-01-12T22:09:01.194Z] --- ORQUESTRADOR: Buscando candidaturas para a vaga 42b083cd-35ca-40cc-8886-2efff457eef7 ---
[2026-01-12T22:09:01.194Z] CACHE MISS: Buscando candidaturas para a vaga 42b083cd-35ca-40cc-8886-2efff457eef7 da API.
[2026-01-12T22:09:01.194Z] --- SERVIÇO: Buscando TODAS as candidaturas para a vaga 42b083cd-35ca-40cc-8886-2efff457eef7 ---
[2026-01-12T22:09:01.194Z] --- ORQUESTRADOR: Buscando candidaturas para a vaga 4531a001-3bd3-450c-965b-70c1da3a161e ---
[2026-01-12T22:09:01.194Z] CACHE MISS: Buscando candidaturas para a vaga 4531a001-3bd3-450c-965b-70c1da3a161e da API.
[2026-01-12T22:09:01.194Z] --- SERVIÇO: Buscando TODAS as candidaturas para a vaga 4531a001-3bd3-450c-965b-70c1da3a161e ---
[2026-01-12T22:09:01.731Z] Busca completa. Total de 93 candidaturas carregadas para a vaga 3fa0ce0c-c82f-4606-a18f-8637a9d028ad.
[2026-01-12T22:09:01.763Z] DEBUG: Dados salvos com sucesso em "/Users/patricksiqueira/PEOPLE/api-people/debug_logs/candidates_for_job_3fa0ce0c-c82f-4606-a18f-8637a9d028ad_1768255741732.txt"
[2026-01-12T22:09:01.837Z] Busca completa. Total de 94 candidaturas carregadas para a vaga 42b083cd-35ca-40cc-8886-2efff457eef7.
[2026-01-12T22:09:01.864Z] DEBUG: Dados salvos com sucesso em "/Users/patricksiqueira/PEOPLE/api-people/debug_logs/candidates_for_job_42b083cd-35ca-40cc-8886-2efff457eef7_1768255741838.txt"
[2026-01-12T22:09:02.434Z] Busca completa. Total de 162 candidaturas carregadas para a vaga 3ad21787-de34-4af8-84f9-a48fc651e6e0.
[2026-01-12T22:09:02.727Z] DEBUG: Dados salvos com sucesso em "/Users/patricksiqueira/PEOPLE/api-people/debug_logs/candidates_for_job_3ad21787-de34-4af8-84f9-a48fc651e6e0_1768255742434.txt"
[2026-01-12T22:09:03.052Z] Busca completa. Total de 25 candidaturas carregadas para a vaga 4531a001-3bd3-450c-965b-70c1da3a161e.
[2026-01-12T22:09:03.055Z] DEBUG: Dados salvos com sucesso em "/Users/patricksiqueira/PEOPLE/api-people/debug_logs/candidates_for_job_4531a001-3bd3-450c-965b-70c1da3a161e_1768255743053.txt"
[2026-01-12T22:09:03.073Z] Busca completa. Total de 25 candidaturas carregadas para a vaga 3e00d7c2-a10a-4c16-aa01-115737031119.
[2026-01-12T22:09:03.096Z] DEBUG: Dados salvos com sucesso em "/Users/patricksiqueira/PEOPLE/api-people/debug_logs/candidates_for_job_3e00d7c2-a10a-4c16-aa01-115737031119_1768255743076.txt"
[2026-01-12T22:09:03.098Z] PREFETCH WORKER: Lote de 5 vagas processado.
[2026-01-12T22:09:03.099Z] --- ORQUESTRADOR: Buscando candidaturas para a vaga 466f3abd-50bd-49da-95b3-63c011d69385 ---
[2026-01-12T22:09:03.099Z] CACHE MISS: Buscando candidaturas para a vaga 466f3abd-50bd-49da-95b3-63c011d69385 da API.
[2026-01-12T22:09:03.099Z] --- SERVIÇO: Buscando TODAS as candidaturas para a vaga 466f3abd-50bd-49da-95b3-63c011d69385 ---
[2026-01-12T22:09:03.102Z] --- ORQUESTRADOR: Buscando candidaturas para a vaga 48419cea-f5d0-48a9-9e2f-32d275868d2a ---
[2026-01-12T22:09:03.105Z] CACHE MISS: Buscando candidaturas para a vaga 48419cea-f5d0-48a9-9e2f-32d275868d2a da API.
[2026-01-12T22:09:03.105Z] --- SERVIÇO: Buscando TODAS as candidaturas para a vaga 48419cea-f5d0-48a9-9e2f-32d275868d2a ---
[2026-01-12T22:09:03.106Z] --- ORQUESTRADOR: Buscando candidaturas para a vaga 48c7d8ca-bc43-4991-b901-4004b1d9ad68 ---
[2026-01-12T22:09:03.106Z] CACHE MISS: Buscando candidaturas para a vaga 48c7d8ca-bc43-4991-b901-4004b1d9ad68 da API.
[2026-01-12T22:09:03.106Z] --- SERVIÇO: Buscando TODAS as candidaturas para a vaga 48c7d8ca-bc43-4991-b901-4004b1d9ad68 ---
[2026-01-12T22:09:03.106Z] --- ORQUESTRADOR: Buscando candidaturas para a vaga 4a517f4c-baf4-45dc-86ab-606f9b799d17 ---
[2026-01-12T22:09:03.107Z] CACHE MISS: Buscando candidaturas para a vaga 4a517f4c-baf4-45dc-86ab-606f9b799d17 da API.
[2026-01-12T22:09:03.107Z] --- SERVIÇO: Buscando TODAS as candidaturas para a vaga 4a517f4c-baf4-45dc-86ab-606f9b799d17 ---
[2026-01-12T22:09:03.107Z] --- ORQUESTRADOR: Buscando candidaturas para a vaga 4b86e7b6-b76f-4f4b-b0ab-7c3a6873213b ---
[2026-01-12T22:09:03.108Z] CACHE MISS: Buscando candidaturas para a vaga 4b86e7b6-b76f-4f4b-b0ab-7c3a6873213b da API.
[2026-01-12T22:09:03.108Z] --- SERVIÇO: Buscando TODAS as candidaturas para a vaga 4b86e7b6-b76f-4f4b-b0ab-7c3a6873213b ---
[2026-01-12T22:09:03.769Z] Busca completa. Total de 0 candidaturas carregadas para a vaga 4b86e7b6-b76f-4f4b-b0ab-7c3a6873213b.
[2026-01-12T22:09:03.862Z] DEBUG: Dados salvos com sucesso em "/Users/patricksiqueira/PEOPLE/api-people/debug_logs/candidates_for_job_4b86e7b6-b76f-4f4b-b0ab-7c3a6873213b_1768255743820.txt"
[2026-01-12T22:09:04.400Z] Busca completa. Total de 274 candidaturas carregadas para a vaga 466f3abd-50bd-49da-95b3-63c011d69385.
[2026-01-12T22:09:05.092Z] DEBUG: Dados salvos com sucesso em "/Users/patricksiqueira/PEOPLE/api-people/debug_logs/candidates_for_job_466f3abd-50bd-49da-95b3-63c011d69385_1768255744401.txt"
[2026-01-12T22:09:05.137Z] Busca completa. Total de 206 candidaturas carregadas para a vaga 48419cea-f5d0-48a9-9e2f-32d275868d2a.
[2026-01-12T22:09:05.211Z] DEBUG: Dados salvos com sucesso em "/Users/patricksiqueira/PEOPLE/api-people/debug_logs/candidates_for_job_48419cea-f5d0-48a9-9e2f-32d275868d2a_1768255745137.txt"
[2026-01-12T22:09:05.244Z] Busca completa. Total de 188 candidaturas carregadas para a vaga 48c7d8ca-bc43-4991-b901-4004b1d9ad68.
[2026-01-12T22:09:05.320Z] DEBUG: Dados salvos com sucesso em "/Users/patricksiqueira/PEOPLE/api-people/debug_logs/candidates_for_job_48c7d8ca-bc43-4991-b901-4004b1d9ad68_1768255745244.txt"
[2026-01-12T22:09:13.269Z] Busca completa. Total de 2967 candidaturas carregadas para a vaga 4a517f4c-baf4-45dc-86ab-606f9b799d17.
[2026-01-12T22:09:13.334Z] DEBUG: Dados salvos com sucesso em "/Users/patricksiqueira/PEOPLE/api-people/debug_logs/candidates_for_job_4a517f4c-baf4-45dc-86ab-606f9b799d17_1768255753269.txt"
[2026-01-12T22:09:13.338Z] PREFETCH WORKER: Lote de 5 vagas processado.
[2026-01-12T22:09:13.338Z] --- ORQUESTRADOR: Buscando candidaturas para a vaga 4e052659-0bcb-44df-a8bb-94dd0a51a6fb ---
[2026-01-12T22:09:13.338Z] CACHE MISS: Buscando candidaturas para a vaga 4e052659-0bcb-44df-a8bb-94dd0a51a6fb da API.
[2026-01-12T22:09:13.338Z] --- SERVIÇO: Buscando TODAS as candidaturas para a vaga 4e052659-0bcb-44df-a8bb-94dd0a51a6fb ---
[2026-01-12T22:09:13.339Z] --- ORQUESTRADOR: Buscando candidaturas para a vaga 4ea77680-2259-477c-944c-3f7792aaf843 ---
[2026-01-12T22:09:13.339Z] CACHE MISS: Buscando candidaturas para a vaga 4ea77680-2259-477c-944c-3f7792aaf843 da API.
[2026-01-12T22:09:13.339Z] --- SERVIÇO: Buscando TODAS as candidaturas para a vaga 4ea77680-2259-477c-944c-3f7792aaf843 ---
[2026-01-12T22:09:13.339Z] --- ORQUESTRADOR: Buscando candidaturas para a vaga 4edb97eb-0611-4546-b901-731b92afab0c ---
[2026-01-12T22:09:13.339Z] CACHE MISS: Buscando candidaturas para a vaga 4edb97eb-0611-4546-b901-731b92afab0c da API.
[2026-01-12T22:09:13.339Z] --- SERVIÇO: Buscando TODAS as candidaturas para a vaga 4edb97eb-0611-4546-b901-731b92afab0c ---
[2026-01-12T22:09:13.339Z] --- ORQUESTRADOR: Buscando candidaturas para a vaga 4fffcb5c-962b-4f22-9703-7590e791be48 ---
[2026-01-12T22:09:13.339Z] CACHE MISS: Buscando candidaturas para a vaga 4fffcb5c-962b-4f22-9703-7590e791be48 da API.
[2026-01-12T22:09:13.339Z] --- SERVIÇO: Buscando TODAS as candidaturas para a vaga 4fffcb5c-962b-4f22-9703-7590e791be48 ---
[2026-01-12T22:09:13.340Z] --- ORQUESTRADOR: Buscando candidaturas para a vaga 50225e4a-e656-4671-9f30-39500578ece1 ---
[2026-01-12T22:09:13.340Z] CACHE MISS: Buscando candidaturas para a vaga 50225e4a-e656-4671-9f30-39500578ece1 da API.
[2026-01-12T22:09:13.340Z] --- SERVIÇO: Buscando TODAS as candidaturas para a vaga 50225e4a-e656-4671-9f30-39500578ece1 ---
[2026-01-12T22:09:14.995Z] Busca completa. Total de 276 candidaturas carregadas para a vaga 4e052659-0bcb-44df-a8bb-94dd0a51a6fb.
[2026-01-12T22:09:15.014Z] DEBUG: Dados salvos com sucesso em "/Users/patricksiqueira/PEOPLE/api-people/debug_logs/candidates_for_job_4e052659-0bcb-44df-a8bb-94dd0a51a6fb_1768255754995.txt"
[2026-01-12T22:09:15.035Z] Busca completa. Total de 31 candidaturas carregadas para a vaga 50225e4a-e656-4671-9f30-39500578ece1.
[2026-01-12T22:09:15.043Z] DEBUG: Dados salvos com sucesso em "/Users/patricksiqueira/PEOPLE/api-people/debug_logs/candidates_for_job_50225e4a-e656-4671-9f30-39500578ece1_1768255755035.txt"
[2026-01-12T22:09:15.102Z] Busca completa. Total de 20 candidaturas carregadas para a vaga 4fffcb5c-962b-4f22-9703-7590e791be48.
[2026-01-12T22:09:15.104Z] DEBUG: Dados salvos com sucesso em "/Users/patricksiqueira/PEOPLE/api-people/debug_logs/candidates_for_job_4fffcb5c-962b-4f22-9703-7590e791be48_1768255755102.txt"
[2026-01-12T22:09:15.355Z] Busca completa. Total de 144 candidaturas carregadas para a vaga 4ea77680-2259-477c-944c-3f7792aaf843.
[2026-01-12T22:09:15.420Z] DEBUG: Dados salvos com sucesso em "/Users/patricksiqueira/PEOPLE/api-people/debug_logs/candidates_for_job_4ea77680-2259-477c-944c-3f7792aaf843_1768255755355.txt"
[2026-01-12T22:09:18.352Z] Busca completa. Total de 894 candidaturas carregadas para a vaga 4edb97eb-0611-4546-b901-731b92afab0c.
[2026-01-12T22:09:18.734Z] DEBUG: Dados salvos com sucesso em "/Users/patricksiqueira/PEOPLE/api-people/debug_logs/candidates_for_job_4edb97eb-0611-4546-b901-731b92afab0c_1768255758352.txt"
[2026-01-12T22:09:18.735Z] PREFETCH WORKER: Lote de 5 vagas processado.
[2026-01-12T22:09:18.735Z] --- ORQUESTRADOR: Buscando candidaturas para a vaga 53cefb70-7450-470b-a873-5ba48d95da84 ---
[2026-01-12T22:09:18.735Z] CACHE MISS: Buscando candidaturas para a vaga 53cefb70-7450-470b-a873-5ba48d95da84 da API.
[2026-01-12T22:09:18.735Z] --- SERVIÇO: Buscando TODAS as candidaturas para a vaga 53cefb70-7450-470b-a873-5ba48d95da84 ---
[2026-01-12T22:09:18.736Z] --- ORQUESTRADOR: Buscando candidaturas para a vaga 5505856a-c9c2-4b49-89eb-cf446e0c0629 ---
[2026-01-12T22:09:18.736Z] CACHE MISS: Buscando candidaturas para a vaga 5505856a-c9c2-4b49-89eb-cf446e0c0629 da API.
[2026-01-12T22:09:18.736Z] --- SERVIÇO: Buscando TODAS as candidaturas para a vaga 5505856a-c9c2-4b49-89eb-cf446e0c0629 ---
[2026-01-12T22:09:18.736Z] --- ORQUESTRADOR: Buscando candidaturas para a vaga 587d8ef0-bd3c-47ea-8ce6-e650cf6c527a ---
[2026-01-12T22:09:18.736Z] CACHE MISS: Buscando candidaturas para a vaga 587d8ef0-bd3c-47ea-8ce6-e650cf6c527a da API.
[2026-01-12T22:09:18.736Z] --- SERVIÇO: Buscando TODAS as candidaturas para a vaga 587d8ef0-bd3c-47ea-8ce6-e650cf6c527a ---
[2026-01-12T22:09:18.736Z] --- ORQUESTRADOR: Buscando candidaturas para a vaga 58951772-68fb-4324-8266-a47fe2be8e9d ---
[2026-01-12T22:09:18.736Z] CACHE MISS: Buscando candidaturas para a vaga 58951772-68fb-4324-8266-a47fe2be8e9d da API.
[2026-01-12T22:09:18.736Z] --- SERVIÇO: Buscando TODAS as candidaturas para a vaga 58951772-68fb-4324-8266-a47fe2be8e9d ---
[2026-01-12T22:09:18.736Z] --- ORQUESTRADOR: Buscando candidaturas para a vaga 5a8e7dd3-99a8-40ad-b441-ee06f58f7588 ---
[2026-01-12T22:09:18.736Z] CACHE MISS: Buscando candidaturas para a vaga 5a8e7dd3-99a8-40ad-b441-ee06f58f7588 da API.
[2026-01-12T22:09:18.736Z] --- SERVIÇO: Buscando TODAS as candidaturas para a vaga 5a8e7dd3-99a8-40ad-b441-ee06f58f7588 ---
[2026-01-12T22:09:19.117Z] Busca completa. Total de 0 candidaturas carregadas para a vaga 5a8e7dd3-99a8-40ad-b441-ee06f58f7588.
[2026-01-12T22:09:19.123Z] DEBUG: Dados salvos com sucesso em "/Users/patricksiqueira/PEOPLE/api-people/debug_logs/candidates_for_job_5a8e7dd3-99a8-40ad-b441-ee06f58f7588_1768255759118.txt"
[2026-01-12T22:09:19.365Z] Busca completa. Total de 12 candidaturas carregadas para a vaga 587d8ef0-bd3c-47ea-8ce6-e650cf6c527a.
[2026-01-12T22:09:19.366Z] DEBUG: Dados salvos com sucesso em "/Users/patricksiqueira/PEOPLE/api-people/debug_logs/candidates_for_job_587d8ef0-bd3c-47ea-8ce6-e650cf6c527a_1768255759365.txt"
[2026-01-12T22:09:19.462Z] Busca completa. Total de 319 candidaturas carregadas para a vaga 5505856a-c9c2-4b49-89eb-cf446e0c0629.
[2026-01-12T22:09:19.469Z] DEBUG: Dados salvos com sucesso em "/Users/patricksiqueira/PEOPLE/api-people/debug_logs/candidates_for_job_5505856a-c9c2-4b49-89eb-cf446e0c0629_1768255759462.txt"
[2026-01-12T22:09:19.516Z] Busca completa. Total de 93 candidaturas carregadas para a vaga 53cefb70-7450-470b-a873-5ba48d95da84.
[2026-01-12T22:09:19.519Z] DEBUG: Dados salvos com sucesso em "/Users/patricksiqueira/PEOPLE/api-people/debug_logs/candidates_for_job_53cefb70-7450-470b-a873-5ba48d95da84_1768255759516.txt"
[2026-01-12T22:09:19.755Z] Busca completa. Total de 174 candidaturas carregadas para a vaga 58951772-68fb-4324-8266-a47fe2be8e9d.
[2026-01-12T22:09:19.758Z] DEBUG: Dados salvos com sucesso em "/Users/patricksiqueira/PEOPLE/api-people/debug_logs/candidates_for_job_58951772-68fb-4324-8266-a47fe2be8e9d_1768255759755.txt"
[2026-01-12T22:09:19.759Z] PREFETCH WORKER: Lote de 5 vagas processado.
[2026-01-12T22:09:19.759Z] --- ORQUESTRADOR: Buscando candidaturas para a vaga 5e78e517-13fd-47c7-83c7-6a33e14c4b63 ---
[2026-01-12T22:09:19.759Z] CACHE MISS: Buscando candidaturas para a vaga 5e78e517-13fd-47c7-83c7-6a33e14c4b63 da API.
[2026-01-12T22:09:19.759Z] --- SERVIÇO: Buscando TODAS as candidaturas para a vaga 5e78e517-13fd-47c7-83c7-6a33e14c4b63 ---
[2026-01-12T22:09:19.759Z] --- ORQUESTRADOR: Buscando candidaturas para a vaga 5fbebe8b-c092-4778-902e-8d193305f8f0 ---
[2026-01-12T22:09:19.759Z] CACHE MISS: Buscando candidaturas para a vaga 5fbebe8b-c092-4778-902e-8d193305f8f0 da API.
[2026-01-12T22:09:19.759Z] --- SERVIÇO: Buscando TODAS as candidaturas para a vaga 5fbebe8b-c092-4778-902e-8d193305f8f0 ---
[2026-01-12T22:09:19.759Z] --- ORQUESTRADOR: Buscando candidaturas para a vaga 604cbaca-96af-420d-98c3-55cee4995a1b ---
[2026-01-12T22:09:19.759Z] CACHE MISS: Buscando candidaturas para a vaga 604cbaca-96af-420d-98c3-55cee4995a1b da API.
[2026-01-12T22:09:20.551Z] --- SERVIÇO: Buscando TODAS as candidaturas para a vaga 604cbaca-96af-420d-98c3-55cee4995a1b ---
[2026-01-12T22:09:20.551Z] --- ORQUESTRADOR: Buscando candidaturas para a vaga 6075f3be-d885-4c32-9087-41d6eb798c93 ---
[2026-01-12T22:09:20.551Z] CACHE MISS: Buscando candidaturas para a vaga 6075f3be-d885-4c32-9087-41d6eb798c93 da API.
[2026-01-12T22:09:20.551Z] --- SERVIÇO: Buscando TODAS as candidaturas para a vaga 6075f3be-d885-4c32-9087-41d6eb798c93 ---
[2026-01-12T22:09:20.552Z] --- ORQUESTRADOR: Buscando candidaturas para a vaga 62583a4f-b749-414e-b544-9a307c40ac8c ---
[2026-01-12T22:09:20.552Z] CACHE MISS: Buscando candidaturas para a vaga 62583a4f-b749-414e-b544-9a307c40ac8c da API.
[2026-01-12T22:09:20.552Z] --- SERVIÇO: Buscando TODAS as candidaturas para a vaga 62583a4f-b749-414e-b544-9a307c40ac8c ---
[2026-01-12T22:09:20.913Z] Busca completa. Total de 2 candidaturas carregadas para a vaga 604cbaca-96af-420d-98c3-55cee4995a1b.
[2026-01-12T22:09:21.609Z] DEBUG: Dados salvos com sucesso em "/Users/patricksiqueira/PEOPLE/api-people/debug_logs/candidates_for_job_604cbaca-96af-420d-98c3-55cee4995a1b_1768255760913.txt"
[2026-01-12T22:09:21.612Z] Busca completa. Total de 113 candidaturas carregadas para a vaga 5fbebe8b-c092-4778-902e-8d193305f8f0.
[2026-01-12T22:09:21.680Z] DEBUG: Dados salvos com sucesso em "/Users/patricksiqueira/PEOPLE/api-people/debug_logs/candidates_for_job_5fbebe8b-c092-4778-902e-8d193305f8f0_1768255761612.txt"
[2026-01-12T22:09:21.681Z] Busca completa. Total de 3 candidaturas carregadas para a vaga 62583a4f-b749-414e-b544-9a307c40ac8c.
[2026-01-12T22:09:21.681Z] DEBUG: Dados salvos com sucesso em "/Users/patricksiqueira/PEOPLE/api-people/debug_logs/candidates_for_job_62583a4f-b749-414e-b544-9a307c40ac8c_1768255761681.txt"
[2026-01-12T22:09:21.687Z] Busca completa. Total de 261 candidaturas carregadas para a vaga 6075f3be-d885-4c32-9087-41d6eb798c93.
[2026-01-12T22:09:21.739Z] DEBUG: Dados salvos com sucesso em "/Users/patricksiqueira/PEOPLE/api-people/debug_logs/candidates_for_job_6075f3be-d885-4c32-9087-41d6eb798c93_1768255761687.txt"
[2026-01-12T22:09:21.812Z] Busca completa. Total de 327 candidaturas carregadas para a vaga 5e78e517-13fd-47c7-83c7-6a33e14c4b63.
[2026-01-12T22:09:22.082Z] DEBUG: Dados salvos com sucesso em "/Users/patricksiqueira/PEOPLE/api-people/debug_logs/candidates_for_job_5e78e517-13fd-47c7-83c7-6a33e14c4b63_1768255761812.txt"
[2026-01-12T22:09:22.083Z] PREFETCH WORKER: Lote de 5 vagas processado.
[2026-01-12T22:09:22.083Z] --- ORQUESTRADOR: Buscando candidaturas para a vaga 62fb5e76-f6c2-4ec1-bfea-a4ff8557634c ---
[2026-01-12T22:09:22.083Z] CACHE MISS: Buscando candidaturas para a vaga 62fb5e76-f6c2-4ec1-bfea-a4ff8557634c da API.
[2026-01-12T22:09:22.083Z] --- SERVIÇO: Buscando TODAS as candidaturas para a vaga 62fb5e76-f6c2-4ec1-bfea-a4ff8557634c ---
[2026-01-12T22:09:22.083Z] --- ORQUESTRADOR: Buscando candidaturas para a vaga 666bd257-db76-400a-8100-1bfa9e356068 ---
[2026-01-12T22:09:22.083Z] CACHE MISS: Buscando candidaturas para a vaga 666bd257-db76-400a-8100-1bfa9e356068 da API.
[2026-01-12T22:09:22.083Z] --- SERVIÇO: Buscando TODAS as candidaturas para a vaga 666bd257-db76-400a-8100-1bfa9e356068 ---
[2026-01-12T22:09:22.083Z] --- ORQUESTRADOR: Buscando candidaturas para a vaga 66e073f2-37ce-4b27-9a6b-fdc5113fde6b ---
[2026-01-12T22:09:22.083Z] CACHE MISS: Buscando candidaturas para a vaga 66e073f2-37ce-4b27-9a6b-fdc5113fde6b da API.
[2026-01-12T22:09:22.083Z] --- SERVIÇO: Buscando TODAS as candidaturas para a vaga 66e073f2-37ce-4b27-9a6b-fdc5113fde6b ---
[2026-01-12T22:09:22.083Z] --- ORQUESTRADOR: Buscando candidaturas para a vaga 68cb2d53-21ec-45f3-a7e9-b5cb928ef79b ---
[2026-01-12T22:09:22.084Z] CACHE MISS: Buscando candidaturas para a vaga 68cb2d53-21ec-45f3-a7e9-b5cb928ef79b da API.
[2026-01-12T22:09:22.084Z] --- SERVIÇO: Buscando TODAS as candidaturas para a vaga 68cb2d53-21ec-45f3-a7e9-b5cb928ef79b ---
[2026-01-12T22:09:22.084Z] --- ORQUESTRADOR: Buscando candidaturas para a vaga 69b50fd3-4a4b-4081-8a4e-c6590504b7eb ---
[2026-01-12T22:09:22.084Z] CACHE MISS: Buscando candidaturas para a vaga 69b50fd3-4a4b-4081-8a4e-c6590504b7eb da API.
[2026-01-12T22:09:22.084Z] --- SERVIÇO: Buscando TODAS as candidaturas para a vaga 69b50fd3-4a4b-4081-8a4e-c6590504b7eb ---
[2026-01-12T22:09:22.811Z] Busca completa. Total de 130 candidaturas carregadas para a vaga 666bd257-db76-400a-8100-1bfa9e356068.
[2026-01-12T22:09:24.153Z] DEBUG: Dados salvos com sucesso em "/Users/patricksiqueira/PEOPLE/api-people/debug_logs/candidates_for_job_666bd257-db76-400a-8100-1bfa9e356068_1768255762811.txt"
[2026-01-12T22:09:27.462Z] Busca completa. Total de 273 candidaturas carregadas para a vaga 62fb5e76-f6c2-4ec1-bfea-a4ff8557634c.
[2026-01-12T22:09:27.635Z] DEBUG: Dados salvos com sucesso em "/Users/patricksiqueira/PEOPLE/api-people/debug_logs/candidates_for_job_62fb5e76-f6c2-4ec1-bfea-a4ff8557634c_1768255767462.txt"
[2026-01-12T22:09:27.649Z] Busca completa. Total de 215 candidaturas carregadas para a vaga 69b50fd3-4a4b-4081-8a4e-c6590504b7eb.
[2026-01-12T22:09:27.672Z] DEBUG: Dados salvos com sucesso em "/Users/patricksiqueira/PEOPLE/api-people/debug_logs/candidates_for_job_69b50fd3-4a4b-4081-8a4e-c6590504b7eb_1768255767649.txt"
[2026-01-12T22:09:27.682Z] Busca completa. Total de 54 candidaturas carregadas para a vaga 68cb2d53-21ec-45f3-a7e9-b5cb928ef79b.
[2026-01-12T22:09:27.720Z] DEBUG: Dados salvos com sucesso em "/Users/patricksiqueira/PEOPLE/api-people/debug_logs/candidates_for_job_68cb2d53-21ec-45f3-a7e9-b5cb928ef79b_1768255767682.txt"
[2026-01-12T22:09:27.731Z] Busca completa. Total de 43 candidaturas carregadas para a vaga 66e073f2-37ce-4b27-9a6b-fdc5113fde6b.
[2026-01-12T22:09:27.773Z] DEBUG: Dados salvos com sucesso em "/Users/patricksiqueira/PEOPLE/api-people/debug_logs/candidates_for_job_66e073f2-37ce-4b27-9a6b-fdc5113fde6b_1768255767731.txt"
[2026-01-12T22:09:28.276Z] PREFETCH WORKER: Lote de 5 vagas processado.
[2026-01-12T22:09:28.276Z] --- ORQUESTRADOR: Buscando candidaturas para a vaga 69f0dfde-3439-4335-b3bc-cf0c41f613d9 ---
[2026-01-12T22:09:28.276Z] CACHE MISS: Buscando candidaturas para a vaga 69f0dfde-3439-4335-b3bc-cf0c41f613d9 da API.
[2026-01-12T22:09:28.276Z] --- SERVIÇO: Buscando TODAS as candidaturas para a vaga 69f0dfde-3439-4335-b3bc-cf0c41f613d9 ---
[2026-01-12T22:09:28.278Z] --- ORQUESTRADOR: Buscando candidaturas para a vaga 6b78bfff-00b0-4f45-b192-16c24d7c9d5f ---
[2026-01-12T22:09:28.278Z] CACHE MISS: Buscando candidaturas para a vaga 6b78bfff-00b0-4f45-b192-16c24d7c9d5f da API.
[2026-01-12T22:09:28.278Z] --- SERVIÇO: Buscando TODAS as candidaturas para a vaga 6b78bfff-00b0-4f45-b192-16c24d7c9d5f ---
[2026-01-12T22:09:28.278Z] --- ORQUESTRADOR: Buscando candidaturas para a vaga 6bff9d21-f95c-4928-b421-b2e79f39b85b ---
[2026-01-12T22:09:28.278Z] CACHE MISS: Buscando candidaturas para a vaga 6bff9d21-f95c-4928-b421-b2e79f39b85b da API.
[2026-01-12T22:09:28.278Z] --- SERVIÇO: Buscando TODAS as candidaturas para a vaga 6bff9d21-f95c-4928-b421-b2e79f39b85b ---
[2026-01-12T22:09:28.278Z] --- ORQUESTRADOR: Buscando candidaturas para a vaga 6c1511a0-6cd1-4028-be3c-3d033cd3ff41 ---
[2026-01-12T22:09:28.278Z] CACHE MISS: Buscando candidaturas para a vaga 6c1511a0-6cd1-4028-be3c-3d033cd3ff41 da API.
[2026-01-12T22:09:28.278Z] --- SERVIÇO: Buscando TODAS as candidaturas para a vaga 6c1511a0-6cd1-4028-be3c-3d033cd3ff41 ---
[2026-01-12T22:09:28.278Z] --- ORQUESTRADOR: Buscando candidaturas para a vaga 6ee0e457-5d3f-40e8-bd14-f8ab4d6f9c81 ---
[2026-01-12T22:09:28.278Z] CACHE MISS: Buscando candidaturas para a vaga 6ee0e457-5d3f-40e8-bd14-f8ab4d6f9c81 da API.
[2026-01-12T22:09:28.278Z] --- SERVIÇO: Buscando TODAS as candidaturas para a vaga 6ee0e457-5d3f-40e8-bd14-f8ab4d6f9c81 ---
[2026-01-12T22:09:31.884Z] Busca completa. Total de 19 candidaturas carregadas para a vaga 6bff9d21-f95c-4928-b421-b2e79f39b85b.
[2026-01-12T22:09:31.890Z] DEBUG: Dados salvos com sucesso em "/Users/patricksiqueira/PEOPLE/api-people/debug_logs/candidates_for_job_6bff9d21-f95c-4928-b421-b2e79f39b85b_1768255771884.txt"
[2026-01-12T22:09:31.898Z] Busca completa. Total de 41 candidaturas carregadas para a vaga 6b78bfff-00b0-4f45-b192-16c24d7c9d5f.
[2026-01-12T22:09:31.931Z] DEBUG: Dados salvos com sucesso em "/Users/patricksiqueira/PEOPLE/api-people/debug_logs/candidates_for_job_6b78bfff-00b0-4f45-b192-16c24d7c9d5f_1768255771898.txt"
[2026-01-12T22:09:31.932Z] Busca completa. Total de 1 candidaturas carregadas para a vaga 69f0dfde-3439-4335-b3bc-cf0c41f613d9.
[2026-01-12T22:09:31.932Z] DEBUG: Dados salvos com sucesso em "/Users/patricksiqueira/PEOPLE/api-people/debug_logs/candidates_for_job_69f0dfde-3439-4335-b3bc-cf0c41f613d9_1768255771932.txt"
[2026-01-12T22:09:31.937Z] Busca completa. Total de 69 candidaturas carregadas para a vaga 6c1511a0-6cd1-4028-be3c-3d033cd3ff41.
[2026-01-12T22:09:32.008Z] DEBUG: Dados salvos com sucesso em "/Users/patricksiqueira/PEOPLE/api-people/debug_logs/candidates_for_job_6c1511a0-6cd1-4028-be3c-3d033cd3ff41_1768255771937.txt"
[2026-01-12T22:09:32.018Z] Busca completa. Total de 13 candidaturas carregadas para a vaga 6ee0e457-5d3f-40e8-bd14-f8ab4d6f9c81.
[2026-01-12T22:09:32.023Z] DEBUG: Dados salvos com sucesso em "/Users/patricksiqueira/PEOPLE/api-people/debug_logs/candidates_for_job_6ee0e457-5d3f-40e8-bd14-f8ab4d6f9c81_1768255772018.txt"
[2026-01-12T22:09:32.023Z] PREFETCH WORKER: Lote de 5 vagas processado.
[2026-01-12T22:09:32.023Z] --- ORQUESTRADOR: Buscando candidaturas para a vaga 6fe6f7f9-da78-4b27-88c7-b8adbadc5ae2 ---
[2026-01-12T22:09:32.023Z] CACHE MISS: Buscando candidaturas para a vaga 6fe6f7f9-da78-4b27-88c7-b8adbadc5ae2 da API.
[2026-01-12T22:09:32.023Z] --- SERVIÇO: Buscando TODAS as candidaturas para a vaga 6fe6f7f9-da78-4b27-88c7-b8adbadc5ae2 ---
[2026-01-12T22:09:32.024Z] --- ORQUESTRADOR: Buscando candidaturas para a vaga 71f23562-3ec7-49eb-bdf7-c839f0892745 ---
[2026-01-12T22:09:32.024Z] CACHE MISS: Buscando candidaturas para a vaga 71f23562-3ec7-49eb-bdf7-c839f0892745 da API.
[2026-01-12T22:09:32.024Z] --- SERVIÇO: Buscando TODAS as candidaturas para a vaga 71f23562-3ec7-49eb-bdf7-c839f0892745 ---
[2026-01-12T22:09:32.024Z] --- ORQUESTRADOR: Buscando candidaturas para a vaga 73636ab7-4474-4575-ac9b-ee08f032918a ---
[2026-01-12T22:09:32.024Z] CACHE MISS: Buscando candidaturas para a vaga 73636ab7-4474-4575-ac9b-ee08f032918a da API.
[2026-01-12T22:09:32.024Z] --- SERVIÇO: Buscando TODAS as candidaturas para a vaga 73636ab7-4474-4575-ac9b-ee08f032918a ---
[2026-01-12T22:09:32.025Z] --- ORQUESTRADOR: Buscando candidaturas para a vaga 7371002c-a20c-4885-8755-793f66ba1deb ---
[2026-01-12T22:09:32.025Z] CACHE MISS: Buscando candidaturas para a vaga 7371002c-a20c-4885-8755-793f66ba1deb da API.
[2026-01-12T22:09:32.025Z] --- SERVIÇO: Buscando TODAS as candidaturas para a vaga 7371002c-a20c-4885-8755-793f66ba1deb ---
[2026-01-12T22:09:32.025Z] --- ORQUESTRADOR: Buscando candidaturas para a vaga 73b65c4b-9848-43c1-b286-04dfdfe4a70f ---
[2026-01-12T22:09:32.025Z] CACHE MISS: Buscando candidaturas para a vaga 73b65c4b-9848-43c1-b286-04dfdfe4a70f da API.
[2026-01-12T22:09:32.025Z] --- SERVIÇO: Buscando TODAS as candidaturas para a vaga 73b65c4b-9848-43c1-b286-04dfdfe4a70f ---
[2026-01-12T22:09:32.475Z] --- ORQUESTRADOR (SYNC): Buscando e enriquecendo todas as vagas ---
[2026-01-12T22:09:32.475Z] --- SERVIÇO: Buscando TODAS as vagas com paginação interna ---
[2026-01-12T22:09:32.844Z] --- ORQUESTRADOR (SYNC): Buscando TODOS os talentos com paginação interna ---
[2026-01-12T22:09:32.844Z] Buscando uma página de talentos (limite de 100).
[2026-01-12T22:09:32.849Z] Busca completa. Total de 0 candidaturas carregadas para a vaga 71f23562-3ec7-49eb-bdf7-c839f0892745.
[2026-01-12T22:09:32.853Z] DEBUG: Dados salvos com sucesso em "/Users/patricksiqueira/PEOPLE/api-people/debug_logs/candidates_for_job_71f23562-3ec7-49eb-bdf7-c839f0892745_1768255772853.txt"
[2026-01-12T22:09:32.859Z] Busca completa. Total de 103 candidaturas carregadas para a vaga 7371002c-a20c-4885-8755-793f66ba1deb.
[2026-01-12T22:09:32.875Z] DEBUG: Dados salvos com sucesso em "/Users/patricksiqueira/PEOPLE/api-people/debug_logs/candidates_for_job_7371002c-a20c-4885-8755-793f66ba1deb_1768255772860.txt"
[2026-01-12T22:09:32.878Z] Busca completa. Total de 35 candidaturas carregadas para a vaga 73b65c4b-9848-43c1-b286-04dfdfe4a70f.
[2026-01-12T22:09:32.884Z] DEBUG: Dados salvos com sucesso em "/Users/patricksiqueira/PEOPLE/api-people/debug_logs/candidates_for_job_73b65c4b-9848-43c1-b286-04dfdfe4a70f_1768255772878.txt"
[2026-01-12T22:09:33.175Z] Busca completa. Total de 243 candidaturas carregadas para a vaga 6fe6f7f9-da78-4b27-88c7-b8adbadc5ae2.
[2026-01-12T22:09:33.392Z] DEBUG: Dados salvos com sucesso em "/Users/patricksiqueira/PEOPLE/api-people/debug_logs/candidates_for_job_6fe6f7f9-da78-4b27-88c7-b8adbadc5ae2_1768255773175.txt"
[2026-01-12T22:09:33.397Z] Busca completa. Total de 75 candidaturas carregadas para a vaga 73636ab7-4474-4575-ac9b-ee08f032918a.
[2026-01-12T22:09:33.401Z] DEBUG: Dados salvos com sucesso em "/Users/patricksiqueira/PEOPLE/api-people/debug_logs/candidates_for_job_73636ab7-4474-4575-ac9b-ee08f032918a_1768255773397.txt"
[2026-01-12T22:09:33.402Z] PREFETCH WORKER: Lote de 5 vagas processado.
[2026-01-12T22:09:33.402Z] --- ORQUESTRADOR: Buscando candidaturas para a vaga 7637003e-55c4-492b-9d40-eed2545b3a12 ---
[2026-01-12T22:09:33.402Z] CACHE MISS: Buscando candidaturas para a vaga 7637003e-55c4-492b-9d40-eed2545b3a12 da API.
[2026-01-12T22:09:33.402Z] --- SERVIÇO: Buscando TODAS as candidaturas para a vaga 7637003e-55c4-492b-9d40-eed2545b3a12 ---
[2026-01-12T22:09:33.403Z] --- ORQUESTRADOR: Buscando candidaturas para a vaga 764f8bad-1f99-408a-a845-79bb3bd79699 ---
[2026-01-12T22:09:33.403Z] CACHE MISS: Buscando candidaturas para a vaga 764f8bad-1f99-408a-a845-79bb3bd79699 da API.
[2026-01-12T22:09:33.403Z] --- SERVIÇO: Buscando TODAS as candidaturas para a vaga 764f8bad-1f99-408a-a845-79bb3bd79699 ---
[2026-01-12T22:09:33.403Z] --- ORQUESTRADOR: Buscando candidaturas para a vaga 76c93207-d2ca-4fb3-abad-94e7c36b3604 ---
[2026-01-12T22:09:33.403Z] CACHE MISS: Buscando candidaturas para a vaga 76c93207-d2ca-4fb3-abad-94e7c36b3604 da API.
[2026-01-12T22:09:33.403Z] --- SERVIÇO: Buscando TODAS as candidaturas para a vaga 76c93207-d2ca-4fb3-abad-94e7c36b3604 ---
[2026-01-12T22:09:33.403Z] --- ORQUESTRADOR: Buscando candidaturas para a vaga 76ee6b00-1bca-4ced-9f05-946753815c3c ---
[2026-01-12T22:09:33.403Z] CACHE MISS: Buscando candidaturas para a vaga 76ee6b00-1bca-4ced-9f05-946753815c3c da API.
[2026-01-12T22:09:33.403Z] --- SERVIÇO: Buscando TODAS as candidaturas para a vaga 76ee6b00-1bca-4ced-9f05-946753815c3c ---
[2026-01-12T22:09:33.403Z] --- ORQUESTRADOR: Buscando candidaturas para a vaga 781a8a0d-1cee-45b0-b25f-ff91e04f8eb3 ---
[2026-01-12T22:09:33.403Z] CACHE MISS: Buscando candidaturas para a vaga 781a8a0d-1cee-45b0-b25f-ff91e04f8eb3 da API.
[2026-01-12T22:09:33.403Z] --- SERVIÇO: Buscando TODAS as candidaturas para a vaga 781a8a0d-1cee-45b0-b25f-ff91e04f8eb3 ---
[2026-01-12T22:09:33.688Z] Página de vagas recebida. Chave para a próxima página encontrada. Total atual: 100
[2026-01-12T22:09:33.941Z] Busca completa. Total de 0 candidaturas carregadas para a vaga 764f8bad-1f99-408a-a845-79bb3bd79699.
[2026-01-12T22:09:33.942Z] DEBUG: Dados salvos com sucesso em "/Users/patricksiqueira/PEOPLE/api-people/debug_logs/candidates_for_job_764f8bad-1f99-408a-a845-79bb3bd79699_1768255773941.txt"
[2026-01-12T22:09:33.980Z] Busca completa. Total de 81 candidaturas carregadas para a vaga 781a8a0d-1cee-45b0-b25f-ff91e04f8eb3.
[2026-01-12T22:09:34.005Z] DEBUG: Dados salvos com sucesso em "/Users/patricksiqueira/PEOPLE/api-people/debug_logs/candidates_for_job_781a8a0d-1cee-45b0-b25f-ff91e04f8eb3_1768255773982.txt"
[2026-01-12T22:09:34.156Z] Busca completa. Total de 47 candidaturas carregadas para a vaga 76c93207-d2ca-4fb3-abad-94e7c36b3604.
[2026-01-12T22:09:34.160Z] DEBUG: Dados salvos com sucesso em "/Users/patricksiqueira/PEOPLE/api-people/debug_logs/candidates_for_job_76c93207-d2ca-4fb3-abad-94e7c36b3604_1768255774156.txt"
[2026-01-12T22:09:34.205Z] Buscando uma página de talentos (limite de 100).
[2026-01-12T22:09:34.210Z] Busca completa. Total de 21 candidaturas carregadas para a vaga 76ee6b00-1bca-4ced-9f05-946753815c3c.
[2026-01-12T22:09:34.220Z] DEBUG: Dados salvos com sucesso em "/Users/patricksiqueira/PEOPLE/api-people/debug_logs/candidates_for_job_76ee6b00-1bca-4ced-9f05-946753815c3c_1768255774210.txt"
[2026-01-12T22:09:34.411Z] Busca completa. Total de 188 candidaturas carregadas para a vaga 7637003e-55c4-492b-9d40-eed2545b3a12.
[2026-01-12T22:09:34.467Z] DEBUG: Dados salvos com sucesso em "/Users/patricksiqueira/PEOPLE/api-people/debug_logs/candidates_for_job_7637003e-55c4-492b-9d40-eed2545b3a12_1768255774411.txt"
[2026-01-12T22:09:34.467Z] PREFETCH WORKER: Lote de 5 vagas processado.
[2026-01-12T22:09:34.467Z] --- ORQUESTRADOR: Buscando candidaturas para a vaga 792a095b-b3ef-4eba-a6a2-a0a66d9a6129 ---
[2026-01-12T22:09:34.467Z] CACHE MISS: Buscando candidaturas para a vaga 792a095b-b3ef-4eba-a6a2-a0a66d9a6129 da API.
[2026-01-12T22:09:34.467Z] --- SERVIÇO: Buscando TODAS as candidaturas para a vaga 792a095b-b3ef-4eba-a6a2-a0a66d9a6129 ---
[2026-01-12T22:09:34.468Z] --- ORQUESTRADOR: Buscando candidaturas para a vaga 7945b7ff-3afc-4399-a52e-7ad3bb23e3f9 ---
[2026-01-12T22:09:34.468Z] CACHE MISS: Buscando candidaturas para a vaga 7945b7ff-3afc-4399-a52e-7ad3bb23e3f9 da API.
[2026-01-12T22:09:34.468Z] --- SERVIÇO: Buscando TODAS as candidaturas para a vaga 7945b7ff-3afc-4399-a52e-7ad3bb23e3f9 ---
[2026-01-12T22:09:34.468Z] --- ORQUESTRADOR: Buscando candidaturas para a vaga 812a8718-2cb7-4bad-bd68-e371bef16922 ---
[2026-01-12T22:09:34.468Z] CACHE MISS: Buscando candidaturas para a vaga 812a8718-2cb7-4bad-bd68-e371bef16922 da API.
[2026-01-12T22:09:34.472Z] --- SERVIÇO: Buscando TODAS as candidaturas para a vaga 812a8718-2cb7-4bad-bd68-e371bef16922 ---
[2026-01-12T22:09:34.472Z] --- ORQUESTRADOR: Buscando candidaturas para a vaga 84b11a17-31af-463e-9fb8-fc5f2463030d ---
[2026-01-12T22:09:34.472Z] CACHE MISS: Buscando candidaturas para a vaga 84b11a17-31af-463e-9fb8-fc5f2463030d da API.
[2026-01-12T22:09:34.472Z] --- SERVIÇO: Buscando TODAS as candidaturas para a vaga 84b11a17-31af-463e-9fb8-fc5f2463030d ---
[2026-01-12T22:09:34.473Z] --- ORQUESTRADOR: Buscando candidaturas para a vaga 8555a61a-3392-42fb-9072-d7805680ad92 ---
[2026-01-12T22:09:34.473Z] CACHE MISS: Buscando candidaturas para a vaga 8555a61a-3392-42fb-9072-d7805680ad92 da API.
[2026-01-12T22:09:34.473Z] --- SERVIÇO: Buscando TODAS as candidaturas para a vaga 8555a61a-3392-42fb-9072-d7805680ad92 ---
[2026-01-12T22:09:34.757Z] Página de vagas recebida. Chave para a próxima página encontrada. Total atual: 200
[2026-01-12T22:09:34.971Z] Buscando uma página de talentos (limite de 100).
[2026-01-12T22:09:35.009Z] Busca completa. Total final de 206 vagas carregadas da API.
[2026-01-12T22:09:35.019Z] DEBUG: Dados salvos com sucesso em "/Users/patricksiqueira/PEOPLE/api-people/debug_logs/all_jobs_raw_1768255775009.txt"
[2026-01-12T22:09:35.019Z] --- SERVIÇO: Buscando tags para a vaga 010b9be5-e7a6-4bef-bf00-07b6b4a2e787 ---
[2026-01-12T22:09:35.019Z] --- SERVIÇO: Buscando tags para a vaga 01eb8c12-9d27-4d24-8924-e00e3312a549 ---
[2026-01-12T22:09:35.020Z] --- SERVIÇO: Buscando tags para a vaga 02036b7c-7e4e-4da4-94c4-4e0411046210 ---
[2026-01-12T22:09:35.020Z] --- SERVIÇO: Buscando tags para a vaga 038f7c8c-0ad0-4489-9019-f1f320c10a94 ---
[2026-01-12T22:09:35.021Z] --- SERVIÇO: Buscando tags para a vaga 0713cef6-067b-46dd-90f6-9d6d1e70efb2 ---
[2026-01-12T22:09:35.021Z] --- SERVIÇO: Buscando tags para a vaga 087fa08a-3f9b-4f89-8abd-ed0a8ffb32aa ---
[2026-01-12T22:09:35.021Z] --- SERVIÇO: Buscando tags para a vaga 09c2edda-64b4-41e1-8580-73c6b2e03d64 ---
[2026-01-12T22:09:35.021Z] --- SERVIÇO: Buscando tags para a vaga 0b2a0725-363b-4a25-a95f-658f93451a17 ---
[2026-01-12T22:09:35.021Z] --- SERVIÇO: Buscando tags para a vaga 0e3ad5ba-5f6b-48a9-91b0-d02402d2039e ---
[2026-01-12T22:09:35.021Z] --- SERVIÇO: Buscando tags para a vaga 0f57a077-a7ad-4665-8d59-76ab585fd594 ---
[2026-01-12T22:09:35.021Z] --- SERVIÇO: Buscando tags para a vaga 103725bc-95a8-4a2a-a7dd-a07dd432f599 ---
[2026-01-12T22:09:35.022Z] --- SERVIÇO: Buscando tags para a vaga 1061f8b2-c706-473d-b7f9-d1f129c50797 ---
[2026-01-12T22:09:35.022Z] --- SERVIÇO: Buscando tags para a vaga 110cafa9-71a1-43b3-b3d3-02315a6cab75 ---
[2026-01-12T22:09:35.022Z] --- SERVIÇO: Buscando tags para a vaga 1199197f-ad3f-49fb-b59d-e8993669d8bf ---
[2026-01-12T22:09:35.022Z] --- SERVIÇO: Buscando tags para a vaga 12d01928-a53b-416a-a122-2a7779ba2d34 ---
[2026-01-12T22:09:35.022Z] --- SERVIÇO: Buscando tags para a vaga 12d66e5d-8f00-4e59-aefa-261fadae8747 ---
[2026-01-12T22:09:35.042Z] --- SERVIÇO: Buscando tags para a vaga 12df898d-45bf-487a-bb44-f0d6b52abb93 ---
[2026-01-12T22:09:35.042Z] --- SERVIÇO: Buscando tags para a vaga 1432c3df-44a3-45da-a7a7-8b8cfcb8a2a8 ---
[2026-01-12T22:09:35.042Z] --- SERVIÇO: Buscando tags para a vaga 198081f8-53cc-455a-834a-6467f07ce5a4 ---
[2026-01-12T22:09:35.043Z] --- SERVIÇO: Buscando tags para a vaga 19a031ab-f6f1-4bac-9b3f-49453b88e747 ---
[2026-01-12T22:09:35.043Z] --- SERVIÇO: Buscando tags para a vaga 1b25ccbf-ce03-4599-ab6b-c6574f8b51a9 ---
[2026-01-12T22:09:35.043Z] --- SERVIÇO: Buscando tags para a vaga 1dabe24a-55f3-4143-baa3-beb26a5ea825 ---
[2026-01-12T22:09:35.043Z] --- SERVIÇO: Buscando tags para a vaga 21370dcd-11c3-4d02-b8c2-795c1f7302ca ---
[2026-01-12T22:09:35.043Z] --- SERVIÇO: Buscando tags para a vaga 216e0e8d-2373-4449-bf8e-3e304555a918 ---
[2026-01-12T22:09:35.043Z] --- SERVIÇO: Buscando tags para a vaga 21cb7be5-7c24-4c31-9b68-e01c598f0b29 ---
[2026-01-12T22:09:35.043Z] --- SERVIÇO: Buscando tags para a vaga 22abe01d-7c71-47fb-9631-c1e7af0adda9 ---
[2026-01-12T22:09:35.043Z] --- SERVIÇO: Buscando tags para a vaga 24df6510-fc44-48e7-b72b-b0722c51ada9 ---
[2026-01-12T22:09:35.043Z] --- SERVIÇO: Buscando tags para a vaga 27057a67-dc99-4561-8fbb-2c01d0f95664 ---
[2026-01-12T22:09:35.043Z] --- SERVIÇO: Buscando tags para a vaga 28890951-c5c2-4172-8ffc-00b2c087f26d ---
[2026-01-12T22:09:35.054Z] --- SERVIÇO: Buscando tags para a vaga 28ada291-0f0a-4f88-8c21-d4399fccf2ea ---
[2026-01-12T22:09:35.055Z] --- SERVIÇO: Buscando tags para a vaga 28b18b11-ffd6-4a4c-8792-52625979eec6 ---
[2026-01-12T22:09:35.055Z] --- SERVIÇO: Buscando tags para a vaga 2a247d8e-5f71-4516-a2f2-7768e4d2ac13 ---
[2026-01-12T22:09:35.058Z] --- SERVIÇO: Buscando tags para a vaga 2b8c1009-6f71-4a00-82ad-d0ae4121933a ---
[2026-01-12T22:09:35.059Z] --- SERVIÇO: Buscando tags para a vaga 2bc2c17d-a2e9-4eba-bc37-1b2788c55ce9 ---
[2026-01-12T22:09:35.059Z] --- SERVIÇO: Buscando tags para a vaga 2bf8cf21-f6a4-4dea-b08f-68534e123b75 ---
[2026-01-12T22:09:35.059Z] --- SERVIÇO: Buscando tags para a vaga 2cb4f868-f797-42b7-ad10-a111bce78c81 ---
[2026-01-12T22:09:35.060Z] --- SERVIÇO: Buscando tags para a vaga 2cbcf9fb-be48-4840-9d1f-ea87787203e3 ---
[2026-01-12T22:09:35.061Z] --- SERVIÇO: Buscando tags para a vaga 2ce5c7e0-29cc-4b13-9f84-757887c847a7 ---
[2026-01-12T22:09:35.062Z] --- SERVIÇO: Buscando tags para a vaga 2db744bb-f359-4eb6-a319-3059ec161be5 ---
[2026-01-12T22:09:35.062Z] --- SERVIÇO: Buscando tags para a vaga 2e27e07c-a46f-4b47-b06c-6ad09de1541a ---
[2026-01-12T22:09:35.062Z] --- SERVIÇO: Buscando tags para a vaga 2e9b2e51-a864-4fb6-8501-42707c3a53ef ---
[2026-01-12T22:09:35.062Z] --- SERVIÇO: Buscando tags para a vaga 3150379a-7df2-465d-9347-a52d292e6d05 ---
[2026-01-12T22:09:35.063Z] --- SERVIÇO: Buscando tags para a vaga 3266ee48-79cb-4d45-9d3a-bcb0ef086569 ---
[2026-01-12T22:09:35.063Z] --- SERVIÇO: Buscando tags para a vaga 3306e92c-dc9e-47a0-8b24-438b310ce51a ---
[2026-01-12T22:09:35.063Z] --- SERVIÇO: Buscando tags para a vaga 3518b656-ce33-467a-be1f-2517cc8b0983 ---
[2026-01-12T22:09:35.067Z] --- SERVIÇO: Buscando tags para a vaga 35e7cc64-988c-4038-bf14-557a52ce72c8 ---
[2026-01-12T22:09:35.069Z] --- SERVIÇO: Buscando tags para a vaga 35f4346a-f575-47da-b210-e72b7c82bd68 ---
[2026-01-12T22:09:35.069Z] --- SERVIÇO: Buscando tags para a vaga 36246616-3b33-40e7-a13b-07461647a1af ---
[2026-01-12T22:09:35.071Z] --- SERVIÇO: Buscando tags para a vaga 3672c6af-0306-4df1-bbdd-f87442e4867b ---
[2026-01-12T22:09:35.072Z] --- SERVIÇO: Buscando tags para a vaga 37d72799-de1c-49b7-b594-32dcf3f56165 ---
[2026-01-12T22:09:35.072Z] --- SERVIÇO: Buscando tags para a vaga 3ad21787-de34-4af8-84f9-a48fc651e6e0 ---
[2026-01-12T22:09:35.077Z] --- SERVIÇO: Buscando tags para a vaga 3e00d7c2-a10a-4c16-aa01-115737031119 ---
[2026-01-12T22:09:35.080Z] --- SERVIÇO: Buscando tags para a vaga 3fa0ce0c-c82f-4606-a18f-8637a9d028ad ---
[2026-01-12T22:09:35.082Z] --- SERVIÇO: Buscando tags para a vaga 42b083cd-35ca-40cc-8886-2efff457eef7 ---
[2026-01-12T22:09:35.083Z] --- SERVIÇO: Buscando tags para a vaga 4531a001-3bd3-450c-965b-70c1da3a161e ---
[2026-01-12T22:09:35.084Z] --- SERVIÇO: Buscando tags para a vaga 466f3abd-50bd-49da-95b3-63c011d69385 ---
[2026-01-12T22:09:35.084Z] --- SERVIÇO: Buscando tags para a vaga 48419cea-f5d0-48a9-9e2f-32d275868d2a ---
[2026-01-12T22:09:35.085Z] --- SERVIÇO: Buscando tags para a vaga 48c7d8ca-bc43-4991-b901-4004b1d9ad68 ---
[2026-01-12T22:09:35.085Z] --- SERVIÇO: Buscando tags para a vaga 4a517f4c-baf4-45dc-86ab-606f9b799d17 ---
[2026-01-12T22:09:35.086Z] --- SERVIÇO: Buscando tags para a vaga 4b86e7b6-b76f-4f4b-b0ab-7c3a6873213b ---
[2026-01-12T22:09:35.087Z] --- SERVIÇO: Buscando tags para a vaga 4e052659-0bcb-44df-a8bb-94dd0a51a6fb ---
[2026-01-12T22:09:35.088Z] --- SERVIÇO: Buscando tags para a vaga 4ea77680-2259-477c-944c-3f7792aaf843 ---
[2026-01-12T22:09:35.089Z] --- SERVIÇO: Buscando tags para a vaga 4edb97eb-0611-4546-b901-731b92afab0c ---
[2026-01-12T22:09:35.092Z] --- SERVIÇO: Buscando tags para a vaga 4fffcb5c-962b-4f22-9703-7590e791be48 ---
[2026-01-12T22:09:35.093Z] --- SERVIÇO: Buscando tags para a vaga 50225e4a-e656-4671-9f30-39500578ece1 ---
[2026-01-12T22:09:35.101Z] --- SERVIÇO: Buscando tags para a vaga 53cefb70-7450-470b-a873-5ba48d95da84 ---
[2026-01-12T22:09:35.102Z] --- SERVIÇO: Buscando tags para a vaga 5505856a-c9c2-4b49-89eb-cf446e0c0629 ---
[2026-01-12T22:09:35.102Z] --- SERVIÇO: Buscando tags para a vaga 587d8ef0-bd3c-47ea-8ce6-e650cf6c527a ---
[2026-01-12T22:09:35.104Z] --- SERVIÇO: Buscando tags para a vaga 58951772-68fb-4324-8266-a47fe2be8e9d ---
[2026-01-12T22:09:35.104Z] --- SERVIÇO: Buscando tags para a vaga 5a8e7dd3-99a8-40ad-b441-ee06f58f7588 ---
[2026-01-12T22:09:35.104Z] --- SERVIÇO: Buscando tags para a vaga 5e78e517-13fd-47c7-83c7-6a33e14c4b63 ---
[2026-01-12T22:09:35.105Z] --- SERVIÇO: Buscando tags para a vaga 5fbebe8b-c092-4778-902e-8d193305f8f0 ---
[2026-01-12T22:09:35.105Z] --- SERVIÇO: Buscando tags para a vaga 604cbaca-96af-420d-98c3-55cee4995a1b ---
[2026-01-12T22:09:35.109Z] --- SERVIÇO: Buscando tags para a vaga 6075f3be-d885-4c32-9087-41d6eb798c93 ---
[2026-01-12T22:09:35.109Z] --- SERVIÇO: Buscando tags para a vaga 62583a4f-b749-414e-b544-9a307c40ac8c ---
[2026-01-12T22:09:35.109Z] --- SERVIÇO: Buscando tags para a vaga 62fb5e76-f6c2-4ec1-bfea-a4ff8557634c ---
[2026-01-12T22:09:35.109Z] --- SERVIÇO: Buscando tags para a vaga 666bd257-db76-400a-8100-1bfa9e356068 ---
[2026-01-12T22:09:35.110Z] --- SERVIÇO: Buscando tags para a vaga 66e073f2-37ce-4b27-9a6b-fdc5113fde6b ---
[2026-01-12T22:09:35.110Z] --- SERVIÇO: Buscando tags para a vaga 68cb2d53-21ec-45f3-a7e9-b5cb928ef79b ---
[2026-01-12T22:09:35.111Z] --- SERVIÇO: Buscando tags para a vaga 69b50fd3-4a4b-4081-8a4e-c6590504b7eb ---
[2026-01-12T22:09:35.111Z] --- SERVIÇO: Buscando tags para a vaga 69f0dfde-3439-4335-b3bc-cf0c41f613d9 ---
[2026-01-12T22:09:35.112Z] --- SERVIÇO: Buscando tags para a vaga 6b78bfff-00b0-4f45-b192-16c24d7c9d5f ---
[2026-01-12T22:09:35.112Z] --- SERVIÇO: Buscando tags para a vaga 6bff9d21-f95c-4928-b421-b2e79f39b85b ---
[2026-01-12T22:09:35.113Z] --- SERVIÇO: Buscando tags para a vaga 6c1511a0-6cd1-4028-be3c-3d033cd3ff41 ---
[2026-01-12T22:09:35.114Z] --- SERVIÇO: Buscando tags para a vaga 6ee0e457-5d3f-40e8-bd14-f8ab4d6f9c81 ---
[2026-01-12T22:09:35.114Z] --- SERVIÇO: Buscando tags para a vaga 6fe6f7f9-da78-4b27-88c7-b8adbadc5ae2 ---
[2026-01-12T22:09:35.116Z] --- SERVIÇO: Buscando tags para a vaga 71f23562-3ec7-49eb-bdf7-c839f0892745 ---
[2026-01-12T22:09:35.116Z] --- SERVIÇO: Buscando tags para a vaga 73636ab7-4474-4575-ac9b-ee08f032918a ---
[2026-01-12T22:09:35.116Z] --- SERVIÇO: Buscando tags para a vaga 7371002c-a20c-4885-8755-793f66ba1deb ---
[2026-01-12T22:09:35.116Z] --- SERVIÇO: Buscando tags para a vaga 73b65c4b-9848-43c1-b286-04dfdfe4a70f ---
[2026-01-12T22:09:35.117Z] --- SERVIÇO: Buscando tags para a vaga 7637003e-55c4-492b-9d40-eed2545b3a12 ---
[2026-01-12T22:09:35.117Z] --- SERVIÇO: Buscando tags para a vaga 764f8bad-1f99-408a-a845-79bb3bd79699 ---
[2026-01-12T22:09:35.117Z] --- SERVIÇO: Buscando tags para a vaga 76c93207-d2ca-4fb3-abad-94e7c36b3604 ---
[2026-01-12T22:09:35.118Z] --- SERVIÇO: Buscando tags para a vaga 76ee6b00-1bca-4ced-9f05-946753815c3c ---
[2026-01-12T22:09:35.119Z] --- SERVIÇO: Buscando tags para a vaga 781a8a0d-1cee-45b0-b25f-ff91e04f8eb3 ---
[2026-01-12T22:09:35.119Z] --- SERVIÇO: Buscando tags para a vaga 792a095b-b3ef-4eba-a6a2-a0a66d9a6129 ---
[2026-01-12T22:09:35.119Z] --- SERVIÇO: Buscando tags para a vaga 7945b7ff-3afc-4399-a52e-7ad3bb23e3f9 ---
[2026-01-12T22:09:35.119Z] --- SERVIÇO: Buscando tags para a vaga 812a8718-2cb7-4bad-bd68-e371bef16922 ---
[2026-01-12T22:09:35.120Z] --- SERVIÇO: Buscando tags para a vaga 84b11a17-31af-463e-9fb8-fc5f2463030d ---
[2026-01-12T22:09:35.123Z] --- SERVIÇO: Buscando tags para a vaga 8555a61a-3392-42fb-9072-d7805680ad92 ---
[2026-01-12T22:09:35.124Z] --- SERVIÇO: Buscando tags para a vaga 8629e6be-e251-453f-9493-e841351db50e ---
[2026-01-12T22:09:35.124Z] --- SERVIÇO: Buscando tags para a vaga 871d5a51-df59-437a-b78f-2ab4633292bf ---
[2026-01-12T22:09:35.124Z] --- SERVIÇO: Buscando tags para a vaga 882c0a08-d993-4cac-ad0a-5f38ea3e65e9 ---
[2026-01-12T22:09:35.125Z] --- SERVIÇO: Buscando tags para a vaga 8bff2734-de96-4dbd-a3da-371e00880a02 ---
[2026-01-12T22:09:35.126Z] --- SERVIÇO: Buscando tags para a vaga 8c1a6724-f397-4a03-95a7-d39e9c80cb30 ---
[2026-01-12T22:09:35.128Z] --- SERVIÇO: Buscando tags para a vaga 8c950fd0-b46f-4d85-bd5a-648e012c2937 ---
[2026-01-12T22:09:35.128Z] --- SERVIÇO: Buscando tags para a vaga 8d3a6d73-419d-4c5c-a385-ae20a61dc4a1 ---
[2026-01-12T22:09:35.129Z] --- SERVIÇO: Buscando tags para a vaga 983684cd-3191-4aa4-8a0f-d7d35c1f1469 ---
[2026-01-12T22:09:35.129Z] --- SERVIÇO: Buscando tags para a vaga 997894d1-5d61-4742-bb6c-8a9f9584dea0 ---
[2026-01-12T22:09:35.131Z] --- SERVIÇO: Buscando tags para a vaga 9acd00b2-fff2-46c4-b781-b6cc623d7266 ---
[2026-01-12T22:09:35.131Z] --- SERVIÇO: Buscando tags para a vaga 9cd89a17-1d89-4463-b05d-94b74024a965 ---
[2026-01-12T22:09:35.133Z] --- SERVIÇO: Buscando tags para a vaga 9e5ae1d3-7900-4046-9c97-91c1429fa348 ---
[2026-01-12T22:09:35.134Z] --- SERVIÇO: Buscando tags para a vaga 9eb409d5-61ce-456a-96df-880c81c180c7 ---
[2026-01-12T22:09:35.136Z] --- SERVIÇO: Buscando tags para a vaga a17ece41-6e89-40c5-bdbe-1963cc4129e6 ---
[2026-01-12T22:09:35.137Z] --- SERVIÇO: Buscando tags para a vaga a21274c4-32ba-4d05-9e0a-c7e6e35efe7f ---
[2026-01-12T22:09:35.137Z] --- SERVIÇO: Buscando tags para a vaga a28921e8-abbc-4b40-bed2-9fddb4079b3c ---
[2026-01-12T22:09:35.140Z] --- SERVIÇO: Buscando tags para a vaga a38150ac-23e0-45d8-add6-1217f41b881c ---
[2026-01-12T22:09:35.140Z] --- SERVIÇO: Buscando tags para a vaga a3a8f036-14d3-46c3-8744-213851ab0740 ---
[2026-01-12T22:09:35.140Z] --- SERVIÇO: Buscando tags para a vaga a3fe7418-1061-4227-a71e-8c5733a97bc9 ---
[2026-01-12T22:09:35.141Z] --- SERVIÇO: Buscando tags para a vaga a4d30c4c-ad22-4f05-a538-198826b91414 ---
[2026-01-12T22:09:35.142Z] --- SERVIÇO: Buscando tags para a vaga a7c5c7f8-dd68-4c17-bb29-8bd16a6b6e90 ---
[2026-01-12T22:09:35.142Z] --- SERVIÇO: Buscando tags para a vaga a9156217-6f67-43f3-ae2b-fe5f39e016a7 ---
[2026-01-12T22:09:35.144Z] --- SERVIÇO: Buscando tags para a vaga a9a62503-94f0-4e67-95ca-2d603fd9b78b ---
[2026-01-12T22:09:35.145Z] --- SERVIÇO: Buscando tags para a vaga ab1f7522-7466-4480-abe4-83c6e021761d ---
[2026-01-12T22:09:35.148Z] --- SERVIÇO: Buscando tags para a vaga ab4b6ff3-3d05-44fb-9806-ed1ca35c4c1b ---
[2026-01-12T22:09:35.149Z] --- SERVIÇO: Buscando tags para a vaga abfb09de-9bf6-43d8-b3f7-584e865a7420 ---
[2026-01-12T22:09:35.152Z] --- SERVIÇO: Buscando tags para a vaga adcc8425-b7b1-41a5-b9a1-5f559f9fa844 ---
[2026-01-12T22:09:35.152Z] --- SERVIÇO: Buscando tags para a vaga ae3a7e47-9acf-4e5e-89dc-0933da79ee49 ---
[2026-01-12T22:09:35.154Z] --- SERVIÇO: Buscando tags para a vaga aec9178e-2772-4226-b71a-8f67748f368e ---
[2026-01-12T22:09:35.160Z] --- SERVIÇO: Buscando tags para a vaga af024203-9fd6-40fd-ac69-05662eb045ec ---
[2026-01-12T22:09:35.165Z] --- SERVIÇO: Buscando tags para a vaga b0d6514a-d73d-49e6-905e-e2c16fb5dbe1 ---
[2026-01-12T22:09:35.168Z] --- SERVIÇO: Buscando tags para a vaga b18a8440-4514-405c-a31e-42c76e4de898 ---
[2026-01-12T22:09:35.169Z] --- SERVIÇO: Buscando tags para a vaga b335822e-5c67-4949-b87b-5d1ef1764d4a ---
[2026-01-12T22:09:35.169Z] --- SERVIÇO: Buscando tags para a vaga b34296e8-1def-4c29-b45a-8a081b925956 ---
[2026-01-12T22:09:35.169Z] --- SERVIÇO: Buscando tags para a vaga b381a667-0d32-47c5-92a3-1fd1e7fa5393 ---
[2026-01-12T22:09:35.169Z] --- SERVIÇO: Buscando tags para a vaga b3a3e8cf-3cd1-4059-a656-9ffedb098d60 ---
[2026-01-12T22:09:35.169Z] --- SERVIÇO: Buscando tags para a vaga b508f8e4-6c60-434a-9d01-6a0e6239548d ---
[2026-01-12T22:09:35.169Z] --- SERVIÇO: Buscando tags para a vaga b63048e4-5224-4e3f-982a-dd4ec8c53c04 ---
[2026-01-12T22:09:35.169Z] --- SERVIÇO: Buscando tags para a vaga b683cad9-ea1c-4075-96f5-b58ee4fa332e ---
[2026-01-12T22:09:35.169Z] --- SERVIÇO: Buscando tags para a vaga b6b44e51-df22-4ae3-9d20-f3ec57dc8086 ---
[2026-01-12T22:09:35.170Z] --- SERVIÇO: Buscando tags para a vaga b75c0e83-d035-49d8-a9c1-86dfb2c3c78e ---
[2026-01-12T22:09:35.170Z] --- SERVIÇO: Buscando tags para a vaga b7a9bf6d-4bb7-475b-acb1-d00b623d11cf ---
[2026-01-12T22:09:35.170Z] --- SERVIÇO: Buscando tags para a vaga b8e04f6a-8e2d-43c7-b25e-a54b807dc329 ---
[2026-01-12T22:09:35.170Z] --- SERVIÇO: Buscando tags para a vaga ba07cc99-ee2b-4b4c-9781-977690ee888d ---
[2026-01-12T22:09:35.170Z] --- SERVIÇO: Buscando tags para a vaga bb3160a4-1d6e-4c27-8a3e-10012501159b ---
[2026-01-12T22:09:35.170Z] --- SERVIÇO: Buscando tags para a vaga bb5eec13-15ec-434b-946a-b1793a46914b ---
[2026-01-12T22:09:35.170Z] --- SERVIÇO: Buscando tags para a vaga bc97677e-f4ff-4bef-bfe6-941b3193c3b0 ---
[2026-01-12T22:09:35.170Z] --- SERVIÇO: Buscando tags para a vaga bd33935e-d096-4eb2-bc72-723b12423f0d ---
[2026-01-12T22:09:35.170Z] --- SERVIÇO: Buscando tags para a vaga be2692a9-1dca-486d-a802-5ce412dc7a8e ---
[2026-01-12T22:09:35.170Z] --- SERVIÇO: Buscando tags para a vaga be439c0f-69e6-4606-8c75-f0556b6fb72d ---
[2026-01-12T22:09:35.170Z] --- SERVIÇO: Buscando tags para a vaga be766298-eaaf-493f-9884-783856a1575f ---
[2026-01-12T22:09:35.170Z] --- SERVIÇO: Buscando tags para a vaga bee80d70-f0cb-4eab-9b60-da7e2375cff8 ---
[2026-01-12T22:09:35.170Z] --- SERVIÇO: Buscando tags para a vaga bfc0de30-6c0f-4d47-94fe-0a3b137d1032 ---
[2026-01-12T22:09:35.170Z] --- SERVIÇO: Buscando tags para a vaga c2565fd3-47a2-496c-9a5a-1778b3a40bf2 ---
[2026-01-12T22:09:35.171Z] --- SERVIÇO: Buscando tags para a vaga c4070a66-63c5-405c-b1e3-441b92bb43a4 ---
[2026-01-12T22:09:35.171Z] --- SERVIÇO: Buscando tags para a vaga c47273b3-1435-4d56-9389-39c47f3aa6a3 ---
[2026-01-12T22:09:35.171Z] --- SERVIÇO: Buscando tags para a vaga c52b4b74-26c4-4dfb-ab95-96c2ffb9c866 ---
[2026-01-12T22:09:35.171Z] --- SERVIÇO: Buscando tags para a vaga c709ca23-54be-49f1-b4d5-eb02601ffd6d ---
[2026-01-12T22:09:35.171Z] --- SERVIÇO: Buscando tags para a vaga c9745ee1-aeea-4868-b13c-4a2b914e8e77 ---
[2026-01-12T22:09:35.171Z] --- SERVIÇO: Buscando tags para a vaga ccbf5f24-7ef8-43b5-8dbb-423b39b21d50 ---
[2026-01-12T22:09:35.171Z] --- SERVIÇO: Buscando tags para a vaga cdea6c2f-2269-43cc-84ea-fe0e25b5e54d ---
[2026-01-12T22:09:35.171Z] --- SERVIÇO: Buscando tags para a vaga cf5e8f77-4527-4432-a281-86e21c186077 ---
[2026-01-12T22:09:35.171Z] --- SERVIÇO: Buscando tags para a vaga cf62ef85-5b6a-4b33-96e2-e3300f8a768a ---
[2026-01-12T22:09:35.171Z] --- SERVIÇO: Buscando tags para a vaga cfa194c4-bf08-4a1a-a264-c41470216bd9 ---
[2026-01-12T22:09:35.171Z] --- SERVIÇO: Buscando tags para a vaga d0b95540-7927-49ed-8d5b-844e4fa6453c ---
[2026-01-12T22:09:35.177Z] --- SERVIÇO: Buscando tags para a vaga d0c27dd1-ba64-4b09-b9cf-a4c406314e63 ---
[2026-01-12T22:09:35.180Z] --- SERVIÇO: Buscando tags para a vaga d166490e-2a11-4c8c-ba4e-d8a8d5a81358 ---
[2026-01-12T22:09:35.180Z] --- SERVIÇO: Buscando tags para a vaga d3fc787b-2632-484e-979b-ed27ad981770 ---
[2026-01-12T22:09:35.180Z] --- SERVIÇO: Buscando tags para a vaga d6b89b2c-20c2-41bf-bd91-d126bbbb0f5c ---
[2026-01-12T22:09:35.180Z] --- SERVIÇO: Buscando tags para a vaga d773d309-13af-4a7c-a56c-c74ea2767f84 ---
[2026-01-12T22:09:35.180Z] --- SERVIÇO: Buscando tags para a vaga d780f1b1-9a14-4f2c-8517-39febde65ba4 ---
[2026-01-12T22:09:35.180Z] --- SERVIÇO: Buscando tags para a vaga d8dca707-4a10-4554-bd57-3423565aebf3 ---
[2026-01-12T22:09:35.180Z] --- SERVIÇO: Buscando tags para a vaga da8ee7b6-3cca-41e0-8496-1e7d784dea5c ---
[2026-01-12T22:09:35.181Z] --- SERVIÇO: Buscando tags para a vaga db58afee-aa79-44d7-b01a-084c08ac9ffc ---
[2026-01-12T22:09:35.181Z] --- SERVIÇO: Buscando tags para a vaga dd9b4e38-c7a3-4453-a912-6cc7b4e542dd ---
[2026-01-12T22:09:35.181Z] --- SERVIÇO: Buscando tags para a vaga ddc9f50c-b15c-497d-a740-bd682de6e982 ---
[2026-01-12T22:09:35.181Z] --- SERVIÇO: Buscando tags para a vaga de32cf73-deb2-46a7-a78b-05a0427cbfe6 ---
[2026-01-12T22:09:35.181Z] --- SERVIÇO: Buscando tags para a vaga df4f7c2e-8f9a-464a-b5cd-ecb105cfd6cb ---
[2026-01-12T22:09:35.181Z] --- SERVIÇO: Buscando tags para a vaga e3300c6a-ffcf-4b70-b147-97012871bb99 ---
[2026-01-12T22:09:35.182Z] --- SERVIÇO: Buscando tags para a vaga e3643e48-0d7c-4989-916f-fe7659d98a33 ---
[2026-01-12T22:09:35.182Z] --- SERVIÇO: Buscando tags para a vaga e3e6ab23-7e2e-4539-ba23-922599a99718 ---
[2026-01-12T22:09:35.182Z] --- SERVIÇO: Buscando tags para a vaga e4f3e42b-6b05-40dc-8659-a81504410e9b ---
[2026-01-12T22:09:35.182Z] --- SERVIÇO: Buscando tags para a vaga e681b432-3bbe-4ae9-b8e4-f2e86d3d11c6 ---
[2026-01-12T22:09:35.182Z] --- SERVIÇO: Buscando tags para a vaga e68c4f98-5623-4108-a8f2-b8252a1e5363 ---
[2026-01-12T22:09:35.182Z] --- SERVIÇO: Buscando tags para a vaga e8e05409-1d79-449e-9bd5-8766914f9cb9 ---
[2026-01-12T22:09:35.182Z] --- SERVIÇO: Buscando tags para a vaga e8ef0e45-f2c9-4dfc-a026-213cad983ec8 ---
[2026-01-12T22:09:35.182Z] --- SERVIÇO: Buscando tags para a vaga e9f9d0de-7dea-4c59-9078-3c63136d2c3d ---
[2026-01-12T22:09:35.182Z] --- SERVIÇO: Buscando tags para a vaga eb6ceb2b-7ff6-4365-9fa4-67ea175d8f5a ---
[2026-01-12T22:09:35.184Z] --- SERVIÇO: Buscando tags para a vaga eb987d00-3669-416c-afd6-f299f2106f09 ---
[2026-01-12T22:09:35.184Z] --- SERVIÇO: Buscando tags para a vaga ebfc702b-fe2b-4256-9a71-9f29927aebf0 ---
[2026-01-12T22:09:35.184Z] --- SERVIÇO: Buscando tags para a vaga eed56da4-5ad6-495e-8c53-5205d7ecbf8b ---
[2026-01-12T22:09:35.184Z] --- SERVIÇO: Buscando tags para a vaga ef7e90f9-09ed-497c-a74a-35464f8ff4e0 ---
[2026-01-12T22:09:35.184Z] --- SERVIÇO: Buscando tags para a vaga f02d9412-b27a-42d6-b021-22baa32446b1 ---
[2026-01-12T22:09:35.185Z] --- SERVIÇO: Buscando tags para a vaga f19ffe30-c39c-49e5-b9db-7d7533ae8b7e ---
[2026-01-12T22:09:35.187Z] --- SERVIÇO: Buscando tags para a vaga f294572b-b7cf-468b-bf7a-4381da0d33b0 ---
[2026-01-12T22:09:35.187Z] --- SERVIÇO: Buscando tags para a vaga f2cebfcd-1a4f-43d5-b082-c0849853ddbc ---
[2026-01-12T22:09:35.187Z] --- SERVIÇO: Buscando tags para a vaga f31cde87-5872-42dc-b34c-c4604a679e95 ---
[2026-01-12T22:09:35.187Z] --- SERVIÇO: Buscando tags para a vaga f354323d-be6c-42ee-8341-3cf00a5ba7f1 ---
[2026-01-12T22:09:35.187Z] --- SERVIÇO: Buscando tags para a vaga f3c4bffb-3043-4b9a-9c4b-846d1ea394d4 ---
[2026-01-12T22:09:35.188Z] --- SERVIÇO: Buscando tags para a vaga f71b7bab-ec59-4b45-8cb1-53d0497256c5 ---
[2026-01-12T22:09:35.188Z] --- SERVIÇO: Buscando tags para a vaga f71ee2bd-27ec-4e54-8bd7-1c88d6841244 ---
[2026-01-12T22:09:35.188Z] --- SERVIÇO: Buscando tags para a vaga f84ee05c-b0f8-4835-8e57-0e7c12705119 ---
[2026-01-12T22:09:35.189Z] --- SERVIÇO: Buscando tags para a vaga f8a46ee0-7d89-48bd-8c89-3f209d6a19bf ---
[2026-01-12T22:09:35.189Z] --- SERVIÇO: Buscando tags para a vaga fa721cb8-4af5-4340-b46e-5e8708f28f33 ---
[2026-01-12T22:09:35.189Z] --- SERVIÇO: Buscando tags para a vaga fb54fa05-e2bf-41b4-8adb-2e59fa0d3916 ---
[2026-01-12T22:09:35.189Z] --- SERVIÇO: Buscando tags para a vaga fd534c00-0776-4981-9a48-530a813cd7f7 ---
[2026-01-12T22:09:41.667Z] Busca completa. Total de 39 candidaturas carregadas para a vaga 7945b7ff-3afc-4399-a52e-7ad3bb23e3f9.
[2026-01-12T22:09:42.766Z] DEBUG: Dados salvos com sucesso em "/Users/patricksiqueira/PEOPLE/api-people/debug_logs/candidates_for_job_7945b7ff-3afc-4399-a52e-7ad3bb23e3f9_1768255781764.txt"
[2026-01-12T22:09:42.873Z] Busca completa. Total de 25 candidaturas carregadas para a vaga 792a095b-b3ef-4eba-a6a2-a0a66d9a6129.
[2026-01-12T22:09:42.878Z] DEBUG: Dados salvos com sucesso em "/Users/patricksiqueira/PEOPLE/api-people/debug_logs/candidates_for_job_792a095b-b3ef-4eba-a6a2-a0a66d9a6129_1768255782873.txt"
[2026-01-12T22:09:42.901Z] Busca completa. Total de 107 candidaturas carregadas para a vaga 84b11a17-31af-463e-9fb8-fc5f2463030d.
[2026-01-12T22:09:42.913Z] DEBUG: Dados salvos com sucesso em "/Users/patricksiqueira/PEOPLE/api-people/debug_logs/candidates_for_job_84b11a17-31af-463e-9fb8-fc5f2463030d_1768255782901.txt"
[2026-01-12T22:09:42.917Z] Busca completa. Total de 35 candidaturas carregadas para a vaga 812a8718-2cb7-4bad-bd68-e371bef16922.
[2026-01-12T22:09:42.918Z] DEBUG: Dados salvos com sucesso em "/Users/patricksiqueira/PEOPLE/api-people/debug_logs/candidates_for_job_812a8718-2cb7-4bad-bd68-e371bef16922_1768255782917.txt"
[2026-01-12T22:09:42.947Z] Buscando uma página de talentos (limite de 100).
[2026-01-12T22:09:43.944Z] Busca completa. Total de 389 candidaturas carregadas para a vaga 8555a61a-3392-42fb-9072-d7805680ad92.
[2026-01-12T22:09:44.026Z] DEBUG: Dados salvos com sucesso em "/Users/patricksiqueira/PEOPLE/api-people/debug_logs/candidates_for_job_8555a61a-3392-42fb-9072-d7805680ad92_1768255783945.txt"
[2026-01-12T22:09:44.036Z] PREFETCH WORKER: Lote de 5 vagas processado.
[2026-01-12T22:09:44.042Z] --- ORQUESTRADOR: Buscando candidaturas para a vaga 8629e6be-e251-453f-9493-e841351db50e ---
[2026-01-12T22:09:44.042Z] CACHE MISS: Buscando candidaturas para a vaga 8629e6be-e251-453f-9493-e841351db50e da API.
[2026-01-12T22:09:44.042Z] --- SERVIÇO: Buscando TODAS as candidaturas para a vaga 8629e6be-e251-453f-9493-e841351db50e ---
[2026-01-12T22:09:44.053Z] --- ORQUESTRADOR: Buscando candidaturas para a vaga 871d5a51-df59-437a-b78f-2ab4633292bf ---
[2026-01-12T22:09:44.064Z] CACHE MISS: Buscando candidaturas para a vaga 871d5a51-df59-437a-b78f-2ab4633292bf da API.
[2026-01-12T22:09:44.064Z] --- SERVIÇO: Buscando TODAS as candidaturas para a vaga 871d5a51-df59-437a-b78f-2ab4633292bf ---
[2026-01-12T22:09:44.079Z] --- ORQUESTRADOR: Buscando candidaturas para a vaga 882c0a08-d993-4cac-ad0a-5f38ea3e65e9 ---
[2026-01-12T22:09:44.080Z] CACHE MISS: Buscando candidaturas para a vaga 882c0a08-d993-4cac-ad0a-5f38ea3e65e9 da API.
[2026-01-12T22:09:44.084Z] --- SERVIÇO: Buscando TODAS as candidaturas para a vaga 882c0a08-d993-4cac-ad0a-5f38ea3e65e9 ---
[2026-01-12T22:09:44.085Z] --- ORQUESTRADOR: Buscando candidaturas para a vaga 8bff2734-de96-4dbd-a3da-371e00880a02 ---
[2026-01-12T22:09:44.086Z] CACHE MISS: Buscando candidaturas para a vaga 8bff2734-de96-4dbd-a3da-371e00880a02 da API.
[2026-01-12T22:09:44.086Z] --- SERVIÇO: Buscando TODAS as candidaturas para a vaga 8bff2734-de96-4dbd-a3da-371e00880a02 ---
[2026-01-12T22:09:44.086Z] --- ORQUESTRADOR: Buscando candidaturas para a vaga 8c1a6724-f397-4a03-95a7-d39e9c80cb30 ---
[2026-01-12T22:09:44.086Z] CACHE MISS: Buscando candidaturas para a vaga 8c1a6724-f397-4a03-95a7-d39e9c80cb30 da API.
[2026-01-12T22:09:44.086Z] --- SERVIÇO: Buscando TODAS as candidaturas para a vaga 8c1a6724-f397-4a03-95a7-d39e9c80cb30 ---
[2026-01-12T22:09:44.319Z] Buscando uma página de talentos (limite de 100).
[2026-01-12T22:09:44.703Z] Busca completa. Total de 202 candidaturas carregadas para a vaga 8bff2734-de96-4dbd-a3da-371e00880a02.
[2026-01-12T22:09:44.716Z] DEBUG: Dados salvos com sucesso em "/Users/patricksiqueira/PEOPLE/api-people/debug_logs/candidates_for_job_8bff2734-de96-4dbd-a3da-371e00880a02_1768255784704.txt"
[2026-01-12T22:09:44.972Z] Busca completa. Total de 75 candidaturas carregadas para a vaga 8c1a6724-f397-4a03-95a7-d39e9c80cb30.
[2026-01-12T22:09:45.019Z] DEBUG: Dados salvos com sucesso em "/Users/patricksiqueira/PEOPLE/api-people/debug_logs/candidates_for_job_8c1a6724-f397-4a03-95a7-d39e9c80cb30_1768255784986.txt"
[2026-01-12T22:09:45.225Z] Busca completa. Total de 339 candidaturas carregadas para a vaga 882c0a08-d993-4cac-ad0a-5f38ea3e65e9.
[2026-01-12T22:09:45.268Z] DEBUG: Dados salvos com sucesso em "/Users/patricksiqueira/PEOPLE/api-people/debug_logs/candidates_for_job_882c0a08-d993-4cac-ad0a-5f38ea3e65e9_1768255785225.txt"
[2026-01-12T22:09:45.351Z] Busca completa. Total de 146 candidaturas carregadas para a vaga 871d5a51-df59-437a-b78f-2ab4633292bf.
[2026-01-12T22:09:45.404Z] DEBUG: Dados salvos com sucesso em "/Users/patricksiqueira/PEOPLE/api-people/debug_logs/candidates_for_job_871d5a51-df59-437a-b78f-2ab4633292bf_1768255785352.txt"
[2026-01-12T22:09:45.815Z] Busca completa. Total de 67 candidaturas carregadas para a vaga 8629e6be-e251-453f-9493-e841351db50e.
[2026-01-12T22:09:46.514Z] DEBUG: Dados salvos com sucesso em "/Users/patricksiqueira/PEOPLE/api-people/debug_logs/candidates_for_job_8629e6be-e251-453f-9493-e841351db50e_1768255785815.txt"
[2026-01-12T22:09:46.519Z] PREFETCH WORKER: Lote de 5 vagas processado.
[2026-01-12T22:09:46.519Z] --- ORQUESTRADOR: Buscando candidaturas para a vaga 8c950fd0-b46f-4d85-bd5a-648e012c2937 ---
[2026-01-12T22:09:46.519Z] CACHE MISS: Buscando candidaturas para a vaga 8c950fd0-b46f-4d85-bd5a-648e012c2937 da API.
[2026-01-12T22:09:46.519Z] --- SERVIÇO: Buscando TODAS as candidaturas para a vaga 8c950fd0-b46f-4d85-bd5a-648e012c2937 ---
[2026-01-12T22:09:46.524Z] --- ORQUESTRADOR: Buscando candidaturas para a vaga 8d3a6d73-419d-4c5c-a385-ae20a61dc4a1 ---
[2026-01-12T22:09:46.525Z] CACHE MISS: Buscando candidaturas para a vaga 8d3a6d73-419d-4c5c-a385-ae20a61dc4a1 da API.
[2026-01-12T22:09:46.525Z] --- SERVIÇO: Buscando TODAS as candidaturas para a vaga 8d3a6d73-419d-4c5c-a385-ae20a61dc4a1 ---
[2026-01-12T22:09:46.535Z] --- ORQUESTRADOR: Buscando candidaturas para a vaga 983684cd-3191-4aa4-8a0f-d7d35c1f1469 ---
[2026-01-12T22:09:46.535Z] CACHE MISS: Buscando candidaturas para a vaga 983684cd-3191-4aa4-8a0f-d7d35c1f1469 da API.
[2026-01-12T22:09:46.535Z] --- SERVIÇO: Buscando TODAS as candidaturas para a vaga 983684cd-3191-4aa4-8a0f-d7d35c1f1469 ---
[2026-01-12T22:09:46.535Z] --- ORQUESTRADOR: Buscando candidaturas para a vaga 997894d1-5d61-4742-bb6c-8a9f9584dea0 ---
[2026-01-12T22:09:46.535Z] CACHE MISS: Buscando candidaturas para a vaga 997894d1-5d61-4742-bb6c-8a9f9584dea0 da API.
[2026-01-12T22:09:46.535Z] --- SERVIÇO: Buscando TODAS as candidaturas para a vaga 997894d1-5d61-4742-bb6c-8a9f9584dea0 ---
[2026-01-12T22:09:46.535Z] --- ORQUESTRADOR: Buscando candidaturas para a vaga 9acd00b2-fff2-46c4-b781-b6cc623d7266 ---
[2026-01-12T22:09:46.536Z] CACHE MISS: Buscando candidaturas para a vaga 9acd00b2-fff2-46c4-b781-b6cc623d7266 da API.
[2026-01-12T22:09:46.536Z] --- SERVIÇO: Buscando TODAS as candidaturas para a vaga 9acd00b2-fff2-46c4-b781-b6cc623d7266 ---
[2026-01-12T22:09:46.571Z] Buscando uma página de talentos (limite de 100).
[2026-01-12T22:09:46.920Z] Busca completa. Total de 1 candidaturas carregadas para a vaga 8d3a6d73-419d-4c5c-a385-ae20a61dc4a1.
[2026-01-12T22:09:47.516Z] DEBUG: Dados salvos com sucesso em "/Users/patricksiqueira/PEOPLE/api-people/debug_logs/candidates_for_job_8d3a6d73-419d-4c5c-a385-ae20a61dc4a1_1768255786921.txt"
[2026-01-12T22:09:47.610Z] Buscando uma página de talentos (limite de 100).
[2026-01-12T22:09:47.694Z] Busca completa. Total de 160 candidaturas carregadas para a vaga 9acd00b2-fff2-46c4-b781-b6cc623d7266.
[2026-01-12T22:09:47.706Z] DEBUG: Dados salvos com sucesso em "/Users/patricksiqueira/PEOPLE/api-people/debug_logs/candidates_for_job_9acd00b2-fff2-46c4-b781-b6cc623d7266_1768255787695.txt"
[2026-01-12T22:09:47.833Z] Busca completa. Total de 108 candidaturas carregadas para a vaga 8c950fd0-b46f-4d85-bd5a-648e012c2937.
[2026-01-12T22:09:47.846Z] DEBUG: Dados salvos com sucesso em "/Users/patricksiqueira/PEOPLE/api-people/debug_logs/candidates_for_job_8c950fd0-b46f-4d85-bd5a-648e012c2937_1768255787835.txt"
[2026-01-12T22:09:47.968Z] Busca completa. Total de 151 candidaturas carregadas para a vaga 983684cd-3191-4aa4-8a0f-d7d35c1f1469.
[2026-01-12T22:09:48.016Z] DEBUG: Dados salvos com sucesso em "/Users/patricksiqueira/PEOPLE/api-people/debug_logs/candidates_for_job_983684cd-3191-4aa4-8a0f-d7d35c1f1469_1768255787968.txt"
[2026-01-12T22:09:48.637Z] Busca completa. Total de 440 candidaturas carregadas para a vaga 997894d1-5d61-4742-bb6c-8a9f9584dea0.
[2026-01-12T22:09:49.710Z] DEBUG: Dados salvos com sucesso em "/Users/patricksiqueira/PEOPLE/api-people/debug_logs/candidates_for_job_997894d1-5d61-4742-bb6c-8a9f9584dea0_1768255788638.txt"
[2026-01-12T22:09:49.768Z] PREFETCH WORKER: Lote de 5 vagas processado.
[2026-01-12T22:09:49.768Z] --- ORQUESTRADOR: Buscando candidaturas para a vaga 9cd89a17-1d89-4463-b05d-94b74024a965 ---
[2026-01-12T22:09:49.768Z] CACHE MISS: Buscando candidaturas para a vaga 9cd89a17-1d89-4463-b05d-94b74024a965 da API.
[2026-01-12T22:09:49.768Z] --- SERVIÇO: Buscando TODAS as candidaturas para a vaga 9cd89a17-1d89-4463-b05d-94b74024a965 ---
[2026-01-12T22:09:49.771Z] --- ORQUESTRADOR: Buscando candidaturas para a vaga 9e5ae1d3-7900-4046-9c97-91c1429fa348 ---
[2026-01-12T22:09:49.771Z] CACHE MISS: Buscando candidaturas para a vaga 9e5ae1d3-7900-4046-9c97-91c1429fa348 da API.
[2026-01-12T22:09:49.771Z] --- SERVIÇO: Buscando TODAS as candidaturas para a vaga 9e5ae1d3-7900-4046-9c97-91c1429fa348 ---
[2026-01-12T22:09:49.774Z] --- ORQUESTRADOR: Buscando candidaturas para a vaga 9eb409d5-61ce-456a-96df-880c81c180c7 ---
[2026-01-12T22:09:49.775Z] CACHE MISS: Buscando candidaturas para a vaga 9eb409d5-61ce-456a-96df-880c81c180c7 da API.
[2026-01-12T22:09:49.776Z] --- SERVIÇO: Buscando TODAS as candidaturas para a vaga 9eb409d5-61ce-456a-96df-880c81c180c7 ---
[2026-01-12T22:09:49.776Z] --- ORQUESTRADOR: Buscando candidaturas para a vaga a17ece41-6e89-40c5-bdbe-1963cc4129e6 ---
[2026-01-12T22:09:49.778Z] CACHE MISS: Buscando candidaturas para a vaga a17ece41-6e89-40c5-bdbe-1963cc4129e6 da API.
[2026-01-12T22:09:49.778Z] --- SERVIÇO: Buscando TODAS as candidaturas para a vaga a17ece41-6e89-40c5-bdbe-1963cc4129e6 ---
[2026-01-12T22:09:49.795Z] --- ORQUESTRADOR: Buscando candidaturas para a vaga a21274c4-32ba-4d05-9e0a-c7e6e35efe7f ---
[2026-01-12T22:09:50.040Z] CACHE MISS: Buscando candidaturas para a vaga a21274c4-32ba-4d05-9e0a-c7e6e35efe7f da API.
[2026-01-12T22:09:50.040Z] --- SERVIÇO: Buscando TODAS as candidaturas para a vaga a21274c4-32ba-4d05-9e0a-c7e6e35efe7f ---
[2026-01-12T22:09:50.540Z] Buscando uma página de talentos (limite de 100).
[2026-01-12T22:09:50.712Z] ❌ ERRO: Erro ao buscar tags da vaga 781a8a0d-1cee-45b0-b25f-ff91e04f8eb3: "Error"
[2026-01-12T22:09:50.793Z] ❌ ERRO: Erro ao buscar tags da vaga 792a095b-b3ef-4eba-a6a2-a0a66d9a6129: "Error"
[2026-01-12T22:09:50.828Z] ❌ ERRO: Erro ao buscar tags da vaga 5e78e517-13fd-47c7-83c7-6a33e14c4b63: "Error"
[2026-01-12T22:09:50.836Z] ❌ ERRO: Erro ao buscar tags da vaga 48c7d8ca-bc43-4991-b901-4004b1d9ad68: "Error"
[2026-01-12T22:09:51.468Z] Busca completa. Total de 54 candidaturas carregadas para a vaga a17ece41-6e89-40c5-bdbe-1963cc4129e6.
[2026-01-12T22:09:51.777Z] DEBUG: Dados salvos com sucesso em "/Users/patricksiqueira/PEOPLE/api-people/debug_logs/candidates_for_job_a17ece41-6e89-40c5-bdbe-1963cc4129e6_1768255791468.txt"
[2026-01-12T22:09:51.825Z] Busca completa. Total de 313 candidaturas carregadas para a vaga 9eb409d5-61ce-456a-96df-880c81c180c7.
[2026-01-12T22:09:51.853Z] DEBUG: Dados salvos com sucesso em "/Users/patricksiqueira/PEOPLE/api-people/debug_logs/candidates_for_job_9eb409d5-61ce-456a-96df-880c81c180c7_1768255791825.txt"
[2026-01-12T22:09:51.869Z] Busca completa. Total de 65 candidaturas carregadas para a vaga a21274c4-32ba-4d05-9e0a-c7e6e35efe7f.
[2026-01-12T22:09:51.890Z] DEBUG: Dados salvos com sucesso em "/Users/patricksiqueira/PEOPLE/api-people/debug_logs/candidates_for_job_a21274c4-32ba-4d05-9e0a-c7e6e35efe7f_1768255791869.txt"
[2026-01-12T22:09:52.659Z] Buscando uma página de talentos (limite de 100).
[2026-01-12T22:09:53.600Z] Busca completa. Total de 246 candidaturas carregadas para a vaga 9e5ae1d3-7900-4046-9c97-91c1429fa348.
[2026-01-12T22:09:54.101Z] DEBUG: Dados salvos com sucesso em "/Users/patricksiqueira/PEOPLE/api-people/debug_logs/candidates_for_job_9e5ae1d3-7900-4046-9c97-91c1429fa348_1768255793600.txt"
[2026-01-12T22:09:54.117Z] Busca completa. Total de 1 candidaturas carregadas para a vaga 9cd89a17-1d89-4463-b05d-94b74024a965.
[2026-01-12T22:09:54.119Z] DEBUG: Dados salvos com sucesso em "/Users/patricksiqueira/PEOPLE/api-people/debug_logs/candidates_for_job_9cd89a17-1d89-4463-b05d-94b74024a965_1768255794117.txt"
[2026-01-12T22:09:54.119Z] PREFETCH WORKER: Lote de 5 vagas processado.
[2026-01-12T22:09:54.119Z] --- ORQUESTRADOR: Buscando candidaturas para a vaga a28921e8-abbc-4b40-bed2-9fddb4079b3c ---
[2026-01-12T22:09:54.119Z] CACHE MISS: Buscando candidaturas para a vaga a28921e8-abbc-4b40-bed2-9fddb4079b3c da API.
[2026-01-12T22:09:54.119Z] --- SERVIÇO: Buscando TODAS as candidaturas para a vaga a28921e8-abbc-4b40-bed2-9fddb4079b3c ---
[2026-01-12T22:09:54.120Z] --- ORQUESTRADOR: Buscando candidaturas para a vaga a38150ac-23e0-45d8-add6-1217f41b881c ---
[2026-01-12T22:09:54.120Z] CACHE MISS: Buscando candidaturas para a vaga a38150ac-23e0-45d8-add6-1217f41b881c da API.
[2026-01-12T22:09:54.120Z] --- SERVIÇO: Buscando TODAS as candidaturas para a vaga a38150ac-23e0-45d8-add6-1217f41b881c ---
[2026-01-12T22:09:54.120Z] --- ORQUESTRADOR: Buscando candidaturas para a vaga a3a8f036-14d3-46c3-8744-213851ab0740 ---
[2026-01-12T22:09:54.120Z] CACHE MISS: Buscando candidaturas para a vaga a3a8f036-14d3-46c3-8744-213851ab0740 da API.
[2026-01-12T22:09:54.120Z] --- SERVIÇO: Buscando TODAS as candidaturas para a vaga a3a8f036-14d3-46c3-8744-213851ab0740 ---
[2026-01-12T22:09:54.120Z] --- ORQUESTRADOR: Buscando candidaturas para a vaga a3fe7418-1061-4227-a71e-8c5733a97bc9 ---
[2026-01-12T22:09:54.120Z] CACHE MISS: Buscando candidaturas para a vaga a3fe7418-1061-4227-a71e-8c5733a97bc9 da API.
[2026-01-12T22:09:54.120Z] --- SERVIÇO: Buscando TODAS as candidaturas para a vaga a3fe7418-1061-4227-a71e-8c5733a97bc9 ---
[2026-01-12T22:09:54.120Z] --- ORQUESTRADOR: Buscando candidaturas para a vaga a4d30c4c-ad22-4f05-a538-198826b91414 ---
[2026-01-12T22:09:54.120Z] CACHE MISS: Buscando candidaturas para a vaga a4d30c4c-ad22-4f05-a538-198826b91414 da API.
[2026-01-12T22:09:54.120Z] --- SERVIÇO: Buscando TODAS as candidaturas para a vaga a4d30c4c-ad22-4f05-a538-198826b91414 ---
[2026-01-12T22:09:54.133Z] Buscando uma página de talentos (limite de 100).
[2026-01-12T22:09:54.670Z] Busca completa. Total de 32 candidaturas carregadas para a vaga a3a8f036-14d3-46c3-8744-213851ab0740.
[2026-01-12T22:09:54.951Z] DEBUG: Dados salvos com sucesso em "/Users/patricksiqueira/PEOPLE/api-people/debug_logs/candidates_for_job_a3a8f036-14d3-46c3-8744-213851ab0740_1768255794670.txt"
[2026-01-12T22:09:55.038Z] Busca completa. Total de 70 candidaturas carregadas para a vaga a4d30c4c-ad22-4f05-a538-198826b91414.
[2026-01-12T22:09:55.310Z] DEBUG: Dados salvos com sucesso em "/Users/patricksiqueira/PEOPLE/api-people/debug_logs/candidates_for_job_a4d30c4c-ad22-4f05-a538-198826b91414_1768255795038.txt"
[2026-01-12T22:09:55.319Z] Busca completa. Total de 183 candidaturas carregadas para a vaga a28921e8-abbc-4b40-bed2-9fddb4079b3c.
[2026-01-12T22:09:55.395Z] DEBUG: Dados salvos com sucesso em "/Users/patricksiqueira/PEOPLE/api-people/debug_logs/candidates_for_job_a28921e8-abbc-4b40-bed2-9fddb4079b3c_1768255795319.txt"
[2026-01-12T22:09:55.410Z] Buscando uma página de talentos (limite de 100).
[2026-01-12T22:09:55.414Z] Busca completa. Total de 48 candidaturas carregadas para a vaga a38150ac-23e0-45d8-add6-1217f41b881c.
[2026-01-12T22:09:55.429Z] DEBUG: Dados salvos com sucesso em "/Users/patricksiqueira/PEOPLE/api-people/debug_logs/candidates_for_job_a38150ac-23e0-45d8-add6-1217f41b881c_1768255795414.txt"
[2026-01-12T22:09:56.014Z] Buscando uma página de talentos (limite de 100).
[2026-01-12T22:09:56.092Z] Busca completa. Total de 494 candidaturas carregadas para a vaga a3fe7418-1061-4227-a71e-8c5733a97bc9.
[2026-01-12T22:09:56.227Z] DEBUG: Dados salvos com sucesso em "/Users/patricksiqueira/PEOPLE/api-people/debug_logs/candidates_for_job_a3fe7418-1061-4227-a71e-8c5733a97bc9_1768255796092.txt"
[2026-01-12T22:09:56.229Z] PREFETCH WORKER: Lote de 5 vagas processado.
[2026-01-12T22:09:56.229Z] --- ORQUESTRADOR: Buscando candidaturas para a vaga a7c5c7f8-dd68-4c17-bb29-8bd16a6b6e90 ---
[2026-01-12T22:09:56.229Z] CACHE MISS: Buscando candidaturas para a vaga a7c5c7f8-dd68-4c17-bb29-8bd16a6b6e90 da API.
[2026-01-12T22:09:56.229Z] --- SERVIÇO: Buscando TODAS as candidaturas para a vaga a7c5c7f8-dd68-4c17-bb29-8bd16a6b6e90 ---
[2026-01-12T22:09:56.230Z] --- ORQUESTRADOR: Buscando candidaturas para a vaga a9156217-6f67-43f3-ae2b-fe5f39e016a7 ---
[2026-01-12T22:09:56.230Z] CACHE MISS: Buscando candidaturas para a vaga a9156217-6f67-43f3-ae2b-fe5f39e016a7 da API.
[2026-01-12T22:09:56.230Z] --- SERVIÇO: Buscando TODAS as candidaturas para a vaga a9156217-6f67-43f3-ae2b-fe5f39e016a7 ---
[2026-01-12T22:09:56.231Z] --- ORQUESTRADOR: Buscando candidaturas para a vaga a9a62503-94f0-4e67-95ca-2d603fd9b78b ---
[2026-01-12T22:09:56.231Z] CACHE MISS: Buscando candidaturas para a vaga a9a62503-94f0-4e67-95ca-2d603fd9b78b da API.
[2026-01-12T22:09:56.231Z] --- SERVIÇO: Buscando TODAS as candidaturas para a vaga a9a62503-94f0-4e67-95ca-2d603fd9b78b ---
[2026-01-12T22:09:56.231Z] --- ORQUESTRADOR: Buscando candidaturas para a vaga ab1f7522-7466-4480-abe4-83c6e021761d ---
[2026-01-12T22:09:56.231Z] CACHE MISS: Buscando candidaturas para a vaga ab1f7522-7466-4480-abe4-83c6e021761d da API.
[2026-01-12T22:09:56.231Z] --- SERVIÇO: Buscando TODAS as candidaturas para a vaga ab1f7522-7466-4480-abe4-83c6e021761d ---
[2026-01-12T22:09:56.231Z] --- ORQUESTRADOR: Buscando candidaturas para a vaga ab4b6ff3-3d05-44fb-9806-ed1ca35c4c1b ---
[2026-01-12T22:09:56.231Z] CACHE MISS: Buscando candidaturas para a vaga ab4b6ff3-3d05-44fb-9806-ed1ca35c4c1b da API.
[2026-01-12T22:09:56.231Z] --- SERVIÇO: Buscando TODAS as candidaturas para a vaga ab4b6ff3-3d05-44fb-9806-ed1ca35c4c1b ---
[2026-01-12T22:09:56.605Z] Busca completa. Total de 1 candidaturas carregadas para a vaga ab1f7522-7466-4480-abe4-83c6e021761d.
[2026-01-12T22:09:56.606Z] DEBUG: Dados salvos com sucesso em "/Users/patricksiqueira/PEOPLE/api-people/debug_logs/candidates_for_job_ab1f7522-7466-4480-abe4-83c6e021761d_1768255796605.txt"
[2026-01-12T22:09:56.653Z] Busca completa. Total de 9 candidaturas carregadas para a vaga a7c5c7f8-dd68-4c17-bb29-8bd16a6b6e90.
[2026-01-12T22:09:56.654Z] DEBUG: Dados salvos com sucesso em "/Users/patricksiqueira/PEOPLE/api-people/debug_logs/candidates_for_job_a7c5c7f8-dd68-4c17-bb29-8bd16a6b6e90_1768255796653.txt"
[2026-01-12T22:09:56.720Z] Busca completa. Total de 25 candidaturas carregadas para a vaga a9a62503-94f0-4e67-95ca-2d603fd9b78b.
[2026-01-12T22:09:56.721Z] DEBUG: Dados salvos com sucesso em "/Users/patricksiqueira/PEOPLE/api-people/debug_logs/candidates_for_job_a9a62503-94f0-4e67-95ca-2d603fd9b78b_1768255796720.txt"
[2026-01-12T22:09:56.842Z] Busca completa. Total de 43 candidaturas carregadas para a vaga a9156217-6f67-43f3-ae2b-fe5f39e016a7.
[2026-01-12T22:09:57.207Z] DEBUG: Dados salvos com sucesso em "/Users/patricksiqueira/PEOPLE/api-people/debug_logs/candidates_for_job_a9156217-6f67-43f3-ae2b-fe5f39e016a7_1768255796842.txt"
[2026-01-12T22:09:57.217Z] Busca completa. Total de 40 candidaturas carregadas para a vaga ab4b6ff3-3d05-44fb-9806-ed1ca35c4c1b.
[2026-01-12T22:09:57.223Z] DEBUG: Dados salvos com sucesso em "/Users/patricksiqueira/PEOPLE/api-people/debug_logs/candidates_for_job_ab4b6ff3-3d05-44fb-9806-ed1ca35c4c1b_1768255797217.txt"
[2026-01-12T22:09:57.224Z] PREFETCH WORKER: Lote de 5 vagas processado.
[2026-01-12T22:09:57.224Z] --- ORQUESTRADOR: Buscando candidaturas para a vaga abfb09de-9bf6-43d8-b3f7-584e865a7420 ---
[2026-01-12T22:09:57.224Z] CACHE MISS: Buscando candidaturas para a vaga abfb09de-9bf6-43d8-b3f7-584e865a7420 da API.
[2026-01-12T22:09:57.224Z] --- SERVIÇO: Buscando TODAS as candidaturas para a vaga abfb09de-9bf6-43d8-b3f7-584e865a7420 ---
[2026-01-12T22:09:57.224Z] --- ORQUESTRADOR: Buscando candidaturas para a vaga adcc8425-b7b1-41a5-b9a1-5f559f9fa844 ---
[2026-01-12T22:09:57.224Z] CACHE MISS: Buscando candidaturas para a vaga adcc8425-b7b1-41a5-b9a1-5f559f9fa844 da API.
[2026-01-12T22:09:57.224Z] --- SERVIÇO: Buscando TODAS as candidaturas para a vaga adcc8425-b7b1-41a5-b9a1-5f559f9fa844 ---
[2026-01-12T22:09:57.224Z] --- ORQUESTRADOR: Buscando candidaturas para a vaga ae3a7e47-9acf-4e5e-89dc-0933da79ee49 ---
[2026-01-12T22:09:57.224Z] CACHE MISS: Buscando candidaturas para a vaga ae3a7e47-9acf-4e5e-89dc-0933da79ee49 da API.
[2026-01-12T22:09:57.224Z] --- SERVIÇO: Buscando TODAS as candidaturas para a vaga ae3a7e47-9acf-4e5e-89dc-0933da79ee49 ---
[2026-01-12T22:09:57.224Z] --- ORQUESTRADOR: Buscando candidaturas para a vaga aec9178e-2772-4226-b71a-8f67748f368e ---
[2026-01-12T22:09:57.225Z] CACHE MISS: Buscando candidaturas para a vaga aec9178e-2772-4226-b71a-8f67748f368e da API.
[2026-01-12T22:09:57.225Z] --- SERVIÇO: Buscando TODAS as candidaturas para a vaga aec9178e-2772-4226-b71a-8f67748f368e ---
[2026-01-12T22:09:57.225Z] --- ORQUESTRADOR: Buscando candidaturas para a vaga af024203-9fd6-40fd-ac69-05662eb045ec ---
[2026-01-12T22:09:57.225Z] CACHE MISS: Buscando candidaturas para a vaga af024203-9fd6-40fd-ac69-05662eb045ec da API.
[2026-01-12T22:09:57.225Z] --- SERVIÇO: Buscando TODAS as candidaturas para a vaga af024203-9fd6-40fd-ac69-05662eb045ec ---
[2026-01-12T22:09:57.251Z] Buscando uma página de talentos (limite de 100).
[2026-01-12T22:09:57.744Z] Busca completa. Total de 86 candidaturas carregadas para a vaga abfb09de-9bf6-43d8-b3f7-584e865a7420.
[2026-01-12T22:09:58.386Z] DEBUG: Dados salvos com sucesso em "/Users/patricksiqueira/PEOPLE/api-people/debug_logs/candidates_for_job_abfb09de-9bf6-43d8-b3f7-584e865a7420_1768255797744.txt"
[2026-01-12T22:09:58.392Z] Busca completa. Total de 42 candidaturas carregadas para a vaga ae3a7e47-9acf-4e5e-89dc-0933da79ee49.
[2026-01-12T22:09:58.395Z] DEBUG: Dados salvos com sucesso em "/Users/patricksiqueira/PEOPLE/api-people/debug_logs/candidates_for_job_ae3a7e47-9acf-4e5e-89dc-0933da79ee49_1768255798392.txt"
[2026-01-12T22:09:58.397Z] Busca completa. Total de 87 candidaturas carregadas para a vaga af024203-9fd6-40fd-ac69-05662eb045ec.
[2026-01-12T22:09:58.466Z] DEBUG: Dados salvos com sucesso em "/Users/patricksiqueira/PEOPLE/api-people/debug_logs/candidates_for_job_af024203-9fd6-40fd-ac69-05662eb045ec_1768255798397.txt"
[2026-01-12T22:09:58.472Z] Busca completa. Total de 118 candidaturas carregadas para a vaga adcc8425-b7b1-41a5-b9a1-5f559f9fa844.
[2026-01-12T22:09:58.639Z] DEBUG: Dados salvos com sucesso em "/Users/patricksiqueira/PEOPLE/api-people/debug_logs/candidates_for_job_adcc8425-b7b1-41a5-b9a1-5f559f9fa844_1768255798472.txt"
[2026-01-12T22:09:58.641Z] Busca completa. Total de 15 candidaturas carregadas para a vaga aec9178e-2772-4226-b71a-8f67748f368e.
[2026-01-12T22:09:58.643Z] DEBUG: Dados salvos com sucesso em "/Users/patricksiqueira/PEOPLE/api-people/debug_logs/candidates_for_job_aec9178e-2772-4226-b71a-8f67748f368e_1768255798641.txt"
[2026-01-12T22:09:58.643Z] PREFETCH WORKER: Lote de 5 vagas processado.
[2026-01-12T22:09:58.643Z] --- ORQUESTRADOR: Buscando candidaturas para a vaga b0d6514a-d73d-49e6-905e-e2c16fb5dbe1 ---
[2026-01-12T22:09:58.643Z] CACHE MISS: Buscando candidaturas para a vaga b0d6514a-d73d-49e6-905e-e2c16fb5dbe1 da API.
[2026-01-12T22:09:58.643Z] --- SERVIÇO: Buscando TODAS as candidaturas para a vaga b0d6514a-d73d-49e6-905e-e2c16fb5dbe1 ---
[2026-01-12T22:09:58.643Z] --- ORQUESTRADOR: Buscando candidaturas para a vaga b18a8440-4514-405c-a31e-42c76e4de898 ---
[2026-01-12T22:09:58.643Z] CACHE MISS: Buscando candidaturas para a vaga b18a8440-4514-405c-a31e-42c76e4de898 da API.
[2026-01-12T22:09:58.643Z] --- SERVIÇO: Buscando TODAS as candidaturas para a vaga b18a8440-4514-405c-a31e-42c76e4de898 ---
[2026-01-12T22:09:58.643Z] --- ORQUESTRADOR: Buscando candidaturas para a vaga b335822e-5c67-4949-b87b-5d1ef1764d4a ---
[2026-01-12T22:09:58.643Z] CACHE MISS: Buscando candidaturas para a vaga b335822e-5c67-4949-b87b-5d1ef1764d4a da API.
[2026-01-12T22:09:58.643Z] --- SERVIÇO: Buscando TODAS as candidaturas para a vaga b335822e-5c67-4949-b87b-5d1ef1764d4a ---
[2026-01-12T22:09:58.644Z] --- ORQUESTRADOR: Buscando candidaturas para a vaga b34296e8-1def-4c29-b45a-8a081b925956 ---
[2026-01-12T22:09:58.644Z] CACHE MISS: Buscando candidaturas para a vaga b34296e8-1def-4c29-b45a-8a081b925956 da API.
[2026-01-12T22:09:58.644Z] --- SERVIÇO: Buscando TODAS as candidaturas para a vaga b34296e8-1def-4c29-b45a-8a081b925956 ---
[2026-01-12T22:09:58.644Z] --- ORQUESTRADOR: Buscando candidaturas para a vaga b381a667-0d32-47c5-92a3-1fd1e7fa5393 ---
[2026-01-12T22:09:58.644Z] CACHE MISS: Buscando candidaturas para a vaga b381a667-0d32-47c5-92a3-1fd1e7fa5393 da API.
[2026-01-12T22:09:58.644Z] --- SERVIÇO: Buscando TODAS as candidaturas para a vaga b381a667-0d32-47c5-92a3-1fd1e7fa5393 ---
[2026-01-12T22:09:58.716Z] Buscando uma página de talentos (limite de 100).
[2026-01-12T22:09:58.987Z] Busca completa. Total de 2 candidaturas carregadas para a vaga b18a8440-4514-405c-a31e-42c76e4de898.
[2026-01-12T22:09:59.129Z] DEBUG: Dados salvos com sucesso em "/Users/patricksiqueira/PEOPLE/api-people/debug_logs/candidates_for_job_b18a8440-4514-405c-a31e-42c76e4de898_1768255798987.txt"
[2026-01-12T22:09:59.555Z] Busca completa. Total de 72 candidaturas carregadas para a vaga b335822e-5c67-4949-b87b-5d1ef1764d4a.
[2026-01-12T22:09:59.559Z] DEBUG: Dados salvos com sucesso em "/Users/patricksiqueira/PEOPLE/api-people/debug_logs/candidates_for_job_b335822e-5c67-4949-b87b-5d1ef1764d4a_1768255799555.txt"
[2026-01-12T22:09:59.646Z] Busca completa. Total de 290 candidaturas carregadas para a vaga b0d6514a-d73d-49e6-905e-e2c16fb5dbe1.
[2026-01-12T22:09:59.655Z] DEBUG: Dados salvos com sucesso em "/Users/patricksiqueira/PEOPLE/api-people/debug_logs/candidates_for_job_b0d6514a-d73d-49e6-905e-e2c16fb5dbe1_1768255799646.txt"
[2026-01-12T22:09:59.693Z] Busca completa. Total de 146 candidaturas carregadas para a vaga b34296e8-1def-4c29-b45a-8a081b925956.
[2026-01-12T22:09:59.698Z] DEBUG: Dados salvos com sucesso em "/Users/patricksiqueira/PEOPLE/api-people/debug_logs/candidates_for_job_b34296e8-1def-4c29-b45a-8a081b925956_1768255799693.txt"
[2026-01-12T22:09:59.879Z] Busca completa. Total de 169 candidaturas carregadas para a vaga b381a667-0d32-47c5-92a3-1fd1e7fa5393.
[2026-01-12T22:09:59.882Z] DEBUG: Dados salvos com sucesso em "/Users/patricksiqueira/PEOPLE/api-people/debug_logs/candidates_for_job_b381a667-0d32-47c5-92a3-1fd1e7fa5393_1768255799879.txt"
[2026-01-12T22:09:59.882Z] PREFETCH WORKER: Lote de 5 vagas processado.
[2026-01-12T22:09:59.882Z] --- ORQUESTRADOR: Buscando candidaturas para a vaga b3a3e8cf-3cd1-4059-a656-9ffedb098d60 ---
[2026-01-12T22:09:59.882Z] CACHE MISS: Buscando candidaturas para a vaga b3a3e8cf-3cd1-4059-a656-9ffedb098d60 da API.
[2026-01-12T22:09:59.882Z] --- SERVIÇO: Buscando TODAS as candidaturas para a vaga b3a3e8cf-3cd1-4059-a656-9ffedb098d60 ---
[2026-01-12T22:09:59.882Z] --- ORQUESTRADOR: Buscando candidaturas para a vaga b508f8e4-6c60-434a-9d01-6a0e6239548d ---
[2026-01-12T22:09:59.882Z] CACHE MISS: Buscando candidaturas para a vaga b508f8e4-6c60-434a-9d01-6a0e6239548d da API.
[2026-01-12T22:09:59.882Z] --- SERVIÇO: Buscando TODAS as candidaturas para a vaga b508f8e4-6c60-434a-9d01-6a0e6239548d ---
[2026-01-12T22:09:59.882Z] --- ORQUESTRADOR: Buscando candidaturas para a vaga b63048e4-5224-4e3f-982a-dd4ec8c53c04 ---
[2026-01-12T22:09:59.882Z] CACHE MISS: Buscando candidaturas para a vaga b63048e4-5224-4e3f-982a-dd4ec8c53c04 da API.
[2026-01-12T22:10:00.121Z] --- SERVIÇO: Buscando TODAS as candidaturas para a vaga b63048e4-5224-4e3f-982a-dd4ec8c53c04 ---
[2026-01-12T22:10:00.122Z] --- ORQUESTRADOR: Buscando candidaturas para a vaga b683cad9-ea1c-4075-96f5-b58ee4fa332e ---
[2026-01-12T22:10:00.122Z] CACHE MISS: Buscando candidaturas para a vaga b683cad9-ea1c-4075-96f5-b58ee4fa332e da API.
[2026-01-12T22:10:00.122Z] --- SERVIÇO: Buscando TODAS as candidaturas para a vaga b683cad9-ea1c-4075-96f5-b58ee4fa332e ---
[2026-01-12T22:10:00.122Z] --- ORQUESTRADOR: Buscando candidaturas para a vaga b6b44e51-df22-4ae3-9d20-f3ec57dc8086 ---
[2026-01-12T22:10:00.122Z] CACHE MISS: Buscando candidaturas para a vaga b6b44e51-df22-4ae3-9d20-f3ec57dc8086 da API.
[2026-01-12T22:10:00.122Z] --- SERVIÇO: Buscando TODAS as candidaturas para a vaga b6b44e51-df22-4ae3-9d20-f3ec57dc8086 ---
[2026-01-12T22:10:00.134Z] Buscando uma página de talentos (limite de 100).
[2026-01-12T22:10:00.506Z] Busca completa. Total de 7 candidaturas carregadas para a vaga b3a3e8cf-3cd1-4059-a656-9ffedb098d60.
[2026-01-12T22:10:00.507Z] DEBUG: Dados salvos com sucesso em "/Users/patricksiqueira/PEOPLE/api-people/debug_logs/candidates_for_job_b3a3e8cf-3cd1-4059-a656-9ffedb098d60_1768255800506.txt"
[2026-01-12T22:10:00.577Z] Busca completa. Total de 72 candidaturas carregadas para a vaga b63048e4-5224-4e3f-982a-dd4ec8c53c04.
[2026-01-12T22:10:00.579Z] DEBUG: Dados salvos com sucesso em "/Users/patricksiqueira/PEOPLE/api-people/debug_logs/candidates_for_job_b63048e4-5224-4e3f-982a-dd4ec8c53c04_1768255800577.txt"
[2026-01-12T22:10:00.684Z] Busca completa. Total de 159 candidaturas carregadas para a vaga b6b44e51-df22-4ae3-9d20-f3ec57dc8086.
[2026-01-12T22:10:00.743Z] DEBUG: Dados salvos com sucesso em "/Users/patricksiqueira/PEOPLE/api-people/debug_logs/candidates_for_job_b6b44e51-df22-4ae3-9d20-f3ec57dc8086_1768255800684.txt"
[2026-01-12T22:10:00.746Z] Busca completa. Total de 115 candidaturas carregadas para a vaga b683cad9-ea1c-4075-96f5-b58ee4fa332e.
[2026-01-12T22:10:00.747Z] DEBUG: Dados salvos com sucesso em "/Users/patricksiqueira/PEOPLE/api-people/debug_logs/candidates_for_job_b683cad9-ea1c-4075-96f5-b58ee4fa332e_1768255800746.txt"
[2026-01-12T22:10:01.173Z] Busca completa. Total de 272 candidaturas carregadas para a vaga b508f8e4-6c60-434a-9d01-6a0e6239548d.
[2026-01-12T22:10:01.182Z] DEBUG: Dados salvos com sucesso em "/Users/patricksiqueira/PEOPLE/api-people/debug_logs/candidates_for_job_b508f8e4-6c60-434a-9d01-6a0e6239548d_1768255801173.txt"
[2026-01-12T22:10:01.182Z] PREFETCH WORKER: Lote de 5 vagas processado.
[2026-01-12T22:10:01.182Z] --- ORQUESTRADOR: Buscando candidaturas para a vaga b75c0e83-d035-49d8-a9c1-86dfb2c3c78e ---
[2026-01-12T22:10:01.182Z] CACHE MISS: Buscando candidaturas para a vaga b75c0e83-d035-49d8-a9c1-86dfb2c3c78e da API.
[2026-01-12T22:10:01.182Z] --- SERVIÇO: Buscando TODAS as candidaturas para a vaga b75c0e83-d035-49d8-a9c1-86dfb2c3c78e ---
[2026-01-12T22:10:01.182Z] --- ORQUESTRADOR: Buscando candidaturas para a vaga b7a9bf6d-4bb7-475b-acb1-d00b623d11cf ---
[2026-01-12T22:10:01.182Z] CACHE MISS: Buscando candidaturas para a vaga b7a9bf6d-4bb7-475b-acb1-d00b623d11cf da API.
[2026-01-12T22:10:01.182Z] --- SERVIÇO: Buscando TODAS as candidaturas para a vaga b7a9bf6d-4bb7-475b-acb1-d00b623d11cf ---
[2026-01-12T22:10:01.182Z] --- ORQUESTRADOR: Buscando candidaturas para a vaga b8e04f6a-8e2d-43c7-b25e-a54b807dc329 ---
[2026-01-12T22:10:01.182Z] CACHE MISS: Buscando candidaturas para a vaga b8e04f6a-8e2d-43c7-b25e-a54b807dc329 da API.
[2026-01-12T22:10:01.182Z] --- SERVIÇO: Buscando TODAS as candidaturas para a vaga b8e04f6a-8e2d-43c7-b25e-a54b807dc329 ---
[2026-01-12T22:10:01.182Z] --- ORQUESTRADOR: Buscando candidaturas para a vaga ba07cc99-ee2b-4b4c-9781-977690ee888d ---
[2026-01-12T22:10:01.182Z] CACHE MISS: Buscando candidaturas para a vaga ba07cc99-ee2b-4b4c-9781-977690ee888d da API.
[2026-01-12T22:10:01.182Z] --- SERVIÇO: Buscando TODAS as candidaturas para a vaga ba07cc99-ee2b-4b4c-9781-977690ee888d ---
[2026-01-12T22:10:01.182Z] --- ORQUESTRADOR: Buscando candidaturas para a vaga bb3160a4-1d6e-4c27-8a3e-10012501159b ---
[2026-01-12T22:10:01.182Z] CACHE MISS: Buscando candidaturas para a vaga bb3160a4-1d6e-4c27-8a3e-10012501159b da API.
[2026-01-12T22:10:01.182Z] --- SERVIÇO: Buscando TODAS as candidaturas para a vaga bb3160a4-1d6e-4c27-8a3e-10012501159b ---
[2026-01-12T22:10:01.216Z] Buscando uma página de talentos (limite de 100).
[2026-01-12T22:10:01.544Z] Busca completa. Total de 0 candidaturas carregadas para a vaga b8e04f6a-8e2d-43c7-b25e-a54b807dc329.
[2026-01-12T22:10:01.545Z] DEBUG: Dados salvos com sucesso em "/Users/patricksiqueira/PEOPLE/api-people/debug_logs/candidates_for_job_b8e04f6a-8e2d-43c7-b25e-a54b807dc329_1768255801544.txt"
[2026-01-12T22:10:01.705Z] Busca completa. Total de 69 candidaturas carregadas para a vaga b7a9bf6d-4bb7-475b-acb1-d00b623d11cf.
[2026-01-12T22:10:01.707Z] DEBUG: Dados salvos com sucesso em "/Users/patricksiqueira/PEOPLE/api-people/debug_logs/candidates_for_job_b7a9bf6d-4bb7-475b-acb1-d00b623d11cf_1768255801705.txt"
[2026-01-12T22:10:01.815Z] Busca completa. Total de 57 candidaturas carregadas para a vaga b75c0e83-d035-49d8-a9c1-86dfb2c3c78e.
[2026-01-12T22:10:01.826Z] DEBUG: Dados salvos com sucesso em "/Users/patricksiqueira/PEOPLE/api-people/debug_logs/candidates_for_job_b75c0e83-d035-49d8-a9c1-86dfb2c3c78e_1768255801815.txt"
[2026-01-12T22:10:01.920Z] Busca completa. Total de 19 candidaturas carregadas para a vaga bb3160a4-1d6e-4c27-8a3e-10012501159b.
[2026-01-12T22:10:01.921Z] DEBUG: Dados salvos com sucesso em "/Users/patricksiqueira/PEOPLE/api-people/debug_logs/candidates_for_job_bb3160a4-1d6e-4c27-8a3e-10012501159b_1768255801920.txt"
[2026-01-12T22:10:02.111Z] Busca completa. Total de 97 candidaturas carregadas para a vaga ba07cc99-ee2b-4b4c-9781-977690ee888d.
[2026-01-12T22:10:02.114Z] DEBUG: Dados salvos com sucesso em "/Users/patricksiqueira/PEOPLE/api-people/debug_logs/candidates_for_job_ba07cc99-ee2b-4b4c-9781-977690ee888d_1768255802111.txt"
[2026-01-12T22:10:02.114Z] PREFETCH WORKER: Lote de 5 vagas processado.
[2026-01-12T22:10:02.114Z] --- ORQUESTRADOR: Buscando candidaturas para a vaga bb5eec13-15ec-434b-946a-b1793a46914b ---
[2026-01-12T22:10:02.114Z] CACHE MISS: Buscando candidaturas para a vaga bb5eec13-15ec-434b-946a-b1793a46914b da API.
[2026-01-12T22:10:02.114Z] --- SERVIÇO: Buscando TODAS as candidaturas para a vaga bb5eec13-15ec-434b-946a-b1793a46914b ---
[2026-01-12T22:10:02.114Z] --- ORQUESTRADOR: Buscando candidaturas para a vaga bc97677e-f4ff-4bef-bfe6-941b3193c3b0 ---
[2026-01-12T22:10:02.114Z] CACHE MISS: Buscando candidaturas para a vaga bc97677e-f4ff-4bef-bfe6-941b3193c3b0 da API.
[2026-01-12T22:10:02.114Z] --- SERVIÇO: Buscando TODAS as candidaturas para a vaga bc97677e-f4ff-4bef-bfe6-941b3193c3b0 ---
[2026-01-12T22:10:02.114Z] --- ORQUESTRADOR: Buscando candidaturas para a vaga bd33935e-d096-4eb2-bc72-723b12423f0d ---
[2026-01-12T22:10:02.114Z] CACHE MISS: Buscando candidaturas para a vaga bd33935e-d096-4eb2-bc72-723b12423f0d da API.
[2026-01-12T22:10:02.114Z] --- SERVIÇO: Buscando TODAS as candidaturas para a vaga bd33935e-d096-4eb2-bc72-723b12423f0d ---
[2026-01-12T22:10:02.114Z] --- ORQUESTRADOR: Buscando candidaturas para a vaga be2692a9-1dca-486d-a802-5ce412dc7a8e ---
[2026-01-12T22:10:02.114Z] CACHE MISS: Buscando candidaturas para a vaga be2692a9-1dca-486d-a802-5ce412dc7a8e da API.
[2026-01-12T22:10:02.114Z] --- SERVIÇO: Buscando TODAS as candidaturas para a vaga be2692a9-1dca-486d-a802-5ce412dc7a8e ---
[2026-01-12T22:10:02.114Z] --- ORQUESTRADOR: Buscando candidaturas para a vaga be439c0f-69e6-4606-8c75-f0556b6fb72d ---
[2026-01-12T22:10:02.114Z] CACHE MISS: Buscando candidaturas para a vaga be439c0f-69e6-4606-8c75-f0556b6fb72d da API.
[2026-01-12T22:10:02.114Z] --- SERVIÇO: Buscando TODAS as candidaturas para a vaga be439c0f-69e6-4606-8c75-f0556b6fb72d ---
[2026-01-12T22:10:02.486Z] Busca completa. Total de 0 candidaturas carregadas para a vaga bd33935e-d096-4eb2-bc72-723b12423f0d.
[2026-01-12T22:10:02.492Z] DEBUG: Dados salvos com sucesso em "/Users/patricksiqueira/PEOPLE/api-people/debug_logs/candidates_for_job_bd33935e-d096-4eb2-bc72-723b12423f0d_1768255802486.txt"
[2026-01-12T22:10:02.585Z] Busca completa. Total de 71 candidaturas carregadas para a vaga bc97677e-f4ff-4bef-bfe6-941b3193c3b0.
[2026-01-12T22:10:02.587Z] DEBUG: Dados salvos com sucesso em "/Users/patricksiqueira/PEOPLE/api-people/debug_logs/candidates_for_job_bc97677e-f4ff-4bef-bfe6-941b3193c3b0_1768255802585.txt"
[2026-01-12T22:10:02.658Z] Buscando uma página de talentos (limite de 100).
[2026-01-12T22:10:02.994Z] Busca completa. Total de 90 candidaturas carregadas para a vaga bb5eec13-15ec-434b-946a-b1793a46914b.
[2026-01-12T22:10:02.999Z] DEBUG: Dados salvos com sucesso em "/Users/patricksiqueira/PEOPLE/api-people/debug_logs/candidates_for_job_bb5eec13-15ec-434b-946a-b1793a46914b_1768255802995.txt"
[2026-01-12T22:10:03.571Z] Busca completa. Total de 264 candidaturas carregadas para a vaga be2692a9-1dca-486d-a802-5ce412dc7a8e.
[2026-01-12T22:10:04.078Z] DEBUG: Dados salvos com sucesso em "/Users/patricksiqueira/PEOPLE/api-people/debug_logs/candidates_for_job_be2692a9-1dca-486d-a802-5ce412dc7a8e_1768255803571.txt"
[2026-01-12T22:10:04.089Z] Buscando uma página de talentos (limite de 100).
[2026-01-12T22:10:04.090Z] Busca completa. Total de 369 candidaturas carregadas para a vaga be439c0f-69e6-4606-8c75-f0556b6fb72d.
[2026-01-12T22:10:04.229Z] DEBUG: Dados salvos com sucesso em "/Users/patricksiqueira/PEOPLE/api-people/debug_logs/candidates_for_job_be439c0f-69e6-4606-8c75-f0556b6fb72d_1768255804090.txt"
[2026-01-12T22:10:04.230Z] PREFETCH WORKER: Lote de 5 vagas processado.
[2026-01-12T22:10:04.230Z] --- ORQUESTRADOR: Buscando candidaturas para a vaga be766298-eaaf-493f-9884-783856a1575f ---
[2026-01-12T22:10:04.230Z] CACHE MISS: Buscando candidaturas para a vaga be766298-eaaf-493f-9884-783856a1575f da API.
[2026-01-12T22:10:04.230Z] --- SERVIÇO: Buscando TODAS as candidaturas para a vaga be766298-eaaf-493f-9884-783856a1575f ---
[2026-01-12T22:10:04.230Z] --- ORQUESTRADOR: Buscando candidaturas para a vaga bee80d70-f0cb-4eab-9b60-da7e2375cff8 ---
[2026-01-12T22:10:04.230Z] CACHE MISS: Buscando candidaturas para a vaga bee80d70-f0cb-4eab-9b60-da7e2375cff8 da API.
[2026-01-12T22:10:04.230Z] --- SERVIÇO: Buscando TODAS as candidaturas para a vaga bee80d70-f0cb-4eab-9b60-da7e2375cff8 ---
[2026-01-12T22:10:04.230Z] --- ORQUESTRADOR: Buscando candidaturas para a vaga bfc0de30-6c0f-4d47-94fe-0a3b137d1032 ---
[2026-01-12T22:10:04.230Z] CACHE MISS: Buscando candidaturas para a vaga bfc0de30-6c0f-4d47-94fe-0a3b137d1032 da API.
[2026-01-12T22:10:04.230Z] --- SERVIÇO: Buscando TODAS as candidaturas para a vaga bfc0de30-6c0f-4d47-94fe-0a3b137d1032 ---
[2026-01-12T22:10:04.230Z] --- ORQUESTRADOR: Buscando candidaturas para a vaga c2565fd3-47a2-496c-9a5a-1778b3a40bf2 ---
[2026-01-12T22:10:04.230Z] CACHE MISS: Buscando candidaturas para a vaga c2565fd3-47a2-496c-9a5a-1778b3a40bf2 da API.
[2026-01-12T22:10:04.230Z] --- SERVIÇO: Buscando TODAS as candidaturas para a vaga c2565fd3-47a2-496c-9a5a-1778b3a40bf2 ---
[2026-01-12T22:10:04.230Z] --- ORQUESTRADOR: Buscando candidaturas para a vaga c4070a66-63c5-405c-b1e3-441b92bb43a4 ---
[2026-01-12T22:10:04.230Z] CACHE MISS: Buscando candidaturas para a vaga c4070a66-63c5-405c-b1e3-441b92bb43a4 da API.
[2026-01-12T22:10:04.230Z] --- SERVIÇO: Buscando TODAS as candidaturas para a vaga c4070a66-63c5-405c-b1e3-441b92bb43a4 ---
[2026-01-12T22:10:04.716Z] --- ORQUESTRADOR (SYNC): Busca completa. Total de 65889 talentos carregados.
[2026-01-12T22:10:04.885Z] Busca completa. Total de 89 candidaturas carregadas para a vaga bee80d70-f0cb-4eab-9b60-da7e2375cff8.
[2026-01-12T22:10:05.502Z] DEBUG: Dados salvos com sucesso em "/Users/patricksiqueira/PEOPLE/api-people/debug_logs/candidates_for_job_bee80d70-f0cb-4eab-9b60-da7e2375cff8_1768255804886.txt"
[2026-01-12T22:10:05.509Z] Busca completa. Total de 194 candidaturas carregadas para a vaga c2565fd3-47a2-496c-9a5a-1778b3a40bf2.
[2026-01-12T22:10:05.530Z] DEBUG: Dados salvos com sucesso em "/Users/patricksiqueira/PEOPLE/api-people/debug_logs/candidates_for_job_c2565fd3-47a2-496c-9a5a-1778b3a40bf2_1768255805509.txt"
[2026-01-12T22:10:05.541Z] Busca completa. Total de 63 candidaturas carregadas para a vaga be766298-eaaf-493f-9884-783856a1575f.
[2026-01-12T22:10:05.567Z] DEBUG: Dados salvos com sucesso em "/Users/patricksiqueira/PEOPLE/api-people/debug_logs/candidates_for_job_be766298-eaaf-493f-9884-783856a1575f_1768255805541.txt"
[2026-01-12T22:10:05.621Z] Busca completa. Total de 139 candidaturas carregadas para a vaga c4070a66-63c5-405c-b1e3-441b92bb43a4.
[2026-01-12T22:10:05.661Z] DEBUG: Dados salvos com sucesso em "/Users/patricksiqueira/PEOPLE/api-people/debug_logs/candidates_for_job_c4070a66-63c5-405c-b1e3-441b92bb43a4_1768255805621.txt"
[2026-01-12T22:10:05.665Z] Busca completa. Total de 162 candidaturas carregadas para a vaga bfc0de30-6c0f-4d47-94fe-0a3b137d1032.
[2026-01-12T22:10:05.690Z] DEBUG: Dados salvos com sucesso em "/Users/patricksiqueira/PEOPLE/api-people/debug_logs/candidates_for_job_bfc0de30-6c0f-4d47-94fe-0a3b137d1032_1768255805665.txt"
[2026-01-12T22:10:05.691Z] PREFETCH WORKER: Lote de 5 vagas processado.
[2026-01-12T22:10:05.691Z] --- ORQUESTRADOR: Buscando candidaturas para a vaga c47273b3-1435-4d56-9389-39c47f3aa6a3 ---
[2026-01-12T22:10:05.691Z] CACHE MISS: Buscando candidaturas para a vaga c47273b3-1435-4d56-9389-39c47f3aa6a3 da API.
[2026-01-12T22:10:05.691Z] --- SERVIÇO: Buscando TODAS as candidaturas para a vaga c47273b3-1435-4d56-9389-39c47f3aa6a3 ---
[2026-01-12T22:10:05.691Z] --- ORQUESTRADOR: Buscando candidaturas para a vaga c52b4b74-26c4-4dfb-ab95-96c2ffb9c866 ---
[2026-01-12T22:10:05.691Z] CACHE MISS: Buscando candidaturas para a vaga c52b4b74-26c4-4dfb-ab95-96c2ffb9c866 da API.
[2026-01-12T22:10:05.691Z] --- SERVIÇO: Buscando TODAS as candidaturas para a vaga c52b4b74-26c4-4dfb-ab95-96c2ffb9c866 ---
[2026-01-12T22:10:05.691Z] --- ORQUESTRADOR: Buscando candidaturas para a vaga c709ca23-54be-49f1-b4d5-eb02601ffd6d ---
[2026-01-12T22:10:05.691Z] CACHE MISS: Buscando candidaturas para a vaga c709ca23-54be-49f1-b4d5-eb02601ffd6d da API.
[2026-01-12T22:10:05.691Z] --- SERVIÇO: Buscando TODAS as candidaturas para a vaga c709ca23-54be-49f1-b4d5-eb02601ffd6d ---
[2026-01-12T22:10:05.691Z] --- ORQUESTRADOR: Buscando candidaturas para a vaga c9745ee1-aeea-4868-b13c-4a2b914e8e77 ---
[2026-01-12T22:10:05.691Z] CACHE MISS: Buscando candidaturas para a vaga c9745ee1-aeea-4868-b13c-4a2b914e8e77 da API.
[2026-01-12T22:10:05.691Z] --- SERVIÇO: Buscando TODAS as candidaturas para a vaga c9745ee1-aeea-4868-b13c-4a2b914e8e77 ---
[2026-01-12T22:10:05.691Z] --- ORQUESTRADOR: Buscando candidaturas para a vaga ccbf5f24-7ef8-43b5-8dbb-423b39b21d50 ---
[2026-01-12T22:10:05.691Z] CACHE MISS: Buscando candidaturas para a vaga ccbf5f24-7ef8-43b5-8dbb-423b39b21d50 da API.
[2026-01-12T22:10:05.691Z] --- SERVIÇO: Buscando TODAS as candidaturas para a vaga ccbf5f24-7ef8-43b5-8dbb-423b39b21d50 ---
[2026-01-12T22:10:06.181Z] Busca completa. Total de 66 candidaturas carregadas para a vaga c709ca23-54be-49f1-b4d5-eb02601ffd6d.
[2026-01-12T22:10:06.184Z] DEBUG: Dados salvos com sucesso em "/Users/patricksiqueira/PEOPLE/api-people/debug_logs/candidates_for_job_c709ca23-54be-49f1-b4d5-eb02601ffd6d_1768255806181.txt"
[2026-01-12T22:10:06.512Z] Busca completa. Total de 124 candidaturas carregadas para a vaga c47273b3-1435-4d56-9389-39c47f3aa6a3.
[2026-01-12T22:10:06.521Z] DEBUG: Dados salvos com sucesso em "/Users/patricksiqueira/PEOPLE/api-people/debug_logs/candidates_for_job_c47273b3-1435-4d56-9389-39c47f3aa6a3_1768255806512.txt"
[2026-01-12T22:10:06.583Z] Busca completa. Total de 57 candidaturas carregadas para a vaga ccbf5f24-7ef8-43b5-8dbb-423b39b21d50.
[2026-01-12T22:10:06.594Z] DEBUG: Dados salvos com sucesso em "/Users/patricksiqueira/PEOPLE/api-people/debug_logs/candidates_for_job_ccbf5f24-7ef8-43b5-8dbb-423b39b21d50_1768255806583.txt"
[2026-01-12T22:10:06.597Z] Busca completa. Total de 55 candidaturas carregadas para a vaga c52b4b74-26c4-4dfb-ab95-96c2ffb9c866.
[2026-01-12T22:10:06.607Z] DEBUG: Dados salvos com sucesso em "/Users/patricksiqueira/PEOPLE/api-people/debug_logs/candidates_for_job_c52b4b74-26c4-4dfb-ab95-96c2ffb9c866_1768255806597.txt"
[2026-01-12T22:10:06.630Z] Busca completa. Total de 130 candidaturas carregadas para a vaga c9745ee1-aeea-4868-b13c-4a2b914e8e77.
[2026-01-12T22:10:06.637Z] DEBUG: Dados salvos com sucesso em "/Users/patricksiqueira/PEOPLE/api-people/debug_logs/candidates_for_job_c9745ee1-aeea-4868-b13c-4a2b914e8e77_1768255806630.txt"
[2026-01-12T22:10:06.637Z] PREFETCH WORKER: Lote de 5 vagas processado.
[2026-01-12T22:10:06.638Z] --- ORQUESTRADOR: Buscando candidaturas para a vaga cdea6c2f-2269-43cc-84ea-fe0e25b5e54d ---
[2026-01-12T22:10:06.638Z] CACHE MISS: Buscando candidaturas para a vaga cdea6c2f-2269-43cc-84ea-fe0e25b5e54d da API.
[2026-01-12T22:10:06.638Z] --- SERVIÇO: Buscando TODAS as candidaturas para a vaga cdea6c2f-2269-43cc-84ea-fe0e25b5e54d ---
[2026-01-12T22:10:06.638Z] --- ORQUESTRADOR: Buscando candidaturas para a vaga cf5e8f77-4527-4432-a281-86e21c186077 ---
[2026-01-12T22:10:06.638Z] CACHE MISS: Buscando candidaturas para a vaga cf5e8f77-4527-4432-a281-86e21c186077 da API.
[2026-01-12T22:10:06.638Z] --- SERVIÇO: Buscando TODAS as candidaturas para a vaga cf5e8f77-4527-4432-a281-86e21c186077 ---
[2026-01-12T22:10:06.638Z] --- ORQUESTRADOR: Buscando candidaturas para a vaga cf62ef85-5b6a-4b33-96e2-e3300f8a768a ---
[2026-01-12T22:10:06.638Z] CACHE MISS: Buscando candidaturas para a vaga cf62ef85-5b6a-4b33-96e2-e3300f8a768a da API.
[2026-01-12T22:10:06.638Z] --- SERVIÇO: Buscando TODAS as candidaturas para a vaga cf62ef85-5b6a-4b33-96e2-e3300f8a768a ---
[2026-01-12T22:10:06.638Z] --- ORQUESTRADOR: Buscando candidaturas para a vaga cfa194c4-bf08-4a1a-a264-c41470216bd9 ---
[2026-01-12T22:10:06.638Z] CACHE MISS: Buscando candidaturas para a vaga cfa194c4-bf08-4a1a-a264-c41470216bd9 da API.
[2026-01-12T22:10:06.638Z] --- SERVIÇO: Buscando TODAS as candidaturas para a vaga cfa194c4-bf08-4a1a-a264-c41470216bd9 ---
[2026-01-12T22:10:06.638Z] --- ORQUESTRADOR: Buscando candidaturas para a vaga d0b95540-7927-49ed-8d5b-844e4fa6453c ---
[2026-01-12T22:10:06.638Z] CACHE MISS: Buscando candidaturas para a vaga d0b95540-7927-49ed-8d5b-844e4fa6453c da API.
[2026-01-12T22:10:06.638Z] --- SERVIÇO: Buscando TODAS as candidaturas para a vaga d0b95540-7927-49ed-8d5b-844e4fa6453c ---
[2026-01-12T22:10:07.001Z] Busca completa. Total de 1 candidaturas carregadas para a vaga cfa194c4-bf08-4a1a-a264-c41470216bd9.
[2026-01-12T22:10:07.002Z] DEBUG: Dados salvos com sucesso em "/Users/patricksiqueira/PEOPLE/api-people/debug_logs/candidates_for_job_cfa194c4-bf08-4a1a-a264-c41470216bd9_1768255807002.txt"
[2026-01-12T22:10:07.166Z] Busca completa. Total de 86 candidaturas carregadas para a vaga cf5e8f77-4527-4432-a281-86e21c186077.
[2026-01-12T22:10:07.172Z] DEBUG: Dados salvos com sucesso em "/Users/patricksiqueira/PEOPLE/api-people/debug_logs/candidates_for_job_cf5e8f77-4527-4432-a281-86e21c186077_1768255807166.txt"
[2026-01-12T22:10:07.452Z] Busca completa. Total de 12 candidaturas carregadas para a vaga cdea6c2f-2269-43cc-84ea-fe0e25b5e54d.
[2026-01-12T22:10:07.455Z] DEBUG: Dados salvos com sucesso em "/Users/patricksiqueira/PEOPLE/api-people/debug_logs/candidates_for_job_cdea6c2f-2269-43cc-84ea-fe0e25b5e54d_1768255807453.txt"
[2026-01-12T22:10:07.758Z] Busca completa. Total de 219 candidaturas carregadas para a vaga cf62ef85-5b6a-4b33-96e2-e3300f8a768a.
[2026-01-12T22:10:07.762Z] DEBUG: Dados salvos com sucesso em "/Users/patricksiqueira/PEOPLE/api-people/debug_logs/candidates_for_job_cf62ef85-5b6a-4b33-96e2-e3300f8a768a_1768255807758.txt"
[2026-01-12T22:10:07.783Z] Busca completa. Total de 210 candidaturas carregadas para a vaga d0b95540-7927-49ed-8d5b-844e4fa6453c.
[2026-01-12T22:10:07.790Z] DEBUG: Dados salvos com sucesso em "/Users/patricksiqueira/PEOPLE/api-people/debug_logs/candidates_for_job_d0b95540-7927-49ed-8d5b-844e4fa6453c_1768255807783.txt"
[2026-01-12T22:10:07.791Z] PREFETCH WORKER: Lote de 5 vagas processado.
[2026-01-12T22:10:07.791Z] --- ORQUESTRADOR: Buscando candidaturas para a vaga d0c27dd1-ba64-4b09-b9cf-a4c406314e63 ---
[2026-01-12T22:10:07.791Z] CACHE MISS: Buscando candidaturas para a vaga d0c27dd1-ba64-4b09-b9cf-a4c406314e63 da API.
[2026-01-12T22:10:07.791Z] --- SERVIÇO: Buscando TODAS as candidaturas para a vaga d0c27dd1-ba64-4b09-b9cf-a4c406314e63 ---
[2026-01-12T22:10:07.791Z] --- ORQUESTRADOR: Buscando candidaturas para a vaga d166490e-2a11-4c8c-ba4e-d8a8d5a81358 ---
[2026-01-12T22:10:07.791Z] CACHE MISS: Buscando candidaturas para a vaga d166490e-2a11-4c8c-ba4e-d8a8d5a81358 da API.
[2026-01-12T22:10:07.791Z] --- SERVIÇO: Buscando TODAS as candidaturas para a vaga d166490e-2a11-4c8c-ba4e-d8a8d5a81358 ---
[2026-01-12T22:10:07.792Z] --- ORQUESTRADOR: Buscando candidaturas para a vaga d3fc787b-2632-484e-979b-ed27ad981770 ---
[2026-01-12T22:10:07.792Z] CACHE MISS: Buscando candidaturas para a vaga d3fc787b-2632-484e-979b-ed27ad981770 da API.
[2026-01-12T22:10:07.792Z] --- SERVIÇO: Buscando TODAS as candidaturas para a vaga d3fc787b-2632-484e-979b-ed27ad981770 ---
[2026-01-12T22:10:07.798Z] --- ORQUESTRADOR: Buscando candidaturas para a vaga d6b89b2c-20c2-41bf-bd91-d126bbbb0f5c ---
[2026-01-12T22:10:07.798Z] CACHE MISS: Buscando candidaturas para a vaga d6b89b2c-20c2-41bf-bd91-d126bbbb0f5c da API.
[2026-01-12T22:10:07.798Z] --- SERVIÇO: Buscando TODAS as candidaturas para a vaga d6b89b2c-20c2-41bf-bd91-d126bbbb0f5c ---
[2026-01-12T22:10:07.798Z] --- ORQUESTRADOR: Buscando candidaturas para a vaga d773d309-13af-4a7c-a56c-c74ea2767f84 ---
[2026-01-12T22:10:07.798Z] CACHE MISS: Buscando candidaturas para a vaga d773d309-13af-4a7c-a56c-c74ea2767f84 da API.
[2026-01-12T22:10:07.798Z] --- SERVIÇO: Buscando TODAS as candidaturas para a vaga d773d309-13af-4a7c-a56c-c74ea2767f84 ---
[2026-01-12T22:10:08.526Z] Busca completa. Total de 21 candidaturas carregadas para a vaga d3fc787b-2632-484e-979b-ed27ad981770.
[2026-01-12T22:10:08.554Z] DEBUG: Dados salvos com sucesso em "/Users/patricksiqueira/PEOPLE/api-people/debug_logs/candidates_for_job_d3fc787b-2632-484e-979b-ed27ad981770_1768255808526.txt"
[2026-01-12T22:10:08.810Z] Busca completa. Total de 118 candidaturas carregadas para a vaga d0c27dd1-ba64-4b09-b9cf-a4c406314e63.
[2026-01-12T22:10:08.826Z] DEBUG: Dados salvos com sucesso em "/Users/patricksiqueira/PEOPLE/api-people/debug_logs/candidates_for_job_d0c27dd1-ba64-4b09-b9cf-a4c406314e63_1768255808811.txt"
[2026-01-12T22:10:09.030Z] Busca completa. Total de 242 candidaturas carregadas para a vaga d6b89b2c-20c2-41bf-bd91-d126bbbb0f5c.
[2026-01-12T22:10:09.045Z] DEBUG: Dados salvos com sucesso em "/Users/patricksiqueira/PEOPLE/api-people/debug_logs/candidates_for_job_d6b89b2c-20c2-41bf-bd91-d126bbbb0f5c_1768255809030.txt"
[2026-01-12T22:10:10.017Z] Busca completa. Total de 433 candidaturas carregadas para a vaga d166490e-2a11-4c8c-ba4e-d8a8d5a81358.
[2026-01-12T22:10:10.040Z] DEBUG: Dados salvos com sucesso em "/Users/patricksiqueira/PEOPLE/api-people/debug_logs/candidates_for_job_d166490e-2a11-4c8c-ba4e-d8a8d5a81358_1768255810017.txt"
[2026-01-12T22:10:32.550Z] --- ORQUESTRADOR (SYNC): Buscando e enriquecendo todas as vagas ---
[2026-01-12T22:10:32.550Z] --- SERVIÇO: Buscando TODAS as vagas com paginação interna ---
[2026-01-12T22:10:33.868Z] --- ORQUESTRADOR (SYNC): Buscando TODOS os talentos com paginação interna ---
[2026-01-12T22:10:33.868Z] Buscando uma página de talentos (limite de 100).
[2026-01-12T22:10:35.145Z] Buscando uma página de talentos (limite de 100).
[2026-01-12T22:10:35.191Z] Página de vagas recebida. Chave para a próxima página encontrada. Total atual: 100
[2026-01-12T22:10:35.989Z] Página de vagas recebida. Chave para a próxima página encontrada. Total atual: 200
[2026-01-12T22:10:36.444Z] Buscando uma página de talentos (limite de 100).
[2026-01-12T22:10:36.563Z] Busca completa. Total final de 206 vagas carregadas da API.
[2026-01-12T22:10:36.579Z] DEBUG: Dados salvos com sucesso em "/Users/patricksiqueira/PEOPLE/api-people/debug_logs/all_jobs_raw_1768255836563.txt"
[2026-01-12T22:10:36.581Z] --- SERVIÇO: Buscando tags para a vaga 010b9be5-e7a6-4bef-bf00-07b6b4a2e787 ---
[2026-01-12T22:10:36.581Z] --- SERVIÇO: Buscando tags para a vaga 01eb8c12-9d27-4d24-8924-e00e3312a549 ---
[2026-01-12T22:10:36.582Z] --- SERVIÇO: Buscando tags para a vaga 02036b7c-7e4e-4da4-94c4-4e0411046210 ---
[2026-01-12T22:10:36.582Z] --- SERVIÇO: Buscando tags para a vaga 038f7c8c-0ad0-4489-9019-f1f320c10a94 ---
[2026-01-12T22:10:36.582Z] --- SERVIÇO: Buscando tags para a vaga 0713cef6-067b-46dd-90f6-9d6d1e70efb2 ---
[2026-01-12T22:10:36.583Z] --- SERVIÇO: Buscando tags para a vaga 087fa08a-3f9b-4f89-8abd-ed0a8ffb32aa ---
[2026-01-12T22:10:36.583Z] --- SERVIÇO: Buscando tags para a vaga 09c2edda-64b4-41e1-8580-73c6b2e03d64 ---
[2026-01-12T22:10:36.583Z] --- SERVIÇO: Buscando tags para a vaga 0b2a0725-363b-4a25-a95f-658f93451a17 ---
[2026-01-12T22:10:36.583Z] --- SERVIÇO: Buscando tags para a vaga 0e3ad5ba-5f6b-48a9-91b0-d02402d2039e ---
[2026-01-12T22:10:36.583Z] --- SERVIÇO: Buscando tags para a vaga 0f57a077-a7ad-4665-8d59-76ab585fd594 ---
[2026-01-12T22:10:36.583Z] --- SERVIÇO: Buscando tags para a vaga 103725bc-95a8-4a2a-a7dd-a07dd432f599 ---
[2026-01-12T22:10:36.583Z] --- SERVIÇO: Buscando tags para a vaga 1061f8b2-c706-473d-b7f9-d1f129c50797 ---
[2026-01-12T22:10:36.583Z] --- SERVIÇO: Buscando tags para a vaga 110cafa9-71a1-43b3-b3d3-02315a6cab75 ---
[2026-01-12T22:10:36.584Z] --- SERVIÇO: Buscando tags para a vaga 1199197f-ad3f-49fb-b59d-e8993669d8bf ---
[2026-01-12T22:10:36.584Z] --- SERVIÇO: Buscando tags para a vaga 12d01928-a53b-416a-a122-2a7779ba2d34 ---
[2026-01-12T22:10:36.584Z] --- SERVIÇO: Buscando tags para a vaga 12d66e5d-8f00-4e59-aefa-261fadae8747 ---
[2026-01-12T22:10:36.584Z] --- SERVIÇO: Buscando tags para a vaga 12df898d-45bf-487a-bb44-f0d6b52abb93 ---
[2026-01-12T22:10:36.584Z] --- SERVIÇO: Buscando tags para a vaga 1432c3df-44a3-45da-a7a7-8b8cfcb8a2a8 ---
[2026-01-12T22:10:36.584Z] --- SERVIÇO: Buscando tags para a vaga 198081f8-53cc-455a-834a-6467f07ce5a4 ---
[2026-01-12T22:10:36.584Z] --- SERVIÇO: Buscando tags para a vaga 19a031ab-f6f1-4bac-9b3f-49453b88e747 ---
[2026-01-12T22:10:36.584Z] --- SERVIÇO: Buscando tags para a vaga 1b25ccbf-ce03-4599-ab6b-c6574f8b51a9 ---
[2026-01-12T22:10:36.584Z] --- SERVIÇO: Buscando tags para a vaga 1dabe24a-55f3-4143-baa3-beb26a5ea825 ---
[2026-01-12T22:10:36.584Z] --- SERVIÇO: Buscando tags para a vaga 21370dcd-11c3-4d02-b8c2-795c1f7302ca ---
[2026-01-12T22:10:36.584Z] --- SERVIÇO: Buscando tags para a vaga 216e0e8d-2373-4449-bf8e-3e304555a918 ---
[2026-01-12T22:10:36.584Z] --- SERVIÇO: Buscando tags para a vaga 21cb7be5-7c24-4c31-9b68-e01c598f0b29 ---
[2026-01-12T22:10:36.584Z] --- SERVIÇO: Buscando tags para a vaga 22abe01d-7c71-47fb-9631-c1e7af0adda9 ---
[2026-01-12T22:10:36.584Z] --- SERVIÇO: Buscando tags para a vaga 24df6510-fc44-48e7-b72b-b0722c51ada9 ---
[2026-01-12T22:10:36.584Z] --- SERVIÇO: Buscando tags para a vaga 27057a67-dc99-4561-8fbb-2c01d0f95664 ---
[2026-01-12T22:10:36.585Z] --- SERVIÇO: Buscando tags para a vaga 28890951-c5c2-4172-8ffc-00b2c087f26d ---
[2026-01-12T22:10:36.585Z] --- SERVIÇO: Buscando tags para a vaga 28ada291-0f0a-4f88-8c21-d4399fccf2ea ---
[2026-01-12T22:10:36.585Z] --- SERVIÇO: Buscando tags para a vaga 28b18b11-ffd6-4a4c-8792-52625979eec6 ---
[2026-01-12T22:10:36.585Z] --- SERVIÇO: Buscando tags para a vaga 2a247d8e-5f71-4516-a2f2-7768e4d2ac13 ---
[2026-01-12T22:10:36.585Z] --- SERVIÇO: Buscando tags para a vaga 2b8c1009-6f71-4a00-82ad-d0ae4121933a ---
[2026-01-12T22:10:36.585Z] --- SERVIÇO: Buscando tags para a vaga 2bc2c17d-a2e9-4eba-bc37-1b2788c55ce9 ---
[2026-01-12T22:10:36.585Z] --- SERVIÇO: Buscando tags para a vaga 2bf8cf21-f6a4-4dea-b08f-68534e123b75 ---
[2026-01-12T22:10:36.585Z] --- SERVIÇO: Buscando tags para a vaga 2cb4f868-f797-42b7-ad10-a111bce78c81 ---
[2026-01-12T22:10:36.585Z] --- SERVIÇO: Buscando tags para a vaga 2cbcf9fb-be48-4840-9d1f-ea87787203e3 ---
[2026-01-12T22:10:36.585Z] --- SERVIÇO: Buscando tags para a vaga 2ce5c7e0-29cc-4b13-9f84-757887c847a7 ---
[2026-01-12T22:10:36.585Z] --- SERVIÇO: Buscando tags para a vaga 2db744bb-f359-4eb6-a319-3059ec161be5 ---
[2026-01-12T22:10:36.585Z] --- SERVIÇO: Buscando tags para a vaga 2e27e07c-a46f-4b47-b06c-6ad09de1541a ---
[2026-01-12T22:10:36.586Z] --- SERVIÇO: Buscando tags para a vaga 2e9b2e51-a864-4fb6-8501-42707c3a53ef ---
[2026-01-12T22:10:36.586Z] --- SERVIÇO: Buscando tags para a vaga 3150379a-7df2-465d-9347-a52d292e6d05 ---
[2026-01-12T22:10:36.586Z] --- SERVIÇO: Buscando tags para a vaga 3266ee48-79cb-4d45-9d3a-bcb0ef086569 ---
[2026-01-12T22:10:36.586Z] --- SERVIÇO: Buscando tags para a vaga 3306e92c-dc9e-47a0-8b24-438b310ce51a ---
[2026-01-12T22:10:36.586Z] --- SERVIÇO: Buscando tags para a vaga 3518b656-ce33-467a-be1f-2517cc8b0983 ---
[2026-01-12T22:10:36.586Z] --- SERVIÇO: Buscando tags para a vaga 35e7cc64-988c-4038-bf14-557a52ce72c8 ---
[2026-01-12T22:10:36.586Z] --- SERVIÇO: Buscando tags para a vaga 35f4346a-f575-47da-b210-e72b7c82bd68 ---
[2026-01-12T22:10:36.586Z] --- SERVIÇO: Buscando tags para a vaga 36246616-3b33-40e7-a13b-07461647a1af ---
[2026-01-12T22:10:36.586Z] --- SERVIÇO: Buscando tags para a vaga 3672c6af-0306-4df1-bbdd-f87442e4867b ---
[2026-01-12T22:10:36.586Z] --- SERVIÇO: Buscando tags para a vaga 37d72799-de1c-49b7-b594-32dcf3f56165 ---
[2026-01-12T22:10:36.586Z] --- SERVIÇO: Buscando tags para a vaga 3ad21787-de34-4af8-84f9-a48fc651e6e0 ---
[2026-01-12T22:10:36.586Z] --- SERVIÇO: Buscando tags para a vaga 3e00d7c2-a10a-4c16-aa01-115737031119 ---
[2026-01-12T22:10:36.586Z] --- SERVIÇO: Buscando tags para a vaga 3fa0ce0c-c82f-4606-a18f-8637a9d028ad ---
[2026-01-12T22:10:36.586Z] --- SERVIÇO: Buscando tags para a vaga 42b083cd-35ca-40cc-8886-2efff457eef7 ---
[2026-01-12T22:10:36.587Z] --- SERVIÇO: Buscando tags para a vaga 4531a001-3bd3-450c-965b-70c1da3a161e ---
[2026-01-12T22:10:36.587Z] --- SERVIÇO: Buscando tags para a vaga 466f3abd-50bd-49da-95b3-63c011d69385 ---
[2026-01-12T22:10:36.587Z] --- SERVIÇO: Buscando tags para a vaga 48419cea-f5d0-48a9-9e2f-32d275868d2a ---
[2026-01-12T22:10:36.587Z] --- SERVIÇO: Buscando tags para a vaga 48c7d8ca-bc43-4991-b901-4004b1d9ad68 ---
[2026-01-12T22:10:36.587Z] --- SERVIÇO: Buscando tags para a vaga 4a517f4c-baf4-45dc-86ab-606f9b799d17 ---
[2026-01-12T22:10:36.587Z] --- SERVIÇO: Buscando tags para a vaga 4b86e7b6-b76f-4f4b-b0ab-7c3a6873213b ---
[2026-01-12T22:10:36.587Z] --- SERVIÇO: Buscando tags para a vaga 4e052659-0bcb-44df-a8bb-94dd0a51a6fb ---
[2026-01-12T22:10:36.587Z] --- SERVIÇO: Buscando tags para a vaga 4ea77680-2259-477c-944c-3f7792aaf843 ---
[2026-01-12T22:10:36.591Z] --- SERVIÇO: Buscando tags para a vaga 4edb97eb-0611-4546-b901-731b92afab0c ---
[2026-01-12T22:10:36.591Z] --- SERVIÇO: Buscando tags para a vaga 4fffcb5c-962b-4f22-9703-7590e791be48 ---
[2026-01-12T22:10:36.591Z] --- SERVIÇO: Buscando tags para a vaga 50225e4a-e656-4671-9f30-39500578ece1 ---
[2026-01-12T22:10:36.592Z] --- SERVIÇO: Buscando tags para a vaga 53cefb70-7450-470b-a873-5ba48d95da84 ---
[2026-01-12T22:10:36.592Z] --- SERVIÇO: Buscando tags para a vaga 5505856a-c9c2-4b49-89eb-cf446e0c0629 ---
[2026-01-12T22:10:36.592Z] --- SERVIÇO: Buscando tags para a vaga 587d8ef0-bd3c-47ea-8ce6-e650cf6c527a ---
[2026-01-12T22:10:36.592Z] --- SERVIÇO: Buscando tags para a vaga 58951772-68fb-4324-8266-a47fe2be8e9d ---
[2026-01-12T22:10:36.592Z] --- SERVIÇO: Buscando tags para a vaga 5a8e7dd3-99a8-40ad-b441-ee06f58f7588 ---
[2026-01-12T22:10:36.592Z] --- SERVIÇO: Buscando tags para a vaga 5e78e517-13fd-47c7-83c7-6a33e14c4b63 ---
[2026-01-12T22:10:36.592Z] --- SERVIÇO: Buscando tags para a vaga 5fbebe8b-c092-4778-902e-8d193305f8f0 ---
[2026-01-12T22:10:36.592Z] --- SERVIÇO: Buscando tags para a vaga 604cbaca-96af-420d-98c3-55cee4995a1b ---
[2026-01-12T22:10:36.592Z] --- SERVIÇO: Buscando tags para a vaga 6075f3be-d885-4c32-9087-41d6eb798c93 ---
[2026-01-12T22:10:36.592Z] --- SERVIÇO: Buscando tags para a vaga 62583a4f-b749-414e-b544-9a307c40ac8c ---
[2026-01-12T22:10:36.609Z] --- SERVIÇO: Buscando tags para a vaga 62fb5e76-f6c2-4ec1-bfea-a4ff8557634c ---
[2026-01-12T22:10:36.609Z] --- SERVIÇO: Buscando tags para a vaga 666bd257-db76-400a-8100-1bfa9e356068 ---
[2026-01-12T22:10:36.610Z] --- SERVIÇO: Buscando tags para a vaga 66e073f2-37ce-4b27-9a6b-fdc5113fde6b ---
[2026-01-12T22:10:36.610Z] --- SERVIÇO: Buscando tags para a vaga 68cb2d53-21ec-45f3-a7e9-b5cb928ef79b ---
[2026-01-12T22:10:36.610Z] --- SERVIÇO: Buscando tags para a vaga 69b50fd3-4a4b-4081-8a4e-c6590504b7eb ---
[2026-01-12T22:10:36.610Z] --- SERVIÇO: Buscando tags para a vaga 69f0dfde-3439-4335-b3bc-cf0c41f613d9 ---
[2026-01-12T22:10:36.610Z] --- SERVIÇO: Buscando tags para a vaga 6b78bfff-00b0-4f45-b192-16c24d7c9d5f ---
[2026-01-12T22:10:36.610Z] --- SERVIÇO: Buscando tags para a vaga 6bff9d21-f95c-4928-b421-b2e79f39b85b ---
[2026-01-12T22:10:36.610Z] --- SERVIÇO: Buscando tags para a vaga 6c1511a0-6cd1-4028-be3c-3d033cd3ff41 ---
[2026-01-12T22:10:36.610Z] --- SERVIÇO: Buscando tags para a vaga 6ee0e457-5d3f-40e8-bd14-f8ab4d6f9c81 ---
[2026-01-12T22:10:36.610Z] --- SERVIÇO: Buscando tags para a vaga 6fe6f7f9-da78-4b27-88c7-b8adbadc5ae2 ---
[2026-01-12T22:10:36.610Z] --- SERVIÇO: Buscando tags para a vaga 71f23562-3ec7-49eb-bdf7-c839f0892745 ---
[2026-01-12T22:10:36.610Z] --- SERVIÇO: Buscando tags para a vaga 73636ab7-4474-4575-ac9b-ee08f032918a ---
[2026-01-12T22:10:36.610Z] --- SERVIÇO: Buscando tags para a vaga 7371002c-a20c-4885-8755-793f66ba1deb ---
[2026-01-12T22:10:36.610Z] --- SERVIÇO: Buscando tags para a vaga 73b65c4b-9848-43c1-b286-04dfdfe4a70f ---
[2026-01-12T22:10:36.610Z] --- SERVIÇO: Buscando tags para a vaga 7637003e-55c4-492b-9d40-eed2545b3a12 ---
[2026-01-12T22:10:36.610Z] --- SERVIÇO: Buscando tags para a vaga 764f8bad-1f99-408a-a845-79bb3bd79699 ---
[2026-01-12T22:10:36.611Z] --- SERVIÇO: Buscando tags para a vaga 76c93207-d2ca-4fb3-abad-94e7c36b3604 ---
[2026-01-12T22:10:36.611Z] --- SERVIÇO: Buscando tags para a vaga 76ee6b00-1bca-4ced-9f05-946753815c3c ---
[2026-01-12T22:10:36.611Z] --- SERVIÇO: Buscando tags para a vaga 781a8a0d-1cee-45b0-b25f-ff91e04f8eb3 ---
[2026-01-12T22:10:36.611Z] --- SERVIÇO: Buscando tags para a vaga 792a095b-b3ef-4eba-a6a2-a0a66d9a6129 ---
[2026-01-12T22:10:36.611Z] --- SERVIÇO: Buscando tags para a vaga 7945b7ff-3afc-4399-a52e-7ad3bb23e3f9 ---
[2026-01-12T22:10:36.611Z] --- SERVIÇO: Buscando tags para a vaga 812a8718-2cb7-4bad-bd68-e371bef16922 ---
[2026-01-12T22:10:36.611Z] --- SERVIÇO: Buscando tags para a vaga 84b11a17-31af-463e-9fb8-fc5f2463030d ---
[2026-01-12T22:10:36.611Z] --- SERVIÇO: Buscando tags para a vaga 8555a61a-3392-42fb-9072-d7805680ad92 ---
[2026-01-12T22:10:36.611Z] --- SERVIÇO: Buscando tags para a vaga 8629e6be-e251-453f-9493-e841351db50e ---
[2026-01-12T22:10:36.611Z] --- SERVIÇO: Buscando tags para a vaga 871d5a51-df59-437a-b78f-2ab4633292bf ---
[2026-01-12T22:10:36.611Z] --- SERVIÇO: Buscando tags para a vaga 882c0a08-d993-4cac-ad0a-5f38ea3e65e9 ---
[2026-01-12T22:10:36.611Z] --- SERVIÇO: Buscando tags para a vaga 8bff2734-de96-4dbd-a3da-371e00880a02 ---
[2026-01-12T22:10:36.611Z] --- SERVIÇO: Buscando tags para a vaga 8c1a6724-f397-4a03-95a7-d39e9c80cb30 ---
[2026-01-12T22:10:36.611Z] --- SERVIÇO: Buscando tags para a vaga 8c950fd0-b46f-4d85-bd5a-648e012c2937 ---
[2026-01-12T22:10:36.611Z] --- SERVIÇO: Buscando tags para a vaga 8d3a6d73-419d-4c5c-a385-ae20a61dc4a1 ---
[2026-01-12T22:10:36.612Z] --- SERVIÇO: Buscando tags para a vaga 983684cd-3191-4aa4-8a0f-d7d35c1f1469 ---
[2026-01-12T22:10:36.612Z] --- SERVIÇO: Buscando tags para a vaga 997894d1-5d61-4742-bb6c-8a9f9584dea0 ---
[2026-01-12T22:10:36.612Z] --- SERVIÇO: Buscando tags para a vaga 9acd00b2-fff2-46c4-b781-b6cc623d7266 ---
[2026-01-12T22:10:36.612Z] --- SERVIÇO: Buscando tags para a vaga 9cd89a17-1d89-4463-b05d-94b74024a965 ---
[2026-01-12T22:10:36.612Z] --- SERVIÇO: Buscando tags para a vaga 9e5ae1d3-7900-4046-9c97-91c1429fa348 ---
[2026-01-12T22:10:36.613Z] --- SERVIÇO: Buscando tags para a vaga 9eb409d5-61ce-456a-96df-880c81c180c7 ---
[2026-01-12T22:10:36.613Z] --- SERVIÇO: Buscando tags para a vaga a17ece41-6e89-40c5-bdbe-1963cc4129e6 ---
[2026-01-12T22:10:36.613Z] --- SERVIÇO: Buscando tags para a vaga a21274c4-32ba-4d05-9e0a-c7e6e35efe7f ---
[2026-01-12T22:10:36.613Z] --- SERVIÇO: Buscando tags para a vaga a28921e8-abbc-4b40-bed2-9fddb4079b3c ---
[2026-01-12T22:10:36.613Z] --- SERVIÇO: Buscando tags para a vaga a38150ac-23e0-45d8-add6-1217f41b881c ---
[2026-01-12T22:10:36.613Z] --- SERVIÇO: Buscando tags para a vaga a3a8f036-14d3-46c3-8744-213851ab0740 ---
[2026-01-12T22:10:36.613Z] --- SERVIÇO: Buscando tags para a vaga a3fe7418-1061-4227-a71e-8c5733a97bc9 ---
[2026-01-12T22:10:36.613Z] --- SERVIÇO: Buscando tags para a vaga a4d30c4c-ad22-4f05-a538-198826b91414 ---
[2026-01-12T22:10:36.613Z] --- SERVIÇO: Buscando tags para a vaga a7c5c7f8-dd68-4c17-bb29-8bd16a6b6e90 ---
[2026-01-12T22:10:36.613Z] --- SERVIÇO: Buscando tags para a vaga a9156217-6f67-43f3-ae2b-fe5f39e016a7 ---
[2026-01-12T22:10:36.613Z] --- SERVIÇO: Buscando tags para a vaga a9a62503-94f0-4e67-95ca-2d603fd9b78b ---
[2026-01-12T22:10:36.613Z] --- SERVIÇO: Buscando tags para a vaga ab1f7522-7466-4480-abe4-83c6e021761d ---
[2026-01-12T22:10:36.614Z] --- SERVIÇO: Buscando tags para a vaga ab4b6ff3-3d05-44fb-9806-ed1ca35c4c1b ---
[2026-01-12T22:10:36.614Z] --- SERVIÇO: Buscando tags para a vaga abfb09de-9bf6-43d8-b3f7-584e865a7420 ---
[2026-01-12T22:10:36.614Z] --- SERVIÇO: Buscando tags para a vaga adcc8425-b7b1-41a5-b9a1-5f559f9fa844 ---
[2026-01-12T22:10:36.614Z] --- SERVIÇO: Buscando tags para a vaga ae3a7e47-9acf-4e5e-89dc-0933da79ee49 ---
[2026-01-12T22:10:36.614Z] --- SERVIÇO: Buscando tags para a vaga aec9178e-2772-4226-b71a-8f67748f368e ---
[2026-01-12T22:10:36.614Z] --- SERVIÇO: Buscando tags para a vaga af024203-9fd6-40fd-ac69-05662eb045ec ---
[2026-01-12T22:10:36.614Z] --- SERVIÇO: Buscando tags para a vaga b0d6514a-d73d-49e6-905e-e2c16fb5dbe1 ---
[2026-01-12T22:10:36.614Z] --- SERVIÇO: Buscando tags para a vaga b18a8440-4514-405c-a31e-42c76e4de898 ---
[2026-01-12T22:10:36.614Z] --- SERVIÇO: Buscando tags para a vaga b335822e-5c67-4949-b87b-5d1ef1764d4a ---
[2026-01-12T22:10:36.614Z] --- SERVIÇO: Buscando tags para a vaga b34296e8-1def-4c29-b45a-8a081b925956 ---
[2026-01-12T22:10:36.614Z] --- SERVIÇO: Buscando tags para a vaga b381a667-0d32-47c5-92a3-1fd1e7fa5393 ---
[2026-01-12T22:10:36.614Z] --- SERVIÇO: Buscando tags para a vaga b3a3e8cf-3cd1-4059-a656-9ffedb098d60 ---
[2026-01-12T22:10:36.614Z] --- SERVIÇO: Buscando tags para a vaga b508f8e4-6c60-434a-9d01-6a0e6239548d ---
[2026-01-12T22:10:36.614Z] --- SERVIÇO: Buscando tags para a vaga b63048e4-5224-4e3f-982a-dd4ec8c53c04 ---
[2026-01-12T22:10:36.614Z] --- SERVIÇO: Buscando tags para a vaga b683cad9-ea1c-4075-96f5-b58ee4fa332e ---
[2026-01-12T22:10:36.614Z] --- SERVIÇO: Buscando tags para a vaga b6b44e51-df22-4ae3-9d20-f3ec57dc8086 ---
[2026-01-12T22:10:36.617Z] --- SERVIÇO: Buscando tags para a vaga b75c0e83-d035-49d8-a9c1-86dfb2c3c78e ---
[2026-01-12T22:10:36.617Z] --- SERVIÇO: Buscando tags para a vaga b7a9bf6d-4bb7-475b-acb1-d00b623d11cf ---
[2026-01-12T22:10:36.617Z] --- SERVIÇO: Buscando tags para a vaga b8e04f6a-8e2d-43c7-b25e-a54b807dc329 ---
[2026-01-12T22:10:36.617Z] --- SERVIÇO: Buscando tags para a vaga ba07cc99-ee2b-4b4c-9781-977690ee888d ---
[2026-01-12T22:10:36.617Z] --- SERVIÇO: Buscando tags para a vaga bb3160a4-1d6e-4c27-8a3e-10012501159b ---
[2026-01-12T22:10:36.617Z] --- SERVIÇO: Buscando tags para a vaga bb5eec13-15ec-434b-946a-b1793a46914b ---
[2026-01-12T22:10:36.617Z] --- SERVIÇO: Buscando tags para a vaga bc97677e-f4ff-4bef-bfe6-941b3193c3b0 ---
[2026-01-12T22:10:36.617Z] --- SERVIÇO: Buscando tags para a vaga bd33935e-d096-4eb2-bc72-723b12423f0d ---
[2026-01-12T22:10:36.617Z] --- SERVIÇO: Buscando tags para a vaga be2692a9-1dca-486d-a802-5ce412dc7a8e ---
[2026-01-12T22:10:36.617Z] --- SERVIÇO: Buscando tags para a vaga be439c0f-69e6-4606-8c75-f0556b6fb72d ---
[2026-01-12T22:10:36.617Z] --- SERVIÇO: Buscando tags para a vaga be766298-eaaf-493f-9884-783856a1575f ---
[2026-01-12T22:10:36.617Z] --- SERVIÇO: Buscando tags para a vaga bee80d70-f0cb-4eab-9b60-da7e2375cff8 ---
[2026-01-12T22:10:36.630Z] --- SERVIÇO: Buscando tags para a vaga bfc0de30-6c0f-4d47-94fe-0a3b137d1032 ---
[2026-01-12T22:10:36.630Z] --- SERVIÇO: Buscando tags para a vaga c2565fd3-47a2-496c-9a5a-1778b3a40bf2 ---
[2026-01-12T22:10:36.630Z] --- SERVIÇO: Buscando tags para a vaga c4070a66-63c5-405c-b1e3-441b92bb43a4 ---
[2026-01-12T22:10:36.630Z] --- SERVIÇO: Buscando tags para a vaga c47273b3-1435-4d56-9389-39c47f3aa6a3 ---
[2026-01-12T22:10:36.630Z] --- SERVIÇO: Buscando tags para a vaga c52b4b74-26c4-4dfb-ab95-96c2ffb9c866 ---
[2026-01-12T22:10:36.630Z] --- SERVIÇO: Buscando tags para a vaga c709ca23-54be-49f1-b4d5-eb02601ffd6d ---
[2026-01-12T22:10:36.630Z] --- SERVIÇO: Buscando tags para a vaga c9745ee1-aeea-4868-b13c-4a2b914e8e77 ---
[2026-01-12T22:10:36.630Z] --- SERVIÇO: Buscando tags para a vaga ccbf5f24-7ef8-43b5-8dbb-423b39b21d50 ---
[2026-01-12T22:10:36.630Z] --- SERVIÇO: Buscando tags para a vaga cdea6c2f-2269-43cc-84ea-fe0e25b5e54d ---
[2026-01-12T22:10:36.630Z] --- SERVIÇO: Buscando tags para a vaga cf5e8f77-4527-4432-a281-86e21c186077 ---
[2026-01-12T22:10:36.630Z] --- SERVIÇO: Buscando tags para a vaga cf62ef85-5b6a-4b33-96e2-e3300f8a768a ---
[2026-01-12T22:10:36.630Z] --- SERVIÇO: Buscando tags para a vaga cfa194c4-bf08-4a1a-a264-c41470216bd9 ---
[2026-01-12T22:10:36.630Z] --- SERVIÇO: Buscando tags para a vaga d0b95540-7927-49ed-8d5b-844e4fa6453c ---
[2026-01-12T22:10:36.630Z] --- SERVIÇO: Buscando tags para a vaga d0c27dd1-ba64-4b09-b9cf-a4c406314e63 ---
[2026-01-12T22:10:36.630Z] --- SERVIÇO: Buscando tags para a vaga d166490e-2a11-4c8c-ba4e-d8a8d5a81358 ---
[2026-01-12T22:10:36.630Z] --- SERVIÇO: Buscando tags para a vaga d3fc787b-2632-484e-979b-ed27ad981770 ---
[2026-01-12T22:10:36.631Z] --- SERVIÇO: Buscando tags para a vaga d6b89b2c-20c2-41bf-bd91-d126bbbb0f5c ---
[2026-01-12T22:10:36.631Z] --- SERVIÇO: Buscando tags para a vaga d773d309-13af-4a7c-a56c-c74ea2767f84 ---
[2026-01-12T22:10:36.631Z] --- SERVIÇO: Buscando tags para a vaga d780f1b1-9a14-4f2c-8517-39febde65ba4 ---
[2026-01-12T22:10:36.631Z] --- SERVIÇO: Buscando tags para a vaga d8dca707-4a10-4554-bd57-3423565aebf3 ---
[2026-01-12T22:10:36.631Z] --- SERVIÇO: Buscando tags para a vaga da8ee7b6-3cca-41e0-8496-1e7d784dea5c ---
[2026-01-12T22:10:36.631Z] --- SERVIÇO: Buscando tags para a vaga db58afee-aa79-44d7-b01a-084c08ac9ffc ---
[2026-01-12T22:10:36.631Z] --- SERVIÇO: Buscando tags para a vaga dd9b4e38-c7a3-4453-a912-6cc7b4e542dd ---
[2026-01-12T22:10:36.631Z] --- SERVIÇO: Buscando tags para a vaga ddc9f50c-b15c-497d-a740-bd682de6e982 ---
[2026-01-12T22:10:36.631Z] --- SERVIÇO: Buscando tags para a vaga de32cf73-deb2-46a7-a78b-05a0427cbfe6 ---
[2026-01-12T22:10:36.631Z] --- SERVIÇO: Buscando tags para a vaga df4f7c2e-8f9a-464a-b5cd-ecb105cfd6cb ---
[2026-01-12T22:10:36.631Z] --- SERVIÇO: Buscando tags para a vaga e3300c6a-ffcf-4b70-b147-97012871bb99 ---
[2026-01-12T22:10:36.631Z] --- SERVIÇO: Buscando tags para a vaga e3643e48-0d7c-4989-916f-fe7659d98a33 ---
[2026-01-12T22:10:36.631Z] --- SERVIÇO: Buscando tags para a vaga e3e6ab23-7e2e-4539-ba23-922599a99718 ---
[2026-01-12T22:10:36.631Z] --- SERVIÇO: Buscando tags para a vaga e4f3e42b-6b05-40dc-8659-a81504410e9b ---
[2026-01-12T22:10:36.631Z] --- SERVIÇO: Buscando tags para a vaga e681b432-3bbe-4ae9-b8e4-f2e86d3d11c6 ---
[2026-01-12T22:10:36.631Z] --- SERVIÇO: Buscando tags para a vaga e68c4f98-5623-4108-a8f2-b8252a1e5363 ---
[2026-01-12T22:10:36.631Z] --- SERVIÇO: Buscando tags para a vaga e8e05409-1d79-449e-9bd5-8766914f9cb9 ---
[2026-01-12T22:10:36.631Z] --- SERVIÇO: Buscando tags para a vaga e8ef0e45-f2c9-4dfc-a026-213cad983ec8 ---
[2026-01-12T22:10:36.631Z] --- SERVIÇO: Buscando tags para a vaga e9f9d0de-7dea-4c59-9078-3c63136d2c3d ---
[2026-01-12T22:10:36.632Z] --- SERVIÇO: Buscando tags para a vaga eb6ceb2b-7ff6-4365-9fa4-67ea175d8f5a ---
[2026-01-12T22:10:36.632Z] --- SERVIÇO: Buscando tags para a vaga eb987d00-3669-416c-afd6-f299f2106f09 ---
[2026-01-12T22:10:36.632Z] --- SERVIÇO: Buscando tags para a vaga ebfc702b-fe2b-4256-9a71-9f29927aebf0 ---
[2026-01-12T22:10:36.651Z] --- SERVIÇO: Buscando tags para a vaga eed56da4-5ad6-495e-8c53-5205d7ecbf8b ---
[2026-01-12T22:10:36.659Z] --- SERVIÇO: Buscando tags para a vaga ef7e90f9-09ed-497c-a74a-35464f8ff4e0 ---
[2026-01-12T22:10:36.664Z] --- SERVIÇO: Buscando tags para a vaga f02d9412-b27a-42d6-b021-22baa32446b1 ---
[2026-01-12T22:10:36.664Z] --- SERVIÇO: Buscando tags para a vaga f19ffe30-c39c-49e5-b9db-7d7533ae8b7e ---
[2026-01-12T22:10:36.664Z] --- SERVIÇO: Buscando tags para a vaga f294572b-b7cf-468b-bf7a-4381da0d33b0 ---
[2026-01-12T22:10:36.664Z] --- SERVIÇO: Buscando tags para a vaga f2cebfcd-1a4f-43d5-b082-c0849853ddbc ---
[2026-01-12T22:10:36.664Z] --- SERVIÇO: Buscando tags para a vaga f31cde87-5872-42dc-b34c-c4604a679e95 ---
[2026-01-12T22:10:36.665Z] --- SERVIÇO: Buscando tags para a vaga f354323d-be6c-42ee-8341-3cf00a5ba7f1 ---
[2026-01-12T22:10:36.665Z] --- SERVIÇO: Buscando tags para a vaga f3c4bffb-3043-4b9a-9c4b-846d1ea394d4 ---
[2026-01-12T22:10:36.665Z] --- SERVIÇO: Buscando tags para a vaga f71b7bab-ec59-4b45-8cb1-53d0497256c5 ---
[2026-01-12T22:10:36.665Z] --- SERVIÇO: Buscando tags para a vaga f71ee2bd-27ec-4e54-8bd7-1c88d6841244 ---
[2026-01-12T22:10:36.665Z] --- SERVIÇO: Buscando tags para a vaga f84ee05c-b0f8-4835-8e57-0e7c12705119 ---
[2026-01-12T22:10:36.665Z] --- SERVIÇO: Buscando tags para a vaga f8a46ee0-7d89-48bd-8c89-3f209d6a19bf ---
[2026-01-12T22:10:36.665Z] --- SERVIÇO: Buscando tags para a vaga fa721cb8-4af5-4340-b46e-5e8708f28f33 ---
[2026-01-12T22:10:36.665Z] --- SERVIÇO: Buscando tags para a vaga fb54fa05-e2bf-41b4-8adb-2e59fa0d3916 ---
[2026-01-12T22:10:36.665Z] --- SERVIÇO: Buscando tags para a vaga fd534c00-0776-4981-9a48-530a813cd7f7 ---
[2026-01-12T22:10:39.592Z] Buscando uma página de talentos (limite de 100).
[2026-01-12T22:10:42.171Z] Buscando uma página de talentos (limite de 100).
[2026-01-12T22:10:43.375Z] Buscando uma página de talentos (limite de 100).
[2026-01-12T22:10:44.489Z] Buscando uma página de talentos (limite de 100).
[2026-01-12T22:10:45.730Z] Buscando uma página de talentos (limite de 100).
[2026-01-12T22:10:47.118Z] Buscando uma página de talentos (limite de 100).
[2026-01-12T22:10:48.473Z] Buscando uma página de talentos (limite de 100).
[2026-01-12T22:10:50.138Z] Buscando uma página de talentos (limite de 100).
[2026-01-12T22:10:52.522Z] Buscando uma página de talentos (limite de 100).
[2026-01-12T22:10:53.871Z] Buscando uma página de talentos (limite de 100).
[2026-01-12T22:10:58.866Z] Buscando uma página de talentos (limite de 100).
[2026-01-12T22:11:02.759Z] Buscando uma página de talentos (limite de 100).
[2026-01-12T22:11:05.101Z] Buscando uma página de talentos (limite de 100).
[2026-01-12T22:11:06.328Z] Buscando uma página de talentos (limite de 100).
[2026-01-12T22:11:07.652Z] Buscando uma página de talentos (limite de 100).
[2026-01-12T22:11:13.753Z] --- ORQUESTRADOR (SYNC): Busca completa. Total de 65889 talentos carregados.
[2026-01-12T22:11:33.673Z] --- ORQUESTRADOR (SYNC): Buscando e enriquecendo todas as vagas ---
[2026-01-12T22:11:33.673Z] --- SERVIÇO: Buscando TODAS as vagas com paginação interna ---
[2026-01-12T22:11:34.763Z] --- ORQUESTRADOR (SYNC): Buscando TODOS os talentos com paginação interna ---
[2026-01-12T22:11:34.763Z] Buscando uma página de talentos (limite de 100).
[2026-01-12T22:11:36.099Z] Página de vagas recebida. Chave para a próxima página encontrada. Total atual: 100
[2026-01-12T22:11:36.522Z] Buscando uma página de talentos (limite de 100).
[2026-01-12T22:11:36.698Z] Página de vagas recebida. Chave para a próxima página encontrada. Total atual: 200
[2026-01-12T22:11:36.951Z] Busca completa. Total final de 206 vagas carregadas da API.
[2026-01-12T22:11:37.055Z] DEBUG: Dados salvos com sucesso em "/Users/patricksiqueira/PEOPLE/api-people/debug_logs/all_jobs_raw_1768255896951.txt"
[2026-01-12T22:11:37.055Z] --- SERVIÇO: Buscando tags para a vaga 010b9be5-e7a6-4bef-bf00-07b6b4a2e787 ---
[2026-01-12T22:11:37.055Z] --- SERVIÇO: Buscando tags para a vaga 01eb8c12-9d27-4d24-8924-e00e3312a549 ---
[2026-01-12T22:11:37.055Z] --- SERVIÇO: Buscando tags para a vaga 02036b7c-7e4e-4da4-94c4-4e0411046210 ---
[2026-01-12T22:11:37.055Z] --- SERVIÇO: Buscando tags para a vaga 038f7c8c-0ad0-4489-9019-f1f320c10a94 ---
[2026-01-12T22:11:37.055Z] --- SERVIÇO: Buscando tags para a vaga 0713cef6-067b-46dd-90f6-9d6d1e70efb2 ---
[2026-01-12T22:11:37.055Z] --- SERVIÇO: Buscando tags para a vaga 087fa08a-3f9b-4f89-8abd-ed0a8ffb32aa ---
[2026-01-12T22:11:37.055Z] --- SERVIÇO: Buscando tags para a vaga 09c2edda-64b4-41e1-8580-73c6b2e03d64 ---
[2026-01-12T22:11:37.055Z] --- SERVIÇO: Buscando tags para a vaga 0b2a0725-363b-4a25-a95f-658f93451a17 ---
[2026-01-12T22:11:37.055Z] --- SERVIÇO: Buscando tags para a vaga 0e3ad5ba-5f6b-48a9-91b0-d02402d2039e ---
[2026-01-12T22:11:37.055Z] --- SERVIÇO: Buscando tags para a vaga 0f57a077-a7ad-4665-8d59-76ab585fd594 ---
[2026-01-12T22:11:37.055Z] --- SERVIÇO: Buscando tags para a vaga 103725bc-95a8-4a2a-a7dd-a07dd432f599 ---
[2026-01-12T22:11:37.055Z] --- SERVIÇO: Buscando tags para a vaga 1061f8b2-c706-473d-b7f9-d1f129c50797 ---
[2026-01-12T22:11:37.055Z] --- SERVIÇO: Buscando tags para a vaga 110cafa9-71a1-43b3-b3d3-02315a6cab75 ---
[2026-01-12T22:11:37.055Z] --- SERVIÇO: Buscando tags para a vaga 1199197f-ad3f-49fb-b59d-e8993669d8bf ---
[2026-01-12T22:11:37.056Z] --- SERVIÇO: Buscando tags para a vaga 12d01928-a53b-416a-a122-2a7779ba2d34 ---
[2026-01-12T22:11:37.056Z] --- SERVIÇO: Buscando tags para a vaga 12d66e5d-8f00-4e59-aefa-261fadae8747 ---
[2026-01-12T22:11:37.056Z] --- SERVIÇO: Buscando tags para a vaga 12df898d-45bf-487a-bb44-f0d6b52abb93 ---
[2026-01-12T22:11:37.056Z] --- SERVIÇO: Buscando tags para a vaga 1432c3df-44a3-45da-a7a7-8b8cfcb8a2a8 ---
[2026-01-12T22:11:37.056Z] --- SERVIÇO: Buscando tags para a vaga 198081f8-53cc-455a-834a-6467f07ce5a4 ---
[2026-01-12T22:11:37.056Z] --- SERVIÇO: Buscando tags para a vaga 19a031ab-f6f1-4bac-9b3f-49453b88e747 ---
[2026-01-12T22:11:37.056Z] --- SERVIÇO: Buscando tags para a vaga 1b25ccbf-ce03-4599-ab6b-c6574f8b51a9 ---
[2026-01-12T22:11:37.056Z] --- SERVIÇO: Buscando tags para a vaga 1dabe24a-55f3-4143-baa3-beb26a5ea825 ---
[2026-01-12T22:11:37.056Z] --- SERVIÇO: Buscando tags para a vaga 21370dcd-11c3-4d02-b8c2-795c1f7302ca ---
[2026-01-12T22:11:37.056Z] --- SERVIÇO: Buscando tags para a vaga 216e0e8d-2373-4449-bf8e-3e304555a918 ---
[2026-01-12T22:11:37.056Z] --- SERVIÇO: Buscando tags para a vaga 21cb7be5-7c24-4c31-9b68-e01c598f0b29 ---
[2026-01-12T22:11:37.056Z] --- SERVIÇO: Buscando tags para a vaga 22abe01d-7c71-47fb-9631-c1e7af0adda9 ---
[2026-01-12T22:11:37.056Z] --- SERVIÇO: Buscando tags para a vaga 24df6510-fc44-48e7-b72b-b0722c51ada9 ---
[2026-01-12T22:11:37.056Z] --- SERVIÇO: Buscando tags para a vaga 27057a67-dc99-4561-8fbb-2c01d0f95664 ---
[2026-01-12T22:11:37.056Z] --- SERVIÇO: Buscando tags para a vaga 28890951-c5c2-4172-8ffc-00b2c087f26d ---
[2026-01-12T22:11:37.056Z] --- SERVIÇO: Buscando tags para a vaga 28ada291-0f0a-4f88-8c21-d4399fccf2ea ---
[2026-01-12T22:11:37.056Z] --- SERVIÇO: Buscando tags para a vaga 28b18b11-ffd6-4a4c-8792-52625979eec6 ---
[2026-01-12T22:11:37.056Z] --- SERVIÇO: Buscando tags para a vaga 2a247d8e-5f71-4516-a2f2-7768e4d2ac13 ---
[2026-01-12T22:11:37.056Z] --- SERVIÇO: Buscando tags para a vaga 2b8c1009-6f71-4a00-82ad-d0ae4121933a ---
[2026-01-12T22:11:37.056Z] --- SERVIÇO: Buscando tags para a vaga 2bc2c17d-a2e9-4eba-bc37-1b2788c55ce9 ---
[2026-01-12T22:11:37.056Z] --- SERVIÇO: Buscando tags para a vaga 2bf8cf21-f6a4-4dea-b08f-68534e123b75 ---
[2026-01-12T22:11:37.056Z] --- SERVIÇO: Buscando tags para a vaga 2cb4f868-f797-42b7-ad10-a111bce78c81 ---
[2026-01-12T22:11:37.056Z] --- SERVIÇO: Buscando tags para a vaga 2cbcf9fb-be48-4840-9d1f-ea87787203e3 ---
[2026-01-12T22:11:37.056Z] --- SERVIÇO: Buscando tags para a vaga 2ce5c7e0-29cc-4b13-9f84-757887c847a7 ---
[2026-01-12T22:11:37.057Z] --- SERVIÇO: Buscando tags para a vaga 2db744bb-f359-4eb6-a319-3059ec161be5 ---
[2026-01-12T22:11:37.057Z] --- SERVIÇO: Buscando tags para a vaga 2e27e07c-a46f-4b47-b06c-6ad09de1541a ---
[2026-01-12T22:11:37.057Z] --- SERVIÇO: Buscando tags para a vaga 2e9b2e51-a864-4fb6-8501-42707c3a53ef ---
[2026-01-12T22:11:37.057Z] --- SERVIÇO: Buscando tags para a vaga 3150379a-7df2-465d-9347-a52d292e6d05 ---
[2026-01-12T22:11:37.057Z] --- SERVIÇO: Buscando tags para a vaga 3266ee48-79cb-4d45-9d3a-bcb0ef086569 ---
[2026-01-12T22:11:37.057Z] --- SERVIÇO: Buscando tags para a vaga 3306e92c-dc9e-47a0-8b24-438b310ce51a ---
[2026-01-12T22:11:37.057Z] --- SERVIÇO: Buscando tags para a vaga 3518b656-ce33-467a-be1f-2517cc8b0983 ---
[2026-01-12T22:11:37.057Z] --- SERVIÇO: Buscando tags para a vaga 35e7cc64-988c-4038-bf14-557a52ce72c8 ---
[2026-01-12T22:11:37.057Z] --- SERVIÇO: Buscando tags para a vaga 35f4346a-f575-47da-b210-e72b7c82bd68 ---
[2026-01-12T22:11:37.057Z] --- SERVIÇO: Buscando tags para a vaga 36246616-3b33-40e7-a13b-07461647a1af ---
[2026-01-12T22:11:37.057Z] --- SERVIÇO: Buscando tags para a vaga 3672c6af-0306-4df1-bbdd-f87442e4867b ---
[2026-01-12T22:11:37.057Z] --- SERVIÇO: Buscando tags para a vaga 37d72799-de1c-49b7-b594-32dcf3f56165 ---
[2026-01-12T22:11:37.057Z] --- SERVIÇO: Buscando tags para a vaga 3ad21787-de34-4af8-84f9-a48fc651e6e0 ---
[2026-01-12T22:11:37.057Z] --- SERVIÇO: Buscando tags para a vaga 3e00d7c2-a10a-4c16-aa01-115737031119 ---
[2026-01-12T22:11:37.057Z] --- SERVIÇO: Buscando tags para a vaga 3fa0ce0c-c82f-4606-a18f-8637a9d028ad ---
[2026-01-12T22:11:37.057Z] --- SERVIÇO: Buscando tags para a vaga 42b083cd-35ca-40cc-8886-2efff457eef7 ---
[2026-01-12T22:11:37.057Z] --- SERVIÇO: Buscando tags para a vaga 4531a001-3bd3-450c-965b-70c1da3a161e ---
[2026-01-12T22:11:37.057Z] --- SERVIÇO: Buscando tags para a vaga 466f3abd-50bd-49da-95b3-63c011d69385 ---
[2026-01-12T22:11:37.057Z] --- SERVIÇO: Buscando tags para a vaga 48419cea-f5d0-48a9-9e2f-32d275868d2a ---
[2026-01-12T22:11:37.057Z] --- SERVIÇO: Buscando tags para a vaga 48c7d8ca-bc43-4991-b901-4004b1d9ad68 ---
[2026-01-12T22:11:37.057Z] --- SERVIÇO: Buscando tags para a vaga 4a517f4c-baf4-45dc-86ab-606f9b799d17 ---
[2026-01-12T22:11:37.057Z] --- SERVIÇO: Buscando tags para a vaga 4b86e7b6-b76f-4f4b-b0ab-7c3a6873213b ---
[2026-01-12T22:11:37.057Z] --- SERVIÇO: Buscando tags para a vaga 4e052659-0bcb-44df-a8bb-94dd0a51a6fb ---
[2026-01-12T22:11:37.057Z] --- SERVIÇO: Buscando tags para a vaga 4ea77680-2259-477c-944c-3f7792aaf843 ---
[2026-01-12T22:11:37.057Z] --- SERVIÇO: Buscando tags para a vaga 4edb97eb-0611-4546-b901-731b92afab0c ---
[2026-01-12T22:11:37.057Z] --- SERVIÇO: Buscando tags para a vaga 4fffcb5c-962b-4f22-9703-7590e791be48 ---
[2026-01-12T22:11:37.057Z] --- SERVIÇO: Buscando tags para a vaga 50225e4a-e656-4671-9f30-39500578ece1 ---
[2026-01-12T22:11:37.057Z] --- SERVIÇO: Buscando tags para a vaga 53cefb70-7450-470b-a873-5ba48d95da84 ---
[2026-01-12T22:11:37.057Z] --- SERVIÇO: Buscando tags para a vaga 5505856a-c9c2-4b49-89eb-cf446e0c0629 ---
[2026-01-12T22:11:37.057Z] --- SERVIÇO: Buscando tags para a vaga 587d8ef0-bd3c-47ea-8ce6-e650cf6c527a ---
[2026-01-12T22:11:37.057Z] --- SERVIÇO: Buscando tags para a vaga 58951772-68fb-4324-8266-a47fe2be8e9d ---
[2026-01-12T22:11:37.057Z] --- SERVIÇO: Buscando tags para a vaga 5a8e7dd3-99a8-40ad-b441-ee06f58f7588 ---
[2026-01-12T22:11:37.057Z] --- SERVIÇO: Buscando tags para a vaga 5e78e517-13fd-47c7-83c7-6a33e14c4b63 ---
[2026-01-12T22:11:37.058Z] --- SERVIÇO: Buscando tags para a vaga 5fbebe8b-c092-4778-902e-8d193305f8f0 ---
[2026-01-12T22:11:37.058Z] --- SERVIÇO: Buscando tags para a vaga 604cbaca-96af-420d-98c3-55cee4995a1b ---
[2026-01-12T22:11:37.058Z] --- SERVIÇO: Buscando tags para a vaga 6075f3be-d885-4c32-9087-41d6eb798c93 ---
[2026-01-12T22:11:37.058Z] --- SERVIÇO: Buscando tags para a vaga 62583a4f-b749-414e-b544-9a307c40ac8c ---
[2026-01-12T22:11:37.058Z] --- SERVIÇO: Buscando tags para a vaga 62fb5e76-f6c2-4ec1-bfea-a4ff8557634c ---
[2026-01-12T22:11:37.058Z] --- SERVIÇO: Buscando tags para a vaga 666bd257-db76-400a-8100-1bfa9e356068 ---
[2026-01-12T22:11:37.331Z] --- SERVIÇO: Buscando tags para a vaga 66e073f2-37ce-4b27-9a6b-fdc5113fde6b ---
[2026-01-12T22:11:37.331Z] --- SERVIÇO: Buscando tags para a vaga 68cb2d53-21ec-45f3-a7e9-b5cb928ef79b ---
[2026-01-12T22:11:37.331Z] --- SERVIÇO: Buscando tags para a vaga 69b50fd3-4a4b-4081-8a4e-c6590504b7eb ---
[2026-01-12T22:11:37.331Z] --- SERVIÇO: Buscando tags para a vaga 69f0dfde-3439-4335-b3bc-cf0c41f613d9 ---
[2026-01-12T22:11:37.331Z] --- SERVIÇO: Buscando tags para a vaga 6b78bfff-00b0-4f45-b192-16c24d7c9d5f ---
[2026-01-12T22:11:37.331Z] --- SERVIÇO: Buscando tags para a vaga 6bff9d21-f95c-4928-b421-b2e79f39b85b ---
[2026-01-12T22:11:37.331Z] --- SERVIÇO: Buscando tags para a vaga 6c1511a0-6cd1-4028-be3c-3d033cd3ff41 ---
[2026-01-12T22:11:37.331Z] --- SERVIÇO: Buscando tags para a vaga 6ee0e457-5d3f-40e8-bd14-f8ab4d6f9c81 ---
[2026-01-12T22:11:37.331Z] --- SERVIÇO: Buscando tags para a vaga 6fe6f7f9-da78-4b27-88c7-b8adbadc5ae2 ---
[2026-01-12T22:11:37.331Z] --- SERVIÇO: Buscando tags para a vaga 71f23562-3ec7-49eb-bdf7-c839f0892745 ---
[2026-01-12T22:11:37.331Z] --- SERVIÇO: Buscando tags para a vaga 73636ab7-4474-4575-ac9b-ee08f032918a ---
[2026-01-12T22:11:37.331Z] --- SERVIÇO: Buscando tags para a vaga 7371002c-a20c-4885-8755-793f66ba1deb ---
[2026-01-12T22:11:37.331Z] --- SERVIÇO: Buscando tags para a vaga 73b65c4b-9848-43c1-b286-04dfdfe4a70f ---
[2026-01-12T22:11:37.331Z] --- SERVIÇO: Buscando tags para a vaga 7637003e-55c4-492b-9d40-eed2545b3a12 ---
[2026-01-12T22:11:37.337Z] --- SERVIÇO: Buscando tags para a vaga 764f8bad-1f99-408a-a845-79bb3bd79699 ---
[2026-01-12T22:11:37.337Z] --- SERVIÇO: Buscando tags para a vaga 76c93207-d2ca-4fb3-abad-94e7c36b3604 ---
[2026-01-12T22:11:37.337Z] --- SERVIÇO: Buscando tags para a vaga 76ee6b00-1bca-4ced-9f05-946753815c3c ---
[2026-01-12T22:11:37.337Z] --- SERVIÇO: Buscando tags para a vaga 781a8a0d-1cee-45b0-b25f-ff91e04f8eb3 ---
[2026-01-12T22:11:37.337Z] --- SERVIÇO: Buscando tags para a vaga 792a095b-b3ef-4eba-a6a2-a0a66d9a6129 ---
[2026-01-12T22:11:37.337Z] --- SERVIÇO: Buscando tags para a vaga 7945b7ff-3afc-4399-a52e-7ad3bb23e3f9 ---
[2026-01-12T22:11:37.337Z] --- SERVIÇO: Buscando tags para a vaga 812a8718-2cb7-4bad-bd68-e371bef16922 ---
[2026-01-12T22:11:37.338Z] --- SERVIÇO: Buscando tags para a vaga 84b11a17-31af-463e-9fb8-fc5f2463030d ---
[2026-01-12T22:11:37.338Z] --- SERVIÇO: Buscando tags para a vaga 8555a61a-3392-42fb-9072-d7805680ad92 ---
[2026-01-12T22:11:37.338Z] --- SERVIÇO: Buscando tags para a vaga 8629e6be-e251-453f-9493-e841351db50e ---
[2026-01-12T22:11:37.338Z] --- SERVIÇO: Buscando tags para a vaga 871d5a51-df59-437a-b78f-2ab4633292bf ---
[2026-01-12T22:11:37.338Z] --- SERVIÇO: Buscando tags para a vaga 882c0a08-d993-4cac-ad0a-5f38ea3e65e9 ---
[2026-01-12T22:11:37.338Z] --- SERVIÇO: Buscando tags para a vaga 8bff2734-de96-4dbd-a3da-371e00880a02 ---
[2026-01-12T22:11:37.338Z] --- SERVIÇO: Buscando tags para a vaga 8c1a6724-f397-4a03-95a7-d39e9c80cb30 ---
[2026-01-12T22:11:37.338Z] --- SERVIÇO: Buscando tags para a vaga 8c950fd0-b46f-4d85-bd5a-648e012c2937 ---
[2026-01-12T22:11:37.338Z] --- SERVIÇO: Buscando tags para a vaga 8d3a6d73-419d-4c5c-a385-ae20a61dc4a1 ---
[2026-01-12T22:11:37.338Z] --- SERVIÇO: Buscando tags para a vaga 983684cd-3191-4aa4-8a0f-d7d35c1f1469 ---
[2026-01-12T22:11:37.338Z] --- SERVIÇO: Buscando tags para a vaga 997894d1-5d61-4742-bb6c-8a9f9584dea0 ---
[2026-01-12T22:11:37.338Z] --- SERVIÇO: Buscando tags para a vaga 9acd00b2-fff2-46c4-b781-b6cc623d7266 ---
[2026-01-12T22:11:37.344Z] --- SERVIÇO: Buscando tags para a vaga 9cd89a17-1d89-4463-b05d-94b74024a965 ---
[2026-01-12T22:11:37.345Z] --- SERVIÇO: Buscando tags para a vaga 9e5ae1d3-7900-4046-9c97-91c1429fa348 ---
[2026-01-12T22:11:37.345Z] --- SERVIÇO: Buscando tags para a vaga 9eb409d5-61ce-456a-96df-880c81c180c7 ---
[2026-01-12T22:11:37.345Z] --- SERVIÇO: Buscando tags para a vaga a17ece41-6e89-40c5-bdbe-1963cc4129e6 ---
[2026-01-12T22:11:37.345Z] --- SERVIÇO: Buscando tags para a vaga a21274c4-32ba-4d05-9e0a-c7e6e35efe7f ---
[2026-01-12T22:11:37.345Z] --- SERVIÇO: Buscando tags para a vaga a28921e8-abbc-4b40-bed2-9fddb4079b3c ---
[2026-01-12T22:11:37.345Z] --- SERVIÇO: Buscando tags para a vaga a38150ac-23e0-45d8-add6-1217f41b881c ---
[2026-01-12T22:11:37.345Z] --- SERVIÇO: Buscando tags para a vaga a3a8f036-14d3-46c3-8744-213851ab0740 ---
[2026-01-12T22:11:37.345Z] --- SERVIÇO: Buscando tags para a vaga a3fe7418-1061-4227-a71e-8c5733a97bc9 ---
[2026-01-12T22:11:37.345Z] --- SERVIÇO: Buscando tags para a vaga a4d30c4c-ad22-4f05-a538-198826b91414 ---
[2026-01-12T22:11:37.345Z] --- SERVIÇO: Buscando tags para a vaga a7c5c7f8-dd68-4c17-bb29-8bd16a6b6e90 ---
[2026-01-12T22:11:37.345Z] --- SERVIÇO: Buscando tags para a vaga a9156217-6f67-43f3-ae2b-fe5f39e016a7 ---
[2026-01-12T22:11:37.345Z] --- SERVIÇO: Buscando tags para a vaga a9a62503-94f0-4e67-95ca-2d603fd9b78b ---
[2026-01-12T22:11:37.345Z] --- SERVIÇO: Buscando tags para a vaga ab1f7522-7466-4480-abe4-83c6e021761d ---
[2026-01-12T22:11:37.345Z] --- SERVIÇO: Buscando tags para a vaga ab4b6ff3-3d05-44fb-9806-ed1ca35c4c1b ---
[2026-01-12T22:11:37.345Z] --- SERVIÇO: Buscando tags para a vaga abfb09de-9bf6-43d8-b3f7-584e865a7420 ---
[2026-01-12T22:11:37.345Z] --- SERVIÇO: Buscando tags para a vaga adcc8425-b7b1-41a5-b9a1-5f559f9fa844 ---
[2026-01-12T22:11:37.345Z] --- SERVIÇO: Buscando tags para a vaga ae3a7e47-9acf-4e5e-89dc-0933da79ee49 ---
[2026-01-12T22:11:37.345Z] --- SERVIÇO: Buscando tags para a vaga aec9178e-2772-4226-b71a-8f67748f368e ---
[2026-01-12T22:11:37.345Z] --- SERVIÇO: Buscando tags para a vaga af024203-9fd6-40fd-ac69-05662eb045ec ---
[2026-01-12T22:11:37.345Z] --- SERVIÇO: Buscando tags para a vaga b0d6514a-d73d-49e6-905e-e2c16fb5dbe1 ---
[2026-01-12T22:11:37.345Z] --- SERVIÇO: Buscando tags para a vaga b18a8440-4514-405c-a31e-42c76e4de898 ---
[2026-01-12T22:11:37.345Z] --- SERVIÇO: Buscando tags para a vaga b335822e-5c67-4949-b87b-5d1ef1764d4a ---
[2026-01-12T22:11:37.345Z] --- SERVIÇO: Buscando tags para a vaga b34296e8-1def-4c29-b45a-8a081b925956 ---
[2026-01-12T22:11:37.345Z] --- SERVIÇO: Buscando tags para a vaga b381a667-0d32-47c5-92a3-1fd1e7fa5393 ---
[2026-01-12T22:11:37.345Z] --- SERVIÇO: Buscando tags para a vaga b3a3e8cf-3cd1-4059-a656-9ffedb098d60 ---
[2026-01-12T22:11:37.345Z] --- SERVIÇO: Buscando tags para a vaga b508f8e4-6c60-434a-9d01-6a0e6239548d ---
[2026-01-12T22:11:37.345Z] --- SERVIÇO: Buscando tags para a vaga b63048e4-5224-4e3f-982a-dd4ec8c53c04 ---
[2026-01-12T22:11:37.345Z] --- SERVIÇO: Buscando tags para a vaga b683cad9-ea1c-4075-96f5-b58ee4fa332e ---
[2026-01-12T22:11:37.345Z] --- SERVIÇO: Buscando tags para a vaga b6b44e51-df22-4ae3-9d20-f3ec57dc8086 ---
[2026-01-12T22:11:37.346Z] --- SERVIÇO: Buscando tags para a vaga b75c0e83-d035-49d8-a9c1-86dfb2c3c78e ---
[2026-01-12T22:11:37.346Z] --- SERVIÇO: Buscando tags para a vaga b7a9bf6d-4bb7-475b-acb1-d00b623d11cf ---
[2026-01-12T22:11:37.346Z] --- SERVIÇO: Buscando tags para a vaga b8e04f6a-8e2d-43c7-b25e-a54b807dc329 ---
[2026-01-12T22:11:37.346Z] --- SERVIÇO: Buscando tags para a vaga ba07cc99-ee2b-4b4c-9781-977690ee888d ---
[2026-01-12T22:11:37.346Z] --- SERVIÇO: Buscando tags para a vaga bb3160a4-1d6e-4c27-8a3e-10012501159b ---
[2026-01-12T22:11:37.346Z] --- SERVIÇO: Buscando tags para a vaga bb5eec13-15ec-434b-946a-b1793a46914b ---
[2026-01-12T22:11:37.346Z] --- SERVIÇO: Buscando tags para a vaga bc97677e-f4ff-4bef-bfe6-941b3193c3b0 ---
[2026-01-12T22:11:37.346Z] --- SERVIÇO: Buscando tags para a vaga bd33935e-d096-4eb2-bc72-723b12423f0d ---
[2026-01-12T22:11:37.346Z] --- SERVIÇO: Buscando tags para a vaga be2692a9-1dca-486d-a802-5ce412dc7a8e ---
[2026-01-12T22:11:37.346Z] --- SERVIÇO: Buscando tags para a vaga be439c0f-69e6-4606-8c75-f0556b6fb72d ---
[2026-01-12T22:11:37.346Z] --- SERVIÇO: Buscando tags para a vaga be766298-eaaf-493f-9884-783856a1575f ---
[2026-01-12T22:11:37.346Z] --- SERVIÇO: Buscando tags para a vaga bee80d70-f0cb-4eab-9b60-da7e2375cff8 ---
[2026-01-12T22:11:37.346Z] --- SERVIÇO: Buscando tags para a vaga bfc0de30-6c0f-4d47-94fe-0a3b137d1032 ---
[2026-01-12T22:11:37.346Z] --- SERVIÇO: Buscando tags para a vaga c2565fd3-47a2-496c-9a5a-1778b3a40bf2 ---
[2026-01-12T22:11:37.346Z] --- SERVIÇO: Buscando tags para a vaga c4070a66-63c5-405c-b1e3-441b92bb43a4 ---
[2026-01-12T22:11:37.346Z] --- SERVIÇO: Buscando tags para a vaga c47273b3-1435-4d56-9389-39c47f3aa6a3 ---
[2026-01-12T22:11:37.346Z] --- SERVIÇO: Buscando tags para a vaga c52b4b74-26c4-4dfb-ab95-96c2ffb9c866 ---
[2026-01-12T22:11:37.346Z] --- SERVIÇO: Buscando tags para a vaga c709ca23-54be-49f1-b4d5-eb02601ffd6d ---
[2026-01-12T22:11:37.346Z] --- SERVIÇO: Buscando tags para a vaga c9745ee1-aeea-4868-b13c-4a2b914e8e77 ---
[2026-01-12T22:11:37.346Z] --- SERVIÇO: Buscando tags para a vaga ccbf5f24-7ef8-43b5-8dbb-423b39b21d50 ---
[2026-01-12T22:11:37.346Z] --- SERVIÇO: Buscando tags para a vaga cdea6c2f-2269-43cc-84ea-fe0e25b5e54d ---
[2026-01-12T22:11:37.346Z] --- SERVIÇO: Buscando tags para a vaga cf5e8f77-4527-4432-a281-86e21c186077 ---
[2026-01-12T22:11:37.346Z] --- SERVIÇO: Buscando tags para a vaga cf62ef85-5b6a-4b33-96e2-e3300f8a768a ---
[2026-01-12T22:11:37.346Z] --- SERVIÇO: Buscando tags para a vaga cfa194c4-bf08-4a1a-a264-c41470216bd9 ---
[2026-01-12T22:11:37.346Z] --- SERVIÇO: Buscando tags para a vaga d0b95540-7927-49ed-8d5b-844e4fa6453c ---
[2026-01-12T22:11:37.346Z] --- SERVIÇO: Buscando tags para a vaga d0c27dd1-ba64-4b09-b9cf-a4c406314e63 ---
[2026-01-12T22:11:37.346Z] --- SERVIÇO: Buscando tags para a vaga d166490e-2a11-4c8c-ba4e-d8a8d5a81358 ---
[2026-01-12T22:11:37.346Z] --- SERVIÇO: Buscando tags para a vaga d3fc787b-2632-484e-979b-ed27ad981770 ---
[2026-01-12T22:11:37.346Z] --- SERVIÇO: Buscando tags para a vaga d6b89b2c-20c2-41bf-bd91-d126bbbb0f5c ---
[2026-01-12T22:11:37.346Z] --- SERVIÇO: Buscando tags para a vaga d773d309-13af-4a7c-a56c-c74ea2767f84 ---
[2026-01-12T22:11:37.346Z] --- SERVIÇO: Buscando tags para a vaga d780f1b1-9a14-4f2c-8517-39febde65ba4 ---
[2026-01-12T22:11:37.346Z] --- SERVIÇO: Buscando tags para a vaga d8dca707-4a10-4554-bd57-3423565aebf3 ---
[2026-01-12T22:11:37.346Z] --- SERVIÇO: Buscando tags para a vaga da8ee7b6-3cca-41e0-8496-1e7d784dea5c ---
[2026-01-12T22:11:37.346Z] --- SERVIÇO: Buscando tags para a vaga db58afee-aa79-44d7-b01a-084c08ac9ffc ---
[2026-01-12T22:11:37.346Z] --- SERVIÇO: Buscando tags para a vaga dd9b4e38-c7a3-4453-a912-6cc7b4e542dd ---
[2026-01-12T22:11:37.346Z] --- SERVIÇO: Buscando tags para a vaga ddc9f50c-b15c-497d-a740-bd682de6e982 ---
[2026-01-12T22:11:37.346Z] --- SERVIÇO: Buscando tags para a vaga de32cf73-deb2-46a7-a78b-05a0427cbfe6 ---
[2026-01-12T22:11:37.346Z] --- SERVIÇO: Buscando tags para a vaga df4f7c2e-8f9a-464a-b5cd-ecb105cfd6cb ---
[2026-01-12T22:11:37.346Z] --- SERVIÇO: Buscando tags para a vaga e3300c6a-ffcf-4b70-b147-97012871bb99 ---
[2026-01-12T22:11:37.346Z] --- SERVIÇO: Buscando tags para a vaga e3643e48-0d7c-4989-916f-fe7659d98a33 ---
[2026-01-12T22:11:37.346Z] --- SERVIÇO: Buscando tags para a vaga e3e6ab23-7e2e-4539-ba23-922599a99718 ---
[2026-01-12T22:11:37.347Z] --- SERVIÇO: Buscando tags para a vaga e4f3e42b-6b05-40dc-8659-a81504410e9b ---
[2026-01-12T22:11:37.347Z] --- SERVIÇO: Buscando tags para a vaga e681b432-3bbe-4ae9-b8e4-f2e86d3d11c6 ---
[2026-01-12T22:11:37.347Z] --- SERVIÇO: Buscando tags para a vaga e68c4f98-5623-4108-a8f2-b8252a1e5363 ---
[2026-01-12T22:11:37.347Z] --- SERVIÇO: Buscando tags para a vaga e8e05409-1d79-449e-9bd5-8766914f9cb9 ---
[2026-01-12T22:11:37.347Z] --- SERVIÇO: Buscando tags para a vaga e8ef0e45-f2c9-4dfc-a026-213cad983ec8 ---
[2026-01-12T22:11:37.347Z] --- SERVIÇO: Buscando tags para a vaga e9f9d0de-7dea-4c59-9078-3c63136d2c3d ---
[2026-01-12T22:11:37.347Z] --- SERVIÇO: Buscando tags para a vaga eb6ceb2b-7ff6-4365-9fa4-67ea175d8f5a ---
[2026-01-12T22:11:37.347Z] --- SERVIÇO: Buscando tags para a vaga eb987d00-3669-416c-afd6-f299f2106f09 ---
[2026-01-12T22:11:37.347Z] --- SERVIÇO: Buscando tags para a vaga ebfc702b-fe2b-4256-9a71-9f29927aebf0 ---
[2026-01-12T22:11:37.347Z] --- SERVIÇO: Buscando tags para a vaga eed56da4-5ad6-495e-8c53-5205d7ecbf8b ---
[2026-01-12T22:11:37.347Z] --- SERVIÇO: Buscando tags para a vaga ef7e90f9-09ed-497c-a74a-35464f8ff4e0 ---
[2026-01-12T22:11:37.347Z] --- SERVIÇO: Buscando tags para a vaga f02d9412-b27a-42d6-b021-22baa32446b1 ---
[2026-01-12T22:11:37.347Z] --- SERVIÇO: Buscando tags para a vaga f19ffe30-c39c-49e5-b9db-7d7533ae8b7e ---
[2026-01-12T22:11:37.347Z] --- SERVIÇO: Buscando tags para a vaga f294572b-b7cf-468b-bf7a-4381da0d33b0 ---
[2026-01-12T22:11:37.347Z] --- SERVIÇO: Buscando tags para a vaga f2cebfcd-1a4f-43d5-b082-c0849853ddbc ---
[2026-01-12T22:11:37.347Z] --- SERVIÇO: Buscando tags para a vaga f31cde87-5872-42dc-b34c-c4604a679e95 ---
[2026-01-12T22:11:37.347Z] --- SERVIÇO: Buscando tags para a vaga f354323d-be6c-42ee-8341-3cf00a5ba7f1 ---
[2026-01-12T22:11:37.347Z] --- SERVIÇO: Buscando tags para a vaga f3c4bffb-3043-4b9a-9c4b-846d1ea394d4 ---
[2026-01-12T22:11:37.347Z] --- SERVIÇO: Buscando tags para a vaga f71b7bab-ec59-4b45-8cb1-53d0497256c5 ---
[2026-01-12T22:11:37.347Z] --- SERVIÇO: Buscando tags para a vaga f71ee2bd-27ec-4e54-8bd7-1c88d6841244 ---
[2026-01-12T22:11:37.347Z] --- SERVIÇO: Buscando tags para a vaga f84ee05c-b0f8-4835-8e57-0e7c12705119 ---
[2026-01-12T22:11:37.347Z] --- SERVIÇO: Buscando tags para a vaga f8a46ee0-7d89-48bd-8c89-3f209d6a19bf ---
[2026-01-12T22:11:37.347Z] --- SERVIÇO: Buscando tags para a vaga fa721cb8-4af5-4340-b46e-5e8708f28f33 ---
[2026-01-12T22:11:37.347Z] --- SERVIÇO: Buscando tags para a vaga fb54fa05-e2bf-41b4-8adb-2e59fa0d3916 ---
[2026-01-12T22:11:37.347Z] --- SERVIÇO: Buscando tags para a vaga fd534c00-0776-4981-9a48-530a813cd7f7 ---
[2026-01-12T22:11:39.476Z] Buscando uma página de talentos (limite de 100).
[2026-01-12T22:11:40.732Z] Buscando uma página de talentos (limite de 100).
[2026-01-12T22:11:41.990Z] Buscando uma página de talentos (limite de 100).
[2026-01-12T22:11:43.102Z] Buscando uma página de talentos (limite de 100).
[2026-01-12T22:11:44.226Z] Buscando uma página de talentos (limite de 100).
[2026-01-12T22:11:45.354Z] Buscando uma página de talentos (limite de 100).
[2026-01-12T22:11:46.974Z] Buscando uma página de talentos (limite de 100).
[2026-01-12T22:11:48.281Z] Buscando uma página de talentos (limite de 100).
[2026-01-12T22:11:49.017Z] Buscando uma página de talentos (limite de 100).
[2026-01-12T22:11:49.634Z] Buscando uma página de talentos (limite de 100).
[2026-01-12T22:11:50.939Z] Buscando uma página de talentos (limite de 100).
[2026-01-12T22:11:52.135Z] Buscando uma página de talentos (limite de 100).
[2026-01-12T22:11:53.148Z] Buscando uma página de talentos (limite de 100).
[2026-01-12T22:11:54.643Z] Buscando uma página de talentos (limite de 100).
[2026-01-12T22:11:55.808Z] Buscando uma página de talentos (limite de 100).
[2026-01-12T22:11:57.142Z] Buscando uma página de talentos (limite de 100).
[2026-01-12T22:11:57.460Z] --- ORQUESTRADOR (SYNC): Busca completa. Total de 65889 talentos carregados.
[2026-01-12T22:12:40.004Z] --- ORQUESTRADOR (SYNC): Buscando e enriquecendo todas as vagas ---
[2026-01-12T22:12:41.341Z] --- SERVIÇO: Buscando TODAS as vagas com paginação interna ---
[2026-01-12T22:12:45.923Z] --- ORQUESTRADOR (SYNC): Buscando TODOS os talentos com paginação interna ---
[2026-01-12T22:12:46.264Z] Buscando uma página de talentos (limite de 100).
[2026-01-12T22:12:52.282Z] Buscando uma página de talentos (limite de 100).
[2026-01-12T22:12:52.354Z] Página de vagas recebida. Chave para a próxima página encontrada. Total atual: 100
[2026-01-12T22:12:53.255Z] Página de vagas recebida. Chave para a próxima página encontrada. Total atual: 200
[2026-01-12T22:12:54.537Z] Busca completa. Total final de 206 vagas carregadas da API.
[2026-01-12T22:12:54.591Z] DEBUG: Dados salvos com sucesso em "/Users/patricksiqueira/PEOPLE/api-people/debug_logs/all_jobs_raw_1768255974537.txt"
[2026-01-12T22:12:54.601Z] --- SERVIÇO: Buscando tags para a vaga 010b9be5-e7a6-4bef-bf00-07b6b4a2e787 ---
[2026-01-12T22:12:54.602Z] --- SERVIÇO: Buscando tags para a vaga 01eb8c12-9d27-4d24-8924-e00e3312a549 ---
[2026-01-12T22:12:54.602Z] --- SERVIÇO: Buscando tags para a vaga 02036b7c-7e4e-4da4-94c4-4e0411046210 ---
[2026-01-12T22:12:54.602Z] --- SERVIÇO: Buscando tags para a vaga 038f7c8c-0ad0-4489-9019-f1f320c10a94 ---
[2026-01-12T22:12:54.602Z] --- SERVIÇO: Buscando tags para a vaga 0713cef6-067b-46dd-90f6-9d6d1e70efb2 ---
[2026-01-12T22:12:54.602Z] --- SERVIÇO: Buscando tags para a vaga 087fa08a-3f9b-4f89-8abd-ed0a8ffb32aa ---
[2026-01-12T22:12:54.602Z] --- SERVIÇO: Buscando tags para a vaga 09c2edda-64b4-41e1-8580-73c6b2e03d64 ---
[2026-01-12T22:12:54.602Z] --- SERVIÇO: Buscando tags para a vaga 0b2a0725-363b-4a25-a95f-658f93451a17 ---
[2026-01-12T22:12:54.602Z] --- SERVIÇO: Buscando tags para a vaga 0e3ad5ba-5f6b-48a9-91b0-d02402d2039e ---
[2026-01-12T22:12:54.602Z] --- SERVIÇO: Buscando tags para a vaga 0f57a077-a7ad-4665-8d59-76ab585fd594 ---
[2026-01-12T22:12:54.602Z] --- SERVIÇO: Buscando tags para a vaga 103725bc-95a8-4a2a-a7dd-a07dd432f599 ---
[2026-01-12T22:12:54.602Z] --- SERVIÇO: Buscando tags para a vaga 1061f8b2-c706-473d-b7f9-d1f129c50797 ---
[2026-01-12T22:12:54.602Z] --- SERVIÇO: Buscando tags para a vaga 110cafa9-71a1-43b3-b3d3-02315a6cab75 ---
[2026-01-12T22:12:54.602Z] --- SERVIÇO: Buscando tags para a vaga 1199197f-ad3f-49fb-b59d-e8993669d8bf ---
[2026-01-12T22:12:54.602Z] --- SERVIÇO: Buscando tags para a vaga 12d01928-a53b-416a-a122-2a7779ba2d34 ---
[2026-01-12T22:12:54.603Z] --- SERVIÇO: Buscando tags para a vaga 12d66e5d-8f00-4e59-aefa-261fadae8747 ---
[2026-01-12T22:12:54.603Z] --- SERVIÇO: Buscando tags para a vaga 12df898d-45bf-487a-bb44-f0d6b52abb93 ---
[2026-01-12T22:12:54.603Z] --- SERVIÇO: Buscando tags para a vaga 1432c3df-44a3-45da-a7a7-8b8cfcb8a2a8 ---
[2026-01-12T22:12:54.603Z] --- SERVIÇO: Buscando tags para a vaga 198081f8-53cc-455a-834a-6467f07ce5a4 ---
[2026-01-12T22:12:54.603Z] --- SERVIÇO: Buscando tags para a vaga 19a031ab-f6f1-4bac-9b3f-49453b88e747 ---
[2026-01-12T22:12:54.603Z] --- SERVIÇO: Buscando tags para a vaga 1b25ccbf-ce03-4599-ab6b-c6574f8b51a9 ---
[2026-01-12T22:12:54.603Z] --- SERVIÇO: Buscando tags para a vaga 1dabe24a-55f3-4143-baa3-beb26a5ea825 ---
[2026-01-12T22:12:54.603Z] --- SERVIÇO: Buscando tags para a vaga 21370dcd-11c3-4d02-b8c2-795c1f7302ca ---
[2026-01-12T22:12:54.603Z] --- SERVIÇO: Buscando tags para a vaga 216e0e8d-2373-4449-bf8e-3e304555a918 ---
[2026-01-12T22:12:54.603Z] --- SERVIÇO: Buscando tags para a vaga 21cb7be5-7c24-4c31-9b68-e01c598f0b29 ---
[2026-01-12T22:12:54.603Z] --- SERVIÇO: Buscando tags para a vaga 22abe01d-7c71-47fb-9631-c1e7af0adda9 ---
[2026-01-12T22:12:54.603Z] --- SERVIÇO: Buscando tags para a vaga 24df6510-fc44-48e7-b72b-b0722c51ada9 ---
[2026-01-12T22:12:54.603Z] --- SERVIÇO: Buscando tags para a vaga 27057a67-dc99-4561-8fbb-2c01d0f95664 ---
[2026-01-12T22:12:54.603Z] --- SERVIÇO: Buscando tags para a vaga 28890951-c5c2-4172-8ffc-00b2c087f26d ---
[2026-01-12T22:12:54.603Z] --- SERVIÇO: Buscando tags para a vaga 28ada291-0f0a-4f88-8c21-d4399fccf2ea ---
[2026-01-12T22:12:54.603Z] --- SERVIÇO: Buscando tags para a vaga 28b18b11-ffd6-4a4c-8792-52625979eec6 ---
[2026-01-12T22:12:54.603Z] --- SERVIÇO: Buscando tags para a vaga 2a247d8e-5f71-4516-a2f2-7768e4d2ac13 ---
[2026-01-12T22:12:54.603Z] --- SERVIÇO: Buscando tags para a vaga 2b8c1009-6f71-4a00-82ad-d0ae4121933a ---
[2026-01-12T22:12:54.603Z] --- SERVIÇO: Buscando tags para a vaga 2bc2c17d-a2e9-4eba-bc37-1b2788c55ce9 ---
[2026-01-12T22:12:54.603Z] --- SERVIÇO: Buscando tags para a vaga 2bf8cf21-f6a4-4dea-b08f-68534e123b75 ---
[2026-01-12T22:12:54.603Z] --- SERVIÇO: Buscando tags para a vaga 2cb4f868-f797-42b7-ad10-a111bce78c81 ---
[2026-01-12T22:12:54.603Z] --- SERVIÇO: Buscando tags para a vaga 2cbcf9fb-be48-4840-9d1f-ea87787203e3 ---
[2026-01-12T22:12:54.603Z] --- SERVIÇO: Buscando tags para a vaga 2ce5c7e0-29cc-4b13-9f84-757887c847a7 ---
[2026-01-12T22:12:54.603Z] --- SERVIÇO: Buscando tags para a vaga 2db744bb-f359-4eb6-a319-3059ec161be5 ---
[2026-01-12T22:12:54.603Z] --- SERVIÇO: Buscando tags para a vaga 2e27e07c-a46f-4b47-b06c-6ad09de1541a ---
[2026-01-12T22:12:54.617Z] --- SERVIÇO: Buscando tags para a vaga 2e9b2e51-a864-4fb6-8501-42707c3a53ef ---
[2026-01-12T22:12:54.618Z] --- SERVIÇO: Buscando tags para a vaga 3150379a-7df2-465d-9347-a52d292e6d05 ---
[2026-01-12T22:12:54.618Z] --- SERVIÇO: Buscando tags para a vaga 3266ee48-79cb-4d45-9d3a-bcb0ef086569 ---
[2026-01-12T22:12:54.618Z] --- SERVIÇO: Buscando tags para a vaga 3306e92c-dc9e-47a0-8b24-438b310ce51a ---
[2026-01-12T22:12:54.618Z] --- SERVIÇO: Buscando tags para a vaga 3518b656-ce33-467a-be1f-2517cc8b0983 ---
[2026-01-12T22:12:54.618Z] --- SERVIÇO: Buscando tags para a vaga 35e7cc64-988c-4038-bf14-557a52ce72c8 ---
[2026-01-12T22:12:54.618Z] --- SERVIÇO: Buscando tags para a vaga 35f4346a-f575-47da-b210-e72b7c82bd68 ---
[2026-01-12T22:12:54.618Z] --- SERVIÇO: Buscando tags para a vaga 36246616-3b33-40e7-a13b-07461647a1af ---
[2026-01-12T22:12:54.618Z] --- SERVIÇO: Buscando tags para a vaga 3672c6af-0306-4df1-bbdd-f87442e4867b ---
[2026-01-12T22:12:54.618Z] --- SERVIÇO: Buscando tags para a vaga 37d72799-de1c-49b7-b594-32dcf3f56165 ---
[2026-01-12T22:12:54.618Z] --- SERVIÇO: Buscando tags para a vaga 3ad21787-de34-4af8-84f9-a48fc651e6e0 ---
[2026-01-12T22:12:54.619Z] --- SERVIÇO: Buscando tags para a vaga 3e00d7c2-a10a-4c16-aa01-115737031119 ---
[2026-01-12T22:12:54.619Z] --- SERVIÇO: Buscando tags para a vaga 3fa0ce0c-c82f-4606-a18f-8637a9d028ad ---
[2026-01-12T22:12:54.619Z] --- SERVIÇO: Buscando tags para a vaga 42b083cd-35ca-40cc-8886-2efff457eef7 ---
[2026-01-12T22:12:54.619Z] --- SERVIÇO: Buscando tags para a vaga 4531a001-3bd3-450c-965b-70c1da3a161e ---
[2026-01-12T22:12:54.619Z] --- SERVIÇO: Buscando tags para a vaga 466f3abd-50bd-49da-95b3-63c011d69385 ---
[2026-01-12T22:12:54.619Z] --- SERVIÇO: Buscando tags para a vaga 48419cea-f5d0-48a9-9e2f-32d275868d2a ---
[2026-01-12T22:12:54.619Z] --- SERVIÇO: Buscando tags para a vaga 48c7d8ca-bc43-4991-b901-4004b1d9ad68 ---
[2026-01-12T22:12:54.619Z] --- SERVIÇO: Buscando tags para a vaga 4a517f4c-baf4-45dc-86ab-606f9b799d17 ---
[2026-01-12T22:12:54.619Z] --- SERVIÇO: Buscando tags para a vaga 4b86e7b6-b76f-4f4b-b0ab-7c3a6873213b ---
[2026-01-12T22:12:54.619Z] --- SERVIÇO: Buscando tags para a vaga 4e052659-0bcb-44df-a8bb-94dd0a51a6fb ---
[2026-01-12T22:12:54.619Z] --- SERVIÇO: Buscando tags para a vaga 4ea77680-2259-477c-944c-3f7792aaf843 ---
[2026-01-12T22:12:54.619Z] --- SERVIÇO: Buscando tags para a vaga 4edb97eb-0611-4546-b901-731b92afab0c ---
[2026-01-12T22:12:54.619Z] --- SERVIÇO: Buscando tags para a vaga 4fffcb5c-962b-4f22-9703-7590e791be48 ---
[2026-01-12T22:12:54.619Z] --- SERVIÇO: Buscando tags para a vaga 50225e4a-e656-4671-9f30-39500578ece1 ---
[2026-01-12T22:12:54.619Z] --- SERVIÇO: Buscando tags para a vaga 53cefb70-7450-470b-a873-5ba48d95da84 ---
[2026-01-12T22:12:54.619Z] --- SERVIÇO: Buscando tags para a vaga 5505856a-c9c2-4b49-89eb-cf446e0c0629 ---
[2026-01-12T22:12:54.619Z] --- SERVIÇO: Buscando tags para a vaga 587d8ef0-bd3c-47ea-8ce6-e650cf6c527a ---
[2026-01-12T22:12:54.619Z] --- SERVIÇO: Buscando tags para a vaga 58951772-68fb-4324-8266-a47fe2be8e9d ---
[2026-01-12T22:12:54.620Z] --- SERVIÇO: Buscando tags para a vaga 5a8e7dd3-99a8-40ad-b441-ee06f58f7588 ---
[2026-01-12T22:12:54.620Z] --- SERVIÇO: Buscando tags para a vaga 5e78e517-13fd-47c7-83c7-6a33e14c4b63 ---
[2026-01-12T22:12:54.620Z] --- SERVIÇO: Buscando tags para a vaga 5fbebe8b-c092-4778-902e-8d193305f8f0 ---
[2026-01-12T22:12:54.620Z] --- SERVIÇO: Buscando tags para a vaga 604cbaca-96af-420d-98c3-55cee4995a1b ---
[2026-01-12T22:12:54.620Z] --- SERVIÇO: Buscando tags para a vaga 6075f3be-d885-4c32-9087-41d6eb798c93 ---
[2026-01-12T22:12:54.620Z] --- SERVIÇO: Buscando tags para a vaga 62583a4f-b749-414e-b544-9a307c40ac8c ---
[2026-01-12T22:12:54.620Z] --- SERVIÇO: Buscando tags para a vaga 62fb5e76-f6c2-4ec1-bfea-a4ff8557634c ---
[2026-01-12T22:12:54.620Z] --- SERVIÇO: Buscando tags para a vaga 666bd257-db76-400a-8100-1bfa9e356068 ---
[2026-01-12T22:12:54.620Z] --- SERVIÇO: Buscando tags para a vaga 66e073f2-37ce-4b27-9a6b-fdc5113fde6b ---
[2026-01-12T22:12:54.620Z] --- SERVIÇO: Buscando tags para a vaga 68cb2d53-21ec-45f3-a7e9-b5cb928ef79b ---
[2026-01-12T22:12:54.620Z] --- SERVIÇO: Buscando tags para a vaga 69b50fd3-4a4b-4081-8a4e-c6590504b7eb ---
[2026-01-12T22:12:54.620Z] --- SERVIÇO: Buscando tags para a vaga 69f0dfde-3439-4335-b3bc-cf0c41f613d9 ---
[2026-01-12T22:12:54.620Z] --- SERVIÇO: Buscando tags para a vaga 6b78bfff-00b0-4f45-b192-16c24d7c9d5f ---
[2026-01-12T22:12:54.620Z] --- SERVIÇO: Buscando tags para a vaga 6bff9d21-f95c-4928-b421-b2e79f39b85b ---
[2026-01-12T22:12:54.620Z] --- SERVIÇO: Buscando tags para a vaga 6c1511a0-6cd1-4028-be3c-3d033cd3ff41 ---
[2026-01-12T22:12:54.620Z] --- SERVIÇO: Buscando tags para a vaga 6ee0e457-5d3f-40e8-bd14-f8ab4d6f9c81 ---
[2026-01-12T22:12:54.620Z] --- SERVIÇO: Buscando tags para a vaga 6fe6f7f9-da78-4b27-88c7-b8adbadc5ae2 ---
[2026-01-12T22:12:54.620Z] --- SERVIÇO: Buscando tags para a vaga 71f23562-3ec7-49eb-bdf7-c839f0892745 ---
[2026-01-12T22:12:54.620Z] --- SERVIÇO: Buscando tags para a vaga 73636ab7-4474-4575-ac9b-ee08f032918a ---
[2026-01-12T22:12:54.620Z] --- SERVIÇO: Buscando tags para a vaga 7371002c-a20c-4885-8755-793f66ba1deb ---
[2026-01-12T22:12:54.620Z] --- SERVIÇO: Buscando tags para a vaga 73b65c4b-9848-43c1-b286-04dfdfe4a70f ---
[2026-01-12T22:12:54.620Z] --- SERVIÇO: Buscando tags para a vaga 7637003e-55c4-492b-9d40-eed2545b3a12 ---
[2026-01-12T22:12:54.620Z] --- SERVIÇO: Buscando tags para a vaga 764f8bad-1f99-408a-a845-79bb3bd79699 ---
[2026-01-12T22:12:54.620Z] --- SERVIÇO: Buscando tags para a vaga 76c93207-d2ca-4fb3-abad-94e7c36b3604 ---
[2026-01-12T22:12:54.620Z] --- SERVIÇO: Buscando tags para a vaga 76ee6b00-1bca-4ced-9f05-946753815c3c ---
[2026-01-12T22:12:54.620Z] --- SERVIÇO: Buscando tags para a vaga 781a8a0d-1cee-45b0-b25f-ff91e04f8eb3 ---
[2026-01-12T22:12:54.620Z] --- SERVIÇO: Buscando tags para a vaga 792a095b-b3ef-4eba-a6a2-a0a66d9a6129 ---
[2026-01-12T22:12:54.620Z] --- SERVIÇO: Buscando tags para a vaga 7945b7ff-3afc-4399-a52e-7ad3bb23e3f9 ---
[2026-01-12T22:12:54.620Z] --- SERVIÇO: Buscando tags para a vaga 812a8718-2cb7-4bad-bd68-e371bef16922 ---
[2026-01-12T22:12:54.621Z] --- SERVIÇO: Buscando tags para a vaga 84b11a17-31af-463e-9fb8-fc5f2463030d ---
[2026-01-12T22:12:54.621Z] --- SERVIÇO: Buscando tags para a vaga 8555a61a-3392-42fb-9072-d7805680ad92 ---
[2026-01-12T22:12:54.621Z] --- SERVIÇO: Buscando tags para a vaga 8629e6be-e251-453f-9493-e841351db50e ---
[2026-01-12T22:12:54.621Z] --- SERVIÇO: Buscando tags para a vaga 871d5a51-df59-437a-b78f-2ab4633292bf ---
[2026-01-12T22:12:54.621Z] --- SERVIÇO: Buscando tags para a vaga 882c0a08-d993-4cac-ad0a-5f38ea3e65e9 ---
[2026-01-12T22:12:54.621Z] --- SERVIÇO: Buscando tags para a vaga 8bff2734-de96-4dbd-a3da-371e00880a02 ---
[2026-01-12T22:12:54.621Z] --- SERVIÇO: Buscando tags para a vaga 8c1a6724-f397-4a03-95a7-d39e9c80cb30 ---
[2026-01-12T22:12:54.621Z] --- SERVIÇO: Buscando tags para a vaga 8c950fd0-b46f-4d85-bd5a-648e012c2937 ---
[2026-01-12T22:12:54.621Z] --- SERVIÇO: Buscando tags para a vaga 8d3a6d73-419d-4c5c-a385-ae20a61dc4a1 ---
[2026-01-12T22:12:54.621Z] --- SERVIÇO: Buscando tags para a vaga 983684cd-3191-4aa4-8a0f-d7d35c1f1469 ---
[2026-01-12T22:12:54.621Z] --- SERVIÇO: Buscando tags para a vaga 997894d1-5d61-4742-bb6c-8a9f9584dea0 ---
[2026-01-12T22:12:54.621Z] --- SERVIÇO: Buscando tags para a vaga 9acd00b2-fff2-46c4-b781-b6cc623d7266 ---
[2026-01-12T22:12:54.621Z] --- SERVIÇO: Buscando tags para a vaga 9cd89a17-1d89-4463-b05d-94b74024a965 ---
[2026-01-12T22:12:54.621Z] --- SERVIÇO: Buscando tags para a vaga 9e5ae1d3-7900-4046-9c97-91c1429fa348 ---
[2026-01-12T22:12:54.621Z] --- SERVIÇO: Buscando tags para a vaga 9eb409d5-61ce-456a-96df-880c81c180c7 ---
[2026-01-12T22:12:54.621Z] --- SERVIÇO: Buscando tags para a vaga a17ece41-6e89-40c5-bdbe-1963cc4129e6 ---
[2026-01-12T22:12:54.621Z] --- SERVIÇO: Buscando tags para a vaga a21274c4-32ba-4d05-9e0a-c7e6e35efe7f ---
[2026-01-12T22:12:54.621Z] --- SERVIÇO: Buscando tags para a vaga a28921e8-abbc-4b40-bed2-9fddb4079b3c ---
[2026-01-12T22:12:54.621Z] --- SERVIÇO: Buscando tags para a vaga a38150ac-23e0-45d8-add6-1217f41b881c ---
[2026-01-12T22:12:54.621Z] --- SERVIÇO: Buscando tags para a vaga a3a8f036-14d3-46c3-8744-213851ab0740 ---
[2026-01-12T22:12:54.621Z] --- SERVIÇO: Buscando tags para a vaga a3fe7418-1061-4227-a71e-8c5733a97bc9 ---
[2026-01-12T22:12:54.621Z] --- SERVIÇO: Buscando tags para a vaga a4d30c4c-ad22-4f05-a538-198826b91414 ---
[2026-01-12T22:12:54.621Z] --- SERVIÇO: Buscando tags para a vaga a7c5c7f8-dd68-4c17-bb29-8bd16a6b6e90 ---
[2026-01-12T22:12:54.621Z] --- SERVIÇO: Buscando tags para a vaga a9156217-6f67-43f3-ae2b-fe5f39e016a7 ---
[2026-01-12T22:12:54.621Z] --- SERVIÇO: Buscando tags para a vaga a9a62503-94f0-4e67-95ca-2d603fd9b78b ---
[2026-01-12T22:12:54.621Z] --- SERVIÇO: Buscando tags para a vaga ab1f7522-7466-4480-abe4-83c6e021761d ---
[2026-01-12T22:12:54.621Z] --- SERVIÇO: Buscando tags para a vaga ab4b6ff3-3d05-44fb-9806-ed1ca35c4c1b ---
[2026-01-12T22:12:54.621Z] --- SERVIÇO: Buscando tags para a vaga abfb09de-9bf6-43d8-b3f7-584e865a7420 ---
[2026-01-12T22:12:54.621Z] --- SERVIÇO: Buscando tags para a vaga adcc8425-b7b1-41a5-b9a1-5f559f9fa844 ---
[2026-01-12T22:12:54.621Z] --- SERVIÇO: Buscando tags para a vaga ae3a7e47-9acf-4e5e-89dc-0933da79ee49 ---
[2026-01-12T22:12:54.621Z] --- SERVIÇO: Buscando tags para a vaga aec9178e-2772-4226-b71a-8f67748f368e ---
[2026-01-12T22:12:54.622Z] --- SERVIÇO: Buscando tags para a vaga af024203-9fd6-40fd-ac69-05662eb045ec ---
[2026-01-12T22:12:54.622Z] --- SERVIÇO: Buscando tags para a vaga b0d6514a-d73d-49e6-905e-e2c16fb5dbe1 ---
[2026-01-12T22:12:54.622Z] --- SERVIÇO: Buscando tags para a vaga b18a8440-4514-405c-a31e-42c76e4de898 ---
[2026-01-12T22:12:54.622Z] --- SERVIÇO: Buscando tags para a vaga b335822e-5c67-4949-b87b-5d1ef1764d4a ---
[2026-01-12T22:12:54.622Z] --- SERVIÇO: Buscando tags para a vaga b34296e8-1def-4c29-b45a-8a081b925956 ---
[2026-01-12T22:12:54.622Z] --- SERVIÇO: Buscando tags para a vaga b381a667-0d32-47c5-92a3-1fd1e7fa5393 ---
[2026-01-12T22:12:54.622Z] --- SERVIÇO: Buscando tags para a vaga b3a3e8cf-3cd1-4059-a656-9ffedb098d60 ---
[2026-01-12T22:12:54.622Z] --- SERVIÇO: Buscando tags para a vaga b508f8e4-6c60-434a-9d01-6a0e6239548d ---
[2026-01-12T22:12:54.622Z] --- SERVIÇO: Buscando tags para a vaga b63048e4-5224-4e3f-982a-dd4ec8c53c04 ---
[2026-01-12T22:12:54.622Z] --- SERVIÇO: Buscando tags para a vaga b683cad9-ea1c-4075-96f5-b58ee4fa332e ---
[2026-01-12T22:12:54.622Z] --- SERVIÇO: Buscando tags para a vaga b6b44e51-df22-4ae3-9d20-f3ec57dc8086 ---
[2026-01-12T22:12:54.622Z] --- SERVIÇO: Buscando tags para a vaga b75c0e83-d035-49d8-a9c1-86dfb2c3c78e ---
[2026-01-12T22:12:54.622Z] --- SERVIÇO: Buscando tags para a vaga b7a9bf6d-4bb7-475b-acb1-d00b623d11cf ---
[2026-01-12T22:12:54.622Z] --- SERVIÇO: Buscando tags para a vaga b8e04f6a-8e2d-43c7-b25e-a54b807dc329 ---
[2026-01-12T22:12:54.622Z] --- SERVIÇO: Buscando tags para a vaga ba07cc99-ee2b-4b4c-9781-977690ee888d ---
[2026-01-12T22:12:54.622Z] --- SERVIÇO: Buscando tags para a vaga bb3160a4-1d6e-4c27-8a3e-10012501159b ---
[2026-01-12T22:12:54.622Z] --- SERVIÇO: Buscando tags para a vaga bb5eec13-15ec-434b-946a-b1793a46914b ---
[2026-01-12T22:12:54.622Z] --- SERVIÇO: Buscando tags para a vaga bc97677e-f4ff-4bef-bfe6-941b3193c3b0 ---
[2026-01-12T22:12:54.622Z] --- SERVIÇO: Buscando tags para a vaga bd33935e-d096-4eb2-bc72-723b12423f0d ---
[2026-01-12T22:12:54.622Z] --- SERVIÇO: Buscando tags para a vaga be2692a9-1dca-486d-a802-5ce412dc7a8e ---
[2026-01-12T22:12:54.622Z] --- SERVIÇO: Buscando tags para a vaga be439c0f-69e6-4606-8c75-f0556b6fb72d ---
[2026-01-12T22:12:54.622Z] --- SERVIÇO: Buscando tags para a vaga be766298-eaaf-493f-9884-783856a1575f ---
[2026-01-12T22:12:54.622Z] --- SERVIÇO: Buscando tags para a vaga bee80d70-f0cb-4eab-9b60-da7e2375cff8 ---
[2026-01-12T22:12:54.622Z] --- SERVIÇO: Buscando tags para a vaga bfc0de30-6c0f-4d47-94fe-0a3b137d1032 ---
[2026-01-12T22:12:54.622Z] --- SERVIÇO: Buscando tags para a vaga c2565fd3-47a2-496c-9a5a-1778b3a40bf2 ---
[2026-01-12T22:12:54.622Z] --- SERVIÇO: Buscando tags para a vaga c4070a66-63c5-405c-b1e3-441b92bb43a4 ---
[2026-01-12T22:12:54.622Z] --- SERVIÇO: Buscando tags para a vaga c47273b3-1435-4d56-9389-39c47f3aa6a3 ---
[2026-01-12T22:12:54.622Z] --- SERVIÇO: Buscando tags para a vaga c52b4b74-26c4-4dfb-ab95-96c2ffb9c866 ---
[2026-01-12T22:12:54.622Z] --- SERVIÇO: Buscando tags para a vaga c709ca23-54be-49f1-b4d5-eb02601ffd6d ---
[2026-01-12T22:12:54.622Z] --- SERVIÇO: Buscando tags para a vaga c9745ee1-aeea-4868-b13c-4a2b914e8e77 ---
[2026-01-12T22:12:54.622Z] --- SERVIÇO: Buscando tags para a vaga ccbf5f24-7ef8-43b5-8dbb-423b39b21d50 ---
[2026-01-12T22:12:54.623Z] --- SERVIÇO: Buscando tags para a vaga cdea6c2f-2269-43cc-84ea-fe0e25b5e54d ---
[2026-01-12T22:12:54.623Z] --- SERVIÇO: Buscando tags para a vaga cf5e8f77-4527-4432-a281-86e21c186077 ---
[2026-01-12T22:12:54.623Z] --- SERVIÇO: Buscando tags para a vaga cf62ef85-5b6a-4b33-96e2-e3300f8a768a ---
[2026-01-12T22:12:54.623Z] --- SERVIÇO: Buscando tags para a vaga cfa194c4-bf08-4a1a-a264-c41470216bd9 ---
[2026-01-12T22:12:54.623Z] --- SERVIÇO: Buscando tags para a vaga d0b95540-7927-49ed-8d5b-844e4fa6453c ---
[2026-01-12T22:12:54.623Z] --- SERVIÇO: Buscando tags para a vaga d0c27dd1-ba64-4b09-b9cf-a4c406314e63 ---
[2026-01-12T22:12:54.646Z] --- SERVIÇO: Buscando tags para a vaga d166490e-2a11-4c8c-ba4e-d8a8d5a81358 ---
[2026-01-12T22:12:54.646Z] --- SERVIÇO: Buscando tags para a vaga d3fc787b-2632-484e-979b-ed27ad981770 ---
[2026-01-12T22:12:54.647Z] --- SERVIÇO: Buscando tags para a vaga d6b89b2c-20c2-41bf-bd91-d126bbbb0f5c ---
[2026-01-12T22:12:54.647Z] --- SERVIÇO: Buscando tags para a vaga d773d309-13af-4a7c-a56c-c74ea2767f84 ---
[2026-01-12T22:12:54.647Z] --- SERVIÇO: Buscando tags para a vaga d780f1b1-9a14-4f2c-8517-39febde65ba4 ---
[2026-01-12T22:12:54.647Z] --- SERVIÇO: Buscando tags para a vaga d8dca707-4a10-4554-bd57-3423565aebf3 ---
[2026-01-12T22:12:54.647Z] --- SERVIÇO: Buscando tags para a vaga da8ee7b6-3cca-41e0-8496-1e7d784dea5c ---
[2026-01-12T22:12:54.647Z] --- SERVIÇO: Buscando tags para a vaga db58afee-aa79-44d7-b01a-084c08ac9ffc ---
[2026-01-12T22:12:54.647Z] --- SERVIÇO: Buscando tags para a vaga dd9b4e38-c7a3-4453-a912-6cc7b4e542dd ---
[2026-01-12T22:12:54.647Z] --- SERVIÇO: Buscando tags para a vaga ddc9f50c-b15c-497d-a740-bd682de6e982 ---
[2026-01-12T22:12:54.648Z] --- SERVIÇO: Buscando tags para a vaga de32cf73-deb2-46a7-a78b-05a0427cbfe6 ---
[2026-01-12T22:12:54.648Z] --- SERVIÇO: Buscando tags para a vaga df4f7c2e-8f9a-464a-b5cd-ecb105cfd6cb ---
[2026-01-12T22:12:54.648Z] --- SERVIÇO: Buscando tags para a vaga e3300c6a-ffcf-4b70-b147-97012871bb99 ---
[2026-01-12T22:12:54.653Z] --- SERVIÇO: Buscando tags para a vaga e3643e48-0d7c-4989-916f-fe7659d98a33 ---
[2026-01-12T22:12:54.653Z] --- SERVIÇO: Buscando tags para a vaga e3e6ab23-7e2e-4539-ba23-922599a99718 ---
[2026-01-12T22:12:54.653Z] --- SERVIÇO: Buscando tags para a vaga e4f3e42b-6b05-40dc-8659-a81504410e9b ---
[2026-01-12T22:12:54.653Z] --- SERVIÇO: Buscando tags para a vaga e681b432-3bbe-4ae9-b8e4-f2e86d3d11c6 ---
[2026-01-12T22:12:54.653Z] --- SERVIÇO: Buscando tags para a vaga e68c4f98-5623-4108-a8f2-b8252a1e5363 ---
[2026-01-12T22:12:54.653Z] --- SERVIÇO: Buscando tags para a vaga e8e05409-1d79-449e-9bd5-8766914f9cb9 ---
[2026-01-12T22:12:54.653Z] --- SERVIÇO: Buscando tags para a vaga e8ef0e45-f2c9-4dfc-a026-213cad983ec8 ---
[2026-01-12T22:12:54.653Z] --- SERVIÇO: Buscando tags para a vaga e9f9d0de-7dea-4c59-9078-3c63136d2c3d ---
[2026-01-12T22:12:54.653Z] --- SERVIÇO: Buscando tags para a vaga eb6ceb2b-7ff6-4365-9fa4-67ea175d8f5a ---
[2026-01-12T22:12:54.653Z] --- SERVIÇO: Buscando tags para a vaga eb987d00-3669-416c-afd6-f299f2106f09 ---
[2026-01-12T22:12:54.654Z] --- SERVIÇO: Buscando tags para a vaga ebfc702b-fe2b-4256-9a71-9f29927aebf0 ---
[2026-01-12T22:12:54.654Z] --- SERVIÇO: Buscando tags para a vaga eed56da4-5ad6-495e-8c53-5205d7ecbf8b ---
[2026-01-12T22:12:54.654Z] --- SERVIÇO: Buscando tags para a vaga ef7e90f9-09ed-497c-a74a-35464f8ff4e0 ---
[2026-01-12T22:12:54.654Z] --- SERVIÇO: Buscando tags para a vaga f02d9412-b27a-42d6-b021-22baa32446b1 ---
[2026-01-12T22:12:54.654Z] --- SERVIÇO: Buscando tags para a vaga f19ffe30-c39c-49e5-b9db-7d7533ae8b7e ---
[2026-01-12T22:12:54.654Z] --- SERVIÇO: Buscando tags para a vaga f294572b-b7cf-468b-bf7a-4381da0d33b0 ---
[2026-01-12T22:12:54.654Z] --- SERVIÇO: Buscando tags para a vaga f2cebfcd-1a4f-43d5-b082-c0849853ddbc ---
[2026-01-12T22:12:54.654Z] --- SERVIÇO: Buscando tags para a vaga f31cde87-5872-42dc-b34c-c4604a679e95 ---
[2026-01-12T22:12:54.654Z] --- SERVIÇO: Buscando tags para a vaga f354323d-be6c-42ee-8341-3cf00a5ba7f1 ---
[2026-01-12T22:12:54.654Z] --- SERVIÇO: Buscando tags para a vaga f3c4bffb-3043-4b9a-9c4b-846d1ea394d4 ---
[2026-01-12T22:12:54.654Z] --- SERVIÇO: Buscando tags para a vaga f71b7bab-ec59-4b45-8cb1-53d0497256c5 ---
[2026-01-12T22:12:54.654Z] --- SERVIÇO: Buscando tags para a vaga f71ee2bd-27ec-4e54-8bd7-1c88d6841244 ---
[2026-01-12T22:12:54.654Z] --- SERVIÇO: Buscando tags para a vaga f84ee05c-b0f8-4835-8e57-0e7c12705119 ---
[2026-01-12T22:12:54.654Z] --- SERVIÇO: Buscando tags para a vaga f8a46ee0-7d89-48bd-8c89-3f209d6a19bf ---
[2026-01-12T22:12:54.654Z] --- SERVIÇO: Buscando tags para a vaga fa721cb8-4af5-4340-b46e-5e8708f28f33 ---
[2026-01-12T22:12:54.654Z] --- SERVIÇO: Buscando tags para a vaga fb54fa05-e2bf-41b4-8adb-2e59fa0d3916 ---
[2026-01-12T22:12:54.654Z] --- SERVIÇO: Buscando tags para a vaga fd534c00-0776-4981-9a48-530a813cd7f7 ---
[2026-01-12T22:12:55.411Z] Buscando uma página de talentos (limite de 100).
[2026-01-12T22:12:56.438Z] Buscando uma página de talentos (limite de 100).
[2026-01-12T22:12:57.690Z] Buscando uma página de talentos (limite de 100).
[2026-01-12T22:13:00.953Z] Buscando uma página de talentos (limite de 100).
[2026-01-12T22:13:02.477Z] Buscando uma página de talentos (limite de 100).
[2026-01-12T22:13:03.621Z] Buscando uma página de talentos (limite de 100).
[2026-01-12T22:13:04.758Z] Buscando uma página de talentos (limite de 100).
[2026-01-12T22:13:09.277Z] Buscando uma página de talentos (limite de 100).
[2026-01-12T22:13:19.626Z] Buscando uma página de talentos (limite de 100).
[2026-01-12T22:13:30.760Z] Buscando uma página de talentos (limite de 100).
[2026-01-12T22:13:32.990Z] Buscando uma página de talentos (limite de 100).
[2026-01-12T22:13:34.183Z] Buscando uma página de talentos (limite de 100).
[2026-01-12T22:13:40.329Z] --- ORQUESTRADOR (SYNC): Buscando e enriquecendo todas as vagas ---
[2026-01-12T22:13:40.354Z] --- SERVIÇO: Buscando TODAS as vagas com paginação interna ---
[2026-01-12T22:13:40.827Z] Buscando uma página de talentos (limite de 100).
[2026-01-12T22:13:41.662Z] Buscando uma página de talentos (limite de 100).
[2026-01-12T22:13:41.789Z] Página de vagas recebida. Chave para a próxima página encontrada. Total atual: 100
[2026-01-12T22:13:44.199Z] Página de vagas recebida. Chave para a próxima página encontrada. Total atual: 200
[2026-01-12T22:13:45.247Z] Buscando uma página de talentos (limite de 100).
[2026-01-12T22:13:45.622Z] Busca completa. Total final de 206 vagas carregadas da API.
[2026-01-12T22:13:45.654Z] DEBUG: Dados salvos com sucesso em "/Users/patricksiqueira/PEOPLE/api-people/debug_logs/all_jobs_raw_1768256025633.txt"
[2026-01-12T22:13:45.656Z] --- SERVIÇO: Buscando tags para a vaga 010b9be5-e7a6-4bef-bf00-07b6b4a2e787 ---
[2026-01-12T22:13:45.660Z] --- SERVIÇO: Buscando tags para a vaga 01eb8c12-9d27-4d24-8924-e00e3312a549 ---
[2026-01-12T22:13:45.661Z] --- SERVIÇO: Buscando tags para a vaga 02036b7c-7e4e-4da4-94c4-4e0411046210 ---
[2026-01-12T22:13:45.661Z] --- SERVIÇO: Buscando tags para a vaga 038f7c8c-0ad0-4489-9019-f1f320c10a94 ---
[2026-01-12T22:13:45.661Z] --- SERVIÇO: Buscando tags para a vaga 0713cef6-067b-46dd-90f6-9d6d1e70efb2 ---
[2026-01-12T22:13:45.661Z] --- SERVIÇO: Buscando tags para a vaga 087fa08a-3f9b-4f89-8abd-ed0a8ffb32aa ---
[2026-01-12T22:13:45.661Z] --- SERVIÇO: Buscando tags para a vaga 09c2edda-64b4-41e1-8580-73c6b2e03d64 ---
[2026-01-12T22:13:45.661Z] --- SERVIÇO: Buscando tags para a vaga 0b2a0725-363b-4a25-a95f-658f93451a17 ---
[2026-01-12T22:13:45.661Z] --- SERVIÇO: Buscando tags para a vaga 0e3ad5ba-5f6b-48a9-91b0-d02402d2039e ---
[2026-01-12T22:13:45.661Z] --- SERVIÇO: Buscando tags para a vaga 0f57a077-a7ad-4665-8d59-76ab585fd594 ---
[2026-01-12T22:13:45.662Z] --- SERVIÇO: Buscando tags para a vaga 103725bc-95a8-4a2a-a7dd-a07dd432f599 ---
[2026-01-12T22:13:45.662Z] --- SERVIÇO: Buscando tags para a vaga 1061f8b2-c706-473d-b7f9-d1f129c50797 ---
[2026-01-12T22:13:45.662Z] --- SERVIÇO: Buscando tags para a vaga 110cafa9-71a1-43b3-b3d3-02315a6cab75 ---
[2026-01-12T22:13:45.662Z] --- SERVIÇO: Buscando tags para a vaga 1199197f-ad3f-49fb-b59d-e8993669d8bf ---
[2026-01-12T22:13:45.662Z] --- SERVIÇO: Buscando tags para a vaga 12d01928-a53b-416a-a122-2a7779ba2d34 ---
[2026-01-12T22:13:45.662Z] --- SERVIÇO: Buscando tags para a vaga 12d66e5d-8f00-4e59-aefa-261fadae8747 ---
[2026-01-12T22:13:45.662Z] --- SERVIÇO: Buscando tags para a vaga 12df898d-45bf-487a-bb44-f0d6b52abb93 ---
[2026-01-12T22:13:45.662Z] --- SERVIÇO: Buscando tags para a vaga 1432c3df-44a3-45da-a7a7-8b8cfcb8a2a8 ---
[2026-01-12T22:13:45.662Z] --- SERVIÇO: Buscando tags para a vaga 198081f8-53cc-455a-834a-6467f07ce5a4 ---
[2026-01-12T22:13:45.662Z] --- SERVIÇO: Buscando tags para a vaga 19a031ab-f6f1-4bac-9b3f-49453b88e747 ---
[2026-01-12T22:13:45.662Z] --- SERVIÇO: Buscando tags para a vaga 1b25ccbf-ce03-4599-ab6b-c6574f8b51a9 ---
[2026-01-12T22:13:45.662Z] --- SERVIÇO: Buscando tags para a vaga 1dabe24a-55f3-4143-baa3-beb26a5ea825 ---
[2026-01-12T22:13:45.662Z] --- SERVIÇO: Buscando tags para a vaga 21370dcd-11c3-4d02-b8c2-795c1f7302ca ---
[2026-01-12T22:13:45.662Z] --- SERVIÇO: Buscando tags para a vaga 216e0e8d-2373-4449-bf8e-3e304555a918 ---
[2026-01-12T22:13:45.662Z] --- SERVIÇO: Buscando tags para a vaga 21cb7be5-7c24-4c31-9b68-e01c598f0b29 ---
[2026-01-12T22:13:45.662Z] --- SERVIÇO: Buscando tags para a vaga 22abe01d-7c71-47fb-9631-c1e7af0adda9 ---
[2026-01-12T22:13:45.662Z] --- SERVIÇO: Buscando tags para a vaga 24df6510-fc44-48e7-b72b-b0722c51ada9 ---
[2026-01-12T22:13:45.662Z] --- SERVIÇO: Buscando tags para a vaga 27057a67-dc99-4561-8fbb-2c01d0f95664 ---
[2026-01-12T22:13:45.662Z] --- SERVIÇO: Buscando tags para a vaga 28890951-c5c2-4172-8ffc-00b2c087f26d ---
[2026-01-12T22:13:45.662Z] --- SERVIÇO: Buscando tags para a vaga 28ada291-0f0a-4f88-8c21-d4399fccf2ea ---
[2026-01-12T22:13:45.662Z] --- SERVIÇO: Buscando tags para a vaga 28b18b11-ffd6-4a4c-8792-52625979eec6 ---
[2026-01-12T22:13:45.662Z] --- SERVIÇO: Buscando tags para a vaga 2a247d8e-5f71-4516-a2f2-7768e4d2ac13 ---
[2026-01-12T22:13:45.662Z] --- SERVIÇO: Buscando tags para a vaga 2b8c1009-6f71-4a00-82ad-d0ae4121933a ---
[2026-01-12T22:13:45.662Z] --- SERVIÇO: Buscando tags para a vaga 2bc2c17d-a2e9-4eba-bc37-1b2788c55ce9 ---
[2026-01-12T22:13:45.663Z] --- SERVIÇO: Buscando tags para a vaga 2bf8cf21-f6a4-4dea-b08f-68534e123b75 ---
[2026-01-12T22:13:45.663Z] --- SERVIÇO: Buscando tags para a vaga 2cb4f868-f797-42b7-ad10-a111bce78c81 ---
[2026-01-12T22:13:45.663Z] --- SERVIÇO: Buscando tags para a vaga 2cbcf9fb-be48-4840-9d1f-ea87787203e3 ---
[2026-01-12T22:13:45.663Z] --- SERVIÇO: Buscando tags para a vaga 2ce5c7e0-29cc-4b13-9f84-757887c847a7 ---
[2026-01-12T22:13:45.663Z] --- SERVIÇO: Buscando tags para a vaga 2db744bb-f359-4eb6-a319-3059ec161be5 ---
[2026-01-12T22:13:45.663Z] --- SERVIÇO: Buscando tags para a vaga 2e27e07c-a46f-4b47-b06c-6ad09de1541a ---
[2026-01-12T22:13:45.663Z] --- SERVIÇO: Buscando tags para a vaga 2e9b2e51-a864-4fb6-8501-42707c3a53ef ---
[2026-01-12T22:13:45.665Z] --- SERVIÇO: Buscando tags para a vaga 3150379a-7df2-465d-9347-a52d292e6d05 ---
[2026-01-12T22:13:45.665Z] --- SERVIÇO: Buscando tags para a vaga 3266ee48-79cb-4d45-9d3a-bcb0ef086569 ---
[2026-01-12T22:13:45.665Z] --- SERVIÇO: Buscando tags para a vaga 3306e92c-dc9e-47a0-8b24-438b310ce51a ---
[2026-01-12T22:13:45.665Z] --- SERVIÇO: Buscando tags para a vaga 3518b656-ce33-467a-be1f-2517cc8b0983 ---
[2026-01-12T22:13:45.666Z] --- SERVIÇO: Buscando tags para a vaga 35e7cc64-988c-4038-bf14-557a52ce72c8 ---
[2026-01-12T22:13:45.666Z] --- SERVIÇO: Buscando tags para a vaga 35f4346a-f575-47da-b210-e72b7c82bd68 ---
[2026-01-12T22:13:45.666Z] --- SERVIÇO: Buscando tags para a vaga 36246616-3b33-40e7-a13b-07461647a1af ---
[2026-01-12T22:13:45.666Z] --- SERVIÇO: Buscando tags para a vaga 3672c6af-0306-4df1-bbdd-f87442e4867b ---
[2026-01-12T22:13:45.666Z] --- SERVIÇO: Buscando tags para a vaga 37d72799-de1c-49b7-b594-32dcf3f56165 ---
[2026-01-12T22:13:45.667Z] --- SERVIÇO: Buscando tags para a vaga 3ad21787-de34-4af8-84f9-a48fc651e6e0 ---
[2026-01-12T22:13:45.667Z] --- SERVIÇO: Buscando tags para a vaga 3e00d7c2-a10a-4c16-aa01-115737031119 ---
[2026-01-12T22:13:45.667Z] --- SERVIÇO: Buscando tags para a vaga 3fa0ce0c-c82f-4606-a18f-8637a9d028ad ---
[2026-01-12T22:13:45.667Z] --- SERVIÇO: Buscando tags para a vaga 42b083cd-35ca-40cc-8886-2efff457eef7 ---
[2026-01-12T22:13:45.667Z] --- SERVIÇO: Buscando tags para a vaga 4531a001-3bd3-450c-965b-70c1da3a161e ---
[2026-01-12T22:13:45.667Z] --- SERVIÇO: Buscando tags para a vaga 466f3abd-50bd-49da-95b3-63c011d69385 ---
[2026-01-12T22:13:45.667Z] --- SERVIÇO: Buscando tags para a vaga 48419cea-f5d0-48a9-9e2f-32d275868d2a ---
[2026-01-12T22:13:45.669Z] --- SERVIÇO: Buscando tags para a vaga 48c7d8ca-bc43-4991-b901-4004b1d9ad68 ---
[2026-01-12T22:13:45.669Z] --- SERVIÇO: Buscando tags para a vaga 4a517f4c-baf4-45dc-86ab-606f9b799d17 ---
[2026-01-12T22:13:45.669Z] --- SERVIÇO: Buscando tags para a vaga 4b86e7b6-b76f-4f4b-b0ab-7c3a6873213b ---
[2026-01-12T22:13:45.672Z] --- SERVIÇO: Buscando tags para a vaga 4e052659-0bcb-44df-a8bb-94dd0a51a6fb ---
[2026-01-12T22:13:45.672Z] --- SERVIÇO: Buscando tags para a vaga 4ea77680-2259-477c-944c-3f7792aaf843 ---
[2026-01-12T22:13:45.672Z] --- SERVIÇO: Buscando tags para a vaga 4edb97eb-0611-4546-b901-731b92afab0c ---
[2026-01-12T22:13:45.672Z] --- SERVIÇO: Buscando tags para a vaga 4fffcb5c-962b-4f22-9703-7590e791be48 ---
[2026-01-12T22:13:45.730Z] --- SERVIÇO: Buscando tags para a vaga 50225e4a-e656-4671-9f30-39500578ece1 ---
[2026-01-12T22:13:45.734Z] --- SERVIÇO: Buscando tags para a vaga 53cefb70-7450-470b-a873-5ba48d95da84 ---
[2026-01-12T22:13:45.735Z] --- SERVIÇO: Buscando tags para a vaga 5505856a-c9c2-4b49-89eb-cf446e0c0629 ---
[2026-01-12T22:13:45.735Z] --- SERVIÇO: Buscando tags para a vaga 587d8ef0-bd3c-47ea-8ce6-e650cf6c527a ---
[2026-01-12T22:13:45.735Z] --- SERVIÇO: Buscando tags para a vaga 58951772-68fb-4324-8266-a47fe2be8e9d ---
[2026-01-12T22:13:45.735Z] --- SERVIÇO: Buscando tags para a vaga 5a8e7dd3-99a8-40ad-b441-ee06f58f7588 ---
[2026-01-12T22:13:45.735Z] --- SERVIÇO: Buscando tags para a vaga 5e78e517-13fd-47c7-83c7-6a33e14c4b63 ---
[2026-01-12T22:13:45.735Z] --- SERVIÇO: Buscando tags para a vaga 5fbebe8b-c092-4778-902e-8d193305f8f0 ---
[2026-01-12T22:13:45.735Z] --- SERVIÇO: Buscando tags para a vaga 604cbaca-96af-420d-98c3-55cee4995a1b ---
[2026-01-12T22:13:45.742Z] --- SERVIÇO: Buscando tags para a vaga 6075f3be-d885-4c32-9087-41d6eb798c93 ---
[2026-01-12T22:13:45.744Z] --- SERVIÇO: Buscando tags para a vaga 62583a4f-b749-414e-b544-9a307c40ac8c ---
[2026-01-12T22:13:45.746Z] --- SERVIÇO: Buscando tags para a vaga 62fb5e76-f6c2-4ec1-bfea-a4ff8557634c ---
[2026-01-12T22:13:45.746Z] --- SERVIÇO: Buscando tags para a vaga 666bd257-db76-400a-8100-1bfa9e356068 ---
[2026-01-12T22:13:45.746Z] --- SERVIÇO: Buscando tags para a vaga 66e073f2-37ce-4b27-9a6b-fdc5113fde6b ---
[2026-01-12T22:13:45.747Z] --- SERVIÇO: Buscando tags para a vaga 68cb2d53-21ec-45f3-a7e9-b5cb928ef79b ---
[2026-01-12T22:13:45.748Z] --- SERVIÇO: Buscando tags para a vaga 69b50fd3-4a4b-4081-8a4e-c6590504b7eb ---
[2026-01-12T22:13:45.748Z] --- SERVIÇO: Buscando tags para a vaga 69f0dfde-3439-4335-b3bc-cf0c41f613d9 ---
[2026-01-12T22:13:45.748Z] --- SERVIÇO: Buscando tags para a vaga 6b78bfff-00b0-4f45-b192-16c24d7c9d5f ---
[2026-01-12T22:13:45.749Z] --- SERVIÇO: Buscando tags para a vaga 6bff9d21-f95c-4928-b421-b2e79f39b85b ---
[2026-01-12T22:13:45.749Z] --- SERVIÇO: Buscando tags para a vaga 6c1511a0-6cd1-4028-be3c-3d033cd3ff41 ---
[2026-01-12T22:13:45.749Z] --- SERVIÇO: Buscando tags para a vaga 6ee0e457-5d3f-40e8-bd14-f8ab4d6f9c81 ---
[2026-01-12T22:13:45.750Z] --- SERVIÇO: Buscando tags para a vaga 6fe6f7f9-da78-4b27-88c7-b8adbadc5ae2 ---
[2026-01-12T22:13:45.750Z] --- SERVIÇO: Buscando tags para a vaga 71f23562-3ec7-49eb-bdf7-c839f0892745 ---
[2026-01-12T22:13:45.750Z] --- SERVIÇO: Buscando tags para a vaga 73636ab7-4474-4575-ac9b-ee08f032918a ---
[2026-01-12T22:13:45.750Z] --- SERVIÇO: Buscando tags para a vaga 7371002c-a20c-4885-8755-793f66ba1deb ---
[2026-01-12T22:13:45.750Z] --- SERVIÇO: Buscando tags para a vaga 73b65c4b-9848-43c1-b286-04dfdfe4a70f ---
[2026-01-12T22:13:45.750Z] --- SERVIÇO: Buscando tags para a vaga 7637003e-55c4-492b-9d40-eed2545b3a12 ---
[2026-01-12T22:13:45.750Z] --- SERVIÇO: Buscando tags para a vaga 764f8bad-1f99-408a-a845-79bb3bd79699 ---
[2026-01-12T22:13:45.750Z] --- SERVIÇO: Buscando tags para a vaga 76c93207-d2ca-4fb3-abad-94e7c36b3604 ---
[2026-01-12T22:13:45.750Z] --- SERVIÇO: Buscando tags para a vaga 76ee6b00-1bca-4ced-9f05-946753815c3c ---
[2026-01-12T22:13:45.751Z] --- SERVIÇO: Buscando tags para a vaga 781a8a0d-1cee-45b0-b25f-ff91e04f8eb3 ---
[2026-01-12T22:13:45.751Z] --- SERVIÇO: Buscando tags para a vaga 792a095b-b3ef-4eba-a6a2-a0a66d9a6129 ---
[2026-01-12T22:13:45.751Z] --- SERVIÇO: Buscando tags para a vaga 7945b7ff-3afc-4399-a52e-7ad3bb23e3f9 ---
[2026-01-12T22:13:45.753Z] --- SERVIÇO: Buscando tags para a vaga 812a8718-2cb7-4bad-bd68-e371bef16922 ---
[2026-01-12T22:13:45.756Z] --- SERVIÇO: Buscando tags para a vaga 84b11a17-31af-463e-9fb8-fc5f2463030d ---
[2026-01-12T22:13:45.757Z] --- SERVIÇO: Buscando tags para a vaga 8555a61a-3392-42fb-9072-d7805680ad92 ---
[2026-01-12T22:13:45.758Z] --- SERVIÇO: Buscando tags para a vaga 8629e6be-e251-453f-9493-e841351db50e ---
[2026-01-12T22:13:45.758Z] --- SERVIÇO: Buscando tags para a vaga 871d5a51-df59-437a-b78f-2ab4633292bf ---
[2026-01-12T22:13:45.759Z] --- SERVIÇO: Buscando tags para a vaga 882c0a08-d993-4cac-ad0a-5f38ea3e65e9 ---
[2026-01-12T22:13:45.759Z] --- SERVIÇO: Buscando tags para a vaga 8bff2734-de96-4dbd-a3da-371e00880a02 ---
[2026-01-12T22:13:45.760Z] --- SERVIÇO: Buscando tags para a vaga 8c1a6724-f397-4a03-95a7-d39e9c80cb30 ---
[2026-01-12T22:13:45.760Z] --- SERVIÇO: Buscando tags para a vaga 8c950fd0-b46f-4d85-bd5a-648e012c2937 ---
[2026-01-12T22:13:45.761Z] --- SERVIÇO: Buscando tags para a vaga 8d3a6d73-419d-4c5c-a385-ae20a61dc4a1 ---
[2026-01-12T22:13:45.762Z] --- SERVIÇO: Buscando tags para a vaga 983684cd-3191-4aa4-8a0f-d7d35c1f1469 ---
[2026-01-12T22:13:45.762Z] --- SERVIÇO: Buscando tags para a vaga 997894d1-5d61-4742-bb6c-8a9f9584dea0 ---
[2026-01-12T22:13:45.762Z] --- SERVIÇO: Buscando tags para a vaga 9acd00b2-fff2-46c4-b781-b6cc623d7266 ---
[2026-01-12T22:13:45.763Z] --- SERVIÇO: Buscando tags para a vaga 9cd89a17-1d89-4463-b05d-94b74024a965 ---
[2026-01-12T22:13:45.783Z] --- SERVIÇO: Buscando tags para a vaga 9e5ae1d3-7900-4046-9c97-91c1429fa348 ---
[2026-01-12T22:13:45.784Z] --- SERVIÇO: Buscando tags para a vaga 9eb409d5-61ce-456a-96df-880c81c180c7 ---
[2026-01-12T22:13:45.784Z] --- SERVIÇO: Buscando tags para a vaga a17ece41-6e89-40c5-bdbe-1963cc4129e6 ---
[2026-01-12T22:13:45.784Z] --- SERVIÇO: Buscando tags para a vaga a21274c4-32ba-4d05-9e0a-c7e6e35efe7f ---
[2026-01-12T22:13:45.785Z] --- SERVIÇO: Buscando tags para a vaga a28921e8-abbc-4b40-bed2-9fddb4079b3c ---
[2026-01-12T22:13:45.785Z] --- SERVIÇO: Buscando tags para a vaga a38150ac-23e0-45d8-add6-1217f41b881c ---
[2026-01-12T22:13:45.786Z] --- SERVIÇO: Buscando tags para a vaga a3a8f036-14d3-46c3-8744-213851ab0740 ---
[2026-01-12T22:13:45.786Z] --- SERVIÇO: Buscando tags para a vaga a3fe7418-1061-4227-a71e-8c5733a97bc9 ---
[2026-01-12T22:13:45.786Z] --- SERVIÇO: Buscando tags para a vaga a4d30c4c-ad22-4f05-a538-198826b91414 ---
[2026-01-12T22:13:45.786Z] --- SERVIÇO: Buscando tags para a vaga a7c5c7f8-dd68-4c17-bb29-8bd16a6b6e90 ---
[2026-01-12T22:13:45.786Z] --- SERVIÇO: Buscando tags para a vaga a9156217-6f67-43f3-ae2b-fe5f39e016a7 ---
[2026-01-12T22:13:45.786Z] --- SERVIÇO: Buscando tags para a vaga a9a62503-94f0-4e67-95ca-2d603fd9b78b ---
[2026-01-12T22:13:45.786Z] --- SERVIÇO: Buscando tags para a vaga ab1f7522-7466-4480-abe4-83c6e021761d ---
[2026-01-12T22:13:45.788Z] --- SERVIÇO: Buscando tags para a vaga ab4b6ff3-3d05-44fb-9806-ed1ca35c4c1b ---
[2026-01-12T22:13:45.832Z] --- SERVIÇO: Buscando tags para a vaga abfb09de-9bf6-43d8-b3f7-584e865a7420 ---
[2026-01-12T22:13:45.840Z] --- SERVIÇO: Buscando tags para a vaga adcc8425-b7b1-41a5-b9a1-5f559f9fa844 ---
[2026-01-12T22:13:45.860Z] --- SERVIÇO: Buscando tags para a vaga ae3a7e47-9acf-4e5e-89dc-0933da79ee49 ---
[2026-01-12T22:13:45.875Z] --- SERVIÇO: Buscando tags para a vaga aec9178e-2772-4226-b71a-8f67748f368e ---
[2026-01-12T22:13:46.029Z] --- SERVIÇO: Buscando tags para a vaga af024203-9fd6-40fd-ac69-05662eb045ec ---
[2026-01-12T22:13:46.071Z] --- SERVIÇO: Buscando tags para a vaga b0d6514a-d73d-49e6-905e-e2c16fb5dbe1 ---
[2026-01-12T22:13:46.071Z] --- SERVIÇO: Buscando tags para a vaga b18a8440-4514-405c-a31e-42c76e4de898 ---
[2026-01-12T22:13:46.071Z] --- SERVIÇO: Buscando tags para a vaga b335822e-5c67-4949-b87b-5d1ef1764d4a ---
[2026-01-12T22:13:46.071Z] --- SERVIÇO: Buscando tags para a vaga b34296e8-1def-4c29-b45a-8a081b925956 ---
[2026-01-12T22:13:46.071Z] --- SERVIÇO: Buscando tags para a vaga b381a667-0d32-47c5-92a3-1fd1e7fa5393 ---
[2026-01-12T22:13:46.071Z] --- SERVIÇO: Buscando tags para a vaga b3a3e8cf-3cd1-4059-a656-9ffedb098d60 ---
[2026-01-12T22:13:46.071Z] --- SERVIÇO: Buscando tags para a vaga b508f8e4-6c60-434a-9d01-6a0e6239548d ---
[2026-01-12T22:13:46.071Z] --- SERVIÇO: Buscando tags para a vaga b63048e4-5224-4e3f-982a-dd4ec8c53c04 ---
[2026-01-12T22:13:46.071Z] --- SERVIÇO: Buscando tags para a vaga b683cad9-ea1c-4075-96f5-b58ee4fa332e ---
[2026-01-12T22:13:46.071Z] --- SERVIÇO: Buscando tags para a vaga b6b44e51-df22-4ae3-9d20-f3ec57dc8086 ---
[2026-01-12T22:13:46.072Z] --- SERVIÇO: Buscando tags para a vaga b75c0e83-d035-49d8-a9c1-86dfb2c3c78e ---
[2026-01-12T22:13:46.072Z] --- SERVIÇO: Buscando tags para a vaga b7a9bf6d-4bb7-475b-acb1-d00b623d11cf ---
[2026-01-12T22:13:46.072Z] --- SERVIÇO: Buscando tags para a vaga b8e04f6a-8e2d-43c7-b25e-a54b807dc329 ---
[2026-01-12T22:13:46.072Z] --- SERVIÇO: Buscando tags para a vaga ba07cc99-ee2b-4b4c-9781-977690ee888d ---
[2026-01-12T22:13:46.072Z] --- SERVIÇO: Buscando tags para a vaga bb3160a4-1d6e-4c27-8a3e-10012501159b ---
[2026-01-12T22:13:46.072Z] --- SERVIÇO: Buscando tags para a vaga bb5eec13-15ec-434b-946a-b1793a46914b ---
[2026-01-12T22:13:46.072Z] --- SERVIÇO: Buscando tags para a vaga bc97677e-f4ff-4bef-bfe6-941b3193c3b0 ---
[2026-01-12T22:13:46.073Z] --- SERVIÇO: Buscando tags para a vaga bd33935e-d096-4eb2-bc72-723b12423f0d ---
[2026-01-12T22:13:46.073Z] --- SERVIÇO: Buscando tags para a vaga be2692a9-1dca-486d-a802-5ce412dc7a8e ---
[2026-01-12T22:13:46.073Z] --- SERVIÇO: Buscando tags para a vaga be439c0f-69e6-4606-8c75-f0556b6fb72d ---
[2026-01-12T22:13:46.073Z] --- SERVIÇO: Buscando tags para a vaga be766298-eaaf-493f-9884-783856a1575f ---
[2026-01-12T22:13:46.073Z] --- SERVIÇO: Buscando tags para a vaga bee80d70-f0cb-4eab-9b60-da7e2375cff8 ---
[2026-01-12T22:13:46.073Z] --- SERVIÇO: Buscando tags para a vaga bfc0de30-6c0f-4d47-94fe-0a3b137d1032 ---
[2026-01-12T22:13:46.074Z] --- SERVIÇO: Buscando tags para a vaga c2565fd3-47a2-496c-9a5a-1778b3a40bf2 ---
[2026-01-12T22:13:46.074Z] --- SERVIÇO: Buscando tags para a vaga c4070a66-63c5-405c-b1e3-441b92bb43a4 ---
[2026-01-12T22:13:46.074Z] --- SERVIÇO: Buscando tags para a vaga c47273b3-1435-4d56-9389-39c47f3aa6a3 ---
[2026-01-12T22:13:46.074Z] --- SERVIÇO: Buscando tags para a vaga c52b4b74-26c4-4dfb-ab95-96c2ffb9c866 ---
[2026-01-12T22:13:46.074Z] --- SERVIÇO: Buscando tags para a vaga c709ca23-54be-49f1-b4d5-eb02601ffd6d ---
[2026-01-12T22:13:46.074Z] --- SERVIÇO: Buscando tags para a vaga c9745ee1-aeea-4868-b13c-4a2b914e8e77 ---
[2026-01-12T22:13:46.074Z] --- SERVIÇO: Buscando tags para a vaga ccbf5f24-7ef8-43b5-8dbb-423b39b21d50 ---
[2026-01-12T22:13:46.074Z] --- SERVIÇO: Buscando tags para a vaga cdea6c2f-2269-43cc-84ea-fe0e25b5e54d ---
[2026-01-12T22:13:46.074Z] --- SERVIÇO: Buscando tags para a vaga cf5e8f77-4527-4432-a281-86e21c186077 ---
[2026-01-12T22:13:46.074Z] --- SERVIÇO: Buscando tags para a vaga cf62ef85-5b6a-4b33-96e2-e3300f8a768a ---
[2026-01-12T22:13:46.074Z] --- SERVIÇO: Buscando tags para a vaga cfa194c4-bf08-4a1a-a264-c41470216bd9 ---
[2026-01-12T22:13:46.074Z] --- SERVIÇO: Buscando tags para a vaga d0b95540-7927-49ed-8d5b-844e4fa6453c ---
[2026-01-12T22:13:46.074Z] --- SERVIÇO: Buscando tags para a vaga d0c27dd1-ba64-4b09-b9cf-a4c406314e63 ---
[2026-01-12T22:13:46.074Z] --- SERVIÇO: Buscando tags para a vaga d166490e-2a11-4c8c-ba4e-d8a8d5a81358 ---
[2026-01-12T22:13:46.074Z] --- SERVIÇO: Buscando tags para a vaga d3fc787b-2632-484e-979b-ed27ad981770 ---
[2026-01-12T22:13:46.074Z] --- SERVIÇO: Buscando tags para a vaga d6b89b2c-20c2-41bf-bd91-d126bbbb0f5c ---
[2026-01-12T22:13:46.074Z] --- SERVIÇO: Buscando tags para a vaga d773d309-13af-4a7c-a56c-c74ea2767f84 ---
[2026-01-12T22:13:46.074Z] --- SERVIÇO: Buscando tags para a vaga d780f1b1-9a14-4f2c-8517-39febde65ba4 ---
[2026-01-12T22:13:46.074Z] --- SERVIÇO: Buscando tags para a vaga d8dca707-4a10-4554-bd57-3423565aebf3 ---
[2026-01-12T22:13:46.074Z] --- SERVIÇO: Buscando tags para a vaga da8ee7b6-3cca-41e0-8496-1e7d784dea5c ---
[2026-01-12T22:13:46.074Z] --- SERVIÇO: Buscando tags para a vaga db58afee-aa79-44d7-b01a-084c08ac9ffc ---
[2026-01-12T22:13:46.074Z] --- SERVIÇO: Buscando tags para a vaga dd9b4e38-c7a3-4453-a912-6cc7b4e542dd ---
[2026-01-12T22:13:46.074Z] --- SERVIÇO: Buscando tags para a vaga ddc9f50c-b15c-497d-a740-bd682de6e982 ---
[2026-01-12T22:13:46.075Z] --- SERVIÇO: Buscando tags para a vaga de32cf73-deb2-46a7-a78b-05a0427cbfe6 ---
[2026-01-12T22:13:46.075Z] --- SERVIÇO: Buscando tags para a vaga df4f7c2e-8f9a-464a-b5cd-ecb105cfd6cb ---
[2026-01-12T22:13:46.075Z] --- SERVIÇO: Buscando tags para a vaga e3300c6a-ffcf-4b70-b147-97012871bb99 ---
[2026-01-12T22:13:46.075Z] --- SERVIÇO: Buscando tags para a vaga e3643e48-0d7c-4989-916f-fe7659d98a33 ---
[2026-01-12T22:13:46.075Z] --- SERVIÇO: Buscando tags para a vaga e3e6ab23-7e2e-4539-ba23-922599a99718 ---
[2026-01-12T22:13:46.075Z] --- SERVIÇO: Buscando tags para a vaga e4f3e42b-6b05-40dc-8659-a81504410e9b ---
[2026-01-12T22:13:46.075Z] --- SERVIÇO: Buscando tags para a vaga e681b432-3bbe-4ae9-b8e4-f2e86d3d11c6 ---
[2026-01-12T22:13:46.075Z] --- SERVIÇO: Buscando tags para a vaga e68c4f98-5623-4108-a8f2-b8252a1e5363 ---
[2026-01-12T22:13:46.075Z] --- SERVIÇO: Buscando tags para a vaga e8e05409-1d79-449e-9bd5-8766914f9cb9 ---
[2026-01-12T22:13:46.075Z] --- SERVIÇO: Buscando tags para a vaga e8ef0e45-f2c9-4dfc-a026-213cad983ec8 ---
[2026-01-12T22:13:46.075Z] --- SERVIÇO: Buscando tags para a vaga e9f9d0de-7dea-4c59-9078-3c63136d2c3d ---
[2026-01-12T22:13:46.076Z] --- SERVIÇO: Buscando tags para a vaga eb6ceb2b-7ff6-4365-9fa4-67ea175d8f5a ---
[2026-01-12T22:13:46.076Z] --- SERVIÇO: Buscando tags para a vaga eb987d00-3669-416c-afd6-f299f2106f09 ---
[2026-01-12T22:13:46.076Z] --- SERVIÇO: Buscando tags para a vaga ebfc702b-fe2b-4256-9a71-9f29927aebf0 ---
[2026-01-12T22:13:46.076Z] --- SERVIÇO: Buscando tags para a vaga eed56da4-5ad6-495e-8c53-5205d7ecbf8b ---
[2026-01-12T22:13:46.076Z] --- SERVIÇO: Buscando tags para a vaga ef7e90f9-09ed-497c-a74a-35464f8ff4e0 ---
[2026-01-12T22:13:46.076Z] --- SERVIÇO: Buscando tags para a vaga f02d9412-b27a-42d6-b021-22baa32446b1 ---
[2026-01-12T22:13:46.076Z] --- SERVIÇO: Buscando tags para a vaga f19ffe30-c39c-49e5-b9db-7d7533ae8b7e ---
[2026-01-12T22:13:46.077Z] --- SERVIÇO: Buscando tags para a vaga f294572b-b7cf-468b-bf7a-4381da0d33b0 ---
[2026-01-12T22:13:46.077Z] --- SERVIÇO: Buscando tags para a vaga f2cebfcd-1a4f-43d5-b082-c0849853ddbc ---
[2026-01-12T22:13:46.077Z] --- SERVIÇO: Buscando tags para a vaga f31cde87-5872-42dc-b34c-c4604a679e95 ---
[2026-01-12T22:13:46.077Z] --- SERVIÇO: Buscando tags para a vaga f354323d-be6c-42ee-8341-3cf00a5ba7f1 ---
[2026-01-12T22:13:46.077Z] --- SERVIÇO: Buscando tags para a vaga f3c4bffb-3043-4b9a-9c4b-846d1ea394d4 ---
[2026-01-12T22:13:46.077Z] --- SERVIÇO: Buscando tags para a vaga f71b7bab-ec59-4b45-8cb1-53d0497256c5 ---
[2026-01-12T22:13:46.077Z] --- SERVIÇO: Buscando tags para a vaga f71ee2bd-27ec-4e54-8bd7-1c88d6841244 ---
[2026-01-12T22:13:46.078Z] --- SERVIÇO: Buscando tags para a vaga f84ee05c-b0f8-4835-8e57-0e7c12705119 ---
[2026-01-12T22:13:46.078Z] --- SERVIÇO: Buscando tags para a vaga f8a46ee0-7d89-48bd-8c89-3f209d6a19bf ---
[2026-01-12T22:13:46.079Z] --- SERVIÇO: Buscando tags para a vaga fa721cb8-4af5-4340-b46e-5e8708f28f33 ---
[2026-01-12T22:13:46.079Z] --- SERVIÇO: Buscando tags para a vaga fb54fa05-e2bf-41b4-8adb-2e59fa0d3916 ---
[2026-01-12T22:13:46.079Z] --- SERVIÇO: Buscando tags para a vaga fd534c00-0776-4981-9a48-530a813cd7f7 ---
[2026-01-12T22:13:49.746Z] --- ORQUESTRADOR (SYNC): Buscando TODOS os talentos com paginação interna ---
[2026-01-12T22:13:49.788Z] Buscando uma página de talentos (limite de 100).
[2026-01-12T22:13:49.876Z] Buscando uma página de talentos (limite de 100).
[2026-01-12T22:13:50.645Z] --- ORQUESTRADOR (SYNC): Busca completa. Total de 65889 talentos carregados.
[2026-01-12T22:14:02.285Z] Buscando uma página de talentos (limite de 100).
[2026-01-12T22:14:06.399Z] Buscando uma página de talentos (limite de 100).
[2026-01-12T22:14:09.316Z] Buscando uma página de talentos (limite de 100).
[2026-01-12T22:14:10.476Z] Buscando uma página de talentos (limite de 100).
[2026-01-12T22:14:11.390Z] Buscando uma página de talentos (limite de 100).
[2026-01-12T22:14:12.385Z] Buscando uma página de talentos (limite de 100).
[2026-01-12T22:14:13.877Z] Buscando uma página de talentos (limite de 100).
[2026-01-12T22:14:14.722Z] Buscando uma página de talentos (limite de 100).
[2026-01-12T22:14:16.152Z] Buscando uma página de talentos (limite de 100).
[2026-01-12T22:14:17.405Z] Buscando uma página de talentos (limite de 100).
[2026-01-12T22:14:20.222Z] Buscando uma página de talentos (limite de 100).
[2026-01-12T22:14:21.166Z] Buscando uma página de talentos (limite de 100).
[2026-01-12T22:14:22.361Z] Buscando uma página de talentos (limite de 100).
[2026-01-12T22:14:23.562Z] Buscando uma página de talentos (limite de 100).
[2026-01-12T22:14:24.536Z] Buscando uma página de talentos (limite de 100).
[2026-01-12T22:14:25.656Z] Buscando uma página de talentos (limite de 100).
[2026-01-12T22:14:27.262Z] Buscando uma página de talentos (limite de 100).
[2026-01-12T22:14:27.883Z] --- ORQUESTRADOR (SYNC): Busca completa. Total de 65889 talentos carregados.
[2026-01-12T22:14:29.181Z] Busca completa. Total de 46027 candidaturas carregadas para a vaga d773d309-13af-4a7c-a56c-c74ea2767f84.
[2026-01-12T22:14:53.314Z] DEBUG: Dados salvos com sucesso em "/Users/patricksiqueira/PEOPLE/api-people/debug_logs/candidates_for_job_d773d309-13af-4a7c-a56c-c74ea2767f84_1768256069182.txt"
[2026-01-12T22:14:56.031Z] PREFETCH WORKER: Lote de 5 vagas processado.
[2026-01-12T22:14:56.031Z] --- ORQUESTRADOR: Buscando candidaturas para a vaga d780f1b1-9a14-4f2c-8517-39febde65ba4 ---
[2026-01-12T22:14:56.045Z] CACHE MISS: Buscando candidaturas para a vaga d780f1b1-9a14-4f2c-8517-39febde65ba4 da API.
[2026-01-12T22:14:56.045Z] --- SERVIÇO: Buscando TODAS as candidaturas para a vaga d780f1b1-9a14-4f2c-8517-39febde65ba4 ---
[2026-01-12T22:14:56.102Z] --- ORQUESTRADOR: Buscando candidaturas para a vaga d8dca707-4a10-4554-bd57-3423565aebf3 ---
[2026-01-12T22:14:56.102Z] CACHE MISS: Buscando candidaturas para a vaga d8dca707-4a10-4554-bd57-3423565aebf3 da API.
[2026-01-12T22:14:56.102Z] --- SERVIÇO: Buscando TODAS as candidaturas para a vaga d8dca707-4a10-4554-bd57-3423565aebf3 ---
[2026-01-12T22:14:56.102Z] --- ORQUESTRADOR: Buscando candidaturas para a vaga da8ee7b6-3cca-41e0-8496-1e7d784dea5c ---
[2026-01-12T22:14:56.102Z] CACHE MISS: Buscando candidaturas para a vaga da8ee7b6-3cca-41e0-8496-1e7d784dea5c da API.
[2026-01-12T22:14:56.102Z] --- SERVIÇO: Buscando TODAS as candidaturas para a vaga da8ee7b6-3cca-41e0-8496-1e7d784dea5c ---
[2026-01-12T22:14:56.102Z] --- ORQUESTRADOR: Buscando candidaturas para a vaga db58afee-aa79-44d7-b01a-084c08ac9ffc ---
[2026-01-12T22:14:56.102Z] CACHE MISS: Buscando candidaturas para a vaga db58afee-aa79-44d7-b01a-084c08ac9ffc da API.
[2026-01-12T22:14:56.110Z] --- SERVIÇO: Buscando TODAS as candidaturas para a vaga db58afee-aa79-44d7-b01a-084c08ac9ffc ---
[2026-01-12T22:14:56.110Z] --- ORQUESTRADOR: Buscando candidaturas para a vaga dd9b4e38-c7a3-4453-a912-6cc7b4e542dd ---
[2026-01-12T22:14:56.110Z] CACHE MISS: Buscando candidaturas para a vaga dd9b4e38-c7a3-4453-a912-6cc7b4e542dd da API.
[2026-01-12T22:14:56.110Z] --- SERVIÇO: Buscando TODAS as candidaturas para a vaga dd9b4e38-c7a3-4453-a912-6cc7b4e542dd ---
[2026-01-12T22:14:58.562Z] --- ORQUESTRADOR (SYNC): Buscando e enriquecendo todas as vagas ---
[2026-01-12T22:14:58.562Z] --- SERVIÇO: Buscando TODAS as vagas com paginação interna ---
[2026-01-12T22:14:58.564Z] --- ORQUESTRADOR (SYNC): Buscando TODOS os talentos com paginação interna ---
[2026-01-12T22:14:58.564Z] Buscando uma página de talentos (limite de 100).
[2026-01-12T22:14:59.055Z] Busca completa. Total de 0 candidaturas carregadas para a vaga d8dca707-4a10-4554-bd57-3423565aebf3.
[2026-01-12T22:14:59.057Z] DEBUG: Dados salvos com sucesso em "/Users/patricksiqueira/PEOPLE/api-people/debug_logs/candidates_for_job_d8dca707-4a10-4554-bd57-3423565aebf3_1768256099055.txt"
[2026-01-12T22:15:00.574Z] Busca completa. Total de 48 candidaturas carregadas para a vaga d780f1b1-9a14-4f2c-8517-39febde65ba4.
[2026-01-12T22:15:00.590Z] DEBUG: Dados salvos com sucesso em "/Users/patricksiqueira/PEOPLE/api-people/debug_logs/candidates_for_job_d780f1b1-9a14-4f2c-8517-39febde65ba4_1768256100574.txt"
[2026-01-12T22:15:01.328Z] Busca completa. Total de 57 candidaturas carregadas para a vaga da8ee7b6-3cca-41e0-8496-1e7d784dea5c.
[2026-01-12T22:15:01.359Z] DEBUG: Dados salvos com sucesso em "/Users/patricksiqueira/PEOPLE/api-people/debug_logs/candidates_for_job_da8ee7b6-3cca-41e0-8496-1e7d784dea5c_1768256101328.txt"
[2026-01-12T22:15:01.403Z] Página de vagas recebida. Chave para a próxima página encontrada. Total atual: 100
[2026-01-12T22:15:01.423Z] Busca completa. Total de 139 candidaturas carregadas para a vaga db58afee-aa79-44d7-b01a-084c08ac9ffc.
[2026-01-12T22:15:01.458Z] DEBUG: Dados salvos com sucesso em "/Users/patricksiqueira/PEOPLE/api-people/debug_logs/candidates_for_job_db58afee-aa79-44d7-b01a-084c08ac9ffc_1768256101423.txt"
[2026-01-12T22:15:01.477Z] Buscando uma página de talentos (limite de 100).
[2026-01-12T22:15:01.512Z] Busca completa. Total de 147 candidaturas carregadas para a vaga dd9b4e38-c7a3-4453-a912-6cc7b4e542dd.
[2026-01-12T22:15:01.518Z] DEBUG: Dados salvos com sucesso em "/Users/patricksiqueira/PEOPLE/api-people/debug_logs/candidates_for_job_dd9b4e38-c7a3-4453-a912-6cc7b4e542dd_1768256101512.txt"
[2026-01-12T22:15:01.518Z] PREFETCH WORKER: Lote de 5 vagas processado.
[2026-01-12T22:15:01.518Z] --- ORQUESTRADOR: Buscando candidaturas para a vaga ddc9f50c-b15c-497d-a740-bd682de6e982 ---
[2026-01-12T22:15:01.519Z] CACHE MISS: Buscando candidaturas para a vaga ddc9f50c-b15c-497d-a740-bd682de6e982 da API.
[2026-01-12T22:15:01.519Z] --- SERVIÇO: Buscando TODAS as candidaturas para a vaga ddc9f50c-b15c-497d-a740-bd682de6e982 ---
[2026-01-12T22:15:01.519Z] --- ORQUESTRADOR: Buscando candidaturas para a vaga de32cf73-deb2-46a7-a78b-05a0427cbfe6 ---
[2026-01-12T22:15:01.519Z] CACHE MISS: Buscando candidaturas para a vaga de32cf73-deb2-46a7-a78b-05a0427cbfe6 da API.
[2026-01-12T22:15:01.519Z] --- SERVIÇO: Buscando TODAS as candidaturas para a vaga de32cf73-deb2-46a7-a78b-05a0427cbfe6 ---
[2026-01-12T22:15:01.519Z] --- ORQUESTRADOR: Buscando candidaturas para a vaga df4f7c2e-8f9a-464a-b5cd-ecb105cfd6cb ---
[2026-01-12T22:15:01.519Z] CACHE MISS: Buscando candidaturas para a vaga df4f7c2e-8f9a-464a-b5cd-ecb105cfd6cb da API.
[2026-01-12T22:15:01.519Z] --- SERVIÇO: Buscando TODAS as candidaturas para a vaga df4f7c2e-8f9a-464a-b5cd-ecb105cfd6cb ---
[2026-01-12T22:15:01.519Z] --- ORQUESTRADOR: Buscando candidaturas para a vaga e3300c6a-ffcf-4b70-b147-97012871bb99 ---
[2026-01-12T22:15:01.519Z] CACHE MISS: Buscando candidaturas para a vaga e3300c6a-ffcf-4b70-b147-97012871bb99 da API.
[2026-01-12T22:15:01.519Z] --- SERVIÇO: Buscando TODAS as candidaturas para a vaga e3300c6a-ffcf-4b70-b147-97012871bb99 ---
[2026-01-12T22:15:01.519Z] --- ORQUESTRADOR: Buscando candidaturas para a vaga e3643e48-0d7c-4989-916f-fe7659d98a33 ---
[2026-01-12T22:15:01.519Z] CACHE MISS: Buscando candidaturas para a vaga e3643e48-0d7c-4989-916f-fe7659d98a33 da API.
[2026-01-12T22:15:01.519Z] --- SERVIÇO: Buscando TODAS as candidaturas para a vaga e3643e48-0d7c-4989-916f-fe7659d98a33 ---
[2026-01-12T22:15:02.288Z] Busca completa. Total de 83 candidaturas carregadas para a vaga e3300c6a-ffcf-4b70-b147-97012871bb99.
[2026-01-12T22:15:02.294Z] DEBUG: Dados salvos com sucesso em "/Users/patricksiqueira/PEOPLE/api-people/debug_logs/candidates_for_job_e3300c6a-ffcf-4b70-b147-97012871bb99_1768256102288.txt"
[2026-01-12T22:15:02.564Z] Busca completa. Total de 14 candidaturas carregadas para a vaga df4f7c2e-8f9a-464a-b5cd-ecb105cfd6cb.
[2026-01-12T22:15:02.902Z] DEBUG: Dados salvos com sucesso em "/Users/patricksiqueira/PEOPLE/api-people/debug_logs/candidates_for_job_df4f7c2e-8f9a-464a-b5cd-ecb105cfd6cb_1768256102565.txt"
[2026-01-12T22:15:02.903Z] Busca completa. Total de 7 candidaturas carregadas para a vaga ddc9f50c-b15c-497d-a740-bd682de6e982.
[2026-01-12T22:15:02.909Z] DEBUG: Dados salvos com sucesso em "/Users/patricksiqueira/PEOPLE/api-people/debug_logs/candidates_for_job_ddc9f50c-b15c-497d-a740-bd682de6e982_1768256102903.txt"
[2026-01-12T22:15:02.911Z] Página de vagas recebida. Chave para a próxima página encontrada. Total atual: 200
[2026-01-12T22:15:02.917Z] Busca completa. Total de 154 candidaturas carregadas para a vaga e3643e48-0d7c-4989-916f-fe7659d98a33.
[2026-01-12T22:15:02.979Z] DEBUG: Dados salvos com sucesso em "/Users/patricksiqueira/PEOPLE/api-people/debug_logs/candidates_for_job_e3643e48-0d7c-4989-916f-fe7659d98a33_1768256102917.txt"
[2026-01-12T22:15:02.981Z] Busca completa. Total de 74 candidaturas carregadas para a vaga de32cf73-deb2-46a7-a78b-05a0427cbfe6.
[2026-01-12T22:15:02.988Z] DEBUG: Dados salvos com sucesso em "/Users/patricksiqueira/PEOPLE/api-people/debug_logs/candidates_for_job_de32cf73-deb2-46a7-a78b-05a0427cbfe6_1768256102981.txt"
[2026-01-12T22:15:02.988Z] PREFETCH WORKER: Lote de 5 vagas processado.
[2026-01-12T22:15:02.988Z] --- ORQUESTRADOR: Buscando candidaturas para a vaga e3e6ab23-7e2e-4539-ba23-922599a99718 ---
[2026-01-12T22:15:02.988Z] CACHE MISS: Buscando candidaturas para a vaga e3e6ab23-7e2e-4539-ba23-922599a99718 da API.
[2026-01-12T22:15:02.988Z] --- SERVIÇO: Buscando TODAS as candidaturas para a vaga e3e6ab23-7e2e-4539-ba23-922599a99718 ---
[2026-01-12T22:15:02.988Z] --- ORQUESTRADOR: Buscando candidaturas para a vaga e4f3e42b-6b05-40dc-8659-a81504410e9b ---
[2026-01-12T22:15:02.988Z] CACHE MISS: Buscando candidaturas para a vaga e4f3e42b-6b05-40dc-8659-a81504410e9b da API.
[2026-01-12T22:15:02.988Z] --- SERVIÇO: Buscando TODAS as candidaturas para a vaga e4f3e42b-6b05-40dc-8659-a81504410e9b ---
[2026-01-12T22:15:02.988Z] --- ORQUESTRADOR: Buscando candidaturas para a vaga e681b432-3bbe-4ae9-b8e4-f2e86d3d11c6 ---
[2026-01-12T22:15:02.988Z] CACHE MISS: Buscando candidaturas para a vaga e681b432-3bbe-4ae9-b8e4-f2e86d3d11c6 da API.
[2026-01-12T22:15:02.988Z] --- SERVIÇO: Buscando TODAS as candidaturas para a vaga e681b432-3bbe-4ae9-b8e4-f2e86d3d11c6 ---
[2026-01-12T22:15:02.988Z] --- ORQUESTRADOR: Buscando candidaturas para a vaga e68c4f98-5623-4108-a8f2-b8252a1e5363 ---
[2026-01-12T22:15:02.988Z] CACHE MISS: Buscando candidaturas para a vaga e68c4f98-5623-4108-a8f2-b8252a1e5363 da API.
[2026-01-12T22:15:02.988Z] --- SERVIÇO: Buscando TODAS as candidaturas para a vaga e68c4f98-5623-4108-a8f2-b8252a1e5363 ---
[2026-01-12T22:15:02.988Z] --- ORQUESTRADOR: Buscando candidaturas para a vaga e8e05409-1d79-449e-9bd5-8766914f9cb9 ---
[2026-01-12T22:15:02.988Z] CACHE MISS: Buscando candidaturas para a vaga e8e05409-1d79-449e-9bd5-8766914f9cb9 da API.
[2026-01-12T22:15:02.988Z] --- SERVIÇO: Buscando TODAS as candidaturas para a vaga e8e05409-1d79-449e-9bd5-8766914f9cb9 ---
[2026-01-12T22:15:03.003Z] Buscando uma página de talentos (limite de 100).
[2026-01-12T22:15:03.525Z] Busca completa. Total final de 206 vagas carregadas da API.
[2026-01-12T22:15:03.532Z] DEBUG: Dados salvos com sucesso em "/Users/patricksiqueira/PEOPLE/api-people/debug_logs/all_jobs_raw_1768256103525.txt"
[2026-01-12T22:15:03.532Z] --- SERVIÇO: Buscando tags para a vaga 010b9be5-e7a6-4bef-bf00-07b6b4a2e787 ---
[2026-01-12T22:15:03.532Z] --- SERVIÇO: Buscando tags para a vaga 01eb8c12-9d27-4d24-8924-e00e3312a549 ---
[2026-01-12T22:15:03.532Z] --- SERVIÇO: Buscando tags para a vaga 02036b7c-7e4e-4da4-94c4-4e0411046210 ---
[2026-01-12T22:15:03.532Z] --- SERVIÇO: Buscando tags para a vaga 038f7c8c-0ad0-4489-9019-f1f320c10a94 ---
[2026-01-12T22:15:03.532Z] --- SERVIÇO: Buscando tags para a vaga 0713cef6-067b-46dd-90f6-9d6d1e70efb2 ---
[2026-01-12T22:15:03.532Z] --- SERVIÇO: Buscando tags para a vaga 087fa08a-3f9b-4f89-8abd-ed0a8ffb32aa ---
[2026-01-12T22:15:03.533Z] --- SERVIÇO: Buscando tags para a vaga 09c2edda-64b4-41e1-8580-73c6b2e03d64 ---
[2026-01-12T22:15:03.533Z] --- SERVIÇO: Buscando tags para a vaga 0b2a0725-363b-4a25-a95f-658f93451a17 ---
[2026-01-12T22:15:03.533Z] --- SERVIÇO: Buscando tags para a vaga 0e3ad5ba-5f6b-48a9-91b0-d02402d2039e ---
[2026-01-12T22:15:03.533Z] --- SERVIÇO: Buscando tags para a vaga 0f57a077-a7ad-4665-8d59-76ab585fd594 ---
[2026-01-12T22:15:03.533Z] --- SERVIÇO: Buscando tags para a vaga 103725bc-95a8-4a2a-a7dd-a07dd432f599 ---
[2026-01-12T22:15:03.533Z] --- SERVIÇO: Buscando tags para a vaga 1061f8b2-c706-473d-b7f9-d1f129c50797 ---
[2026-01-12T22:15:03.533Z] --- SERVIÇO: Buscando tags para a vaga 110cafa9-71a1-43b3-b3d3-02315a6cab75 ---
[2026-01-12T22:15:03.533Z] --- SERVIÇO: Buscando tags para a vaga 1199197f-ad3f-49fb-b59d-e8993669d8bf ---
[2026-01-12T22:15:03.533Z] --- SERVIÇO: Buscando tags para a vaga 12d01928-a53b-416a-a122-2a7779ba2d34 ---
[2026-01-12T22:15:03.533Z] --- SERVIÇO: Buscando tags para a vaga 12d66e5d-8f00-4e59-aefa-261fadae8747 ---
[2026-01-12T22:15:03.533Z] --- SERVIÇO: Buscando tags para a vaga 12df898d-45bf-487a-bb44-f0d6b52abb93 ---
[2026-01-12T22:15:03.533Z] --- SERVIÇO: Buscando tags para a vaga 1432c3df-44a3-45da-a7a7-8b8cfcb8a2a8 ---
[2026-01-12T22:15:03.533Z] --- SERVIÇO: Buscando tags para a vaga 198081f8-53cc-455a-834a-6467f07ce5a4 ---
[2026-01-12T22:15:03.533Z] --- SERVIÇO: Buscando tags para a vaga 19a031ab-f6f1-4bac-9b3f-49453b88e747 ---
[2026-01-12T22:15:03.533Z] --- SERVIÇO: Buscando tags para a vaga 1b25ccbf-ce03-4599-ab6b-c6574f8b51a9 ---
[2026-01-12T22:15:03.533Z] --- SERVIÇO: Buscando tags para a vaga 1dabe24a-55f3-4143-baa3-beb26a5ea825 ---
[2026-01-12T22:15:03.533Z] --- SERVIÇO: Buscando tags para a vaga 21370dcd-11c3-4d02-b8c2-795c1f7302ca ---
[2026-01-12T22:15:03.533Z] --- SERVIÇO: Buscando tags para a vaga 216e0e8d-2373-4449-bf8e-3e304555a918 ---
[2026-01-12T22:15:03.533Z] --- SERVIÇO: Buscando tags para a vaga 21cb7be5-7c24-4c31-9b68-e01c598f0b29 ---
[2026-01-12T22:15:03.533Z] --- SERVIÇO: Buscando tags para a vaga 22abe01d-7c71-47fb-9631-c1e7af0adda9 ---
[2026-01-12T22:15:03.533Z] --- SERVIÇO: Buscando tags para a vaga 24df6510-fc44-48e7-b72b-b0722c51ada9 ---
[2026-01-12T22:15:03.533Z] --- SERVIÇO: Buscando tags para a vaga 27057a67-dc99-4561-8fbb-2c01d0f95664 ---
[2026-01-12T22:15:03.533Z] --- SERVIÇO: Buscando tags para a vaga 28890951-c5c2-4172-8ffc-00b2c087f26d ---
[2026-01-12T22:15:03.533Z] --- SERVIÇO: Buscando tags para a vaga 28ada291-0f0a-4f88-8c21-d4399fccf2ea ---
[2026-01-12T22:15:03.533Z] --- SERVIÇO: Buscando tags para a vaga 28b18b11-ffd6-4a4c-8792-52625979eec6 ---
[2026-01-12T22:15:03.533Z] --- SERVIÇO: Buscando tags para a vaga 2a247d8e-5f71-4516-a2f2-7768e4d2ac13 ---
[2026-01-12T22:15:03.533Z] --- SERVIÇO: Buscando tags para a vaga 2b8c1009-6f71-4a00-82ad-d0ae4121933a ---
[2026-01-12T22:15:03.533Z] --- SERVIÇO: Buscando tags para a vaga 2bc2c17d-a2e9-4eba-bc37-1b2788c55ce9 ---
[2026-01-12T22:15:03.533Z] --- SERVIÇO: Buscando tags para a vaga 2bf8cf21-f6a4-4dea-b08f-68534e123b75 ---
[2026-01-12T22:15:03.533Z] --- SERVIÇO: Buscando tags para a vaga 2cb4f868-f797-42b7-ad10-a111bce78c81 ---
[2026-01-12T22:15:03.533Z] --- SERVIÇO: Buscando tags para a vaga 2cbcf9fb-be48-4840-9d1f-ea87787203e3 ---
[2026-01-12T22:15:03.533Z] --- SERVIÇO: Buscando tags para a vaga 2ce5c7e0-29cc-4b13-9f84-757887c847a7 ---
[2026-01-12T22:15:03.533Z] --- SERVIÇO: Buscando tags para a vaga 2db744bb-f359-4eb6-a319-3059ec161be5 ---
[2026-01-12T22:15:03.533Z] --- SERVIÇO: Buscando tags para a vaga 2e27e07c-a46f-4b47-b06c-6ad09de1541a ---
[2026-01-12T22:15:03.533Z] --- SERVIÇO: Buscando tags para a vaga 2e9b2e51-a864-4fb6-8501-42707c3a53ef ---
[2026-01-12T22:15:03.533Z] --- SERVIÇO: Buscando tags para a vaga 3150379a-7df2-465d-9347-a52d292e6d05 ---
[2026-01-12T22:15:03.533Z] --- SERVIÇO: Buscando tags para a vaga 3266ee48-79cb-4d45-9d3a-bcb0ef086569 ---
[2026-01-12T22:15:03.534Z] --- SERVIÇO: Buscando tags para a vaga 3306e92c-dc9e-47a0-8b24-438b310ce51a ---
[2026-01-12T22:15:03.534Z] --- SERVIÇO: Buscando tags para a vaga 3518b656-ce33-467a-be1f-2517cc8b0983 ---
[2026-01-12T22:15:03.534Z] --- SERVIÇO: Buscando tags para a vaga 35e7cc64-988c-4038-bf14-557a52ce72c8 ---
[2026-01-12T22:15:03.534Z] --- SERVIÇO: Buscando tags para a vaga 35f4346a-f575-47da-b210-e72b7c82bd68 ---
[2026-01-12T22:15:03.534Z] --- SERVIÇO: Buscando tags para a vaga 36246616-3b33-40e7-a13b-07461647a1af ---
[2026-01-12T22:15:03.534Z] --- SERVIÇO: Buscando tags para a vaga 3672c6af-0306-4df1-bbdd-f87442e4867b ---
[2026-01-12T22:15:03.534Z] --- SERVIÇO: Buscando tags para a vaga 37d72799-de1c-49b7-b594-32dcf3f56165 ---
[2026-01-12T22:15:03.534Z] --- SERVIÇO: Buscando tags para a vaga 3ad21787-de34-4af8-84f9-a48fc651e6e0 ---
[2026-01-12T22:15:03.534Z] --- SERVIÇO: Buscando tags para a vaga 3e00d7c2-a10a-4c16-aa01-115737031119 ---
[2026-01-12T22:15:03.534Z] --- SERVIÇO: Buscando tags para a vaga 3fa0ce0c-c82f-4606-a18f-8637a9d028ad ---
[2026-01-12T22:15:03.534Z] --- SERVIÇO: Buscando tags para a vaga 42b083cd-35ca-40cc-8886-2efff457eef7 ---
[2026-01-12T22:15:03.534Z] --- SERVIÇO: Buscando tags para a vaga 4531a001-3bd3-450c-965b-70c1da3a161e ---
[2026-01-12T22:15:03.534Z] --- SERVIÇO: Buscando tags para a vaga 466f3abd-50bd-49da-95b3-63c011d69385 ---
[2026-01-12T22:15:03.534Z] --- SERVIÇO: Buscando tags para a vaga 48419cea-f5d0-48a9-9e2f-32d275868d2a ---
[2026-01-12T22:15:03.534Z] --- SERVIÇO: Buscando tags para a vaga 48c7d8ca-bc43-4991-b901-4004b1d9ad68 ---
[2026-01-12T22:15:03.534Z] --- SERVIÇO: Buscando tags para a vaga 4a517f4c-baf4-45dc-86ab-606f9b799d17 ---
[2026-01-12T22:15:03.534Z] --- SERVIÇO: Buscando tags para a vaga 4b86e7b6-b76f-4f4b-b0ab-7c3a6873213b ---
[2026-01-12T22:15:03.534Z] --- SERVIÇO: Buscando tags para a vaga 4e052659-0bcb-44df-a8bb-94dd0a51a6fb ---
[2026-01-12T22:15:03.534Z] --- SERVIÇO: Buscando tags para a vaga 4ea77680-2259-477c-944c-3f7792aaf843 ---
[2026-01-12T22:15:03.534Z] --- SERVIÇO: Buscando tags para a vaga 4edb97eb-0611-4546-b901-731b92afab0c ---
[2026-01-12T22:15:03.534Z] --- SERVIÇO: Buscando tags para a vaga 4fffcb5c-962b-4f22-9703-7590e791be48 ---
[2026-01-12T22:15:03.534Z] --- SERVIÇO: Buscando tags para a vaga 50225e4a-e656-4671-9f30-39500578ece1 ---
[2026-01-12T22:15:03.534Z] --- SERVIÇO: Buscando tags para a vaga 53cefb70-7450-470b-a873-5ba48d95da84 ---
[2026-01-12T22:15:03.534Z] --- SERVIÇO: Buscando tags para a vaga 5505856a-c9c2-4b49-89eb-cf446e0c0629 ---
[2026-01-12T22:15:03.534Z] --- SERVIÇO: Buscando tags para a vaga 587d8ef0-bd3c-47ea-8ce6-e650cf6c527a ---
[2026-01-12T22:15:03.534Z] --- SERVIÇO: Buscando tags para a vaga 58951772-68fb-4324-8266-a47fe2be8e9d ---
[2026-01-12T22:15:03.534Z] --- SERVIÇO: Buscando tags para a vaga 5a8e7dd3-99a8-40ad-b441-ee06f58f7588 ---
[2026-01-12T22:15:03.534Z] --- SERVIÇO: Buscando tags para a vaga 5e78e517-13fd-47c7-83c7-6a33e14c4b63 ---
[2026-01-12T22:15:03.535Z] --- SERVIÇO: Buscando tags para a vaga 5fbebe8b-c092-4778-902e-8d193305f8f0 ---
[2026-01-12T22:15:03.535Z] --- SERVIÇO: Buscando tags para a vaga 604cbaca-96af-420d-98c3-55cee4995a1b ---
[2026-01-12T22:15:03.535Z] --- SERVIÇO: Buscando tags para a vaga 6075f3be-d885-4c32-9087-41d6eb798c93 ---
[2026-01-12T22:15:03.535Z] --- SERVIÇO: Buscando tags para a vaga 62583a4f-b749-414e-b544-9a307c40ac8c ---
[2026-01-12T22:15:03.535Z] --- SERVIÇO: Buscando tags para a vaga 62fb5e76-f6c2-4ec1-bfea-a4ff8557634c ---
[2026-01-12T22:15:03.535Z] --- SERVIÇO: Buscando tags para a vaga 666bd257-db76-400a-8100-1bfa9e356068 ---
[2026-01-12T22:15:03.535Z] --- SERVIÇO: Buscando tags para a vaga 66e073f2-37ce-4b27-9a6b-fdc5113fde6b ---
[2026-01-12T22:15:03.535Z] --- SERVIÇO: Buscando tags para a vaga 68cb2d53-21ec-45f3-a7e9-b5cb928ef79b ---
[2026-01-12T22:15:03.535Z] --- SERVIÇO: Buscando tags para a vaga 69b50fd3-4a4b-4081-8a4e-c6590504b7eb ---
[2026-01-12T22:15:03.535Z] --- SERVIÇO: Buscando tags para a vaga 69f0dfde-3439-4335-b3bc-cf0c41f613d9 ---
[2026-01-12T22:15:03.535Z] --- SERVIÇO: Buscando tags para a vaga 6b78bfff-00b0-4f45-b192-16c24d7c9d5f ---
[2026-01-12T22:15:03.535Z] --- SERVIÇO: Buscando tags para a vaga 6bff9d21-f95c-4928-b421-b2e79f39b85b ---
[2026-01-12T22:15:03.535Z] --- SERVIÇO: Buscando tags para a vaga 6c1511a0-6cd1-4028-be3c-3d033cd3ff41 ---
[2026-01-12T22:15:03.535Z] --- SERVIÇO: Buscando tags para a vaga 6ee0e457-5d3f-40e8-bd14-f8ab4d6f9c81 ---
[2026-01-12T22:15:03.535Z] --- SERVIÇO: Buscando tags para a vaga 6fe6f7f9-da78-4b27-88c7-b8adbadc5ae2 ---
[2026-01-12T22:15:03.535Z] --- SERVIÇO: Buscando tags para a vaga 71f23562-3ec7-49eb-bdf7-c839f0892745 ---
[2026-01-12T22:15:03.535Z] --- SERVIÇO: Buscando tags para a vaga 73636ab7-4474-4575-ac9b-ee08f032918a ---
[2026-01-12T22:15:03.535Z] --- SERVIÇO: Buscando tags para a vaga 7371002c-a20c-4885-8755-793f66ba1deb ---
[2026-01-12T22:15:03.535Z] --- SERVIÇO: Buscando tags para a vaga 73b65c4b-9848-43c1-b286-04dfdfe4a70f ---
[2026-01-12T22:15:03.535Z] --- SERVIÇO: Buscando tags para a vaga 7637003e-55c4-492b-9d40-eed2545b3a12 ---
[2026-01-12T22:15:03.535Z] --- SERVIÇO: Buscando tags para a vaga 764f8bad-1f99-408a-a845-79bb3bd79699 ---
[2026-01-12T22:15:03.535Z] --- SERVIÇO: Buscando tags para a vaga 76c93207-d2ca-4fb3-abad-94e7c36b3604 ---
[2026-01-12T22:15:03.535Z] --- SERVIÇO: Buscando tags para a vaga 76ee6b00-1bca-4ced-9f05-946753815c3c ---
[2026-01-12T22:15:03.535Z] --- SERVIÇO: Buscando tags para a vaga 781a8a0d-1cee-45b0-b25f-ff91e04f8eb3 ---
[2026-01-12T22:15:03.535Z] --- SERVIÇO: Buscando tags para a vaga 792a095b-b3ef-4eba-a6a2-a0a66d9a6129 ---
[2026-01-12T22:15:03.535Z] --- SERVIÇO: Buscando tags para a vaga 7945b7ff-3afc-4399-a52e-7ad3bb23e3f9 ---
[2026-01-12T22:15:03.535Z] --- SERVIÇO: Buscando tags para a vaga 812a8718-2cb7-4bad-bd68-e371bef16922 ---
[2026-01-12T22:15:03.535Z] --- SERVIÇO: Buscando tags para a vaga 84b11a17-31af-463e-9fb8-fc5f2463030d ---
[2026-01-12T22:15:03.535Z] --- SERVIÇO: Buscando tags para a vaga 8555a61a-3392-42fb-9072-d7805680ad92 ---
[2026-01-12T22:15:03.535Z] --- SERVIÇO: Buscando tags para a vaga 8629e6be-e251-453f-9493-e841351db50e ---
[2026-01-12T22:15:03.535Z] --- SERVIÇO: Buscando tags para a vaga 871d5a51-df59-437a-b78f-2ab4633292bf ---
[2026-01-12T22:15:03.535Z] --- SERVIÇO: Buscando tags para a vaga 882c0a08-d993-4cac-ad0a-5f38ea3e65e9 ---
[2026-01-12T22:15:03.535Z] --- SERVIÇO: Buscando tags para a vaga 8bff2734-de96-4dbd-a3da-371e00880a02 ---
[2026-01-12T22:15:03.535Z] --- SERVIÇO: Buscando tags para a vaga 8c1a6724-f397-4a03-95a7-d39e9c80cb30 ---
[2026-01-12T22:15:03.535Z] --- SERVIÇO: Buscando tags para a vaga 8c950fd0-b46f-4d85-bd5a-648e012c2937 ---
[2026-01-12T22:15:03.535Z] --- SERVIÇO: Buscando tags para a vaga 8d3a6d73-419d-4c5c-a385-ae20a61dc4a1 ---
[2026-01-12T22:15:03.535Z] --- SERVIÇO: Buscando tags para a vaga 983684cd-3191-4aa4-8a0f-d7d35c1f1469 ---
[2026-01-12T22:15:03.535Z] --- SERVIÇO: Buscando tags para a vaga 997894d1-5d61-4742-bb6c-8a9f9584dea0 ---
[2026-01-12T22:15:03.535Z] --- SERVIÇO: Buscando tags para a vaga 9acd00b2-fff2-46c4-b781-b6cc623d7266 ---
[2026-01-12T22:15:03.535Z] --- SERVIÇO: Buscando tags para a vaga 9cd89a17-1d89-4463-b05d-94b74024a965 ---
[2026-01-12T22:15:03.535Z] --- SERVIÇO: Buscando tags para a vaga 9e5ae1d3-7900-4046-9c97-91c1429fa348 ---
[2026-01-12T22:15:03.535Z] --- SERVIÇO: Buscando tags para a vaga 9eb409d5-61ce-456a-96df-880c81c180c7 ---
[2026-01-12T22:15:03.536Z] --- SERVIÇO: Buscando tags para a vaga a17ece41-6e89-40c5-bdbe-1963cc4129e6 ---
[2026-01-12T22:15:03.536Z] --- SERVIÇO: Buscando tags para a vaga a21274c4-32ba-4d05-9e0a-c7e6e35efe7f ---
[2026-01-12T22:15:03.536Z] --- SERVIÇO: Buscando tags para a vaga a28921e8-abbc-4b40-bed2-9fddb4079b3c ---
[2026-01-12T22:15:03.536Z] --- SERVIÇO: Buscando tags para a vaga a38150ac-23e0-45d8-add6-1217f41b881c ---
[2026-01-12T22:15:03.536Z] --- SERVIÇO: Buscando tags para a vaga a3a8f036-14d3-46c3-8744-213851ab0740 ---
[2026-01-12T22:15:03.536Z] --- SERVIÇO: Buscando tags para a vaga a3fe7418-1061-4227-a71e-8c5733a97bc9 ---
[2026-01-12T22:15:03.536Z] --- SERVIÇO: Buscando tags para a vaga a4d30c4c-ad22-4f05-a538-198826b91414 ---
[2026-01-12T22:15:03.536Z] --- SERVIÇO: Buscando tags para a vaga a7c5c7f8-dd68-4c17-bb29-8bd16a6b6e90 ---
[2026-01-12T22:15:03.536Z] --- SERVIÇO: Buscando tags para a vaga a9156217-6f67-43f3-ae2b-fe5f39e016a7 ---
[2026-01-12T22:15:03.536Z] --- SERVIÇO: Buscando tags para a vaga a9a62503-94f0-4e67-95ca-2d603fd9b78b ---
[2026-01-12T22:15:03.536Z] --- SERVIÇO: Buscando tags para a vaga ab1f7522-7466-4480-abe4-83c6e021761d ---
[2026-01-12T22:15:03.536Z] --- SERVIÇO: Buscando tags para a vaga ab4b6ff3-3d05-44fb-9806-ed1ca35c4c1b ---
[2026-01-12T22:15:03.536Z] --- SERVIÇO: Buscando tags para a vaga abfb09de-9bf6-43d8-b3f7-584e865a7420 ---
[2026-01-12T22:15:03.536Z] --- SERVIÇO: Buscando tags para a vaga adcc8425-b7b1-41a5-b9a1-5f559f9fa844 ---
[2026-01-12T22:15:03.536Z] --- SERVIÇO: Buscando tags para a vaga ae3a7e47-9acf-4e5e-89dc-0933da79ee49 ---
[2026-01-12T22:15:03.536Z] --- SERVIÇO: Buscando tags para a vaga aec9178e-2772-4226-b71a-8f67748f368e ---
[2026-01-12T22:15:03.536Z] --- SERVIÇO: Buscando tags para a vaga af024203-9fd6-40fd-ac69-05662eb045ec ---
[2026-01-12T22:15:03.536Z] --- SERVIÇO: Buscando tags para a vaga b0d6514a-d73d-49e6-905e-e2c16fb5dbe1 ---
[2026-01-12T22:15:03.536Z] --- SERVIÇO: Buscando tags para a vaga b18a8440-4514-405c-a31e-42c76e4de898 ---
[2026-01-12T22:15:03.536Z] --- SERVIÇO: Buscando tags para a vaga b335822e-5c67-4949-b87b-5d1ef1764d4a ---
[2026-01-12T22:15:03.536Z] --- SERVIÇO: Buscando tags para a vaga b34296e8-1def-4c29-b45a-8a081b925956 ---
[2026-01-12T22:15:03.536Z] --- SERVIÇO: Buscando tags para a vaga b381a667-0d32-47c5-92a3-1fd1e7fa5393 ---
[2026-01-12T22:15:03.536Z] --- SERVIÇO: Buscando tags para a vaga b3a3e8cf-3cd1-4059-a656-9ffedb098d60 ---
[2026-01-12T22:15:03.536Z] --- SERVIÇO: Buscando tags para a vaga b508f8e4-6c60-434a-9d01-6a0e6239548d ---
[2026-01-12T22:15:03.541Z] --- SERVIÇO: Buscando tags para a vaga b63048e4-5224-4e3f-982a-dd4ec8c53c04 ---
[2026-01-12T22:15:03.541Z] --- SERVIÇO: Buscando tags para a vaga b683cad9-ea1c-4075-96f5-b58ee4fa332e ---
[2026-01-12T22:15:03.541Z] --- SERVIÇO: Buscando tags para a vaga b6b44e51-df22-4ae3-9d20-f3ec57dc8086 ---
[2026-01-12T22:15:03.541Z] --- SERVIÇO: Buscando tags para a vaga b75c0e83-d035-49d8-a9c1-86dfb2c3c78e ---
[2026-01-12T22:15:03.542Z] --- SERVIÇO: Buscando tags para a vaga b7a9bf6d-4bb7-475b-acb1-d00b623d11cf ---
[2026-01-12T22:15:03.542Z] --- SERVIÇO: Buscando tags para a vaga b8e04f6a-8e2d-43c7-b25e-a54b807dc329 ---
[2026-01-12T22:15:03.542Z] --- SERVIÇO: Buscando tags para a vaga ba07cc99-ee2b-4b4c-9781-977690ee888d ---
[2026-01-12T22:15:03.542Z] --- SERVIÇO: Buscando tags para a vaga bb3160a4-1d6e-4c27-8a3e-10012501159b ---
[2026-01-12T22:15:03.542Z] --- SERVIÇO: Buscando tags para a vaga bb5eec13-15ec-434b-946a-b1793a46914b ---
[2026-01-12T22:15:03.542Z] --- SERVIÇO: Buscando tags para a vaga bc97677e-f4ff-4bef-bfe6-941b3193c3b0 ---
[2026-01-12T22:15:03.542Z] --- SERVIÇO: Buscando tags para a vaga bd33935e-d096-4eb2-bc72-723b12423f0d ---
[2026-01-12T22:15:03.542Z] --- SERVIÇO: Buscando tags para a vaga be2692a9-1dca-486d-a802-5ce412dc7a8e ---
[2026-01-12T22:15:03.542Z] --- SERVIÇO: Buscando tags para a vaga be439c0f-69e6-4606-8c75-f0556b6fb72d ---
[2026-01-12T22:15:03.542Z] --- SERVIÇO: Buscando tags para a vaga be766298-eaaf-493f-9884-783856a1575f ---
[2026-01-12T22:15:03.542Z] --- SERVIÇO: Buscando tags para a vaga bee80d70-f0cb-4eab-9b60-da7e2375cff8 ---
[2026-01-12T22:15:03.542Z] --- SERVIÇO: Buscando tags para a vaga bfc0de30-6c0f-4d47-94fe-0a3b137d1032 ---
[2026-01-12T22:15:03.542Z] --- SERVIÇO: Buscando tags para a vaga c2565fd3-47a2-496c-9a5a-1778b3a40bf2 ---
[2026-01-12T22:15:03.542Z] --- SERVIÇO: Buscando tags para a vaga c4070a66-63c5-405c-b1e3-441b92bb43a4 ---
[2026-01-12T22:15:03.542Z] --- SERVIÇO: Buscando tags para a vaga c47273b3-1435-4d56-9389-39c47f3aa6a3 ---
[2026-01-12T22:15:03.542Z] --- SERVIÇO: Buscando tags para a vaga c52b4b74-26c4-4dfb-ab95-96c2ffb9c866 ---
[2026-01-12T22:15:03.542Z] --- SERVIÇO: Buscando tags para a vaga c709ca23-54be-49f1-b4d5-eb02601ffd6d ---
[2026-01-12T22:15:03.542Z] --- SERVIÇO: Buscando tags para a vaga c9745ee1-aeea-4868-b13c-4a2b914e8e77 ---
[2026-01-12T22:15:03.542Z] --- SERVIÇO: Buscando tags para a vaga ccbf5f24-7ef8-43b5-8dbb-423b39b21d50 ---
[2026-01-12T22:15:03.542Z] --- SERVIÇO: Buscando tags para a vaga cdea6c2f-2269-43cc-84ea-fe0e25b5e54d ---
[2026-01-12T22:15:03.542Z] --- SERVIÇO: Buscando tags para a vaga cf5e8f77-4527-4432-a281-86e21c186077 ---
[2026-01-12T22:15:03.542Z] --- SERVIÇO: Buscando tags para a vaga cf62ef85-5b6a-4b33-96e2-e3300f8a768a ---
[2026-01-12T22:15:03.542Z] --- SERVIÇO: Buscando tags para a vaga cfa194c4-bf08-4a1a-a264-c41470216bd9 ---
[2026-01-12T22:15:03.542Z] --- SERVIÇO: Buscando tags para a vaga d0b95540-7927-49ed-8d5b-844e4fa6453c ---
[2026-01-12T22:15:03.542Z] --- SERVIÇO: Buscando tags para a vaga d0c27dd1-ba64-4b09-b9cf-a4c406314e63 ---
[2026-01-12T22:15:03.542Z] --- SERVIÇO: Buscando tags para a vaga d166490e-2a11-4c8c-ba4e-d8a8d5a81358 ---
[2026-01-12T22:15:03.542Z] --- SERVIÇO: Buscando tags para a vaga d3fc787b-2632-484e-979b-ed27ad981770 ---
[2026-01-12T22:15:03.542Z] --- SERVIÇO: Buscando tags para a vaga d6b89b2c-20c2-41bf-bd91-d126bbbb0f5c ---
[2026-01-12T22:15:03.542Z] --- SERVIÇO: Buscando tags para a vaga d773d309-13af-4a7c-a56c-c74ea2767f84 ---
[2026-01-12T22:15:03.542Z] --- SERVIÇO: Buscando tags para a vaga d780f1b1-9a14-4f2c-8517-39febde65ba4 ---
[2026-01-12T22:15:03.542Z] --- SERVIÇO: Buscando tags para a vaga d8dca707-4a10-4554-bd57-3423565aebf3 ---
[2026-01-12T22:15:03.542Z] --- SERVIÇO: Buscando tags para a vaga da8ee7b6-3cca-41e0-8496-1e7d784dea5c ---
[2026-01-12T22:15:03.542Z] --- SERVIÇO: Buscando tags para a vaga db58afee-aa79-44d7-b01a-084c08ac9ffc ---
[2026-01-12T22:15:03.542Z] --- SERVIÇO: Buscando tags para a vaga dd9b4e38-c7a3-4453-a912-6cc7b4e542dd ---
[2026-01-12T22:15:03.542Z] --- SERVIÇO: Buscando tags para a vaga ddc9f50c-b15c-497d-a740-bd682de6e982 ---
[2026-01-12T22:15:03.543Z] --- SERVIÇO: Buscando tags para a vaga de32cf73-deb2-46a7-a78b-05a0427cbfe6 ---
[2026-01-12T22:15:03.543Z] --- SERVIÇO: Buscando tags para a vaga df4f7c2e-8f9a-464a-b5cd-ecb105cfd6cb ---
[2026-01-12T22:15:03.543Z] --- SERVIÇO: Buscando tags para a vaga e3300c6a-ffcf-4b70-b147-97012871bb99 ---
[2026-01-12T22:15:03.543Z] --- SERVIÇO: Buscando tags para a vaga e3643e48-0d7c-4989-916f-fe7659d98a33 ---
[2026-01-12T22:15:03.543Z] --- SERVIÇO: Buscando tags para a vaga e3e6ab23-7e2e-4539-ba23-922599a99718 ---
[2026-01-12T22:15:03.637Z] --- SERVIÇO: Buscando tags para a vaga e4f3e42b-6b05-40dc-8659-a81504410e9b ---
[2026-01-12T22:15:03.638Z] --- SERVIÇO: Buscando tags para a vaga e681b432-3bbe-4ae9-b8e4-f2e86d3d11c6 ---
[2026-01-12T22:15:03.638Z] --- SERVIÇO: Buscando tags para a vaga e68c4f98-5623-4108-a8f2-b8252a1e5363 ---
[2026-01-12T22:15:03.638Z] --- SERVIÇO: Buscando tags para a vaga e8e05409-1d79-449e-9bd5-8766914f9cb9 ---
[2026-01-12T22:15:03.638Z] --- SERVIÇO: Buscando tags para a vaga e8ef0e45-f2c9-4dfc-a026-213cad983ec8 ---
[2026-01-12T22:15:03.638Z] --- SERVIÇO: Buscando tags para a vaga e9f9d0de-7dea-4c59-9078-3c63136d2c3d ---
[2026-01-12T22:15:03.638Z] --- SERVIÇO: Buscando tags para a vaga eb6ceb2b-7ff6-4365-9fa4-67ea175d8f5a ---
[2026-01-12T22:15:03.638Z] --- SERVIÇO: Buscando tags para a vaga eb987d00-3669-416c-afd6-f299f2106f09 ---
[2026-01-12T22:15:03.638Z] --- SERVIÇO: Buscando tags para a vaga ebfc702b-fe2b-4256-9a71-9f29927aebf0 ---
[2026-01-12T22:15:03.638Z] --- SERVIÇO: Buscando tags para a vaga eed56da4-5ad6-495e-8c53-5205d7ecbf8b ---
[2026-01-12T22:15:03.638Z] --- SERVIÇO: Buscando tags para a vaga ef7e90f9-09ed-497c-a74a-35464f8ff4e0 ---
[2026-01-12T22:15:03.638Z] --- SERVIÇO: Buscando tags para a vaga f02d9412-b27a-42d6-b021-22baa32446b1 ---
[2026-01-12T22:15:03.638Z] --- SERVIÇO: Buscando tags para a vaga f19ffe30-c39c-49e5-b9db-7d7533ae8b7e ---
[2026-01-12T22:15:03.638Z] --- SERVIÇO: Buscando tags para a vaga f294572b-b7cf-468b-bf7a-4381da0d33b0 ---
[2026-01-12T22:15:03.638Z] --- SERVIÇO: Buscando tags para a vaga f2cebfcd-1a4f-43d5-b082-c0849853ddbc ---
[2026-01-12T22:15:03.638Z] --- SERVIÇO: Buscando tags para a vaga f31cde87-5872-42dc-b34c-c4604a679e95 ---
[2026-01-12T22:15:03.638Z] --- SERVIÇO: Buscando tags para a vaga f354323d-be6c-42ee-8341-3cf00a5ba7f1 ---
[2026-01-12T22:15:03.638Z] --- SERVIÇO: Buscando tags para a vaga f3c4bffb-3043-4b9a-9c4b-846d1ea394d4 ---
[2026-01-12T22:15:03.638Z] --- SERVIÇO: Buscando tags para a vaga f71b7bab-ec59-4b45-8cb1-53d0497256c5 ---
[2026-01-12T22:15:03.638Z] --- SERVIÇO: Buscando tags para a vaga f71ee2bd-27ec-4e54-8bd7-1c88d6841244 ---
[2026-01-12T22:15:03.638Z] --- SERVIÇO: Buscando tags para a vaga f84ee05c-b0f8-4835-8e57-0e7c12705119 ---
[2026-01-12T22:15:03.638Z] --- SERVIÇO: Buscando tags para a vaga f8a46ee0-7d89-48bd-8c89-3f209d6a19bf ---
[2026-01-12T22:15:03.638Z] --- SERVIÇO: Buscando tags para a vaga fa721cb8-4af5-4340-b46e-5e8708f28f33 ---
[2026-01-12T22:15:03.638Z] --- SERVIÇO: Buscando tags para a vaga fb54fa05-e2bf-41b4-8adb-2e59fa0d3916 ---
[2026-01-12T22:15:03.638Z] --- SERVIÇO: Buscando tags para a vaga fd534c00-0776-4981-9a48-530a813cd7f7 ---
[2026-01-12T22:15:04.592Z] Buscando uma página de talentos (limite de 100).
[2026-01-12T22:15:04.593Z] Busca completa. Total de 14 candidaturas carregadas para a vaga e4f3e42b-6b05-40dc-8659-a81504410e9b.
[2026-01-12T22:15:04.653Z] DEBUG: Dados salvos com sucesso em "/Users/patricksiqueira/PEOPLE/api-people/debug_logs/candidates_for_job_e4f3e42b-6b05-40dc-8659-a81504410e9b_1768256104593.txt"
[2026-01-12T22:15:04.658Z] Busca completa. Total de 132 candidaturas carregadas para a vaga e8e05409-1d79-449e-9bd5-8766914f9cb9.
[2026-01-12T22:15:04.668Z] DEBUG: Dados salvos com sucesso em "/Users/patricksiqueira/PEOPLE/api-people/debug_logs/candidates_for_job_e8e05409-1d79-449e-9bd5-8766914f9cb9_1768256104658.txt"
[2026-01-12T22:15:04.670Z] Busca completa. Total de 32 candidaturas carregadas para a vaga e68c4f98-5623-4108-a8f2-b8252a1e5363.
[2026-01-12T22:15:04.684Z] DEBUG: Dados salvos com sucesso em "/Users/patricksiqueira/PEOPLE/api-people/debug_logs/candidates_for_job_e68c4f98-5623-4108-a8f2-b8252a1e5363_1768256104670.txt"
[2026-01-12T22:15:04.826Z] Busca completa. Total de 170 candidaturas carregadas para a vaga e3e6ab23-7e2e-4539-ba23-922599a99718.
[2026-01-12T22:15:04.845Z] DEBUG: Dados salvos com sucesso em "/Users/patricksiqueira/PEOPLE/api-people/debug_logs/candidates_for_job_e3e6ab23-7e2e-4539-ba23-922599a99718_1768256104826.txt"
[2026-01-12T22:15:06.516Z] Buscando uma página de talentos (limite de 100).
[2026-01-12T22:15:06.794Z] Busca completa. Total de 640 candidaturas carregadas para a vaga e681b432-3bbe-4ae9-b8e4-f2e86d3d11c6.
[2026-01-12T22:15:06.810Z] DEBUG: Dados salvos com sucesso em "/Users/patricksiqueira/PEOPLE/api-people/debug_logs/candidates_for_job_e681b432-3bbe-4ae9-b8e4-f2e86d3d11c6_1768256106794.txt"
[2026-01-12T22:15:06.811Z] PREFETCH WORKER: Lote de 5 vagas processado.
[2026-01-12T22:15:06.811Z] --- ORQUESTRADOR: Buscando candidaturas para a vaga e8ef0e45-f2c9-4dfc-a026-213cad983ec8 ---
[2026-01-12T22:15:06.811Z] CACHE MISS: Buscando candidaturas para a vaga e8ef0e45-f2c9-4dfc-a026-213cad983ec8 da API.
[2026-01-12T22:15:06.811Z] --- SERVIÇO: Buscando TODAS as candidaturas para a vaga e8ef0e45-f2c9-4dfc-a026-213cad983ec8 ---
[2026-01-12T22:15:06.811Z] --- ORQUESTRADOR: Buscando candidaturas para a vaga e9f9d0de-7dea-4c59-9078-3c63136d2c3d ---
[2026-01-12T22:15:06.811Z] CACHE MISS: Buscando candidaturas para a vaga e9f9d0de-7dea-4c59-9078-3c63136d2c3d da API.
[2026-01-12T22:15:06.811Z] --- SERVIÇO: Buscando TODAS as candidaturas para a vaga e9f9d0de-7dea-4c59-9078-3c63136d2c3d ---
[2026-01-12T22:15:06.811Z] --- ORQUESTRADOR: Buscando candidaturas para a vaga eb6ceb2b-7ff6-4365-9fa4-67ea175d8f5a ---
[2026-01-12T22:15:06.811Z] CACHE MISS: Buscando candidaturas para a vaga eb6ceb2b-7ff6-4365-9fa4-67ea175d8f5a da API.
[2026-01-12T22:15:06.811Z] --- SERVIÇO: Buscando TODAS as candidaturas para a vaga eb6ceb2b-7ff6-4365-9fa4-67ea175d8f5a ---
[2026-01-12T22:15:06.811Z] --- ORQUESTRADOR: Buscando candidaturas para a vaga eb987d00-3669-416c-afd6-f299f2106f09 ---
[2026-01-12T22:15:06.811Z] CACHE MISS: Buscando candidaturas para a vaga eb987d00-3669-416c-afd6-f299f2106f09 da API.
[2026-01-12T22:15:06.811Z] --- SERVIÇO: Buscando TODAS as candidaturas para a vaga eb987d00-3669-416c-afd6-f299f2106f09 ---
[2026-01-12T22:15:06.811Z] --- ORQUESTRADOR: Buscando candidaturas para a vaga ebfc702b-fe2b-4256-9a71-9f29927aebf0 ---
[2026-01-12T22:15:06.811Z] CACHE MISS: Buscando candidaturas para a vaga ebfc702b-fe2b-4256-9a71-9f29927aebf0 da API.
[2026-01-12T22:15:06.811Z] --- SERVIÇO: Buscando TODAS as candidaturas para a vaga ebfc702b-fe2b-4256-9a71-9f29927aebf0 ---
[2026-01-12T22:15:07.325Z] Busca completa. Total de 23 candidaturas carregadas para a vaga eb6ceb2b-7ff6-4365-9fa4-67ea175d8f5a.
[2026-01-12T22:15:08.142Z] DEBUG: Dados salvos com sucesso em "/Users/patricksiqueira/PEOPLE/api-people/debug_logs/candidates_for_job_eb6ceb2b-7ff6-4365-9fa4-67ea175d8f5a_1768256107325.txt"
[2026-01-12T22:15:08.148Z] Busca completa. Total de 50 candidaturas carregadas para a vaga eb987d00-3669-416c-afd6-f299f2106f09.
[2026-01-12T22:15:08.188Z] DEBUG: Dados salvos com sucesso em "/Users/patricksiqueira/PEOPLE/api-people/debug_logs/candidates_for_job_eb987d00-3669-416c-afd6-f299f2106f09_1768256108148.txt"
[2026-01-12T22:15:08.217Z] Buscando uma página de talentos (limite de 100).
[2026-01-12T22:15:08.628Z] Busca completa. Total de 272 candidaturas carregadas para a vaga ebfc702b-fe2b-4256-9a71-9f29927aebf0.
[2026-01-12T22:15:08.645Z] DEBUG: Dados salvos com sucesso em "/Users/patricksiqueira/PEOPLE/api-people/debug_logs/candidates_for_job_ebfc702b-fe2b-4256-9a71-9f29927aebf0_1768256108628.txt"
[2026-01-12T22:15:08.885Z] Busca completa. Total de 348 candidaturas carregadas para a vaga e8ef0e45-f2c9-4dfc-a026-213cad983ec8.
[2026-01-12T22:15:08.897Z] DEBUG: Dados salvos com sucesso em "/Users/patricksiqueira/PEOPLE/api-people/debug_logs/candidates_for_job_e8ef0e45-f2c9-4dfc-a026-213cad983ec8_1768256108885.txt"
[2026-01-12T22:15:10.038Z] Buscando uma página de talentos (limite de 100).
[2026-01-12T22:15:10.412Z] Busca completa. Total de 622 candidaturas carregadas para a vaga e9f9d0de-7dea-4c59-9078-3c63136d2c3d.
[2026-01-12T22:15:10.453Z] DEBUG: Dados salvos com sucesso em "/Users/patricksiqueira/PEOPLE/api-people/debug_logs/candidates_for_job_e9f9d0de-7dea-4c59-9078-3c63136d2c3d_1768256110412.txt"
[2026-01-12T22:15:10.454Z] PREFETCH WORKER: Lote de 5 vagas processado.
[2026-01-12T22:15:10.454Z] --- ORQUESTRADOR: Buscando candidaturas para a vaga eed56da4-5ad6-495e-8c53-5205d7ecbf8b ---
[2026-01-12T22:15:10.454Z] CACHE MISS: Buscando candidaturas para a vaga eed56da4-5ad6-495e-8c53-5205d7ecbf8b da API.
[2026-01-12T22:15:10.454Z] --- SERVIÇO: Buscando TODAS as candidaturas para a vaga eed56da4-5ad6-495e-8c53-5205d7ecbf8b ---
[2026-01-12T22:15:10.454Z] --- ORQUESTRADOR: Buscando candidaturas para a vaga ef7e90f9-09ed-497c-a74a-35464f8ff4e0 ---
[2026-01-12T22:15:10.454Z] CACHE MISS: Buscando candidaturas para a vaga ef7e90f9-09ed-497c-a74a-35464f8ff4e0 da API.
[2026-01-12T22:15:10.454Z] --- SERVIÇO: Buscando TODAS as candidaturas para a vaga ef7e90f9-09ed-497c-a74a-35464f8ff4e0 ---
[2026-01-12T22:15:10.454Z] --- ORQUESTRADOR: Buscando candidaturas para a vaga f02d9412-b27a-42d6-b021-22baa32446b1 ---
[2026-01-12T22:15:10.454Z] CACHE MISS: Buscando candidaturas para a vaga f02d9412-b27a-42d6-b021-22baa32446b1 da API.
[2026-01-12T22:15:10.454Z] --- SERVIÇO: Buscando TODAS as candidaturas para a vaga f02d9412-b27a-42d6-b021-22baa32446b1 ---
[2026-01-12T22:15:10.454Z] --- ORQUESTRADOR: Buscando candidaturas para a vaga f19ffe30-c39c-49e5-b9db-7d7533ae8b7e ---
[2026-01-12T22:15:10.454Z] CACHE MISS: Buscando candidaturas para a vaga f19ffe30-c39c-49e5-b9db-7d7533ae8b7e da API.
[2026-01-12T22:15:10.454Z] --- SERVIÇO: Buscando TODAS as candidaturas para a vaga f19ffe30-c39c-49e5-b9db-7d7533ae8b7e ---
[2026-01-12T22:15:10.454Z] --- ORQUESTRADOR: Buscando candidaturas para a vaga f294572b-b7cf-468b-bf7a-4381da0d33b0 ---
[2026-01-12T22:15:10.454Z] CACHE MISS: Buscando candidaturas para a vaga f294572b-b7cf-468b-bf7a-4381da0d33b0 da API.
[2026-01-12T22:15:10.454Z] --- SERVIÇO: Buscando TODAS as candidaturas para a vaga f294572b-b7cf-468b-bf7a-4381da0d33b0 ---
[2026-01-12T22:15:11.347Z] Busca completa. Total de 11 candidaturas carregadas para a vaga f02d9412-b27a-42d6-b021-22baa32446b1.
[2026-01-12T22:15:11.348Z] DEBUG: Dados salvos com sucesso em "/Users/patricksiqueira/PEOPLE/api-people/debug_logs/candidates_for_job_f02d9412-b27a-42d6-b021-22baa32446b1_1768256111347.txt"
[2026-01-12T22:15:11.443Z] Buscando uma página de talentos (limite de 100).
[2026-01-12T22:15:11.446Z] Busca completa. Total de 113 candidaturas carregadas para a vaga f19ffe30-c39c-49e5-b9db-7d7533ae8b7e.
[2026-01-12T22:15:11.453Z] DEBUG: Dados salvos com sucesso em "/Users/patricksiqueira/PEOPLE/api-people/debug_logs/candidates_for_job_f19ffe30-c39c-49e5-b9db-7d7533ae8b7e_1768256111446.txt"
[2026-01-12T22:15:11.939Z] Busca completa. Total de 121 candidaturas carregadas para a vaga eed56da4-5ad6-495e-8c53-5205d7ecbf8b.
[2026-01-12T22:15:11.943Z] DEBUG: Dados salvos com sucesso em "/Users/patricksiqueira/PEOPLE/api-people/debug_logs/candidates_for_job_eed56da4-5ad6-495e-8c53-5205d7ecbf8b_1768256111939.txt"
[2026-01-12T22:15:11.946Z] Busca completa. Total de 92 candidaturas carregadas para a vaga ef7e90f9-09ed-497c-a74a-35464f8ff4e0.
[2026-01-12T22:15:11.955Z] DEBUG: Dados salvos com sucesso em "/Users/patricksiqueira/PEOPLE/api-people/debug_logs/candidates_for_job_ef7e90f9-09ed-497c-a74a-35464f8ff4e0_1768256111946.txt"
[2026-01-12T22:15:12.231Z] Buscando uma página de talentos (limite de 100).
[2026-01-12T22:15:14.107Z] Buscando uma página de talentos (limite de 100).
[2026-01-12T22:15:15.062Z] Busca completa. Total de 713 candidaturas carregadas para a vaga f294572b-b7cf-468b-bf7a-4381da0d33b0.
[2026-01-12T22:15:15.177Z] DEBUG: Dados salvos com sucesso em "/Users/patricksiqueira/PEOPLE/api-people/debug_logs/candidates_for_job_f294572b-b7cf-468b-bf7a-4381da0d33b0_1768256115063.txt"
[2026-01-12T22:15:15.178Z] PREFETCH WORKER: Lote de 5 vagas processado.
[2026-01-12T22:15:15.178Z] --- ORQUESTRADOR: Buscando candidaturas para a vaga f2cebfcd-1a4f-43d5-b082-c0849853ddbc ---
[2026-01-12T22:15:15.178Z] CACHE MISS: Buscando candidaturas para a vaga f2cebfcd-1a4f-43d5-b082-c0849853ddbc da API.
[2026-01-12T22:15:15.178Z] --- SERVIÇO: Buscando TODAS as candidaturas para a vaga f2cebfcd-1a4f-43d5-b082-c0849853ddbc ---
[2026-01-12T22:15:15.179Z] --- ORQUESTRADOR: Buscando candidaturas para a vaga f31cde87-5872-42dc-b34c-c4604a679e95 ---
[2026-01-12T22:15:15.179Z] CACHE MISS: Buscando candidaturas para a vaga f31cde87-5872-42dc-b34c-c4604a679e95 da API.
[2026-01-12T22:15:15.179Z] --- SERVIÇO: Buscando TODAS as candidaturas para a vaga f31cde87-5872-42dc-b34c-c4604a679e95 ---
[2026-01-12T22:15:15.179Z] --- ORQUESTRADOR: Buscando candidaturas para a vaga f354323d-be6c-42ee-8341-3cf00a5ba7f1 ---
[2026-01-12T22:15:15.179Z] CACHE MISS: Buscando candidaturas para a vaga f354323d-be6c-42ee-8341-3cf00a5ba7f1 da API.
[2026-01-12T22:15:15.179Z] --- SERVIÇO: Buscando TODAS as candidaturas para a vaga f354323d-be6c-42ee-8341-3cf00a5ba7f1 ---
[2026-01-12T22:15:15.179Z] --- ORQUESTRADOR: Buscando candidaturas para a vaga f3c4bffb-3043-4b9a-9c4b-846d1ea394d4 ---
[2026-01-12T22:15:15.179Z] CACHE MISS: Buscando candidaturas para a vaga f3c4bffb-3043-4b9a-9c4b-846d1ea394d4 da API.
[2026-01-12T22:15:15.179Z] --- SERVIÇO: Buscando TODAS as candidaturas para a vaga f3c4bffb-3043-4b9a-9c4b-846d1ea394d4 ---
[2026-01-12T22:15:15.179Z] --- ORQUESTRADOR: Buscando candidaturas para a vaga f71b7bab-ec59-4b45-8cb1-53d0497256c5 ---
[2026-01-12T22:15:15.179Z] CACHE MISS: Buscando candidaturas para a vaga f71b7bab-ec59-4b45-8cb1-53d0497256c5 da API.
[2026-01-12T22:15:15.179Z] --- SERVIÇO: Buscando TODAS as candidaturas para a vaga f71b7bab-ec59-4b45-8cb1-53d0497256c5 ---
[2026-01-12T22:15:15.893Z] Busca completa. Total de 0 candidaturas carregadas para a vaga f2cebfcd-1a4f-43d5-b082-c0849853ddbc.
[2026-01-12T22:15:15.906Z] DEBUG: Dados salvos com sucesso em "/Users/patricksiqueira/PEOPLE/api-people/debug_logs/candidates_for_job_f2cebfcd-1a4f-43d5-b082-c0849853ddbc_1768256115893.txt"
[2026-01-12T22:15:16.112Z] Buscando uma página de talentos (limite de 100).
[2026-01-12T22:15:16.272Z] Busca completa. Total de 40 candidaturas carregadas para a vaga f71b7bab-ec59-4b45-8cb1-53d0497256c5.
[2026-01-12T22:15:16.830Z] DEBUG: Dados salvos com sucesso em "/Users/patricksiqueira/PEOPLE/api-people/debug_logs/candidates_for_job_f71b7bab-ec59-4b45-8cb1-53d0497256c5_1768256116272.txt"
[2026-01-12T22:15:16.856Z] Busca completa. Total de 99 candidaturas carregadas para a vaga f354323d-be6c-42ee-8341-3cf00a5ba7f1.
[2026-01-12T22:15:16.895Z] DEBUG: Dados salvos com sucesso em "/Users/patricksiqueira/PEOPLE/api-people/debug_logs/candidates_for_job_f354323d-be6c-42ee-8341-3cf00a5ba7f1_1768256116856.txt"
[2026-01-12T22:15:16.906Z] Busca completa. Total de 55 candidaturas carregadas para a vaga f3c4bffb-3043-4b9a-9c4b-846d1ea394d4.
[2026-01-12T22:15:16.919Z] DEBUG: Dados salvos com sucesso em "/Users/patricksiqueira/PEOPLE/api-people/debug_logs/candidates_for_job_f3c4bffb-3043-4b9a-9c4b-846d1ea394d4_1768256116906.txt"
[2026-01-12T22:15:16.939Z] Busca completa. Total de 117 candidaturas carregadas para a vaga f31cde87-5872-42dc-b34c-c4604a679e95.
[2026-01-12T22:15:16.946Z] DEBUG: Dados salvos com sucesso em "/Users/patricksiqueira/PEOPLE/api-people/debug_logs/candidates_for_job_f31cde87-5872-42dc-b34c-c4604a679e95_1768256116939.txt"
[2026-01-12T22:15:16.949Z] PREFETCH WORKER: Lote de 5 vagas processado.
[2026-01-12T22:15:16.949Z] --- ORQUESTRADOR: Buscando candidaturas para a vaga f71ee2bd-27ec-4e54-8bd7-1c88d6841244 ---
[2026-01-12T22:15:16.949Z] CACHE MISS: Buscando candidaturas para a vaga f71ee2bd-27ec-4e54-8bd7-1c88d6841244 da API.
[2026-01-12T22:15:16.949Z] --- SERVIÇO: Buscando TODAS as candidaturas para a vaga f71ee2bd-27ec-4e54-8bd7-1c88d6841244 ---
[2026-01-12T22:15:16.949Z] --- ORQUESTRADOR: Buscando candidaturas para a vaga f84ee05c-b0f8-4835-8e57-0e7c12705119 ---
[2026-01-12T22:15:16.949Z] CACHE MISS: Buscando candidaturas para a vaga f84ee05c-b0f8-4835-8e57-0e7c12705119 da API.
[2026-01-12T22:15:16.949Z] --- SERVIÇO: Buscando TODAS as candidaturas para a vaga f84ee05c-b0f8-4835-8e57-0e7c12705119 ---
[2026-01-12T22:15:16.949Z] --- ORQUESTRADOR: Buscando candidaturas para a vaga f8a46ee0-7d89-48bd-8c89-3f209d6a19bf ---
[2026-01-12T22:15:16.949Z] CACHE MISS: Buscando candidaturas para a vaga f8a46ee0-7d89-48bd-8c89-3f209d6a19bf da API.
[2026-01-12T22:15:16.949Z] --- SERVIÇO: Buscando TODAS as candidaturas para a vaga f8a46ee0-7d89-48bd-8c89-3f209d6a19bf ---
[2026-01-12T22:15:16.949Z] --- ORQUESTRADOR: Buscando candidaturas para a vaga fa721cb8-4af5-4340-b46e-5e8708f28f33 ---
[2026-01-12T22:15:16.949Z] CACHE MISS: Buscando candidaturas para a vaga fa721cb8-4af5-4340-b46e-5e8708f28f33 da API.
[2026-01-12T22:15:16.949Z] --- SERVIÇO: Buscando TODAS as candidaturas para a vaga fa721cb8-4af5-4340-b46e-5e8708f28f33 ---
[2026-01-12T22:15:16.949Z] --- ORQUESTRADOR: Buscando candidaturas para a vaga fb54fa05-e2bf-41b4-8adb-2e59fa0d3916 ---
[2026-01-12T22:15:16.949Z] CACHE MISS: Buscando candidaturas para a vaga fb54fa05-e2bf-41b4-8adb-2e59fa0d3916 da API.
[2026-01-12T22:15:16.949Z] --- SERVIÇO: Buscando TODAS as candidaturas para a vaga fb54fa05-e2bf-41b4-8adb-2e59fa0d3916 ---
[2026-01-12T22:15:17.542Z] Busca completa. Total de 116 candidaturas carregadas para a vaga f71ee2bd-27ec-4e54-8bd7-1c88d6841244.
[2026-01-12T22:15:17.551Z] DEBUG: Dados salvos com sucesso em "/Users/patricksiqueira/PEOPLE/api-people/debug_logs/candidates_for_job_f71ee2bd-27ec-4e54-8bd7-1c88d6841244_1768256117543.txt"
[2026-01-12T22:15:17.667Z] Busca completa. Total de 132 candidaturas carregadas para a vaga f84ee05c-b0f8-4835-8e57-0e7c12705119.
[2026-01-12T22:15:17.670Z] DEBUG: Dados salvos com sucesso em "/Users/patricksiqueira/PEOPLE/api-people/debug_logs/candidates_for_job_f84ee05c-b0f8-4835-8e57-0e7c12705119_1768256117667.txt"
[2026-01-12T22:15:17.952Z] Buscando uma página de talentos (limite de 100).
[2026-01-12T22:15:18.269Z] Busca completa. Total de 102 candidaturas carregadas para a vaga f8a46ee0-7d89-48bd-8c89-3f209d6a19bf.
[2026-01-12T22:15:18.275Z] DEBUG: Dados salvos com sucesso em "/Users/patricksiqueira/PEOPLE/api-people/debug_logs/candidates_for_job_f8a46ee0-7d89-48bd-8c89-3f209d6a19bf_1768256118269.txt"
[2026-01-12T22:15:18.381Z] Busca completa. Total de 112 candidaturas carregadas para a vaga fa721cb8-4af5-4340-b46e-5e8708f28f33.
[2026-01-12T22:15:18.384Z] DEBUG: Dados salvos com sucesso em "/Users/patricksiqueira/PEOPLE/api-people/debug_logs/candidates_for_job_fa721cb8-4af5-4340-b46e-5e8708f28f33_1768256118381.txt"
[2026-01-12T22:15:18.401Z] Busca completa. Total de 155 candidaturas carregadas para a vaga fb54fa05-e2bf-41b4-8adb-2e59fa0d3916.
[2026-01-12T22:15:18.413Z] DEBUG: Dados salvos com sucesso em "/Users/patricksiqueira/PEOPLE/api-people/debug_logs/candidates_for_job_fb54fa05-e2bf-41b4-8adb-2e59fa0d3916_1768256118401.txt"
[2026-01-12T22:15:18.413Z] PREFETCH WORKER: Lote de 5 vagas processado.
[2026-01-12T22:15:18.414Z] --- ORQUESTRADOR: Buscando candidaturas para a vaga fd534c00-0776-4981-9a48-530a813cd7f7 ---
[2026-01-12T22:15:18.414Z] CACHE MISS: Buscando candidaturas para a vaga fd534c00-0776-4981-9a48-530a813cd7f7 da API.
[2026-01-12T22:15:18.414Z] --- SERVIÇO: Buscando TODAS as candidaturas para a vaga fd534c00-0776-4981-9a48-530a813cd7f7 ---
[2026-01-12T22:15:19.557Z] Buscando uma página de talentos (limite de 100).
[2026-01-12T22:15:19.962Z] Busca completa. Total de 162 candidaturas carregadas para a vaga fd534c00-0776-4981-9a48-530a813cd7f7.
[2026-01-12T22:15:19.971Z] DEBUG: Dados salvos com sucesso em "/Users/patricksiqueira/PEOPLE/api-people/debug_logs/candidates_for_job_fd534c00-0776-4981-9a48-530a813cd7f7_1768256119962.txt"
[2026-01-12T22:15:19.972Z] PREFETCH WORKER: Lote de 1 vagas processado.
[2026-01-12T22:15:19.972Z] --- PREFETCH WORKER: Pré-carregamento de candidatos concluído. ---
[2026-01-12T22:15:20.301Z] Buscando uma página de talentos (limite de 100).
[2026-01-12T22:15:21.059Z] Buscando uma página de talentos (limite de 100).
[2026-01-12T22:15:22.913Z] Buscando uma página de talentos (limite de 100).
[2026-01-12T22:15:23.714Z] Buscando uma página de talentos (limite de 100).
[2026-01-12T22:15:25.497Z] Buscando uma página de talentos (limite de 100).
[2026-01-12T22:15:25.874Z] --- ORQUESTRADOR (SYNC): Busca completa. Total de 65889 talentos carregados.
[2026-01-12T22:16:01.220Z] --- ORQUESTRADOR (SYNC): Buscando e enriquecendo todas as vagas ---
[2026-01-12T22:16:01.894Z] --- SERVIÇO: Buscando TODAS as vagas com paginação interna ---
[2026-01-12T22:16:02.097Z] --- ORQUESTRADOR (SYNC): Buscando TODOS os talentos com paginação interna ---
[2026-01-12T22:16:02.097Z] Buscando uma página de talentos (limite de 100).
[2026-01-12T22:16:03.339Z] Página de vagas recebida. Chave para a próxima página encontrada. Total atual: 100
[2026-01-12T22:16:04.047Z] Buscando uma página de talentos (limite de 100).
[2026-01-12T22:16:04.260Z] Página de vagas recebida. Chave para a próxima página encontrada. Total atual: 200
[2026-01-12T22:16:04.596Z] Busca completa. Total final de 206 vagas carregadas da API.
[2026-01-12T22:16:04.602Z] DEBUG: Dados salvos com sucesso em "/Users/patricksiqueira/PEOPLE/api-people/debug_logs/all_jobs_raw_1768256164596.txt"
[2026-01-12T22:16:04.602Z] --- SERVIÇO: Buscando tags para a vaga 010b9be5-e7a6-4bef-bf00-07b6b4a2e787 ---
[2026-01-12T22:16:04.602Z] --- SERVIÇO: Buscando tags para a vaga 01eb8c12-9d27-4d24-8924-e00e3312a549 ---
[2026-01-12T22:16:04.602Z] --- SERVIÇO: Buscando tags para a vaga 02036b7c-7e4e-4da4-94c4-4e0411046210 ---
[2026-01-12T22:16:04.603Z] --- SERVIÇO: Buscando tags para a vaga 038f7c8c-0ad0-4489-9019-f1f320c10a94 ---
[2026-01-12T22:16:04.603Z] --- SERVIÇO: Buscando tags para a vaga 0713cef6-067b-46dd-90f6-9d6d1e70efb2 ---
[2026-01-12T22:16:04.603Z] --- SERVIÇO: Buscando tags para a vaga 087fa08a-3f9b-4f89-8abd-ed0a8ffb32aa ---
[2026-01-12T22:16:04.603Z] --- SERVIÇO: Buscando tags para a vaga 09c2edda-64b4-41e1-8580-73c6b2e03d64 ---
[2026-01-12T22:16:04.603Z] --- SERVIÇO: Buscando tags para a vaga 0b2a0725-363b-4a25-a95f-658f93451a17 ---
[2026-01-12T22:16:04.604Z] --- SERVIÇO: Buscando tags para a vaga 0e3ad5ba-5f6b-48a9-91b0-d02402d2039e ---
[2026-01-12T22:16:04.604Z] --- SERVIÇO: Buscando tags para a vaga 0f57a077-a7ad-4665-8d59-76ab585fd594 ---
[2026-01-12T22:16:04.604Z] --- SERVIÇO: Buscando tags para a vaga 103725bc-95a8-4a2a-a7dd-a07dd432f599 ---
[2026-01-12T22:16:04.604Z] --- SERVIÇO: Buscando tags para a vaga 1061f8b2-c706-473d-b7f9-d1f129c50797 ---
[2026-01-12T22:16:04.604Z] --- SERVIÇO: Buscando tags para a vaga 110cafa9-71a1-43b3-b3d3-02315a6cab75 ---
[2026-01-12T22:16:04.604Z] --- SERVIÇO: Buscando tags para a vaga 1199197f-ad3f-49fb-b59d-e8993669d8bf ---
[2026-01-12T22:16:04.604Z] --- SERVIÇO: Buscando tags para a vaga 12d01928-a53b-416a-a122-2a7779ba2d34 ---
[2026-01-12T22:16:04.604Z] --- SERVIÇO: Buscando tags para a vaga 12d66e5d-8f00-4e59-aefa-261fadae8747 ---
[2026-01-12T22:16:04.604Z] --- SERVIÇO: Buscando tags para a vaga 12df898d-45bf-487a-bb44-f0d6b52abb93 ---
[2026-01-12T22:16:04.604Z] --- SERVIÇO: Buscando tags para a vaga 1432c3df-44a3-45da-a7a7-8b8cfcb8a2a8 ---
[2026-01-12T22:16:04.604Z] --- SERVIÇO: Buscando tags para a vaga 198081f8-53cc-455a-834a-6467f07ce5a4 ---
[2026-01-12T22:16:04.604Z] --- SERVIÇO: Buscando tags para a vaga 19a031ab-f6f1-4bac-9b3f-49453b88e747 ---
[2026-01-12T22:16:04.604Z] --- SERVIÇO: Buscando tags para a vaga 1b25ccbf-ce03-4599-ab6b-c6574f8b51a9 ---
[2026-01-12T22:16:04.605Z] --- SERVIÇO: Buscando tags para a vaga 1dabe24a-55f3-4143-baa3-beb26a5ea825 ---
[2026-01-12T22:16:04.605Z] --- SERVIÇO: Buscando tags para a vaga 21370dcd-11c3-4d02-b8c2-795c1f7302ca ---
[2026-01-12T22:16:04.605Z] --- SERVIÇO: Buscando tags para a vaga 216e0e8d-2373-4449-bf8e-3e304555a918 ---
[2026-01-12T22:16:04.605Z] --- SERVIÇO: Buscando tags para a vaga 21cb7be5-7c24-4c31-9b68-e01c598f0b29 ---
[2026-01-12T22:16:04.605Z] --- SERVIÇO: Buscando tags para a vaga 22abe01d-7c71-47fb-9631-c1e7af0adda9 ---
[2026-01-12T22:16:04.605Z] --- SERVIÇO: Buscando tags para a vaga 24df6510-fc44-48e7-b72b-b0722c51ada9 ---
[2026-01-12T22:16:04.605Z] --- SERVIÇO: Buscando tags para a vaga 27057a67-dc99-4561-8fbb-2c01d0f95664 ---
[2026-01-12T22:16:04.605Z] --- SERVIÇO: Buscando tags para a vaga 28890951-c5c2-4172-8ffc-00b2c087f26d ---
[2026-01-12T22:16:04.606Z] --- SERVIÇO: Buscando tags para a vaga 28ada291-0f0a-4f88-8c21-d4399fccf2ea ---
[2026-01-12T22:16:04.606Z] --- SERVIÇO: Buscando tags para a vaga 28b18b11-ffd6-4a4c-8792-52625979eec6 ---
[2026-01-12T22:16:04.606Z] --- SERVIÇO: Buscando tags para a vaga 2a247d8e-5f71-4516-a2f2-7768e4d2ac13 ---
[2026-01-12T22:16:04.606Z] --- SERVIÇO: Buscando tags para a vaga 2b8c1009-6f71-4a00-82ad-d0ae4121933a ---
[2026-01-12T22:16:04.606Z] --- SERVIÇO: Buscando tags para a vaga 2bc2c17d-a2e9-4eba-bc37-1b2788c55ce9 ---
[2026-01-12T22:16:04.606Z] --- SERVIÇO: Buscando tags para a vaga 2bf8cf21-f6a4-4dea-b08f-68534e123b75 ---
[2026-01-12T22:16:04.606Z] --- SERVIÇO: Buscando tags para a vaga 2cb4f868-f797-42b7-ad10-a111bce78c81 ---
[2026-01-12T22:16:04.606Z] --- SERVIÇO: Buscando tags para a vaga 2cbcf9fb-be48-4840-9d1f-ea87787203e3 ---
[2026-01-12T22:16:04.606Z] --- SERVIÇO: Buscando tags para a vaga 2ce5c7e0-29cc-4b13-9f84-757887c847a7 ---
[2026-01-12T22:16:04.606Z] --- SERVIÇO: Buscando tags para a vaga 2db744bb-f359-4eb6-a319-3059ec161be5 ---
[2026-01-12T22:16:04.606Z] --- SERVIÇO: Buscando tags para a vaga 2e27e07c-a46f-4b47-b06c-6ad09de1541a ---
[2026-01-12T22:16:04.606Z] --- SERVIÇO: Buscando tags para a vaga 2e9b2e51-a864-4fb6-8501-42707c3a53ef ---
[2026-01-12T22:16:04.606Z] --- SERVIÇO: Buscando tags para a vaga 3150379a-7df2-465d-9347-a52d292e6d05 ---
[2026-01-12T22:16:04.606Z] --- SERVIÇO: Buscando tags para a vaga 3266ee48-79cb-4d45-9d3a-bcb0ef086569 ---
[2026-01-12T22:16:04.606Z] --- SERVIÇO: Buscando tags para a vaga 3306e92c-dc9e-47a0-8b24-438b310ce51a ---
[2026-01-12T22:16:04.607Z] --- SERVIÇO: Buscando tags para a vaga 3518b656-ce33-467a-be1f-2517cc8b0983 ---
[2026-01-12T22:16:04.607Z] --- SERVIÇO: Buscando tags para a vaga 35e7cc64-988c-4038-bf14-557a52ce72c8 ---
[2026-01-12T22:16:04.607Z] --- SERVIÇO: Buscando tags para a vaga 35f4346a-f575-47da-b210-e72b7c82bd68 ---
[2026-01-12T22:16:04.607Z] --- SERVIÇO: Buscando tags para a vaga 36246616-3b33-40e7-a13b-07461647a1af ---
[2026-01-12T22:16:04.607Z] --- SERVIÇO: Buscando tags para a vaga 3672c6af-0306-4df1-bbdd-f87442e4867b ---
[2026-01-12T22:16:04.607Z] --- SERVIÇO: Buscando tags para a vaga 37d72799-de1c-49b7-b594-32dcf3f56165 ---
[2026-01-12T22:16:04.607Z] --- SERVIÇO: Buscando tags para a vaga 3ad21787-de34-4af8-84f9-a48fc651e6e0 ---
[2026-01-12T22:16:04.608Z] --- SERVIÇO: Buscando tags para a vaga 3e00d7c2-a10a-4c16-aa01-115737031119 ---
[2026-01-12T22:16:04.608Z] --- SERVIÇO: Buscando tags para a vaga 3fa0ce0c-c82f-4606-a18f-8637a9d028ad ---
[2026-01-12T22:16:04.608Z] --- SERVIÇO: Buscando tags para a vaga 42b083cd-35ca-40cc-8886-2efff457eef7 ---
[2026-01-12T22:16:04.608Z] --- SERVIÇO: Buscando tags para a vaga 4531a001-3bd3-450c-965b-70c1da3a161e ---
[2026-01-12T22:16:04.608Z] --- SERVIÇO: Buscando tags para a vaga 466f3abd-50bd-49da-95b3-63c011d69385 ---
[2026-01-12T22:16:04.608Z] --- SERVIÇO: Buscando tags para a vaga 48419cea-f5d0-48a9-9e2f-32d275868d2a ---
[2026-01-12T22:16:04.608Z] --- SERVIÇO: Buscando tags para a vaga 48c7d8ca-bc43-4991-b901-4004b1d9ad68 ---
[2026-01-12T22:16:04.608Z] --- SERVIÇO: Buscando tags para a vaga 4a517f4c-baf4-45dc-86ab-606f9b799d17 ---
[2026-01-12T22:16:04.609Z] --- SERVIÇO: Buscando tags para a vaga 4b86e7b6-b76f-4f4b-b0ab-7c3a6873213b ---
[2026-01-12T22:16:04.609Z] --- SERVIÇO: Buscando tags para a vaga 4e052659-0bcb-44df-a8bb-94dd0a51a6fb ---
[2026-01-12T22:16:04.609Z] --- SERVIÇO: Buscando tags para a vaga 4ea77680-2259-477c-944c-3f7792aaf843 ---
[2026-01-12T22:16:04.609Z] --- SERVIÇO: Buscando tags para a vaga 4edb97eb-0611-4546-b901-731b92afab0c ---
[2026-01-12T22:16:04.609Z] --- SERVIÇO: Buscando tags para a vaga 4fffcb5c-962b-4f22-9703-7590e791be48 ---
[2026-01-12T22:16:04.610Z] --- SERVIÇO: Buscando tags para a vaga 50225e4a-e656-4671-9f30-39500578ece1 ---
[2026-01-12T22:16:04.610Z] --- SERVIÇO: Buscando tags para a vaga 53cefb70-7450-470b-a873-5ba48d95da84 ---
[2026-01-12T22:16:04.610Z] --- SERVIÇO: Buscando tags para a vaga 5505856a-c9c2-4b49-89eb-cf446e0c0629 ---
[2026-01-12T22:16:04.610Z] --- SERVIÇO: Buscando tags para a vaga 587d8ef0-bd3c-47ea-8ce6-e650cf6c527a ---
[2026-01-12T22:16:04.611Z] --- SERVIÇO: Buscando tags para a vaga 58951772-68fb-4324-8266-a47fe2be8e9d ---
[2026-01-12T22:16:04.611Z] --- SERVIÇO: Buscando tags para a vaga 5a8e7dd3-99a8-40ad-b441-ee06f58f7588 ---
[2026-01-12T22:16:04.611Z] --- SERVIÇO: Buscando tags para a vaga 5e78e517-13fd-47c7-83c7-6a33e14c4b63 ---
[2026-01-12T22:16:04.611Z] --- SERVIÇO: Buscando tags para a vaga 5fbebe8b-c092-4778-902e-8d193305f8f0 ---
[2026-01-12T22:16:04.612Z] --- SERVIÇO: Buscando tags para a vaga 604cbaca-96af-420d-98c3-55cee4995a1b ---
[2026-01-12T22:16:04.612Z] --- SERVIÇO: Buscando tags para a vaga 6075f3be-d885-4c32-9087-41d6eb798c93 ---
[2026-01-12T22:16:04.612Z] --- SERVIÇO: Buscando tags para a vaga 62583a4f-b749-414e-b544-9a307c40ac8c ---
[2026-01-12T22:16:04.612Z] --- SERVIÇO: Buscando tags para a vaga 62fb5e76-f6c2-4ec1-bfea-a4ff8557634c ---
[2026-01-12T22:16:04.612Z] --- SERVIÇO: Buscando tags para a vaga 666bd257-db76-400a-8100-1bfa9e356068 ---
[2026-01-12T22:16:04.612Z] --- SERVIÇO: Buscando tags para a vaga 66e073f2-37ce-4b27-9a6b-fdc5113fde6b ---
[2026-01-12T22:16:04.613Z] --- SERVIÇO: Buscando tags para a vaga 68cb2d53-21ec-45f3-a7e9-b5cb928ef79b ---
[2026-01-12T22:16:04.613Z] --- SERVIÇO: Buscando tags para a vaga 69b50fd3-4a4b-4081-8a4e-c6590504b7eb ---
[2026-01-12T22:16:04.614Z] --- SERVIÇO: Buscando tags para a vaga 69f0dfde-3439-4335-b3bc-cf0c41f613d9 ---
[2026-01-12T22:16:04.614Z] --- SERVIÇO: Buscando tags para a vaga 6b78bfff-00b0-4f45-b192-16c24d7c9d5f ---
[2026-01-12T22:16:04.614Z] --- SERVIÇO: Buscando tags para a vaga 6bff9d21-f95c-4928-b421-b2e79f39b85b ---
[2026-01-12T22:16:04.614Z] --- SERVIÇO: Buscando tags para a vaga 6c1511a0-6cd1-4028-be3c-3d033cd3ff41 ---
[2026-01-12T22:16:04.614Z] --- SERVIÇO: Buscando tags para a vaga 6ee0e457-5d3f-40e8-bd14-f8ab4d6f9c81 ---
[2026-01-12T22:16:04.614Z] --- SERVIÇO: Buscando tags para a vaga 6fe6f7f9-da78-4b27-88c7-b8adbadc5ae2 ---
[2026-01-12T22:16:04.614Z] --- SERVIÇO: Buscando tags para a vaga 71f23562-3ec7-49eb-bdf7-c839f0892745 ---
[2026-01-12T22:16:04.614Z] --- SERVIÇO: Buscando tags para a vaga 73636ab7-4474-4575-ac9b-ee08f032918a ---
[2026-01-12T22:16:04.614Z] --- SERVIÇO: Buscando tags para a vaga 7371002c-a20c-4885-8755-793f66ba1deb ---
[2026-01-12T22:16:04.614Z] --- SERVIÇO: Buscando tags para a vaga 73b65c4b-9848-43c1-b286-04dfdfe4a70f ---
[2026-01-12T22:16:04.614Z] --- SERVIÇO: Buscando tags para a vaga 7637003e-55c4-492b-9d40-eed2545b3a12 ---
[2026-01-12T22:16:04.614Z] --- SERVIÇO: Buscando tags para a vaga 764f8bad-1f99-408a-a845-79bb3bd79699 ---
[2026-01-12T22:16:04.615Z] --- SERVIÇO: Buscando tags para a vaga 76c93207-d2ca-4fb3-abad-94e7c36b3604 ---
[2026-01-12T22:16:04.615Z] --- SERVIÇO: Buscando tags para a vaga 76ee6b00-1bca-4ced-9f05-946753815c3c ---
[2026-01-12T22:16:04.615Z] --- SERVIÇO: Buscando tags para a vaga 781a8a0d-1cee-45b0-b25f-ff91e04f8eb3 ---
[2026-01-12T22:16:04.615Z] --- SERVIÇO: Buscando tags para a vaga 792a095b-b3ef-4eba-a6a2-a0a66d9a6129 ---
[2026-01-12T22:16:04.615Z] --- SERVIÇO: Buscando tags para a vaga 7945b7ff-3afc-4399-a52e-7ad3bb23e3f9 ---
[2026-01-12T22:16:04.616Z] --- SERVIÇO: Buscando tags para a vaga 812a8718-2cb7-4bad-bd68-e371bef16922 ---
[2026-01-12T22:16:04.616Z] --- SERVIÇO: Buscando tags para a vaga 84b11a17-31af-463e-9fb8-fc5f2463030d ---
[2026-01-12T22:16:04.616Z] --- SERVIÇO: Buscando tags para a vaga 8555a61a-3392-42fb-9072-d7805680ad92 ---
[2026-01-12T22:16:04.616Z] --- SERVIÇO: Buscando tags para a vaga 8629e6be-e251-453f-9493-e841351db50e ---
[2026-01-12T22:16:04.616Z] --- SERVIÇO: Buscando tags para a vaga 871d5a51-df59-437a-b78f-2ab4633292bf ---
[2026-01-12T22:16:04.616Z] --- SERVIÇO: Buscando tags para a vaga 882c0a08-d993-4cac-ad0a-5f38ea3e65e9 ---
[2026-01-12T22:16:04.616Z] --- SERVIÇO: Buscando tags para a vaga 8bff2734-de96-4dbd-a3da-371e00880a02 ---
[2026-01-12T22:16:04.616Z] --- SERVIÇO: Buscando tags para a vaga 8c1a6724-f397-4a03-95a7-d39e9c80cb30 ---
[2026-01-12T22:16:04.616Z] --- SERVIÇO: Buscando tags para a vaga 8c950fd0-b46f-4d85-bd5a-648e012c2937 ---
[2026-01-12T22:16:04.616Z] --- SERVIÇO: Buscando tags para a vaga 8d3a6d73-419d-4c5c-a385-ae20a61dc4a1 ---
[2026-01-12T22:16:04.616Z] --- SERVIÇO: Buscando tags para a vaga 983684cd-3191-4aa4-8a0f-d7d35c1f1469 ---
[2026-01-12T22:16:04.616Z] --- SERVIÇO: Buscando tags para a vaga 997894d1-5d61-4742-bb6c-8a9f9584dea0 ---
[2026-01-12T22:16:04.616Z] --- SERVIÇO: Buscando tags para a vaga 9acd00b2-fff2-46c4-b781-b6cc623d7266 ---
[2026-01-12T22:16:04.616Z] --- SERVIÇO: Buscando tags para a vaga 9cd89a17-1d89-4463-b05d-94b74024a965 ---
[2026-01-12T22:16:04.616Z] --- SERVIÇO: Buscando tags para a vaga 9e5ae1d3-7900-4046-9c97-91c1429fa348 ---
[2026-01-12T22:16:04.616Z] --- SERVIÇO: Buscando tags para a vaga 9eb409d5-61ce-456a-96df-880c81c180c7 ---
[2026-01-12T22:16:04.617Z] --- SERVIÇO: Buscando tags para a vaga a17ece41-6e89-40c5-bdbe-1963cc4129e6 ---
[2026-01-12T22:16:04.617Z] --- SERVIÇO: Buscando tags para a vaga a21274c4-32ba-4d05-9e0a-c7e6e35efe7f ---
[2026-01-12T22:16:04.617Z] --- SERVIÇO: Buscando tags para a vaga a28921e8-abbc-4b40-bed2-9fddb4079b3c ---
[2026-01-12T22:16:04.617Z] --- SERVIÇO: Buscando tags para a vaga a38150ac-23e0-45d8-add6-1217f41b881c ---
[2026-01-12T22:16:04.617Z] --- SERVIÇO: Buscando tags para a vaga a3a8f036-14d3-46c3-8744-213851ab0740 ---
[2026-01-12T22:16:04.617Z] --- SERVIÇO: Buscando tags para a vaga a3fe7418-1061-4227-a71e-8c5733a97bc9 ---
[2026-01-12T22:16:04.617Z] --- SERVIÇO: Buscando tags para a vaga a4d30c4c-ad22-4f05-a538-198826b91414 ---
[2026-01-12T22:16:04.617Z] --- SERVIÇO: Buscando tags para a vaga a7c5c7f8-dd68-4c17-bb29-8bd16a6b6e90 ---
[2026-01-12T22:16:04.617Z] --- SERVIÇO: Buscando tags para a vaga a9156217-6f67-43f3-ae2b-fe5f39e016a7 ---
[2026-01-12T22:16:04.617Z] --- SERVIÇO: Buscando tags para a vaga a9a62503-94f0-4e67-95ca-2d603fd9b78b ---
[2026-01-12T22:16:04.617Z] --- SERVIÇO: Buscando tags para a vaga ab1f7522-7466-4480-abe4-83c6e021761d ---
[2026-01-12T22:16:04.617Z] --- SERVIÇO: Buscando tags para a vaga ab4b6ff3-3d05-44fb-9806-ed1ca35c4c1b ---
[2026-01-12T22:16:04.617Z] --- SERVIÇO: Buscando tags para a vaga abfb09de-9bf6-43d8-b3f7-584e865a7420 ---
[2026-01-12T22:16:04.618Z] --- SERVIÇO: Buscando tags para a vaga adcc8425-b7b1-41a5-b9a1-5f559f9fa844 ---
[2026-01-12T22:16:04.618Z] --- SERVIÇO: Buscando tags para a vaga ae3a7e47-9acf-4e5e-89dc-0933da79ee49 ---
[2026-01-12T22:16:04.618Z] --- SERVIÇO: Buscando tags para a vaga aec9178e-2772-4226-b71a-8f67748f368e ---
[2026-01-12T22:16:04.618Z] --- SERVIÇO: Buscando tags para a vaga af024203-9fd6-40fd-ac69-05662eb045ec ---
[2026-01-12T22:16:04.618Z] --- SERVIÇO: Buscando tags para a vaga b0d6514a-d73d-49e6-905e-e2c16fb5dbe1 ---
[2026-01-12T22:16:04.618Z] --- SERVIÇO: Buscando tags para a vaga b18a8440-4514-405c-a31e-42c76e4de898 ---
[2026-01-12T22:16:04.618Z] --- SERVIÇO: Buscando tags para a vaga b335822e-5c67-4949-b87b-5d1ef1764d4a ---
[2026-01-12T22:16:04.619Z] --- SERVIÇO: Buscando tags para a vaga b34296e8-1def-4c29-b45a-8a081b925956 ---
[2026-01-12T22:16:04.619Z] --- SERVIÇO: Buscando tags para a vaga b381a667-0d32-47c5-92a3-1fd1e7fa5393 ---
[2026-01-12T22:16:04.619Z] --- SERVIÇO: Buscando tags para a vaga b3a3e8cf-3cd1-4059-a656-9ffedb098d60 ---
[2026-01-12T22:16:04.619Z] --- SERVIÇO: Buscando tags para a vaga b508f8e4-6c60-434a-9d01-6a0e6239548d ---
[2026-01-12T22:16:04.619Z] --- SERVIÇO: Buscando tags para a vaga b63048e4-5224-4e3f-982a-dd4ec8c53c04 ---
[2026-01-12T22:16:04.619Z] --- SERVIÇO: Buscando tags para a vaga b683cad9-ea1c-4075-96f5-b58ee4fa332e ---
[2026-01-12T22:16:04.619Z] --- SERVIÇO: Buscando tags para a vaga b6b44e51-df22-4ae3-9d20-f3ec57dc8086 ---
[2026-01-12T22:16:04.619Z] --- SERVIÇO: Buscando tags para a vaga b75c0e83-d035-49d8-a9c1-86dfb2c3c78e ---
[2026-01-12T22:16:04.619Z] --- SERVIÇO: Buscando tags para a vaga b7a9bf6d-4bb7-475b-acb1-d00b623d11cf ---
[2026-01-12T22:16:04.619Z] --- SERVIÇO: Buscando tags para a vaga b8e04f6a-8e2d-43c7-b25e-a54b807dc329 ---
[2026-01-12T22:16:04.620Z] --- SERVIÇO: Buscando tags para a vaga ba07cc99-ee2b-4b4c-9781-977690ee888d ---
[2026-01-12T22:16:04.620Z] --- SERVIÇO: Buscando tags para a vaga bb3160a4-1d6e-4c27-8a3e-10012501159b ---
[2026-01-12T22:16:04.620Z] --- SERVIÇO: Buscando tags para a vaga bb5eec13-15ec-434b-946a-b1793a46914b ---
[2026-01-12T22:16:04.621Z] --- SERVIÇO: Buscando tags para a vaga bc97677e-f4ff-4bef-bfe6-941b3193c3b0 ---
[2026-01-12T22:16:04.622Z] --- SERVIÇO: Buscando tags para a vaga bd33935e-d096-4eb2-bc72-723b12423f0d ---
[2026-01-12T22:16:04.622Z] --- SERVIÇO: Buscando tags para a vaga be2692a9-1dca-486d-a802-5ce412dc7a8e ---
[2026-01-12T22:16:04.622Z] --- SERVIÇO: Buscando tags para a vaga be439c0f-69e6-4606-8c75-f0556b6fb72d ---
[2026-01-12T22:16:04.622Z] --- SERVIÇO: Buscando tags para a vaga be766298-eaaf-493f-9884-783856a1575f ---
[2026-01-12T22:16:04.623Z] --- SERVIÇO: Buscando tags para a vaga bee80d70-f0cb-4eab-9b60-da7e2375cff8 ---
[2026-01-12T22:16:04.623Z] --- SERVIÇO: Buscando tags para a vaga bfc0de30-6c0f-4d47-94fe-0a3b137d1032 ---
[2026-01-12T22:16:04.623Z] --- SERVIÇO: Buscando tags para a vaga c2565fd3-47a2-496c-9a5a-1778b3a40bf2 ---
[2026-01-12T22:16:04.623Z] --- SERVIÇO: Buscando tags para a vaga c4070a66-63c5-405c-b1e3-441b92bb43a4 ---
[2026-01-12T22:16:04.623Z] --- SERVIÇO: Buscando tags para a vaga c47273b3-1435-4d56-9389-39c47f3aa6a3 ---
[2026-01-12T22:16:04.623Z] --- SERVIÇO: Buscando tags para a vaga c52b4b74-26c4-4dfb-ab95-96c2ffb9c866 ---
[2026-01-12T22:16:04.623Z] --- SERVIÇO: Buscando tags para a vaga c709ca23-54be-49f1-b4d5-eb02601ffd6d ---
[2026-01-12T22:16:04.623Z] --- SERVIÇO: Buscando tags para a vaga c9745ee1-aeea-4868-b13c-4a2b914e8e77 ---
[2026-01-12T22:16:04.623Z] --- SERVIÇO: Buscando tags para a vaga ccbf5f24-7ef8-43b5-8dbb-423b39b21d50 ---
[2026-01-12T22:16:04.623Z] --- SERVIÇO: Buscando tags para a vaga cdea6c2f-2269-43cc-84ea-fe0e25b5e54d ---
[2026-01-12T22:16:04.623Z] --- SERVIÇO: Buscando tags para a vaga cf5e8f77-4527-4432-a281-86e21c186077 ---
[2026-01-12T22:16:04.623Z] --- SERVIÇO: Buscando tags para a vaga cf62ef85-5b6a-4b33-96e2-e3300f8a768a ---
[2026-01-12T22:16:04.623Z] --- SERVIÇO: Buscando tags para a vaga cfa194c4-bf08-4a1a-a264-c41470216bd9 ---
[2026-01-12T22:16:04.623Z] --- SERVIÇO: Buscando tags para a vaga d0b95540-7927-49ed-8d5b-844e4fa6453c ---
[2026-01-12T22:16:04.623Z] --- SERVIÇO: Buscando tags para a vaga d0c27dd1-ba64-4b09-b9cf-a4c406314e63 ---
[2026-01-12T22:16:04.623Z] --- SERVIÇO: Buscando tags para a vaga d166490e-2a11-4c8c-ba4e-d8a8d5a81358 ---
[2026-01-12T22:16:04.623Z] --- SERVIÇO: Buscando tags para a vaga d3fc787b-2632-484e-979b-ed27ad981770 ---
[2026-01-12T22:16:04.623Z] --- SERVIÇO: Buscando tags para a vaga d6b89b2c-20c2-41bf-bd91-d126bbbb0f5c ---
[2026-01-12T22:16:04.623Z] --- SERVIÇO: Buscando tags para a vaga d773d309-13af-4a7c-a56c-c74ea2767f84 ---
[2026-01-12T22:16:04.624Z] --- SERVIÇO: Buscando tags para a vaga d780f1b1-9a14-4f2c-8517-39febde65ba4 ---
[2026-01-12T22:16:04.624Z] --- SERVIÇO: Buscando tags para a vaga d8dca707-4a10-4554-bd57-3423565aebf3 ---
[2026-01-12T22:16:04.624Z] --- SERVIÇO: Buscando tags para a vaga da8ee7b6-3cca-41e0-8496-1e7d784dea5c ---
[2026-01-12T22:16:04.624Z] --- SERVIÇO: Buscando tags para a vaga db58afee-aa79-44d7-b01a-084c08ac9ffc ---
[2026-01-12T22:16:04.624Z] --- SERVIÇO: Buscando tags para a vaga dd9b4e38-c7a3-4453-a912-6cc7b4e542dd ---
[2026-01-12T22:16:04.624Z] --- SERVIÇO: Buscando tags para a vaga ddc9f50c-b15c-497d-a740-bd682de6e982 ---
[2026-01-12T22:16:04.624Z] --- SERVIÇO: Buscando tags para a vaga de32cf73-deb2-46a7-a78b-05a0427cbfe6 ---
[2026-01-12T22:16:04.624Z] --- SERVIÇO: Buscando tags para a vaga df4f7c2e-8f9a-464a-b5cd-ecb105cfd6cb ---
[2026-01-12T22:16:04.624Z] --- SERVIÇO: Buscando tags para a vaga e3300c6a-ffcf-4b70-b147-97012871bb99 ---
[2026-01-12T22:16:04.624Z] --- SERVIÇO: Buscando tags para a vaga e3643e48-0d7c-4989-916f-fe7659d98a33 ---
[2026-01-12T22:16:04.624Z] --- SERVIÇO: Buscando tags para a vaga e3e6ab23-7e2e-4539-ba23-922599a99718 ---
[2026-01-12T22:16:04.624Z] --- SERVIÇO: Buscando tags para a vaga e4f3e42b-6b05-40dc-8659-a81504410e9b ---
[2026-01-12T22:16:04.624Z] --- SERVIÇO: Buscando tags para a vaga e681b432-3bbe-4ae9-b8e4-f2e86d3d11c6 ---
[2026-01-12T22:16:04.624Z] --- SERVIÇO: Buscando tags para a vaga e68c4f98-5623-4108-a8f2-b8252a1e5363 ---
[2026-01-12T22:16:04.624Z] --- SERVIÇO: Buscando tags para a vaga e8e05409-1d79-449e-9bd5-8766914f9cb9 ---
[2026-01-12T22:16:04.624Z] --- SERVIÇO: Buscando tags para a vaga e8ef0e45-f2c9-4dfc-a026-213cad983ec8 ---
[2026-01-12T22:16:04.624Z] --- SERVIÇO: Buscando tags para a vaga e9f9d0de-7dea-4c59-9078-3c63136d2c3d ---
[2026-01-12T22:16:04.624Z] --- SERVIÇO: Buscando tags para a vaga eb6ceb2b-7ff6-4365-9fa4-67ea175d8f5a ---
[2026-01-12T22:16:04.625Z] --- SERVIÇO: Buscando tags para a vaga eb987d00-3669-416c-afd6-f299f2106f09 ---
[2026-01-12T22:16:04.625Z] --- SERVIÇO: Buscando tags para a vaga ebfc702b-fe2b-4256-9a71-9f29927aebf0 ---
[2026-01-12T22:16:04.625Z] --- SERVIÇO: Buscando tags para a vaga eed56da4-5ad6-495e-8c53-5205d7ecbf8b ---
[2026-01-12T22:16:04.625Z] --- SERVIÇO: Buscando tags para a vaga ef7e90f9-09ed-497c-a74a-35464f8ff4e0 ---
[2026-01-12T22:16:04.625Z] --- SERVIÇO: Buscando tags para a vaga f02d9412-b27a-42d6-b021-22baa32446b1 ---
[2026-01-12T22:16:04.625Z] --- SERVIÇO: Buscando tags para a vaga f19ffe30-c39c-49e5-b9db-7d7533ae8b7e ---
[2026-01-12T22:16:04.625Z] --- SERVIÇO: Buscando tags para a vaga f294572b-b7cf-468b-bf7a-4381da0d33b0 ---
[2026-01-12T22:16:04.625Z] --- SERVIÇO: Buscando tags para a vaga f2cebfcd-1a4f-43d5-b082-c0849853ddbc ---
[2026-01-12T22:16:04.625Z] --- SERVIÇO: Buscando tags para a vaga f31cde87-5872-42dc-b34c-c4604a679e95 ---
[2026-01-12T22:16:04.625Z] --- SERVIÇO: Buscando tags para a vaga f354323d-be6c-42ee-8341-3cf00a5ba7f1 ---
[2026-01-12T22:16:04.626Z] --- SERVIÇO: Buscando tags para a vaga f3c4bffb-3043-4b9a-9c4b-846d1ea394d4 ---
[2026-01-12T22:16:04.626Z] --- SERVIÇO: Buscando tags para a vaga f71b7bab-ec59-4b45-8cb1-53d0497256c5 ---
[2026-01-12T22:16:04.626Z] --- SERVIÇO: Buscando tags para a vaga f71ee2bd-27ec-4e54-8bd7-1c88d6841244 ---
[2026-01-12T22:16:04.626Z] --- SERVIÇO: Buscando tags para a vaga f84ee05c-b0f8-4835-8e57-0e7c12705119 ---
[2026-01-12T22:16:04.626Z] --- SERVIÇO: Buscando tags para a vaga f8a46ee0-7d89-48bd-8c89-3f209d6a19bf ---
[2026-01-12T22:16:04.626Z] --- SERVIÇO: Buscando tags para a vaga fa721cb8-4af5-4340-b46e-5e8708f28f33 ---
[2026-01-12T22:16:04.626Z] --- SERVIÇO: Buscando tags para a vaga fb54fa05-e2bf-41b4-8adb-2e59fa0d3916 ---
[2026-01-12T22:16:04.626Z] --- SERVIÇO: Buscando tags para a vaga fd534c00-0776-4981-9a48-530a813cd7f7 ---
[2026-01-12T22:16:06.071Z] Buscando uma página de talentos (limite de 100).
[2026-01-12T22:16:07.938Z] Buscando uma página de talentos (limite de 100).
[2026-01-12T22:16:09.824Z] Buscando uma página de talentos (limite de 100).
[2026-01-12T22:16:11.044Z] Buscando uma página de talentos (limite de 100).
[2026-01-12T22:16:13.464Z] Buscando uma página de talentos (limite de 100).
[2026-01-12T22:16:15.510Z] Buscando uma página de talentos (limite de 100).
[2026-01-12T22:16:16.297Z] Buscando uma página de talentos (limite de 100).
[2026-01-12T22:16:18.437Z] Buscando uma página de talentos (limite de 100).
[2026-01-12T22:16:23.059Z] Buscando uma página de talentos (limite de 100).
[2026-01-12T22:16:25.106Z] Buscando uma página de talentos (limite de 100).
[2026-01-12T22:16:27.354Z] Buscando uma página de talentos (limite de 100).
[2026-01-12T22:16:28.549Z] Buscando uma página de talentos (limite de 100).
[2026-01-12T22:16:30.538Z] Buscando uma página de talentos (limite de 100).
[2026-01-12T22:16:32.434Z] Buscando uma página de talentos (limite de 100).
[2026-01-12T22:16:34.908Z] Buscando uma página de talentos (limite de 100).
[2026-01-12T22:16:37.033Z] Buscando uma página de talentos (limite de 100).
[2026-01-12T22:16:38.137Z] --- ORQUESTRADOR (SYNC): Busca completa. Total de 65889 talentos carregados.
[2026-01-12T22:16:59.152Z] --- ORQUESTRADOR (SYNC): Buscando e enriquecendo todas as vagas ---
[2026-01-12T22:17:03.718Z] --- SERVIÇO: Buscando TODAS as vagas com paginação interna ---
[2026-01-12T22:17:05.534Z] --- ORQUESTRADOR (SYNC): Buscando TODOS os talentos com paginação interna ---
[2026-01-12T22:17:05.536Z] Buscando uma página de talentos (limite de 100).
[2026-01-12T22:17:06.902Z] Página de vagas recebida. Chave para a próxima página encontrada. Total atual: 100
[2026-01-12T22:17:06.965Z] Buscando uma página de talentos (limite de 100).
[2026-01-12T22:17:07.936Z] Página de vagas recebida. Chave para a próxima página encontrada. Total atual: 200
[2026-01-12T22:17:08.196Z] Buscando uma página de talentos (limite de 100).
[2026-01-12T22:17:08.246Z] Busca completa. Total final de 206 vagas carregadas da API.
[2026-01-12T22:17:08.282Z] DEBUG: Dados salvos com sucesso em "/Users/patricksiqueira/PEOPLE/api-people/debug_logs/all_jobs_raw_1768256228249.txt"
[2026-01-12T22:17:08.284Z] --- SERVIÇO: Buscando tags para a vaga 010b9be5-e7a6-4bef-bf00-07b6b4a2e787 ---
[2026-01-12T22:17:08.284Z] --- SERVIÇO: Buscando tags para a vaga 01eb8c12-9d27-4d24-8924-e00e3312a549 ---
[2026-01-12T22:17:08.284Z] --- SERVIÇO: Buscando tags para a vaga 02036b7c-7e4e-4da4-94c4-4e0411046210 ---
[2026-01-12T22:17:08.284Z] --- SERVIÇO: Buscando tags para a vaga 038f7c8c-0ad0-4489-9019-f1f320c10a94 ---
[2026-01-12T22:17:08.284Z] --- SERVIÇO: Buscando tags para a vaga 0713cef6-067b-46dd-90f6-9d6d1e70efb2 ---
[2026-01-12T22:17:08.284Z] --- SERVIÇO: Buscando tags para a vaga 087fa08a-3f9b-4f89-8abd-ed0a8ffb32aa ---
[2026-01-12T22:17:08.284Z] --- SERVIÇO: Buscando tags para a vaga 09c2edda-64b4-41e1-8580-73c6b2e03d64 ---
[2026-01-12T22:17:08.284Z] --- SERVIÇO: Buscando tags para a vaga 0b2a0725-363b-4a25-a95f-658f93451a17 ---
[2026-01-12T22:17:08.284Z] --- SERVIÇO: Buscando tags para a vaga 0e3ad5ba-5f6b-48a9-91b0-d02402d2039e ---
[2026-01-12T22:17:08.284Z] --- SERVIÇO: Buscando tags para a vaga 0f57a077-a7ad-4665-8d59-76ab585fd594 ---
[2026-01-12T22:17:08.284Z] --- SERVIÇO: Buscando tags para a vaga 103725bc-95a8-4a2a-a7dd-a07dd432f599 ---
[2026-01-12T22:17:08.285Z] --- SERVIÇO: Buscando tags para a vaga 1061f8b2-c706-473d-b7f9-d1f129c50797 ---
[2026-01-12T22:17:08.285Z] --- SERVIÇO: Buscando tags para a vaga 110cafa9-71a1-43b3-b3d3-02315a6cab75 ---
[2026-01-12T22:17:08.285Z] --- SERVIÇO: Buscando tags para a vaga 1199197f-ad3f-49fb-b59d-e8993669d8bf ---
[2026-01-12T22:17:08.285Z] --- SERVIÇO: Buscando tags para a vaga 12d01928-a53b-416a-a122-2a7779ba2d34 ---
[2026-01-12T22:17:08.285Z] --- SERVIÇO: Buscando tags para a vaga 12d66e5d-8f00-4e59-aefa-261fadae8747 ---
[2026-01-12T22:17:08.285Z] --- SERVIÇO: Buscando tags para a vaga 12df898d-45bf-487a-bb44-f0d6b52abb93 ---
[2026-01-12T22:17:08.285Z] --- SERVIÇO: Buscando tags para a vaga 1432c3df-44a3-45da-a7a7-8b8cfcb8a2a8 ---
[2026-01-12T22:17:08.285Z] --- SERVIÇO: Buscando tags para a vaga 198081f8-53cc-455a-834a-6467f07ce5a4 ---
[2026-01-12T22:17:08.285Z] --- SERVIÇO: Buscando tags para a vaga 19a031ab-f6f1-4bac-9b3f-49453b88e747 ---
[2026-01-12T22:17:08.285Z] --- SERVIÇO: Buscando tags para a vaga 1b25ccbf-ce03-4599-ab6b-c6574f8b51a9 ---
[2026-01-12T22:17:08.287Z] --- SERVIÇO: Buscando tags para a vaga 1dabe24a-55f3-4143-baa3-beb26a5ea825 ---
[2026-01-12T22:17:08.287Z] --- SERVIÇO: Buscando tags para a vaga 21370dcd-11c3-4d02-b8c2-795c1f7302ca ---
[2026-01-12T22:17:08.287Z] --- SERVIÇO: Buscando tags para a vaga 216e0e8d-2373-4449-bf8e-3e304555a918 ---
[2026-01-12T22:17:08.287Z] --- SERVIÇO: Buscando tags para a vaga 21cb7be5-7c24-4c31-9b68-e01c598f0b29 ---
[2026-01-12T22:17:08.287Z] --- SERVIÇO: Buscando tags para a vaga 22abe01d-7c71-47fb-9631-c1e7af0adda9 ---
[2026-01-12T22:17:08.287Z] --- SERVIÇO: Buscando tags para a vaga 24df6510-fc44-48e7-b72b-b0722c51ada9 ---
[2026-01-12T22:17:08.287Z] --- SERVIÇO: Buscando tags para a vaga 27057a67-dc99-4561-8fbb-2c01d0f95664 ---
[2026-01-12T22:17:08.287Z] --- SERVIÇO: Buscando tags para a vaga 28890951-c5c2-4172-8ffc-00b2c087f26d ---
[2026-01-12T22:17:08.287Z] --- SERVIÇO: Buscando tags para a vaga 28ada291-0f0a-4f88-8c21-d4399fccf2ea ---
[2026-01-12T22:17:08.287Z] --- SERVIÇO: Buscando tags para a vaga 28b18b11-ffd6-4a4c-8792-52625979eec6 ---
[2026-01-12T22:17:08.287Z] --- SERVIÇO: Buscando tags para a vaga 2a247d8e-5f71-4516-a2f2-7768e4d2ac13 ---
[2026-01-12T22:17:08.287Z] --- SERVIÇO: Buscando tags para a vaga 2b8c1009-6f71-4a00-82ad-d0ae4121933a ---
[2026-01-12T22:17:08.287Z] --- SERVIÇO: Buscando tags para a vaga 2bc2c17d-a2e9-4eba-bc37-1b2788c55ce9 ---
[2026-01-12T22:17:08.287Z] --- SERVIÇO: Buscando tags para a vaga 2bf8cf21-f6a4-4dea-b08f-68534e123b75 ---
[2026-01-12T22:17:08.287Z] --- SERVIÇO: Buscando tags para a vaga 2cb4f868-f797-42b7-ad10-a111bce78c81 ---
[2026-01-12T22:17:08.287Z] --- SERVIÇO: Buscando tags para a vaga 2cbcf9fb-be48-4840-9d1f-ea87787203e3 ---
[2026-01-12T22:17:08.288Z] --- SERVIÇO: Buscando tags para a vaga 2ce5c7e0-29cc-4b13-9f84-757887c847a7 ---
[2026-01-12T22:17:08.288Z] --- SERVIÇO: Buscando tags para a vaga 2db744bb-f359-4eb6-a319-3059ec161be5 ---
[2026-01-12T22:17:08.288Z] --- SERVIÇO: Buscando tags para a vaga 2e27e07c-a46f-4b47-b06c-6ad09de1541a ---
[2026-01-12T22:17:08.288Z] --- SERVIÇO: Buscando tags para a vaga 2e9b2e51-a864-4fb6-8501-42707c3a53ef ---
[2026-01-12T22:17:08.288Z] --- SERVIÇO: Buscando tags para a vaga 3150379a-7df2-465d-9347-a52d292e6d05 ---
[2026-01-12T22:17:08.288Z] --- SERVIÇO: Buscando tags para a vaga 3266ee48-79cb-4d45-9d3a-bcb0ef086569 ---
[2026-01-12T22:17:08.288Z] --- SERVIÇO: Buscando tags para a vaga 3306e92c-dc9e-47a0-8b24-438b310ce51a ---
[2026-01-12T22:17:08.288Z] --- SERVIÇO: Buscando tags para a vaga 3518b656-ce33-467a-be1f-2517cc8b0983 ---
[2026-01-12T22:17:08.289Z] --- SERVIÇO: Buscando tags para a vaga 35e7cc64-988c-4038-bf14-557a52ce72c8 ---
[2026-01-12T22:17:08.289Z] --- SERVIÇO: Buscando tags para a vaga 35f4346a-f575-47da-b210-e72b7c82bd68 ---
[2026-01-12T22:17:08.289Z] --- SERVIÇO: Buscando tags para a vaga 36246616-3b33-40e7-a13b-07461647a1af ---
[2026-01-12T22:17:08.289Z] --- SERVIÇO: Buscando tags para a vaga 3672c6af-0306-4df1-bbdd-f87442e4867b ---
[2026-01-12T22:17:08.289Z] --- SERVIÇO: Buscando tags para a vaga 37d72799-de1c-49b7-b594-32dcf3f56165 ---
[2026-01-12T22:17:08.289Z] --- SERVIÇO: Buscando tags para a vaga 3ad21787-de34-4af8-84f9-a48fc651e6e0 ---
[2026-01-12T22:17:08.290Z] --- SERVIÇO: Buscando tags para a vaga 3e00d7c2-a10a-4c16-aa01-115737031119 ---
[2026-01-12T22:17:08.290Z] --- SERVIÇO: Buscando tags para a vaga 3fa0ce0c-c82f-4606-a18f-8637a9d028ad ---
[2026-01-12T22:17:08.290Z] --- SERVIÇO: Buscando tags para a vaga 42b083cd-35ca-40cc-8886-2efff457eef7 ---
[2026-01-12T22:17:08.290Z] --- SERVIÇO: Buscando tags para a vaga 4531a001-3bd3-450c-965b-70c1da3a161e ---
[2026-01-12T22:17:08.290Z] --- SERVIÇO: Buscando tags para a vaga 466f3abd-50bd-49da-95b3-63c011d69385 ---
[2026-01-12T22:17:08.291Z] --- SERVIÇO: Buscando tags para a vaga 48419cea-f5d0-48a9-9e2f-32d275868d2a ---
[2026-01-12T22:17:08.291Z] --- SERVIÇO: Buscando tags para a vaga 48c7d8ca-bc43-4991-b901-4004b1d9ad68 ---
[2026-01-12T22:17:08.291Z] --- SERVIÇO: Buscando tags para a vaga 4a517f4c-baf4-45dc-86ab-606f9b799d17 ---
[2026-01-12T22:17:08.291Z] --- SERVIÇO: Buscando tags para a vaga 4b86e7b6-b76f-4f4b-b0ab-7c3a6873213b ---
[2026-01-12T22:17:08.291Z] --- SERVIÇO: Buscando tags para a vaga 4e052659-0bcb-44df-a8bb-94dd0a51a6fb ---
[2026-01-12T22:17:08.291Z] --- SERVIÇO: Buscando tags para a vaga 4ea77680-2259-477c-944c-3f7792aaf843 ---
[2026-01-12T22:17:08.291Z] --- SERVIÇO: Buscando tags para a vaga 4edb97eb-0611-4546-b901-731b92afab0c ---
[2026-01-12T22:17:08.291Z] --- SERVIÇO: Buscando tags para a vaga 4fffcb5c-962b-4f22-9703-7590e791be48 ---
[2026-01-12T22:17:08.291Z] --- SERVIÇO: Buscando tags para a vaga 50225e4a-e656-4671-9f30-39500578ece1 ---
[2026-01-12T22:17:08.291Z] --- SERVIÇO: Buscando tags para a vaga 53cefb70-7450-470b-a873-5ba48d95da84 ---
[2026-01-12T22:17:08.291Z] --- SERVIÇO: Buscando tags para a vaga 5505856a-c9c2-4b49-89eb-cf446e0c0629 ---
[2026-01-12T22:17:08.291Z] --- SERVIÇO: Buscando tags para a vaga 587d8ef0-bd3c-47ea-8ce6-e650cf6c527a ---
[2026-01-12T22:17:08.291Z] --- SERVIÇO: Buscando tags para a vaga 58951772-68fb-4324-8266-a47fe2be8e9d ---
[2026-01-12T22:17:08.291Z] --- SERVIÇO: Buscando tags para a vaga 5a8e7dd3-99a8-40ad-b441-ee06f58f7588 ---
[2026-01-12T22:17:08.291Z] --- SERVIÇO: Buscando tags para a vaga 5e78e517-13fd-47c7-83c7-6a33e14c4b63 ---
[2026-01-12T22:17:08.292Z] --- SERVIÇO: Buscando tags para a vaga 5fbebe8b-c092-4778-902e-8d193305f8f0 ---
[2026-01-12T22:17:08.292Z] --- SERVIÇO: Buscando tags para a vaga 604cbaca-96af-420d-98c3-55cee4995a1b ---
[2026-01-12T22:17:08.292Z] --- SERVIÇO: Buscando tags para a vaga 6075f3be-d885-4c32-9087-41d6eb798c93 ---
[2026-01-12T22:17:08.292Z] --- SERVIÇO: Buscando tags para a vaga 62583a4f-b749-414e-b544-9a307c40ac8c ---
[2026-01-12T22:17:08.292Z] --- SERVIÇO: Buscando tags para a vaga 62fb5e76-f6c2-4ec1-bfea-a4ff8557634c ---
[2026-01-12T22:17:08.292Z] --- SERVIÇO: Buscando tags para a vaga 666bd257-db76-400a-8100-1bfa9e356068 ---
[2026-01-12T22:17:08.292Z] --- SERVIÇO: Buscando tags para a vaga 66e073f2-37ce-4b27-9a6b-fdc5113fde6b ---
[2026-01-12T22:17:08.292Z] --- SERVIÇO: Buscando tags para a vaga 68cb2d53-21ec-45f3-a7e9-b5cb928ef79b ---
[2026-01-12T22:17:08.292Z] --- SERVIÇO: Buscando tags para a vaga 69b50fd3-4a4b-4081-8a4e-c6590504b7eb ---
[2026-01-12T22:17:08.292Z] --- SERVIÇO: Buscando tags para a vaga 69f0dfde-3439-4335-b3bc-cf0c41f613d9 ---
[2026-01-12T22:17:08.292Z] --- SERVIÇO: Buscando tags para a vaga 6b78bfff-00b0-4f45-b192-16c24d7c9d5f ---
[2026-01-12T22:17:08.292Z] --- SERVIÇO: Buscando tags para a vaga 6bff9d21-f95c-4928-b421-b2e79f39b85b ---
[2026-01-12T22:17:08.292Z] --- SERVIÇO: Buscando tags para a vaga 6c1511a0-6cd1-4028-be3c-3d033cd3ff41 ---
[2026-01-12T22:17:08.292Z] --- SERVIÇO: Buscando tags para a vaga 6ee0e457-5d3f-40e8-bd14-f8ab4d6f9c81 ---
[2026-01-12T22:17:08.292Z] --- SERVIÇO: Buscando tags para a vaga 6fe6f7f9-da78-4b27-88c7-b8adbadc5ae2 ---
[2026-01-12T22:17:08.292Z] --- SERVIÇO: Buscando tags para a vaga 71f23562-3ec7-49eb-bdf7-c839f0892745 ---
[2026-01-12T22:17:08.292Z] --- SERVIÇO: Buscando tags para a vaga 73636ab7-4474-4575-ac9b-ee08f032918a ---
[2026-01-12T22:17:08.292Z] --- SERVIÇO: Buscando tags para a vaga 7371002c-a20c-4885-8755-793f66ba1deb ---
[2026-01-12T22:17:08.292Z] --- SERVIÇO: Buscando tags para a vaga 73b65c4b-9848-43c1-b286-04dfdfe4a70f ---
[2026-01-12T22:17:08.292Z] --- SERVIÇO: Buscando tags para a vaga 7637003e-55c4-492b-9d40-eed2545b3a12 ---
[2026-01-12T22:17:08.292Z] --- SERVIÇO: Buscando tags para a vaga 764f8bad-1f99-408a-a845-79bb3bd79699 ---
[2026-01-12T22:17:08.293Z] --- SERVIÇO: Buscando tags para a vaga 76c93207-d2ca-4fb3-abad-94e7c36b3604 ---
[2026-01-12T22:17:08.293Z] --- SERVIÇO: Buscando tags para a vaga 76ee6b00-1bca-4ced-9f05-946753815c3c ---
[2026-01-12T22:17:08.293Z] --- SERVIÇO: Buscando tags para a vaga 781a8a0d-1cee-45b0-b25f-ff91e04f8eb3 ---
[2026-01-12T22:17:08.293Z] --- SERVIÇO: Buscando tags para a vaga 792a095b-b3ef-4eba-a6a2-a0a66d9a6129 ---
[2026-01-12T22:17:08.293Z] --- SERVIÇO: Buscando tags para a vaga 7945b7ff-3afc-4399-a52e-7ad3bb23e3f9 ---
[2026-01-12T22:17:08.293Z] --- SERVIÇO: Buscando tags para a vaga 812a8718-2cb7-4bad-bd68-e371bef16922 ---
[2026-01-12T22:17:08.293Z] --- SERVIÇO: Buscando tags para a vaga 84b11a17-31af-463e-9fb8-fc5f2463030d ---
[2026-01-12T22:17:08.293Z] --- SERVIÇO: Buscando tags para a vaga 8555a61a-3392-42fb-9072-d7805680ad92 ---
[2026-01-12T22:17:08.293Z] --- SERVIÇO: Buscando tags para a vaga 8629e6be-e251-453f-9493-e841351db50e ---
[2026-01-12T22:17:08.293Z] --- SERVIÇO: Buscando tags para a vaga 871d5a51-df59-437a-b78f-2ab4633292bf ---
[2026-01-12T22:17:08.293Z] --- SERVIÇO: Buscando tags para a vaga 882c0a08-d993-4cac-ad0a-5f38ea3e65e9 ---
[2026-01-12T22:17:08.293Z] --- SERVIÇO: Buscando tags para a vaga 8bff2734-de96-4dbd-a3da-371e00880a02 ---
[2026-01-12T22:17:08.293Z] --- SERVIÇO: Buscando tags para a vaga 8c1a6724-f397-4a03-95a7-d39e9c80cb30 ---
[2026-01-12T22:17:08.293Z] --- SERVIÇO: Buscando tags para a vaga 8c950fd0-b46f-4d85-bd5a-648e012c2937 ---
[2026-01-12T22:17:08.294Z] --- SERVIÇO: Buscando tags para a vaga 8d3a6d73-419d-4c5c-a385-ae20a61dc4a1 ---
[2026-01-12T22:17:08.294Z] --- SERVIÇO: Buscando tags para a vaga 983684cd-3191-4aa4-8a0f-d7d35c1f1469 ---
[2026-01-12T22:17:08.294Z] --- SERVIÇO: Buscando tags para a vaga 997894d1-5d61-4742-bb6c-8a9f9584dea0 ---
[2026-01-12T22:17:08.294Z] --- SERVIÇO: Buscando tags para a vaga 9acd00b2-fff2-46c4-b781-b6cc623d7266 ---
[2026-01-12T22:17:08.294Z] --- SERVIÇO: Buscando tags para a vaga 9cd89a17-1d89-4463-b05d-94b74024a965 ---
[2026-01-12T22:17:08.294Z] --- SERVIÇO: Buscando tags para a vaga 9e5ae1d3-7900-4046-9c97-91c1429fa348 ---
[2026-01-12T22:17:08.294Z] --- SERVIÇO: Buscando tags para a vaga 9eb409d5-61ce-456a-96df-880c81c180c7 ---
[2026-01-12T22:17:08.294Z] --- SERVIÇO: Buscando tags para a vaga a17ece41-6e89-40c5-bdbe-1963cc4129e6 ---
[2026-01-12T22:17:08.294Z] --- SERVIÇO: Buscando tags para a vaga a21274c4-32ba-4d05-9e0a-c7e6e35efe7f ---
[2026-01-12T22:17:08.294Z] --- SERVIÇO: Buscando tags para a vaga a28921e8-abbc-4b40-bed2-9fddb4079b3c ---
[2026-01-12T22:17:08.295Z] --- SERVIÇO: Buscando tags para a vaga a38150ac-23e0-45d8-add6-1217f41b881c ---
[2026-01-12T22:17:08.295Z] --- SERVIÇO: Buscando tags para a vaga a3a8f036-14d3-46c3-8744-213851ab0740 ---
[2026-01-12T22:17:08.295Z] --- SERVIÇO: Buscando tags para a vaga a3fe7418-1061-4227-a71e-8c5733a97bc9 ---
[2026-01-12T22:17:08.296Z] --- SERVIÇO: Buscando tags para a vaga a4d30c4c-ad22-4f05-a538-198826b91414 ---
[2026-01-12T22:17:08.296Z] --- SERVIÇO: Buscando tags para a vaga a7c5c7f8-dd68-4c17-bb29-8bd16a6b6e90 ---
[2026-01-12T22:17:08.296Z] --- SERVIÇO: Buscando tags para a vaga a9156217-6f67-43f3-ae2b-fe5f39e016a7 ---
[2026-01-12T22:17:08.296Z] --- SERVIÇO: Buscando tags para a vaga a9a62503-94f0-4e67-95ca-2d603fd9b78b ---
[2026-01-12T22:17:08.296Z] --- SERVIÇO: Buscando tags para a vaga ab1f7522-7466-4480-abe4-83c6e021761d ---
[2026-01-12T22:17:08.296Z] --- SERVIÇO: Buscando tags para a vaga ab4b6ff3-3d05-44fb-9806-ed1ca35c4c1b ---
[2026-01-12T22:17:08.308Z] --- SERVIÇO: Buscando tags para a vaga abfb09de-9bf6-43d8-b3f7-584e865a7420 ---
[2026-01-12T22:17:08.308Z] --- SERVIÇO: Buscando tags para a vaga adcc8425-b7b1-41a5-b9a1-5f559f9fa844 ---
[2026-01-12T22:17:08.308Z] --- SERVIÇO: Buscando tags para a vaga ae3a7e47-9acf-4e5e-89dc-0933da79ee49 ---
[2026-01-12T22:17:08.308Z] --- SERVIÇO: Buscando tags para a vaga aec9178e-2772-4226-b71a-8f67748f368e ---
[2026-01-12T22:17:08.308Z] --- SERVIÇO: Buscando tags para a vaga af024203-9fd6-40fd-ac69-05662eb045ec ---
[2026-01-12T22:17:08.308Z] --- SERVIÇO: Buscando tags para a vaga b0d6514a-d73d-49e6-905e-e2c16fb5dbe1 ---
[2026-01-12T22:17:08.308Z] --- SERVIÇO: Buscando tags para a vaga b18a8440-4514-405c-a31e-42c76e4de898 ---
[2026-01-12T22:17:08.308Z] --- SERVIÇO: Buscando tags para a vaga b335822e-5c67-4949-b87b-5d1ef1764d4a ---
[2026-01-12T22:17:08.308Z] --- SERVIÇO: Buscando tags para a vaga b34296e8-1def-4c29-b45a-8a081b925956 ---
[2026-01-12T22:17:08.308Z] --- SERVIÇO: Buscando tags para a vaga b381a667-0d32-47c5-92a3-1fd1e7fa5393 ---
[2026-01-12T22:17:08.308Z] --- SERVIÇO: Buscando tags para a vaga b3a3e8cf-3cd1-4059-a656-9ffedb098d60 ---
[2026-01-12T22:17:08.308Z] --- SERVIÇO: Buscando tags para a vaga b508f8e4-6c60-434a-9d01-6a0e6239548d ---
[2026-01-12T22:17:08.309Z] --- SERVIÇO: Buscando tags para a vaga b63048e4-5224-4e3f-982a-dd4ec8c53c04 ---
[2026-01-12T22:17:08.309Z] --- SERVIÇO: Buscando tags para a vaga b683cad9-ea1c-4075-96f5-b58ee4fa332e ---
[2026-01-12T22:17:08.309Z] --- SERVIÇO: Buscando tags para a vaga b6b44e51-df22-4ae3-9d20-f3ec57dc8086 ---
[2026-01-12T22:17:08.309Z] --- SERVIÇO: Buscando tags para a vaga b75c0e83-d035-49d8-a9c1-86dfb2c3c78e ---
[2026-01-12T22:17:08.309Z] --- SERVIÇO: Buscando tags para a vaga b7a9bf6d-4bb7-475b-acb1-d00b623d11cf ---
[2026-01-12T22:17:08.309Z] --- SERVIÇO: Buscando tags para a vaga b8e04f6a-8e2d-43c7-b25e-a54b807dc329 ---
[2026-01-12T22:17:08.309Z] --- SERVIÇO: Buscando tags para a vaga ba07cc99-ee2b-4b4c-9781-977690ee888d ---
[2026-01-12T22:17:08.309Z] --- SERVIÇO: Buscando tags para a vaga bb3160a4-1d6e-4c27-8a3e-10012501159b ---
[2026-01-12T22:17:08.309Z] --- SERVIÇO: Buscando tags para a vaga bb5eec13-15ec-434b-946a-b1793a46914b ---
[2026-01-12T22:17:08.309Z] --- SERVIÇO: Buscando tags para a vaga bc97677e-f4ff-4bef-bfe6-941b3193c3b0 ---
[2026-01-12T22:17:08.309Z] --- SERVIÇO: Buscando tags para a vaga bd33935e-d096-4eb2-bc72-723b12423f0d ---
[2026-01-12T22:17:08.309Z] --- SERVIÇO: Buscando tags para a vaga be2692a9-1dca-486d-a802-5ce412dc7a8e ---
[2026-01-12T22:17:08.309Z] --- SERVIÇO: Buscando tags para a vaga be439c0f-69e6-4606-8c75-f0556b6fb72d ---
[2026-01-12T22:17:08.309Z] --- SERVIÇO: Buscando tags para a vaga be766298-eaaf-493f-9884-783856a1575f ---
[2026-01-12T22:17:08.309Z] --- SERVIÇO: Buscando tags para a vaga bee80d70-f0cb-4eab-9b60-da7e2375cff8 ---
[2026-01-12T22:17:08.309Z] --- SERVIÇO: Buscando tags para a vaga bfc0de30-6c0f-4d47-94fe-0a3b137d1032 ---
[2026-01-12T22:17:08.309Z] --- SERVIÇO: Buscando tags para a vaga c2565fd3-47a2-496c-9a5a-1778b3a40bf2 ---
[2026-01-12T22:17:08.309Z] --- SERVIÇO: Buscando tags para a vaga c4070a66-63c5-405c-b1e3-441b92bb43a4 ---
[2026-01-12T22:17:08.309Z] --- SERVIÇO: Buscando tags para a vaga c47273b3-1435-4d56-9389-39c47f3aa6a3 ---
[2026-01-12T22:17:08.309Z] --- SERVIÇO: Buscando tags para a vaga c52b4b74-26c4-4dfb-ab95-96c2ffb9c866 ---
[2026-01-12T22:17:08.309Z] --- SERVIÇO: Buscando tags para a vaga c709ca23-54be-49f1-b4d5-eb02601ffd6d ---
[2026-01-12T22:17:08.309Z] --- SERVIÇO: Buscando tags para a vaga c9745ee1-aeea-4868-b13c-4a2b914e8e77 ---
[2026-01-12T22:17:08.309Z] --- SERVIÇO: Buscando tags para a vaga ccbf5f24-7ef8-43b5-8dbb-423b39b21d50 ---
[2026-01-12T22:17:08.309Z] --- SERVIÇO: Buscando tags para a vaga cdea6c2f-2269-43cc-84ea-fe0e25b5e54d ---
[2026-01-12T22:17:08.309Z] --- SERVIÇO: Buscando tags para a vaga cf5e8f77-4527-4432-a281-86e21c186077 ---
[2026-01-12T22:17:08.309Z] --- SERVIÇO: Buscando tags para a vaga cf62ef85-5b6a-4b33-96e2-e3300f8a768a ---
[2026-01-12T22:17:08.310Z] --- SERVIÇO: Buscando tags para a vaga cfa194c4-bf08-4a1a-a264-c41470216bd9 ---
[2026-01-12T22:17:08.310Z] --- SERVIÇO: Buscando tags para a vaga d0b95540-7927-49ed-8d5b-844e4fa6453c ---
[2026-01-12T22:17:08.310Z] --- SERVIÇO: Buscando tags para a vaga d0c27dd1-ba64-4b09-b9cf-a4c406314e63 ---
[2026-01-12T22:17:08.310Z] --- SERVIÇO: Buscando tags para a vaga d166490e-2a11-4c8c-ba4e-d8a8d5a81358 ---
[2026-01-12T22:17:08.310Z] --- SERVIÇO: Buscando tags para a vaga d3fc787b-2632-484e-979b-ed27ad981770 ---
[2026-01-12T22:17:08.310Z] --- SERVIÇO: Buscando tags para a vaga d6b89b2c-20c2-41bf-bd91-d126bbbb0f5c ---
[2026-01-12T22:17:08.310Z] --- SERVIÇO: Buscando tags para a vaga d773d309-13af-4a7c-a56c-c74ea2767f84 ---
[2026-01-12T22:17:08.310Z] --- SERVIÇO: Buscando tags para a vaga d780f1b1-9a14-4f2c-8517-39febde65ba4 ---
[2026-01-12T22:17:08.310Z] --- SERVIÇO: Buscando tags para a vaga d8dca707-4a10-4554-bd57-3423565aebf3 ---
[2026-01-12T22:17:08.310Z] --- SERVIÇO: Buscando tags para a vaga da8ee7b6-3cca-41e0-8496-1e7d784dea5c ---
[2026-01-12T22:17:08.310Z] --- SERVIÇO: Buscando tags para a vaga db58afee-aa79-44d7-b01a-084c08ac9ffc ---
[2026-01-12T22:17:08.310Z] --- SERVIÇO: Buscando tags para a vaga dd9b4e38-c7a3-4453-a912-6cc7b4e542dd ---
[2026-01-12T22:17:08.310Z] --- SERVIÇO: Buscando tags para a vaga ddc9f50c-b15c-497d-a740-bd682de6e982 ---
[2026-01-12T22:17:08.310Z] --- SERVIÇO: Buscando tags para a vaga de32cf73-deb2-46a7-a78b-05a0427cbfe6 ---
[2026-01-12T22:17:08.310Z] --- SERVIÇO: Buscando tags para a vaga df4f7c2e-8f9a-464a-b5cd-ecb105cfd6cb ---
[2026-01-12T22:17:08.310Z] --- SERVIÇO: Buscando tags para a vaga e3300c6a-ffcf-4b70-b147-97012871bb99 ---
[2026-01-12T22:17:08.310Z] --- SERVIÇO: Buscando tags para a vaga e3643e48-0d7c-4989-916f-fe7659d98a33 ---
[2026-01-12T22:17:08.310Z] --- SERVIÇO: Buscando tags para a vaga e3e6ab23-7e2e-4539-ba23-922599a99718 ---
[2026-01-12T22:17:08.311Z] --- SERVIÇO: Buscando tags para a vaga e4f3e42b-6b05-40dc-8659-a81504410e9b ---
[2026-01-12T22:17:08.311Z] --- SERVIÇO: Buscando tags para a vaga e681b432-3bbe-4ae9-b8e4-f2e86d3d11c6 ---
[2026-01-12T22:17:08.311Z] --- SERVIÇO: Buscando tags para a vaga e68c4f98-5623-4108-a8f2-b8252a1e5363 ---
[2026-01-12T22:17:08.311Z] --- SERVIÇO: Buscando tags para a vaga e8e05409-1d79-449e-9bd5-8766914f9cb9 ---
[2026-01-12T22:17:08.312Z] --- SERVIÇO: Buscando tags para a vaga e8ef0e45-f2c9-4dfc-a026-213cad983ec8 ---
[2026-01-12T22:17:08.312Z] --- SERVIÇO: Buscando tags para a vaga e9f9d0de-7dea-4c59-9078-3c63136d2c3d ---
[2026-01-12T22:17:08.312Z] --- SERVIÇO: Buscando tags para a vaga eb6ceb2b-7ff6-4365-9fa4-67ea175d8f5a ---
[2026-01-12T22:17:08.312Z] --- SERVIÇO: Buscando tags para a vaga eb987d00-3669-416c-afd6-f299f2106f09 ---
[2026-01-12T22:17:08.312Z] --- SERVIÇO: Buscando tags para a vaga ebfc702b-fe2b-4256-9a71-9f29927aebf0 ---
[2026-01-12T22:17:08.312Z] --- SERVIÇO: Buscando tags para a vaga eed56da4-5ad6-495e-8c53-5205d7ecbf8b ---
[2026-01-12T22:17:08.312Z] --- SERVIÇO: Buscando tags para a vaga ef7e90f9-09ed-497c-a74a-35464f8ff4e0 ---
[2026-01-12T22:17:08.312Z] --- SERVIÇO: Buscando tags para a vaga f02d9412-b27a-42d6-b021-22baa32446b1 ---
[2026-01-12T22:17:08.312Z] --- SERVIÇO: Buscando tags para a vaga f19ffe30-c39c-49e5-b9db-7d7533ae8b7e ---
[2026-01-12T22:17:08.312Z] --- SERVIÇO: Buscando tags para a vaga f294572b-b7cf-468b-bf7a-4381da0d33b0 ---
[2026-01-12T22:17:08.313Z] --- SERVIÇO: Buscando tags para a vaga f2cebfcd-1a4f-43d5-b082-c0849853ddbc ---
[2026-01-12T22:17:08.313Z] --- SERVIÇO: Buscando tags para a vaga f31cde87-5872-42dc-b34c-c4604a679e95 ---
[2026-01-12T22:17:08.316Z] --- SERVIÇO: Buscando tags para a vaga f354323d-be6c-42ee-8341-3cf00a5ba7f1 ---
[2026-01-12T22:17:08.316Z] --- SERVIÇO: Buscando tags para a vaga f3c4bffb-3043-4b9a-9c4b-846d1ea394d4 ---
[2026-01-12T22:17:08.316Z] --- SERVIÇO: Buscando tags para a vaga f71b7bab-ec59-4b45-8cb1-53d0497256c5 ---
[2026-01-12T22:17:08.316Z] --- SERVIÇO: Buscando tags para a vaga f71ee2bd-27ec-4e54-8bd7-1c88d6841244 ---
[2026-01-12T22:17:08.316Z] --- SERVIÇO: Buscando tags para a vaga f84ee05c-b0f8-4835-8e57-0e7c12705119 ---
[2026-01-12T22:17:08.316Z] --- SERVIÇO: Buscando tags para a vaga f8a46ee0-7d89-48bd-8c89-3f209d6a19bf ---
[2026-01-12T22:17:08.316Z] --- SERVIÇO: Buscando tags para a vaga fa721cb8-4af5-4340-b46e-5e8708f28f33 ---
[2026-01-12T22:17:08.316Z] --- SERVIÇO: Buscando tags para a vaga fb54fa05-e2bf-41b4-8adb-2e59fa0d3916 ---
[2026-01-12T22:17:08.316Z] --- SERVIÇO: Buscando tags para a vaga fd534c00-0776-4981-9a48-530a813cd7f7 ---
[2026-01-12T22:17:09.414Z] Buscando uma página de talentos (limite de 100).
[2026-01-12T22:17:10.429Z] Buscando uma página de talentos (limite de 100).
[2026-01-12T22:17:12.390Z] Buscando uma página de talentos (limite de 100).
[2026-01-12T22:17:13.692Z] Buscando uma página de talentos (limite de 100).
[2026-01-12T22:17:15.076Z] Buscando uma página de talentos (limite de 100).
[2026-01-12T22:17:16.103Z] Buscando uma página de talentos (limite de 100).
[2026-01-12T22:17:17.639Z] Buscando uma página de talentos (limite de 100).
[2026-01-12T22:17:19.080Z] Buscando uma página de talentos (limite de 100).
[2026-01-12T22:17:19.758Z] Buscando uma página de talentos (limite de 100).
[2026-01-12T22:17:20.461Z] Buscando uma página de talentos (limite de 100).
[2026-01-12T22:17:21.653Z] Buscando uma página de talentos (limite de 100).
[2026-01-12T22:17:23.557Z] Buscando uma página de talentos (limite de 100).
[2026-01-12T22:17:25.188Z] Buscando uma página de talentos (limite de 100).
[2026-01-12T22:17:26.432Z] Buscando uma página de talentos (limite de 100).
[2026-01-12T22:17:27.436Z] Buscando uma página de talentos (limite de 100).
[2026-01-12T22:17:28.376Z] --- ORQUESTRADOR (SYNC): Busca completa. Total de 65889 talentos carregados.
[2026-01-12T22:17:58.892Z] --- ORQUESTRADOR (SYNC): Buscando e enriquecendo todas as vagas ---
[2026-01-12T22:17:59.029Z] --- SERVIÇO: Buscando TODAS as vagas com paginação interna ---
[2026-01-12T22:18:00.573Z] Página de vagas recebida. Chave para a próxima página encontrada. Total atual: 100
[2026-01-12T22:18:01.590Z] Página de vagas recebida. Chave para a próxima página encontrada. Total atual: 200
[2026-01-12T22:18:01.855Z] Busca completa. Total final de 206 vagas carregadas da API.
[2026-01-12T22:18:02.253Z] DEBUG: Dados salvos com sucesso em "/Users/patricksiqueira/PEOPLE/api-people/debug_logs/all_jobs_raw_1768256281855.txt"
[2026-01-12T22:18:02.254Z] --- SERVIÇO: Buscando tags para a vaga 010b9be5-e7a6-4bef-bf00-07b6b4a2e787 ---
[2026-01-12T22:18:02.256Z] --- SERVIÇO: Buscando tags para a vaga 01eb8c12-9d27-4d24-8924-e00e3312a549 ---
[2026-01-12T22:18:02.257Z] --- SERVIÇO: Buscando tags para a vaga 02036b7c-7e4e-4da4-94c4-4e0411046210 ---
[2026-01-12T22:18:02.257Z] --- SERVIÇO: Buscando tags para a vaga 038f7c8c-0ad0-4489-9019-f1f320c10a94 ---
[2026-01-12T22:18:02.257Z] --- SERVIÇO: Buscando tags para a vaga 0713cef6-067b-46dd-90f6-9d6d1e70efb2 ---
[2026-01-12T22:18:02.257Z] --- SERVIÇO: Buscando tags para a vaga 087fa08a-3f9b-4f89-8abd-ed0a8ffb32aa ---
[2026-01-12T22:18:02.257Z] --- SERVIÇO: Buscando tags para a vaga 09c2edda-64b4-41e1-8580-73c6b2e03d64 ---
[2026-01-12T22:18:02.257Z] --- SERVIÇO: Buscando tags para a vaga 0b2a0725-363b-4a25-a95f-658f93451a17 ---
[2026-01-12T22:18:02.257Z] --- SERVIÇO: Buscando tags para a vaga 0e3ad5ba-5f6b-48a9-91b0-d02402d2039e ---
[2026-01-12T22:18:02.257Z] --- SERVIÇO: Buscando tags para a vaga 0f57a077-a7ad-4665-8d59-76ab585fd594 ---
[2026-01-12T22:18:02.257Z] --- SERVIÇO: Buscando tags para a vaga 103725bc-95a8-4a2a-a7dd-a07dd432f599 ---
[2026-01-12T22:18:02.258Z] --- SERVIÇO: Buscando tags para a vaga 1061f8b2-c706-473d-b7f9-d1f129c50797 ---
[2026-01-12T22:18:02.258Z] --- SERVIÇO: Buscando tags para a vaga 110cafa9-71a1-43b3-b3d3-02315a6cab75 ---
[2026-01-12T22:18:02.258Z] --- SERVIÇO: Buscando tags para a vaga 1199197f-ad3f-49fb-b59d-e8993669d8bf ---
[2026-01-12T22:18:02.258Z] --- SERVIÇO: Buscando tags para a vaga 12d01928-a53b-416a-a122-2a7779ba2d34 ---
[2026-01-12T22:18:02.258Z] --- SERVIÇO: Buscando tags para a vaga 12d66e5d-8f00-4e59-aefa-261fadae8747 ---
[2026-01-12T22:18:02.258Z] --- SERVIÇO: Buscando tags para a vaga 12df898d-45bf-487a-bb44-f0d6b52abb93 ---
[2026-01-12T22:18:02.258Z] --- SERVIÇO: Buscando tags para a vaga 1432c3df-44a3-45da-a7a7-8b8cfcb8a2a8 ---
[2026-01-12T22:18:02.258Z] --- SERVIÇO: Buscando tags para a vaga 198081f8-53cc-455a-834a-6467f07ce5a4 ---
[2026-01-12T22:18:02.258Z] --- SERVIÇO: Buscando tags para a vaga 19a031ab-f6f1-4bac-9b3f-49453b88e747 ---
[2026-01-12T22:18:02.258Z] --- SERVIÇO: Buscando tags para a vaga 1b25ccbf-ce03-4599-ab6b-c6574f8b51a9 ---
[2026-01-12T22:18:02.258Z] --- SERVIÇO: Buscando tags para a vaga 1dabe24a-55f3-4143-baa3-beb26a5ea825 ---
[2026-01-12T22:18:02.258Z] --- SERVIÇO: Buscando tags para a vaga 21370dcd-11c3-4d02-b8c2-795c1f7302ca ---
[2026-01-12T22:18:02.258Z] --- SERVIÇO: Buscando tags para a vaga 216e0e8d-2373-4449-bf8e-3e304555a918 ---
[2026-01-12T22:18:02.258Z] --- SERVIÇO: Buscando tags para a vaga 21cb7be5-7c24-4c31-9b68-e01c598f0b29 ---
[2026-01-12T22:18:02.258Z] --- SERVIÇO: Buscando tags para a vaga 22abe01d-7c71-47fb-9631-c1e7af0adda9 ---
[2026-01-12T22:18:02.258Z] --- SERVIÇO: Buscando tags para a vaga 24df6510-fc44-48e7-b72b-b0722c51ada9 ---
[2026-01-12T22:18:02.258Z] --- SERVIÇO: Buscando tags para a vaga 27057a67-dc99-4561-8fbb-2c01d0f95664 ---
[2026-01-12T22:18:02.258Z] --- SERVIÇO: Buscando tags para a vaga 28890951-c5c2-4172-8ffc-00b2c087f26d ---
[2026-01-12T22:18:02.258Z] --- SERVIÇO: Buscando tags para a vaga 28ada291-0f0a-4f88-8c21-d4399fccf2ea ---
[2026-01-12T22:18:02.258Z] --- SERVIÇO: Buscando tags para a vaga 28b18b11-ffd6-4a4c-8792-52625979eec6 ---
[2026-01-12T22:18:02.258Z] --- SERVIÇO: Buscando tags para a vaga 2a247d8e-5f71-4516-a2f2-7768e4d2ac13 ---
[2026-01-12T22:18:02.259Z] --- SERVIÇO: Buscando tags para a vaga 2b8c1009-6f71-4a00-82ad-d0ae4121933a ---
[2026-01-12T22:18:02.259Z] --- SERVIÇO: Buscando tags para a vaga 2bc2c17d-a2e9-4eba-bc37-1b2788c55ce9 ---
[2026-01-12T22:18:02.259Z] --- SERVIÇO: Buscando tags para a vaga 2bf8cf21-f6a4-4dea-b08f-68534e123b75 ---
[2026-01-12T22:18:02.259Z] --- SERVIÇO: Buscando tags para a vaga 2cb4f868-f797-42b7-ad10-a111bce78c81 ---
[2026-01-12T22:18:02.259Z] --- SERVIÇO: Buscando tags para a vaga 2cbcf9fb-be48-4840-9d1f-ea87787203e3 ---
[2026-01-12T22:18:02.259Z] --- SERVIÇO: Buscando tags para a vaga 2ce5c7e0-29cc-4b13-9f84-757887c847a7 ---
[2026-01-12T22:18:02.259Z] --- SERVIÇO: Buscando tags para a vaga 2db744bb-f359-4eb6-a319-3059ec161be5 ---
[2026-01-12T22:18:02.259Z] --- SERVIÇO: Buscando tags para a vaga 2e27e07c-a46f-4b47-b06c-6ad09de1541a ---
[2026-01-12T22:18:02.259Z] --- SERVIÇO: Buscando tags para a vaga 2e9b2e51-a864-4fb6-8501-42707c3a53ef ---
[2026-01-12T22:18:02.259Z] --- SERVIÇO: Buscando tags para a vaga 3150379a-7df2-465d-9347-a52d292e6d05 ---
[2026-01-12T22:18:02.259Z] --- SERVIÇO: Buscando tags para a vaga 3266ee48-79cb-4d45-9d3a-bcb0ef086569 ---
[2026-01-12T22:18:02.259Z] --- SERVIÇO: Buscando tags para a vaga 3306e92c-dc9e-47a0-8b24-438b310ce51a ---
[2026-01-12T22:18:02.259Z] --- SERVIÇO: Buscando tags para a vaga 3518b656-ce33-467a-be1f-2517cc8b0983 ---
[2026-01-12T22:18:02.259Z] --- SERVIÇO: Buscando tags para a vaga 35e7cc64-988c-4038-bf14-557a52ce72c8 ---
[2026-01-12T22:18:02.259Z] --- SERVIÇO: Buscando tags para a vaga 35f4346a-f575-47da-b210-e72b7c82bd68 ---
[2026-01-12T22:18:02.259Z] --- SERVIÇO: Buscando tags para a vaga 36246616-3b33-40e7-a13b-07461647a1af ---
[2026-01-12T22:18:02.260Z] --- SERVIÇO: Buscando tags para a vaga 3672c6af-0306-4df1-bbdd-f87442e4867b ---
[2026-01-12T22:18:02.260Z] --- SERVIÇO: Buscando tags para a vaga 37d72799-de1c-49b7-b594-32dcf3f56165 ---
[2026-01-12T22:18:02.260Z] --- SERVIÇO: Buscando tags para a vaga 3ad21787-de34-4af8-84f9-a48fc651e6e0 ---
[2026-01-12T22:18:02.260Z] --- SERVIÇO: Buscando tags para a vaga 3e00d7c2-a10a-4c16-aa01-115737031119 ---
[2026-01-12T22:18:02.261Z] --- SERVIÇO: Buscando tags para a vaga 3fa0ce0c-c82f-4606-a18f-8637a9d028ad ---
[2026-01-12T22:18:02.261Z] --- SERVIÇO: Buscando tags para a vaga 42b083cd-35ca-40cc-8886-2efff457eef7 ---
[2026-01-12T22:18:02.261Z] --- SERVIÇO: Buscando tags para a vaga 4531a001-3bd3-450c-965b-70c1da3a161e ---
[2026-01-12T22:18:02.261Z] --- SERVIÇO: Buscando tags para a vaga 466f3abd-50bd-49da-95b3-63c011d69385 ---
[2026-01-12T22:18:02.261Z] --- SERVIÇO: Buscando tags para a vaga 48419cea-f5d0-48a9-9e2f-32d275868d2a ---
[2026-01-12T22:18:02.261Z] --- SERVIÇO: Buscando tags para a vaga 48c7d8ca-bc43-4991-b901-4004b1d9ad68 ---
[2026-01-12T22:18:02.261Z] --- SERVIÇO: Buscando tags para a vaga 4a517f4c-baf4-45dc-86ab-606f9b799d17 ---
[2026-01-12T22:18:02.261Z] --- SERVIÇO: Buscando tags para a vaga 4b86e7b6-b76f-4f4b-b0ab-7c3a6873213b ---
[2026-01-12T22:18:02.261Z] --- SERVIÇO: Buscando tags para a vaga 4e052659-0bcb-44df-a8bb-94dd0a51a6fb ---
[2026-01-12T22:18:02.261Z] --- SERVIÇO: Buscando tags para a vaga 4ea77680-2259-477c-944c-3f7792aaf843 ---
[2026-01-12T22:18:02.261Z] --- SERVIÇO: Buscando tags para a vaga 4edb97eb-0611-4546-b901-731b92afab0c ---
[2026-01-12T22:18:02.261Z] --- SERVIÇO: Buscando tags para a vaga 4fffcb5c-962b-4f22-9703-7590e791be48 ---
[2026-01-12T22:18:02.261Z] --- SERVIÇO: Buscando tags para a vaga 50225e4a-e656-4671-9f30-39500578ece1 ---
[2026-01-12T22:18:02.261Z] --- SERVIÇO: Buscando tags para a vaga 53cefb70-7450-470b-a873-5ba48d95da84 ---
[2026-01-12T22:18:02.261Z] --- SERVIÇO: Buscando tags para a vaga 5505856a-c9c2-4b49-89eb-cf446e0c0629 ---
[2026-01-12T22:18:02.261Z] --- SERVIÇO: Buscando tags para a vaga 587d8ef0-bd3c-47ea-8ce6-e650cf6c527a ---
[2026-01-12T22:18:02.261Z] --- SERVIÇO: Buscando tags para a vaga 58951772-68fb-4324-8266-a47fe2be8e9d ---
[2026-01-12T22:18:02.261Z] --- SERVIÇO: Buscando tags para a vaga 5a8e7dd3-99a8-40ad-b441-ee06f58f7588 ---
[2026-01-12T22:18:02.261Z] --- SERVIÇO: Buscando tags para a vaga 5e78e517-13fd-47c7-83c7-6a33e14c4b63 ---
[2026-01-12T22:18:02.261Z] --- SERVIÇO: Buscando tags para a vaga 5fbebe8b-c092-4778-902e-8d193305f8f0 ---
[2026-01-12T22:18:02.261Z] --- SERVIÇO: Buscando tags para a vaga 604cbaca-96af-420d-98c3-55cee4995a1b ---
[2026-01-12T22:18:02.261Z] --- SERVIÇO: Buscando tags para a vaga 6075f3be-d885-4c32-9087-41d6eb798c93 ---
[2026-01-12T22:18:02.261Z] --- SERVIÇO: Buscando tags para a vaga 62583a4f-b749-414e-b544-9a307c40ac8c ---
[2026-01-12T22:18:02.262Z] --- SERVIÇO: Buscando tags para a vaga 62fb5e76-f6c2-4ec1-bfea-a4ff8557634c ---
[2026-01-12T22:18:02.262Z] --- SERVIÇO: Buscando tags para a vaga 666bd257-db76-400a-8100-1bfa9e356068 ---
[2026-01-12T22:18:02.262Z] --- SERVIÇO: Buscando tags para a vaga 66e073f2-37ce-4b27-9a6b-fdc5113fde6b ---
[2026-01-12T22:18:02.262Z] --- SERVIÇO: Buscando tags para a vaga 68cb2d53-21ec-45f3-a7e9-b5cb928ef79b ---
[2026-01-12T22:18:02.262Z] --- SERVIÇO: Buscando tags para a vaga 69b50fd3-4a4b-4081-8a4e-c6590504b7eb ---
[2026-01-12T22:18:02.262Z] --- SERVIÇO: Buscando tags para a vaga 69f0dfde-3439-4335-b3bc-cf0c41f613d9 ---
[2026-01-12T22:18:02.262Z] --- SERVIÇO: Buscando tags para a vaga 6b78bfff-00b0-4f45-b192-16c24d7c9d5f ---
[2026-01-12T22:18:02.263Z] --- SERVIÇO: Buscando tags para a vaga 6bff9d21-f95c-4928-b421-b2e79f39b85b ---
[2026-01-12T22:18:02.263Z] --- SERVIÇO: Buscando tags para a vaga 6c1511a0-6cd1-4028-be3c-3d033cd3ff41 ---
[2026-01-12T22:18:02.263Z] --- SERVIÇO: Buscando tags para a vaga 6ee0e457-5d3f-40e8-bd14-f8ab4d6f9c81 ---
[2026-01-12T22:18:02.263Z] --- SERVIÇO: Buscando tags para a vaga 6fe6f7f9-da78-4b27-88c7-b8adbadc5ae2 ---
[2026-01-12T22:18:02.263Z] --- SERVIÇO: Buscando tags para a vaga 71f23562-3ec7-49eb-bdf7-c839f0892745 ---
[2026-01-12T22:18:02.263Z] --- SERVIÇO: Buscando tags para a vaga 73636ab7-4474-4575-ac9b-ee08f032918a ---
[2026-01-12T22:18:02.264Z] --- SERVIÇO: Buscando tags para a vaga 7371002c-a20c-4885-8755-793f66ba1deb ---
[2026-01-12T22:18:02.264Z] --- SERVIÇO: Buscando tags para a vaga 73b65c4b-9848-43c1-b286-04dfdfe4a70f ---
[2026-01-12T22:18:02.264Z] --- SERVIÇO: Buscando tags para a vaga 7637003e-55c4-492b-9d40-eed2545b3a12 ---
[2026-01-12T22:18:02.264Z] --- SERVIÇO: Buscando tags para a vaga 764f8bad-1f99-408a-a845-79bb3bd79699 ---
[2026-01-12T22:18:02.264Z] --- SERVIÇO: Buscando tags para a vaga 76c93207-d2ca-4fb3-abad-94e7c36b3604 ---
[2026-01-12T22:18:02.264Z] --- SERVIÇO: Buscando tags para a vaga 76ee6b00-1bca-4ced-9f05-946753815c3c ---
[2026-01-12T22:18:02.264Z] --- SERVIÇO: Buscando tags para a vaga 781a8a0d-1cee-45b0-b25f-ff91e04f8eb3 ---
[2026-01-12T22:18:02.264Z] --- SERVIÇO: Buscando tags para a vaga 792a095b-b3ef-4eba-a6a2-a0a66d9a6129 ---
[2026-01-12T22:18:02.264Z] --- SERVIÇO: Buscando tags para a vaga 7945b7ff-3afc-4399-a52e-7ad3bb23e3f9 ---
[2026-01-12T22:18:02.264Z] --- SERVIÇO: Buscando tags para a vaga 812a8718-2cb7-4bad-bd68-e371bef16922 ---
[2026-01-12T22:18:02.264Z] --- SERVIÇO: Buscando tags para a vaga 84b11a17-31af-463e-9fb8-fc5f2463030d ---
[2026-01-12T22:18:02.264Z] --- SERVIÇO: Buscando tags para a vaga 8555a61a-3392-42fb-9072-d7805680ad92 ---
[2026-01-12T22:18:02.264Z] --- SERVIÇO: Buscando tags para a vaga 8629e6be-e251-453f-9493-e841351db50e ---
[2026-01-12T22:18:02.264Z] --- SERVIÇO: Buscando tags para a vaga 871d5a51-df59-437a-b78f-2ab4633292bf ---
[2026-01-12T22:18:02.264Z] --- SERVIÇO: Buscando tags para a vaga 882c0a08-d993-4cac-ad0a-5f38ea3e65e9 ---
[2026-01-12T22:18:02.265Z] --- SERVIÇO: Buscando tags para a vaga 8bff2734-de96-4dbd-a3da-371e00880a02 ---
[2026-01-12T22:18:02.265Z] --- SERVIÇO: Buscando tags para a vaga 8c1a6724-f397-4a03-95a7-d39e9c80cb30 ---
[2026-01-12T22:18:02.265Z] --- SERVIÇO: Buscando tags para a vaga 8c950fd0-b46f-4d85-bd5a-648e012c2937 ---
[2026-01-12T22:18:02.267Z] --- SERVIÇO: Buscando tags para a vaga 8d3a6d73-419d-4c5c-a385-ae20a61dc4a1 ---
[2026-01-12T22:18:02.267Z] --- SERVIÇO: Buscando tags para a vaga 983684cd-3191-4aa4-8a0f-d7d35c1f1469 ---
[2026-01-12T22:18:02.267Z] --- SERVIÇO: Buscando tags para a vaga 997894d1-5d61-4742-bb6c-8a9f9584dea0 ---
[2026-01-12T22:18:02.267Z] --- SERVIÇO: Buscando tags para a vaga 9acd00b2-fff2-46c4-b781-b6cc623d7266 ---
[2026-01-12T22:18:02.267Z] --- SERVIÇO: Buscando tags para a vaga 9cd89a17-1d89-4463-b05d-94b74024a965 ---
[2026-01-12T22:18:02.267Z] --- SERVIÇO: Buscando tags para a vaga 9e5ae1d3-7900-4046-9c97-91c1429fa348 ---
[2026-01-12T22:18:02.267Z] --- SERVIÇO: Buscando tags para a vaga 9eb409d5-61ce-456a-96df-880c81c180c7 ---
[2026-01-12T22:18:02.267Z] --- SERVIÇO: Buscando tags para a vaga a17ece41-6e89-40c5-bdbe-1963cc4129e6 ---
[2026-01-12T22:18:02.267Z] --- SERVIÇO: Buscando tags para a vaga a21274c4-32ba-4d05-9e0a-c7e6e35efe7f ---
[2026-01-12T22:18:02.267Z] --- SERVIÇO: Buscando tags para a vaga a28921e8-abbc-4b40-bed2-9fddb4079b3c ---
[2026-01-12T22:18:02.267Z] --- SERVIÇO: Buscando tags para a vaga a38150ac-23e0-45d8-add6-1217f41b881c ---
[2026-01-12T22:18:02.267Z] --- SERVIÇO: Buscando tags para a vaga a3a8f036-14d3-46c3-8744-213851ab0740 ---
[2026-01-12T22:18:02.268Z] --- SERVIÇO: Buscando tags para a vaga a3fe7418-1061-4227-a71e-8c5733a97bc9 ---
[2026-01-12T22:18:02.268Z] --- SERVIÇO: Buscando tags para a vaga a4d30c4c-ad22-4f05-a538-198826b91414 ---
[2026-01-12T22:18:02.268Z] --- SERVIÇO: Buscando tags para a vaga a7c5c7f8-dd68-4c17-bb29-8bd16a6b6e90 ---
[2026-01-12T22:18:02.268Z] --- SERVIÇO: Buscando tags para a vaga a9156217-6f67-43f3-ae2b-fe5f39e016a7 ---
[2026-01-12T22:18:02.268Z] --- SERVIÇO: Buscando tags para a vaga a9a62503-94f0-4e67-95ca-2d603fd9b78b ---
[2026-01-12T22:18:02.268Z] --- SERVIÇO: Buscando tags para a vaga ab1f7522-7466-4480-abe4-83c6e021761d ---
[2026-01-12T22:18:02.268Z] --- SERVIÇO: Buscando tags para a vaga ab4b6ff3-3d05-44fb-9806-ed1ca35c4c1b ---
[2026-01-12T22:18:02.268Z] --- SERVIÇO: Buscando tags para a vaga abfb09de-9bf6-43d8-b3f7-584e865a7420 ---
[2026-01-12T22:18:02.269Z] --- SERVIÇO: Buscando tags para a vaga adcc8425-b7b1-41a5-b9a1-5f559f9fa844 ---
[2026-01-12T22:18:02.269Z] --- SERVIÇO: Buscando tags para a vaga ae3a7e47-9acf-4e5e-89dc-0933da79ee49 ---
[2026-01-12T22:18:02.269Z] --- SERVIÇO: Buscando tags para a vaga aec9178e-2772-4226-b71a-8f67748f368e ---
[2026-01-12T22:18:02.269Z] --- SERVIÇO: Buscando tags para a vaga af024203-9fd6-40fd-ac69-05662eb045ec ---
[2026-01-12T22:18:02.269Z] --- SERVIÇO: Buscando tags para a vaga b0d6514a-d73d-49e6-905e-e2c16fb5dbe1 ---
[2026-01-12T22:18:02.269Z] --- SERVIÇO: Buscando tags para a vaga b18a8440-4514-405c-a31e-42c76e4de898 ---
[2026-01-12T22:18:02.269Z] --- SERVIÇO: Buscando tags para a vaga b335822e-5c67-4949-b87b-5d1ef1764d4a ---
[2026-01-12T22:18:02.269Z] --- SERVIÇO: Buscando tags para a vaga b34296e8-1def-4c29-b45a-8a081b925956 ---
[2026-01-12T22:18:02.269Z] --- SERVIÇO: Buscando tags para a vaga b381a667-0d32-47c5-92a3-1fd1e7fa5393 ---
[2026-01-12T22:18:02.269Z] --- SERVIÇO: Buscando tags para a vaga b3a3e8cf-3cd1-4059-a656-9ffedb098d60 ---
[2026-01-12T22:18:02.269Z] --- SERVIÇO: Buscando tags para a vaga b508f8e4-6c60-434a-9d01-6a0e6239548d ---
[2026-01-12T22:18:02.269Z] --- SERVIÇO: Buscando tags para a vaga b63048e4-5224-4e3f-982a-dd4ec8c53c04 ---
[2026-01-12T22:18:02.269Z] --- SERVIÇO: Buscando tags para a vaga b683cad9-ea1c-4075-96f5-b58ee4fa332e ---
[2026-01-12T22:18:02.269Z] --- SERVIÇO: Buscando tags para a vaga b6b44e51-df22-4ae3-9d20-f3ec57dc8086 ---
[2026-01-12T22:18:02.269Z] --- SERVIÇO: Buscando tags para a vaga b75c0e83-d035-49d8-a9c1-86dfb2c3c78e ---
[2026-01-12T22:18:02.269Z] --- SERVIÇO: Buscando tags para a vaga b7a9bf6d-4bb7-475b-acb1-d00b623d11cf ---
[2026-01-12T22:18:02.269Z] --- SERVIÇO: Buscando tags para a vaga b8e04f6a-8e2d-43c7-b25e-a54b807dc329 ---
[2026-01-12T22:18:02.270Z] --- SERVIÇO: Buscando tags para a vaga ba07cc99-ee2b-4b4c-9781-977690ee888d ---
[2026-01-12T22:18:02.270Z] --- SERVIÇO: Buscando tags para a vaga bb3160a4-1d6e-4c27-8a3e-10012501159b ---
[2026-01-12T22:18:02.270Z] --- SERVIÇO: Buscando tags para a vaga bb5eec13-15ec-434b-946a-b1793a46914b ---
[2026-01-12T22:18:02.270Z] --- SERVIÇO: Buscando tags para a vaga bc97677e-f4ff-4bef-bfe6-941b3193c3b0 ---
[2026-01-12T22:18:02.270Z] --- SERVIÇO: Buscando tags para a vaga bd33935e-d096-4eb2-bc72-723b12423f0d ---
[2026-01-12T22:18:02.270Z] --- SERVIÇO: Buscando tags para a vaga be2692a9-1dca-486d-a802-5ce412dc7a8e ---
[2026-01-12T22:18:02.270Z] --- SERVIÇO: Buscando tags para a vaga be439c0f-69e6-4606-8c75-f0556b6fb72d ---
[2026-01-12T22:18:02.270Z] --- SERVIÇO: Buscando tags para a vaga be766298-eaaf-493f-9884-783856a1575f ---
[2026-01-12T22:18:02.270Z] --- SERVIÇO: Buscando tags para a vaga bee80d70-f0cb-4eab-9b60-da7e2375cff8 ---
[2026-01-12T22:18:02.270Z] --- SERVIÇO: Buscando tags para a vaga bfc0de30-6c0f-4d47-94fe-0a3b137d1032 ---
[2026-01-12T22:18:02.270Z] --- SERVIÇO: Buscando tags para a vaga c2565fd3-47a2-496c-9a5a-1778b3a40bf2 ---
[2026-01-12T22:18:02.270Z] --- SERVIÇO: Buscando tags para a vaga c4070a66-63c5-405c-b1e3-441b92bb43a4 ---
[2026-01-12T22:18:02.270Z] --- SERVIÇO: Buscando tags para a vaga c47273b3-1435-4d56-9389-39c47f3aa6a3 ---
[2026-01-12T22:18:02.270Z] --- SERVIÇO: Buscando tags para a vaga c52b4b74-26c4-4dfb-ab95-96c2ffb9c866 ---
[2026-01-12T22:18:02.270Z] --- SERVIÇO: Buscando tags para a vaga c709ca23-54be-49f1-b4d5-eb02601ffd6d ---
[2026-01-12T22:18:02.270Z] --- SERVIÇO: Buscando tags para a vaga c9745ee1-aeea-4868-b13c-4a2b914e8e77 ---
[2026-01-12T22:18:02.271Z] --- SERVIÇO: Buscando tags para a vaga ccbf5f24-7ef8-43b5-8dbb-423b39b21d50 ---
[2026-01-12T22:18:02.271Z] --- SERVIÇO: Buscando tags para a vaga cdea6c2f-2269-43cc-84ea-fe0e25b5e54d ---
[2026-01-12T22:18:02.271Z] --- SERVIÇO: Buscando tags para a vaga cf5e8f77-4527-4432-a281-86e21c186077 ---
[2026-01-12T22:18:02.271Z] --- SERVIÇO: Buscando tags para a vaga cf62ef85-5b6a-4b33-96e2-e3300f8a768a ---
[2026-01-12T22:18:02.271Z] --- SERVIÇO: Buscando tags para a vaga cfa194c4-bf08-4a1a-a264-c41470216bd9 ---
[2026-01-12T22:18:02.271Z] --- SERVIÇO: Buscando tags para a vaga d0b95540-7927-49ed-8d5b-844e4fa6453c ---
[2026-01-12T22:18:02.271Z] --- SERVIÇO: Buscando tags para a vaga d0c27dd1-ba64-4b09-b9cf-a4c406314e63 ---
[2026-01-12T22:18:02.271Z] --- SERVIÇO: Buscando tags para a vaga d166490e-2a11-4c8c-ba4e-d8a8d5a81358 ---
[2026-01-12T22:18:02.271Z] --- SERVIÇO: Buscando tags para a vaga d3fc787b-2632-484e-979b-ed27ad981770 ---
[2026-01-12T22:18:02.271Z] --- SERVIÇO: Buscando tags para a vaga d6b89b2c-20c2-41bf-bd91-d126bbbb0f5c ---
[2026-01-12T22:18:02.272Z] --- SERVIÇO: Buscando tags para a vaga d773d309-13af-4a7c-a56c-c74ea2767f84 ---
[2026-01-12T22:18:02.272Z] --- SERVIÇO: Buscando tags para a vaga d780f1b1-9a14-4f2c-8517-39febde65ba4 ---
[2026-01-12T22:18:02.272Z] --- SERVIÇO: Buscando tags para a vaga d8dca707-4a10-4554-bd57-3423565aebf3 ---
[2026-01-12T22:18:02.272Z] --- SERVIÇO: Buscando tags para a vaga da8ee7b6-3cca-41e0-8496-1e7d784dea5c ---
[2026-01-12T22:18:02.272Z] --- SERVIÇO: Buscando tags para a vaga db58afee-aa79-44d7-b01a-084c08ac9ffc ---
[2026-01-12T22:18:02.272Z] --- SERVIÇO: Buscando tags para a vaga dd9b4e38-c7a3-4453-a912-6cc7b4e542dd ---
[2026-01-12T22:18:02.274Z] --- SERVIÇO: Buscando tags para a vaga ddc9f50c-b15c-497d-a740-bd682de6e982 ---
[2026-01-12T22:18:02.274Z] --- SERVIÇO: Buscando tags para a vaga de32cf73-deb2-46a7-a78b-05a0427cbfe6 ---
[2026-01-12T22:18:02.274Z] --- SERVIÇO: Buscando tags para a vaga df4f7c2e-8f9a-464a-b5cd-ecb105cfd6cb ---
[2026-01-12T22:18:02.275Z] --- SERVIÇO: Buscando tags para a vaga e3300c6a-ffcf-4b70-b147-97012871bb99 ---
[2026-01-12T22:18:02.275Z] --- SERVIÇO: Buscando tags para a vaga e3643e48-0d7c-4989-916f-fe7659d98a33 ---
[2026-01-12T22:18:02.275Z] --- SERVIÇO: Buscando tags para a vaga e3e6ab23-7e2e-4539-ba23-922599a99718 ---
[2026-01-12T22:18:02.275Z] --- SERVIÇO: Buscando tags para a vaga e4f3e42b-6b05-40dc-8659-a81504410e9b ---
[2026-01-12T22:18:02.275Z] --- SERVIÇO: Buscando tags para a vaga e681b432-3bbe-4ae9-b8e4-f2e86d3d11c6 ---
[2026-01-12T22:18:02.275Z] --- SERVIÇO: Buscando tags para a vaga e68c4f98-5623-4108-a8f2-b8252a1e5363 ---
[2026-01-12T22:18:02.275Z] --- SERVIÇO: Buscando tags para a vaga e8e05409-1d79-449e-9bd5-8766914f9cb9 ---
[2026-01-12T22:18:02.275Z] --- SERVIÇO: Buscando tags para a vaga e8ef0e45-f2c9-4dfc-a026-213cad983ec8 ---
[2026-01-12T22:18:02.275Z] --- SERVIÇO: Buscando tags para a vaga e9f9d0de-7dea-4c59-9078-3c63136d2c3d ---
[2026-01-12T22:18:02.275Z] --- SERVIÇO: Buscando tags para a vaga eb6ceb2b-7ff6-4365-9fa4-67ea175d8f5a ---
[2026-01-12T22:18:02.276Z] --- SERVIÇO: Buscando tags para a vaga eb987d00-3669-416c-afd6-f299f2106f09 ---
[2026-01-12T22:18:02.276Z] --- SERVIÇO: Buscando tags para a vaga ebfc702b-fe2b-4256-9a71-9f29927aebf0 ---
[2026-01-12T22:18:02.276Z] --- SERVIÇO: Buscando tags para a vaga eed56da4-5ad6-495e-8c53-5205d7ecbf8b ---
[2026-01-12T22:18:02.276Z] --- SERVIÇO: Buscando tags para a vaga ef7e90f9-09ed-497c-a74a-35464f8ff4e0 ---
[2026-01-12T22:18:02.276Z] --- SERVIÇO: Buscando tags para a vaga f02d9412-b27a-42d6-b021-22baa32446b1 ---
[2026-01-12T22:18:02.276Z] --- SERVIÇO: Buscando tags para a vaga f19ffe30-c39c-49e5-b9db-7d7533ae8b7e ---
[2026-01-12T22:18:02.276Z] --- SERVIÇO: Buscando tags para a vaga f294572b-b7cf-468b-bf7a-4381da0d33b0 ---
[2026-01-12T22:18:02.276Z] --- SERVIÇO: Buscando tags para a vaga f2cebfcd-1a4f-43d5-b082-c0849853ddbc ---
[2026-01-12T22:18:02.277Z] --- SERVIÇO: Buscando tags para a vaga f31cde87-5872-42dc-b34c-c4604a679e95 ---
[2026-01-12T22:18:02.277Z] --- SERVIÇO: Buscando tags para a vaga f354323d-be6c-42ee-8341-3cf00a5ba7f1 ---
[2026-01-12T22:18:02.277Z] --- SERVIÇO: Buscando tags para a vaga f3c4bffb-3043-4b9a-9c4b-846d1ea394d4 ---
[2026-01-12T22:18:02.277Z] --- SERVIÇO: Buscando tags para a vaga f71b7bab-ec59-4b45-8cb1-53d0497256c5 ---
[2026-01-12T22:18:02.277Z] --- SERVIÇO: Buscando tags para a vaga f71ee2bd-27ec-4e54-8bd7-1c88d6841244 ---
[2026-01-12T22:18:02.278Z] --- SERVIÇO: Buscando tags para a vaga f84ee05c-b0f8-4835-8e57-0e7c12705119 ---
[2026-01-12T22:18:02.278Z] --- SERVIÇO: Buscando tags para a vaga f8a46ee0-7d89-48bd-8c89-3f209d6a19bf ---
[2026-01-12T22:18:02.278Z] --- SERVIÇO: Buscando tags para a vaga fa721cb8-4af5-4340-b46e-5e8708f28f33 ---
[2026-01-12T22:18:02.278Z] --- SERVIÇO: Buscando tags para a vaga fb54fa05-e2bf-41b4-8adb-2e59fa0d3916 ---
[2026-01-12T22:18:02.278Z] --- SERVIÇO: Buscando tags para a vaga fd534c00-0776-4981-9a48-530a813cd7f7 ---
[2026-01-12T22:18:05.534Z] --- ORQUESTRADOR (SYNC): Buscando TODOS os talentos com paginação interna ---
[2026-01-12T22:18:05.534Z] Buscando uma página de talentos (limite de 100).
[2026-01-12T22:18:07.434Z] Buscando uma página de talentos (limite de 100).
[2026-01-12T22:18:08.644Z] Buscando uma página de talentos (limite de 100).
[2026-01-12T22:18:09.778Z] Buscando uma página de talentos (limite de 100).
[2026-01-12T22:18:10.766Z] Buscando uma página de talentos (limite de 100).
[2026-01-12T22:18:11.978Z] Buscando uma página de talentos (limite de 100).
[2026-01-12T22:18:13.120Z] Buscando uma página de talentos (limite de 100).
[2026-01-12T22:18:14.406Z] Buscando uma página de talentos (limite de 100).
[2026-01-12T22:18:15.601Z] Buscando uma página de talentos (limite de 100).
[2026-01-12T22:18:16.867Z] Buscando uma página de talentos (limite de 100).
[2026-01-12T22:18:18.118Z] Buscando uma página de talentos (limite de 100).
[2026-01-12T22:18:19.110Z] Buscando uma página de talentos (limite de 100).
[2026-01-12T22:18:20.309Z] Buscando uma página de talentos (limite de 100).
[2026-01-12T22:18:21.942Z] Buscando uma página de talentos (limite de 100).
[2026-01-12T22:18:23.453Z] Buscando uma página de talentos (limite de 100).
[2026-01-12T22:18:30.557Z] Buscando uma página de talentos (limite de 100).
[2026-01-12T22:18:32.245Z] Buscando uma página de talentos (limite de 100).
[2026-01-12T22:18:33.522Z] Buscando uma página de talentos (limite de 100).
[2026-01-12T22:18:34.432Z] --- ORQUESTRADOR (SYNC): Busca completa. Total de 65889 talentos carregados.
[2026-01-12T22:18:58.823Z] --- ORQUESTRADOR (SYNC): Buscando e enriquecendo todas as vagas ---
[2026-01-12T22:18:58.984Z] --- SERVIÇO: Buscando TODAS as vagas com paginação interna ---
[2026-01-12T22:19:00.625Z] Página de vagas recebida. Chave para a próxima página encontrada. Total atual: 100
[2026-01-12T22:19:01.261Z] Página de vagas recebida. Chave para a próxima página encontrada. Total atual: 200
[2026-01-12T22:19:01.529Z] Busca completa. Total final de 206 vagas carregadas da API.
[2026-01-12T22:19:03.437Z] DEBUG: Dados salvos com sucesso em "/Users/patricksiqueira/PEOPLE/api-people/debug_logs/all_jobs_raw_1768256341529.txt"
[2026-01-12T22:19:03.674Z] --- SERVIÇO: Buscando tags para a vaga 010b9be5-e7a6-4bef-bf00-07b6b4a2e787 ---
[2026-01-12T22:19:03.725Z] --- SERVIÇO: Buscando tags para a vaga 01eb8c12-9d27-4d24-8924-e00e3312a549 ---
[2026-01-12T22:19:03.725Z] --- SERVIÇO: Buscando tags para a vaga 02036b7c-7e4e-4da4-94c4-4e0411046210 ---
[2026-01-12T22:19:03.725Z] --- SERVIÇO: Buscando tags para a vaga 038f7c8c-0ad0-4489-9019-f1f320c10a94 ---
[2026-01-12T22:19:03.726Z] --- SERVIÇO: Buscando tags para a vaga 0713cef6-067b-46dd-90f6-9d6d1e70efb2 ---
[2026-01-12T22:19:03.726Z] --- SERVIÇO: Buscando tags para a vaga 087fa08a-3f9b-4f89-8abd-ed0a8ffb32aa ---
[2026-01-12T22:19:03.726Z] --- SERVIÇO: Buscando tags para a vaga 09c2edda-64b4-41e1-8580-73c6b2e03d64 ---
[2026-01-12T22:19:03.726Z] --- SERVIÇO: Buscando tags para a vaga 0b2a0725-363b-4a25-a95f-658f93451a17 ---
[2026-01-12T22:19:03.731Z] --- SERVIÇO: Buscando tags para a vaga 0e3ad5ba-5f6b-48a9-91b0-d02402d2039e ---
[2026-01-12T22:19:03.736Z] --- SERVIÇO: Buscando tags para a vaga 0f57a077-a7ad-4665-8d59-76ab585fd594 ---
[2026-01-12T22:19:03.736Z] --- SERVIÇO: Buscando tags para a vaga 103725bc-95a8-4a2a-a7dd-a07dd432f599 ---
[2026-01-12T22:19:03.736Z] --- SERVIÇO: Buscando tags para a vaga 1061f8b2-c706-473d-b7f9-d1f129c50797 ---
[2026-01-12T22:19:03.736Z] --- SERVIÇO: Buscando tags para a vaga 110cafa9-71a1-43b3-b3d3-02315a6cab75 ---
[2026-01-12T22:19:03.736Z] --- SERVIÇO: Buscando tags para a vaga 1199197f-ad3f-49fb-b59d-e8993669d8bf ---
[2026-01-12T22:19:03.737Z] --- SERVIÇO: Buscando tags para a vaga 12d01928-a53b-416a-a122-2a7779ba2d34 ---
[2026-01-12T22:19:03.737Z] --- SERVIÇO: Buscando tags para a vaga 12d66e5d-8f00-4e59-aefa-261fadae8747 ---
[2026-01-12T22:19:03.737Z] --- SERVIÇO: Buscando tags para a vaga 12df898d-45bf-487a-bb44-f0d6b52abb93 ---
[2026-01-12T22:19:03.737Z] --- SERVIÇO: Buscando tags para a vaga 1432c3df-44a3-45da-a7a7-8b8cfcb8a2a8 ---
[2026-01-12T22:19:03.737Z] --- SERVIÇO: Buscando tags para a vaga 198081f8-53cc-455a-834a-6467f07ce5a4 ---
[2026-01-12T22:19:03.741Z] --- SERVIÇO: Buscando tags para a vaga 19a031ab-f6f1-4bac-9b3f-49453b88e747 ---
[2026-01-12T22:19:03.741Z] --- SERVIÇO: Buscando tags para a vaga 1b25ccbf-ce03-4599-ab6b-c6574f8b51a9 ---
[2026-01-12T22:19:03.741Z] --- SERVIÇO: Buscando tags para a vaga 1dabe24a-55f3-4143-baa3-beb26a5ea825 ---
[2026-01-12T22:19:03.741Z] --- SERVIÇO: Buscando tags para a vaga 21370dcd-11c3-4d02-b8c2-795c1f7302ca ---
[2026-01-12T22:19:03.741Z] --- SERVIÇO: Buscando tags para a vaga 216e0e8d-2373-4449-bf8e-3e304555a918 ---
[2026-01-12T22:19:03.741Z] --- SERVIÇO: Buscando tags para a vaga 21cb7be5-7c24-4c31-9b68-e01c598f0b29 ---
[2026-01-12T22:19:03.741Z] --- SERVIÇO: Buscando tags para a vaga 22abe01d-7c71-47fb-9631-c1e7af0adda9 ---
[2026-01-12T22:19:03.741Z] --- SERVIÇO: Buscando tags para a vaga 24df6510-fc44-48e7-b72b-b0722c51ada9 ---
[2026-01-12T22:19:03.741Z] --- SERVIÇO: Buscando tags para a vaga 27057a67-dc99-4561-8fbb-2c01d0f95664 ---
[2026-01-12T22:19:03.741Z] --- SERVIÇO: Buscando tags para a vaga 28890951-c5c2-4172-8ffc-00b2c087f26d ---
[2026-01-12T22:19:03.741Z] --- SERVIÇO: Buscando tags para a vaga 28ada291-0f0a-4f88-8c21-d4399fccf2ea ---
[2026-01-12T22:19:03.742Z] --- SERVIÇO: Buscando tags para a vaga 28b18b11-ffd6-4a4c-8792-52625979eec6 ---
[2026-01-12T22:19:03.742Z] --- SERVIÇO: Buscando tags para a vaga 2a247d8e-5f71-4516-a2f2-7768e4d2ac13 ---
[2026-01-12T22:19:03.742Z] --- SERVIÇO: Buscando tags para a vaga 2b8c1009-6f71-4a00-82ad-d0ae4121933a ---
[2026-01-12T22:19:03.746Z] --- SERVIÇO: Buscando tags para a vaga 2bc2c17d-a2e9-4eba-bc37-1b2788c55ce9 ---
[2026-01-12T22:19:03.747Z] --- SERVIÇO: Buscando tags para a vaga 2bf8cf21-f6a4-4dea-b08f-68534e123b75 ---
[2026-01-12T22:19:03.748Z] --- SERVIÇO: Buscando tags para a vaga 2cb4f868-f797-42b7-ad10-a111bce78c81 ---
[2026-01-12T22:19:03.748Z] --- SERVIÇO: Buscando tags para a vaga 2cbcf9fb-be48-4840-9d1f-ea87787203e3 ---
[2026-01-12T22:19:03.748Z] --- SERVIÇO: Buscando tags para a vaga 2ce5c7e0-29cc-4b13-9f84-757887c847a7 ---
[2026-01-12T22:19:03.748Z] --- SERVIÇO: Buscando tags para a vaga 2db744bb-f359-4eb6-a319-3059ec161be5 ---
[2026-01-12T22:19:03.749Z] --- SERVIÇO: Buscando tags para a vaga 2e27e07c-a46f-4b47-b06c-6ad09de1541a ---
[2026-01-12T22:19:03.751Z] --- SERVIÇO: Buscando tags para a vaga 2e9b2e51-a864-4fb6-8501-42707c3a53ef ---
[2026-01-12T22:19:03.753Z] --- SERVIÇO: Buscando tags para a vaga 3150379a-7df2-465d-9347-a52d292e6d05 ---
[2026-01-12T22:19:03.753Z] --- SERVIÇO: Buscando tags para a vaga 3266ee48-79cb-4d45-9d3a-bcb0ef086569 ---
[2026-01-12T22:19:03.753Z] --- SERVIÇO: Buscando tags para a vaga 3306e92c-dc9e-47a0-8b24-438b310ce51a ---
[2026-01-12T22:19:03.754Z] --- SERVIÇO: Buscando tags para a vaga 3518b656-ce33-467a-be1f-2517cc8b0983 ---
[2026-01-12T22:19:03.755Z] --- SERVIÇO: Buscando tags para a vaga 35e7cc64-988c-4038-bf14-557a52ce72c8 ---
[2026-01-12T22:19:03.755Z] --- SERVIÇO: Buscando tags para a vaga 35f4346a-f575-47da-b210-e72b7c82bd68 ---
[2026-01-12T22:19:03.763Z] --- SERVIÇO: Buscando tags para a vaga 36246616-3b33-40e7-a13b-07461647a1af ---
[2026-01-12T22:19:03.763Z] --- SERVIÇO: Buscando tags para a vaga 3672c6af-0306-4df1-bbdd-f87442e4867b ---
[2026-01-12T22:19:03.763Z] --- SERVIÇO: Buscando tags para a vaga 37d72799-de1c-49b7-b594-32dcf3f56165 ---
[2026-01-12T22:19:03.764Z] --- SERVIÇO: Buscando tags para a vaga 3ad21787-de34-4af8-84f9-a48fc651e6e0 ---
[2026-01-12T22:19:03.764Z] --- SERVIÇO: Buscando tags para a vaga 3e00d7c2-a10a-4c16-aa01-115737031119 ---
[2026-01-12T22:19:03.765Z] --- SERVIÇO: Buscando tags para a vaga 3fa0ce0c-c82f-4606-a18f-8637a9d028ad ---
[2026-01-12T22:19:03.765Z] --- SERVIÇO: Buscando tags para a vaga 42b083cd-35ca-40cc-8886-2efff457eef7 ---
[2026-01-12T22:19:03.765Z] --- SERVIÇO: Buscando tags para a vaga 4531a001-3bd3-450c-965b-70c1da3a161e ---
[2026-01-12T22:19:03.765Z] --- SERVIÇO: Buscando tags para a vaga 466f3abd-50bd-49da-95b3-63c011d69385 ---
[2026-01-12T22:19:03.765Z] --- SERVIÇO: Buscando tags para a vaga 48419cea-f5d0-48a9-9e2f-32d275868d2a ---
[2026-01-12T22:19:03.765Z] --- SERVIÇO: Buscando tags para a vaga 48c7d8ca-bc43-4991-b901-4004b1d9ad68 ---
[2026-01-12T22:19:03.765Z] --- SERVIÇO: Buscando tags para a vaga 4a517f4c-baf4-45dc-86ab-606f9b799d17 ---
[2026-01-12T22:19:03.766Z] --- SERVIÇO: Buscando tags para a vaga 4b86e7b6-b76f-4f4b-b0ab-7c3a6873213b ---
[2026-01-12T22:19:03.766Z] --- SERVIÇO: Buscando tags para a vaga 4e052659-0bcb-44df-a8bb-94dd0a51a6fb ---
[2026-01-12T22:19:03.766Z] --- SERVIÇO: Buscando tags para a vaga 4ea77680-2259-477c-944c-3f7792aaf843 ---
[2026-01-12T22:19:03.766Z] --- SERVIÇO: Buscando tags para a vaga 4edb97eb-0611-4546-b901-731b92afab0c ---
[2026-01-12T22:19:03.766Z] --- SERVIÇO: Buscando tags para a vaga 4fffcb5c-962b-4f22-9703-7590e791be48 ---
[2026-01-12T22:19:03.768Z] --- SERVIÇO: Buscando tags para a vaga 50225e4a-e656-4671-9f30-39500578ece1 ---
[2026-01-12T22:19:03.768Z] --- SERVIÇO: Buscando tags para a vaga 53cefb70-7450-470b-a873-5ba48d95da84 ---
[2026-01-12T22:19:03.768Z] --- SERVIÇO: Buscando tags para a vaga 5505856a-c9c2-4b49-89eb-cf446e0c0629 ---
[2026-01-12T22:19:03.768Z] --- SERVIÇO: Buscando tags para a vaga 587d8ef0-bd3c-47ea-8ce6-e650cf6c527a ---
[2026-01-12T22:19:03.768Z] --- SERVIÇO: Buscando tags para a vaga 58951772-68fb-4324-8266-a47fe2be8e9d ---
[2026-01-12T22:19:03.769Z] --- SERVIÇO: Buscando tags para a vaga 5a8e7dd3-99a8-40ad-b441-ee06f58f7588 ---
[2026-01-12T22:19:03.769Z] --- SERVIÇO: Buscando tags para a vaga 5e78e517-13fd-47c7-83c7-6a33e14c4b63 ---
[2026-01-12T22:19:03.769Z] --- SERVIÇO: Buscando tags para a vaga 5fbebe8b-c092-4778-902e-8d193305f8f0 ---
[2026-01-12T22:19:03.769Z] --- SERVIÇO: Buscando tags para a vaga 604cbaca-96af-420d-98c3-55cee4995a1b ---
[2026-01-12T22:19:03.770Z] --- SERVIÇO: Buscando tags para a vaga 6075f3be-d885-4c32-9087-41d6eb798c93 ---
[2026-01-12T22:19:03.770Z] --- SERVIÇO: Buscando tags para a vaga 62583a4f-b749-414e-b544-9a307c40ac8c ---
[2026-01-12T22:19:03.770Z] --- SERVIÇO: Buscando tags para a vaga 62fb5e76-f6c2-4ec1-bfea-a4ff8557634c ---
[2026-01-12T22:19:03.844Z] --- SERVIÇO: Buscando tags para a vaga 666bd257-db76-400a-8100-1bfa9e356068 ---
[2026-01-12T22:19:03.844Z] --- SERVIÇO: Buscando tags para a vaga 66e073f2-37ce-4b27-9a6b-fdc5113fde6b ---
[2026-01-12T22:19:03.845Z] --- SERVIÇO: Buscando tags para a vaga 68cb2d53-21ec-45f3-a7e9-b5cb928ef79b ---
[2026-01-12T22:19:03.845Z] --- SERVIÇO: Buscando tags para a vaga 69b50fd3-4a4b-4081-8a4e-c6590504b7eb ---
[2026-01-12T22:19:03.845Z] --- SERVIÇO: Buscando tags para a vaga 69f0dfde-3439-4335-b3bc-cf0c41f613d9 ---
[2026-01-12T22:19:03.845Z] --- SERVIÇO: Buscando tags para a vaga 6b78bfff-00b0-4f45-b192-16c24d7c9d5f ---
[2026-01-12T22:19:03.845Z] --- SERVIÇO: Buscando tags para a vaga 6bff9d21-f95c-4928-b421-b2e79f39b85b ---
[2026-01-12T22:19:03.846Z] --- SERVIÇO: Buscando tags para a vaga 6c1511a0-6cd1-4028-be3c-3d033cd3ff41 ---
[2026-01-12T22:19:03.846Z] --- SERVIÇO: Buscando tags para a vaga 6ee0e457-5d3f-40e8-bd14-f8ab4d6f9c81 ---
[2026-01-12T22:19:03.846Z] --- SERVIÇO: Buscando tags para a vaga 6fe6f7f9-da78-4b27-88c7-b8adbadc5ae2 ---
[2026-01-12T22:19:03.846Z] --- SERVIÇO: Buscando tags para a vaga 71f23562-3ec7-49eb-bdf7-c839f0892745 ---
[2026-01-12T22:19:03.847Z] --- SERVIÇO: Buscando tags para a vaga 73636ab7-4474-4575-ac9b-ee08f032918a ---
[2026-01-12T22:19:03.847Z] --- SERVIÇO: Buscando tags para a vaga 7371002c-a20c-4885-8755-793f66ba1deb ---
[2026-01-12T22:19:03.847Z] --- SERVIÇO: Buscando tags para a vaga 73b65c4b-9848-43c1-b286-04dfdfe4a70f ---
[2026-01-12T22:19:03.847Z] --- SERVIÇO: Buscando tags para a vaga 7637003e-55c4-492b-9d40-eed2545b3a12 ---
[2026-01-12T22:19:03.848Z] --- SERVIÇO: Buscando tags para a vaga 764f8bad-1f99-408a-a845-79bb3bd79699 ---
[2026-01-12T22:19:03.848Z] --- SERVIÇO: Buscando tags para a vaga 76c93207-d2ca-4fb3-abad-94e7c36b3604 ---
[2026-01-12T22:19:03.848Z] --- SERVIÇO: Buscando tags para a vaga 76ee6b00-1bca-4ced-9f05-946753815c3c ---
[2026-01-12T22:19:03.848Z] --- SERVIÇO: Buscando tags para a vaga 781a8a0d-1cee-45b0-b25f-ff91e04f8eb3 ---
[2026-01-12T22:19:03.848Z] --- SERVIÇO: Buscando tags para a vaga 792a095b-b3ef-4eba-a6a2-a0a66d9a6129 ---
[2026-01-12T22:19:03.849Z] --- SERVIÇO: Buscando tags para a vaga 7945b7ff-3afc-4399-a52e-7ad3bb23e3f9 ---
[2026-01-12T22:19:03.849Z] --- SERVIÇO: Buscando tags para a vaga 812a8718-2cb7-4bad-bd68-e371bef16922 ---
[2026-01-12T22:19:03.849Z] --- SERVIÇO: Buscando tags para a vaga 84b11a17-31af-463e-9fb8-fc5f2463030d ---
[2026-01-12T22:19:03.849Z] --- SERVIÇO: Buscando tags para a vaga 8555a61a-3392-42fb-9072-d7805680ad92 ---
[2026-01-12T22:19:03.849Z] --- SERVIÇO: Buscando tags para a vaga 8629e6be-e251-453f-9493-e841351db50e ---
[2026-01-12T22:19:03.850Z] --- SERVIÇO: Buscando tags para a vaga 871d5a51-df59-437a-b78f-2ab4633292bf ---
[2026-01-12T22:19:03.852Z] --- SERVIÇO: Buscando tags para a vaga 882c0a08-d993-4cac-ad0a-5f38ea3e65e9 ---
[2026-01-12T22:19:03.852Z] --- SERVIÇO: Buscando tags para a vaga 8bff2734-de96-4dbd-a3da-371e00880a02 ---
[2026-01-12T22:19:03.853Z] --- SERVIÇO: Buscando tags para a vaga 8c1a6724-f397-4a03-95a7-d39e9c80cb30 ---
[2026-01-12T22:19:03.853Z] --- SERVIÇO: Buscando tags para a vaga 8c950fd0-b46f-4d85-bd5a-648e012c2937 ---
[2026-01-12T22:19:03.853Z] --- SERVIÇO: Buscando tags para a vaga 8d3a6d73-419d-4c5c-a385-ae20a61dc4a1 ---
[2026-01-12T22:19:03.853Z] --- SERVIÇO: Buscando tags para a vaga 983684cd-3191-4aa4-8a0f-d7d35c1f1469 ---
[2026-01-12T22:19:03.853Z] --- SERVIÇO: Buscando tags para a vaga 997894d1-5d61-4742-bb6c-8a9f9584dea0 ---
[2026-01-12T22:19:03.854Z] --- SERVIÇO: Buscando tags para a vaga 9acd00b2-fff2-46c4-b781-b6cc623d7266 ---
[2026-01-12T22:19:03.854Z] --- SERVIÇO: Buscando tags para a vaga 9cd89a17-1d89-4463-b05d-94b74024a965 ---
[2026-01-12T22:19:03.854Z] --- SERVIÇO: Buscando tags para a vaga 9e5ae1d3-7900-4046-9c97-91c1429fa348 ---
[2026-01-12T22:19:03.855Z] --- SERVIÇO: Buscando tags para a vaga 9eb409d5-61ce-456a-96df-880c81c180c7 ---
[2026-01-12T22:19:03.855Z] --- SERVIÇO: Buscando tags para a vaga a17ece41-6e89-40c5-bdbe-1963cc4129e6 ---
[2026-01-12T22:19:03.855Z] --- SERVIÇO: Buscando tags para a vaga a21274c4-32ba-4d05-9e0a-c7e6e35efe7f ---
[2026-01-12T22:19:03.856Z] --- SERVIÇO: Buscando tags para a vaga a28921e8-abbc-4b40-bed2-9fddb4079b3c ---
[2026-01-12T22:19:03.858Z] --- SERVIÇO: Buscando tags para a vaga a38150ac-23e0-45d8-add6-1217f41b881c ---
[2026-01-12T22:19:03.858Z] --- SERVIÇO: Buscando tags para a vaga a3a8f036-14d3-46c3-8744-213851ab0740 ---
[2026-01-12T22:19:03.859Z] --- SERVIÇO: Buscando tags para a vaga a3fe7418-1061-4227-a71e-8c5733a97bc9 ---
[2026-01-12T22:19:03.860Z] --- SERVIÇO: Buscando tags para a vaga a4d30c4c-ad22-4f05-a538-198826b91414 ---
[2026-01-12T22:19:03.860Z] --- SERVIÇO: Buscando tags para a vaga a7c5c7f8-dd68-4c17-bb29-8bd16a6b6e90 ---
[2026-01-12T22:19:03.862Z] --- SERVIÇO: Buscando tags para a vaga a9156217-6f67-43f3-ae2b-fe5f39e016a7 ---
[2026-01-12T22:19:03.862Z] --- SERVIÇO: Buscando tags para a vaga a9a62503-94f0-4e67-95ca-2d603fd9b78b ---
[2026-01-12T22:19:03.863Z] --- SERVIÇO: Buscando tags para a vaga ab1f7522-7466-4480-abe4-83c6e021761d ---
[2026-01-12T22:19:03.863Z] --- SERVIÇO: Buscando tags para a vaga ab4b6ff3-3d05-44fb-9806-ed1ca35c4c1b ---
[2026-01-12T22:19:03.863Z] --- SERVIÇO: Buscando tags para a vaga abfb09de-9bf6-43d8-b3f7-584e865a7420 ---
[2026-01-12T22:19:03.865Z] --- SERVIÇO: Buscando tags para a vaga adcc8425-b7b1-41a5-b9a1-5f559f9fa844 ---
[2026-01-12T22:19:03.865Z] --- SERVIÇO: Buscando tags para a vaga ae3a7e47-9acf-4e5e-89dc-0933da79ee49 ---
[2026-01-12T22:19:03.865Z] --- SERVIÇO: Buscando tags para a vaga aec9178e-2772-4226-b71a-8f67748f368e ---
[2026-01-12T22:19:03.866Z] --- SERVIÇO: Buscando tags para a vaga af024203-9fd6-40fd-ac69-05662eb045ec ---
[2026-01-12T22:19:03.866Z] --- SERVIÇO: Buscando tags para a vaga b0d6514a-d73d-49e6-905e-e2c16fb5dbe1 ---
[2026-01-12T22:19:03.866Z] --- SERVIÇO: Buscando tags para a vaga b18a8440-4514-405c-a31e-42c76e4de898 ---
[2026-01-12T22:19:03.867Z] --- SERVIÇO: Buscando tags para a vaga b335822e-5c67-4949-b87b-5d1ef1764d4a ---
[2026-01-12T22:19:03.867Z] --- SERVIÇO: Buscando tags para a vaga b34296e8-1def-4c29-b45a-8a081b925956 ---
[2026-01-12T22:19:03.867Z] --- SERVIÇO: Buscando tags para a vaga b381a667-0d32-47c5-92a3-1fd1e7fa5393 ---
[2026-01-12T22:19:03.867Z] --- SERVIÇO: Buscando tags para a vaga b3a3e8cf-3cd1-4059-a656-9ffedb098d60 ---
[2026-01-12T22:19:03.867Z] --- SERVIÇO: Buscando tags para a vaga b508f8e4-6c60-434a-9d01-6a0e6239548d ---
[2026-01-12T22:19:03.867Z] --- SERVIÇO: Buscando tags para a vaga b63048e4-5224-4e3f-982a-dd4ec8c53c04 ---
[2026-01-12T22:19:03.868Z] --- SERVIÇO: Buscando tags para a vaga b683cad9-ea1c-4075-96f5-b58ee4fa332e ---
[2026-01-12T22:19:03.868Z] --- SERVIÇO: Buscando tags para a vaga b6b44e51-df22-4ae3-9d20-f3ec57dc8086 ---
[2026-01-12T22:19:03.868Z] --- SERVIÇO: Buscando tags para a vaga b75c0e83-d035-49d8-a9c1-86dfb2c3c78e ---
[2026-01-12T22:19:03.868Z] --- SERVIÇO: Buscando tags para a vaga b7a9bf6d-4bb7-475b-acb1-d00b623d11cf ---
[2026-01-12T22:19:03.873Z] --- SERVIÇO: Buscando tags para a vaga b8e04f6a-8e2d-43c7-b25e-a54b807dc329 ---
[2026-01-12T22:19:03.877Z] --- SERVIÇO: Buscando tags para a vaga ba07cc99-ee2b-4b4c-9781-977690ee888d ---
[2026-01-12T22:19:03.877Z] --- SERVIÇO: Buscando tags para a vaga bb3160a4-1d6e-4c27-8a3e-10012501159b ---
[2026-01-12T22:19:03.877Z] --- SERVIÇO: Buscando tags para a vaga bb5eec13-15ec-434b-946a-b1793a46914b ---
[2026-01-12T22:19:03.877Z] --- SERVIÇO: Buscando tags para a vaga bc97677e-f4ff-4bef-bfe6-941b3193c3b0 ---
[2026-01-12T22:19:03.878Z] --- SERVIÇO: Buscando tags para a vaga bd33935e-d096-4eb2-bc72-723b12423f0d ---
[2026-01-12T22:19:03.878Z] --- SERVIÇO: Buscando tags para a vaga be2692a9-1dca-486d-a802-5ce412dc7a8e ---
[2026-01-12T22:19:03.878Z] --- SERVIÇO: Buscando tags para a vaga be439c0f-69e6-4606-8c75-f0556b6fb72d ---
[2026-01-12T22:19:03.881Z] --- SERVIÇO: Buscando tags para a vaga be766298-eaaf-493f-9884-783856a1575f ---
[2026-01-12T22:19:03.881Z] --- SERVIÇO: Buscando tags para a vaga bee80d70-f0cb-4eab-9b60-da7e2375cff8 ---
[2026-01-12T22:19:03.881Z] --- SERVIÇO: Buscando tags para a vaga bfc0de30-6c0f-4d47-94fe-0a3b137d1032 ---
[2026-01-12T22:19:03.881Z] --- SERVIÇO: Buscando tags para a vaga c2565fd3-47a2-496c-9a5a-1778b3a40bf2 ---
[2026-01-12T22:19:03.881Z] --- SERVIÇO: Buscando tags para a vaga c4070a66-63c5-405c-b1e3-441b92bb43a4 ---
[2026-01-12T22:19:03.881Z] --- SERVIÇO: Buscando tags para a vaga c47273b3-1435-4d56-9389-39c47f3aa6a3 ---
[2026-01-12T22:19:03.881Z] --- SERVIÇO: Buscando tags para a vaga c52b4b74-26c4-4dfb-ab95-96c2ffb9c866 ---
[2026-01-12T22:19:03.881Z] --- SERVIÇO: Buscando tags para a vaga c709ca23-54be-49f1-b4d5-eb02601ffd6d ---
[2026-01-12T22:19:03.881Z] --- SERVIÇO: Buscando tags para a vaga c9745ee1-aeea-4868-b13c-4a2b914e8e77 ---
[2026-01-12T22:19:03.881Z] --- SERVIÇO: Buscando tags para a vaga ccbf5f24-7ef8-43b5-8dbb-423b39b21d50 ---
[2026-01-12T22:19:03.882Z] --- SERVIÇO: Buscando tags para a vaga cdea6c2f-2269-43cc-84ea-fe0e25b5e54d ---
[2026-01-12T22:19:03.882Z] --- SERVIÇO: Buscando tags para a vaga cf5e8f77-4527-4432-a281-86e21c186077 ---
[2026-01-12T22:19:03.882Z] --- SERVIÇO: Buscando tags para a vaga cf62ef85-5b6a-4b33-96e2-e3300f8a768a ---
[2026-01-12T22:19:03.882Z] --- SERVIÇO: Buscando tags para a vaga cfa194c4-bf08-4a1a-a264-c41470216bd9 ---
[2026-01-12T22:19:03.884Z] --- SERVIÇO: Buscando tags para a vaga d0b95540-7927-49ed-8d5b-844e4fa6453c ---
[2026-01-12T22:19:03.892Z] --- SERVIÇO: Buscando tags para a vaga d0c27dd1-ba64-4b09-b9cf-a4c406314e63 ---
[2026-01-12T22:19:03.893Z] --- SERVIÇO: Buscando tags para a vaga d166490e-2a11-4c8c-ba4e-d8a8d5a81358 ---
[2026-01-12T22:19:03.893Z] --- SERVIÇO: Buscando tags para a vaga d3fc787b-2632-484e-979b-ed27ad981770 ---
[2026-01-12T22:19:03.893Z] --- SERVIÇO: Buscando tags para a vaga d6b89b2c-20c2-41bf-bd91-d126bbbb0f5c ---
[2026-01-12T22:19:03.893Z] --- SERVIÇO: Buscando tags para a vaga d773d309-13af-4a7c-a56c-c74ea2767f84 ---
[2026-01-12T22:19:03.893Z] --- SERVIÇO: Buscando tags para a vaga d780f1b1-9a14-4f2c-8517-39febde65ba4 ---
[2026-01-12T22:19:03.893Z] --- SERVIÇO: Buscando tags para a vaga d8dca707-4a10-4554-bd57-3423565aebf3 ---
[2026-01-12T22:19:03.898Z] --- SERVIÇO: Buscando tags para a vaga da8ee7b6-3cca-41e0-8496-1e7d784dea5c ---
[2026-01-12T22:19:03.898Z] --- SERVIÇO: Buscando tags para a vaga db58afee-aa79-44d7-b01a-084c08ac9ffc ---
[2026-01-12T22:19:03.898Z] --- SERVIÇO: Buscando tags para a vaga dd9b4e38-c7a3-4453-a912-6cc7b4e542dd ---
[2026-01-12T22:19:03.898Z] --- SERVIÇO: Buscando tags para a vaga ddc9f50c-b15c-497d-a740-bd682de6e982 ---
[2026-01-12T22:19:03.899Z] --- SERVIÇO: Buscando tags para a vaga de32cf73-deb2-46a7-a78b-05a0427cbfe6 ---
[2026-01-12T22:19:03.899Z] --- SERVIÇO: Buscando tags para a vaga df4f7c2e-8f9a-464a-b5cd-ecb105cfd6cb ---
[2026-01-12T22:19:03.899Z] --- SERVIÇO: Buscando tags para a vaga e3300c6a-ffcf-4b70-b147-97012871bb99 ---
[2026-01-12T22:19:03.903Z] --- SERVIÇO: Buscando tags para a vaga e3643e48-0d7c-4989-916f-fe7659d98a33 ---
[2026-01-12T22:19:03.903Z] --- SERVIÇO: Buscando tags para a vaga e3e6ab23-7e2e-4539-ba23-922599a99718 ---
[2026-01-12T22:19:03.903Z] --- SERVIÇO: Buscando tags para a vaga e4f3e42b-6b05-40dc-8659-a81504410e9b ---
[2026-01-12T22:19:03.904Z] --- SERVIÇO: Buscando tags para a vaga e681b432-3bbe-4ae9-b8e4-f2e86d3d11c6 ---
[2026-01-12T22:19:03.904Z] --- SERVIÇO: Buscando tags para a vaga e68c4f98-5623-4108-a8f2-b8252a1e5363 ---
[2026-01-12T22:19:03.904Z] --- SERVIÇO: Buscando tags para a vaga e8e05409-1d79-449e-9bd5-8766914f9cb9 ---
[2026-01-12T22:19:03.907Z] --- SERVIÇO: Buscando tags para a vaga e8ef0e45-f2c9-4dfc-a026-213cad983ec8 ---
[2026-01-12T22:19:03.908Z] --- SERVIÇO: Buscando tags para a vaga e9f9d0de-7dea-4c59-9078-3c63136d2c3d ---
[2026-01-12T22:19:03.908Z] --- SERVIÇO: Buscando tags para a vaga eb6ceb2b-7ff6-4365-9fa4-67ea175d8f5a ---
[2026-01-12T22:19:03.908Z] --- SERVIÇO: Buscando tags para a vaga eb987d00-3669-416c-afd6-f299f2106f09 ---
[2026-01-12T22:19:03.908Z] --- SERVIÇO: Buscando tags para a vaga ebfc702b-fe2b-4256-9a71-9f29927aebf0 ---
[2026-01-12T22:19:03.908Z] --- SERVIÇO: Buscando tags para a vaga eed56da4-5ad6-495e-8c53-5205d7ecbf8b ---
[2026-01-12T22:19:03.908Z] --- SERVIÇO: Buscando tags para a vaga ef7e90f9-09ed-497c-a74a-35464f8ff4e0 ---
[2026-01-12T22:19:03.908Z] --- SERVIÇO: Buscando tags para a vaga f02d9412-b27a-42d6-b021-22baa32446b1 ---
[2026-01-12T22:19:03.908Z] --- SERVIÇO: Buscando tags para a vaga f19ffe30-c39c-49e5-b9db-7d7533ae8b7e ---
[2026-01-12T22:19:03.909Z] --- SERVIÇO: Buscando tags para a vaga f294572b-b7cf-468b-bf7a-4381da0d33b0 ---
[2026-01-12T22:19:03.909Z] --- SERVIÇO: Buscando tags para a vaga f2cebfcd-1a4f-43d5-b082-c0849853ddbc ---
[2026-01-12T22:19:03.909Z] --- SERVIÇO: Buscando tags para a vaga f31cde87-5872-42dc-b34c-c4604a679e95 ---
[2026-01-12T22:19:03.909Z] --- SERVIÇO: Buscando tags para a vaga f354323d-be6c-42ee-8341-3cf00a5ba7f1 ---
[2026-01-12T22:19:03.909Z] --- SERVIÇO: Buscando tags para a vaga f3c4bffb-3043-4b9a-9c4b-846d1ea394d4 ---
[2026-01-12T22:19:03.909Z] --- SERVIÇO: Buscando tags para a vaga f71b7bab-ec59-4b45-8cb1-53d0497256c5 ---
[2026-01-12T22:19:03.909Z] --- SERVIÇO: Buscando tags para a vaga f71ee2bd-27ec-4e54-8bd7-1c88d6841244 ---
[2026-01-12T22:19:03.909Z] --- SERVIÇO: Buscando tags para a vaga f84ee05c-b0f8-4835-8e57-0e7c12705119 ---
[2026-01-12T22:19:03.909Z] --- SERVIÇO: Buscando tags para a vaga f8a46ee0-7d89-48bd-8c89-3f209d6a19bf ---
[2026-01-12T22:19:03.909Z] --- SERVIÇO: Buscando tags para a vaga fa721cb8-4af5-4340-b46e-5e8708f28f33 ---
[2026-01-12T22:19:03.909Z] --- SERVIÇO: Buscando tags para a vaga fb54fa05-e2bf-41b4-8adb-2e59fa0d3916 ---
[2026-01-12T22:19:03.909Z] --- SERVIÇO: Buscando tags para a vaga fd534c00-0776-4981-9a48-530a813cd7f7 ---
[2026-01-12T22:19:21.616Z] --- ORQUESTRADOR (SYNC): Buscando TODOS os talentos com paginação interna ---
[2026-01-12T22:19:21.681Z] Buscando uma página de talentos (limite de 100).
[2026-01-12T22:19:52.373Z] ❌ ERRO: Erro ao buscar tags da vaga adcc8425-b7b1-41a5-b9a1-5f559f9fa844: "Error"
[2026-01-12T22:19:54.418Z] ❌ ERRO: Erro ao buscar tags da vaga f8a46ee0-7d89-48bd-8c89-3f209d6a19bf: "Error"
[2026-01-12T22:20:02.079Z] ❌ ERRO: Erro ao buscar tags da vaga 37d72799-de1c-49b7-b594-32dcf3f56165: "socket hang up"
[2026-01-12T22:20:04.892Z] ❌ ERRO: Erro ao buscar tags da vaga 3ad21787-de34-4af8-84f9-a48fc651e6e0: "socket hang up"
[2026-01-12T22:20:05.260Z] --- ORQUESTRADOR (SYNC): Buscando e enriquecendo todas as vagas ---
[2026-01-12T22:20:05.261Z] --- SERVIÇO: Buscando TODAS as vagas com paginação interna ---
[2026-01-12T22:20:06.320Z] ❌ ERRO: Erro ao buscar tags da vaga 038f7c8c-0ad0-4489-9019-f1f320c10a94: "socket hang up"
[2026-01-12T22:20:06.325Z] ❌ ERRO: Erro ao buscar tags da vaga 110cafa9-71a1-43b3-b3d3-02315a6cab75: "socket hang up"
[2026-01-12T22:20:06.327Z] ❌ ERRO: Erro ao buscar tags da vaga 02036b7c-7e4e-4da4-94c4-4e0411046210: "socket hang up"
[2026-01-12T22:20:06.331Z] ❌ ERRO: Erro ao buscar tags da vaga 103725bc-95a8-4a2a-a7dd-a07dd432f599: "socket hang up"
[2026-01-12T22:20:06.335Z] ❌ ERRO: Erro ao buscar tags da vaga 1061f8b2-c706-473d-b7f9-d1f129c50797: "socket hang up"
[2026-01-12T22:20:06.338Z] ❌ ERRO: Erro ao buscar tags da vaga 0b2a0725-363b-4a25-a95f-658f93451a17: "socket hang up"
[2026-01-12T22:20:06.341Z] ❌ ERRO: Erro ao buscar tags da vaga 0f57a077-a7ad-4665-8d59-76ab585fd594: "socket hang up"
[2026-01-12T22:20:06.342Z] ❌ ERRO: Erro ao buscar tags da vaga 09c2edda-64b4-41e1-8580-73c6b2e03d64: "socket hang up"
[2026-01-12T22:20:06.343Z] ❌ ERRO: Erro ao buscar tags da vaga 0e3ad5ba-5f6b-48a9-91b0-d02402d2039e: "socket hang up"
[2026-01-12T22:20:06.343Z] ❌ ERRO: Erro ao buscar tags da vaga 087fa08a-3f9b-4f89-8abd-ed0a8ffb32aa: "socket hang up"
[2026-01-12T22:20:06.344Z] ❌ ERRO: Erro ao buscar tags da vaga 0713cef6-067b-46dd-90f6-9d6d1e70efb2: "socket hang up"
[2026-01-12T22:20:06.345Z] ❌ ERRO: Erro ao buscar tags da vaga 2cbcf9fb-be48-4840-9d1f-ea87787203e3: "socket hang up"
[2026-01-12T22:20:06.347Z] ❌ ERRO: Erro ao buscar tags da vaga 2ce5c7e0-29cc-4b13-9f84-757887c847a7: "socket hang up"
[2026-01-12T22:20:06.348Z] ❌ ERRO: Erro ao buscar tags da vaga 2cb4f868-f797-42b7-ad10-a111bce78c81: "socket hang up"
[2026-01-12T22:20:06.350Z] ❌ ERRO: Erro ao buscar tags da vaga 2bf8cf21-f6a4-4dea-b08f-68534e123b75: "socket hang up"
[2026-01-12T22:20:06.813Z] ❌ ERRO: Erro ao buscar tags da vaga 22abe01d-7c71-47fb-9631-c1e7af0adda9: "socket hang up"
[2026-01-12T22:20:06.818Z] ❌ ERRO: Erro ao buscar tags da vaga 764f8bad-1f99-408a-a845-79bb3bd79699: "socket hang up"
[2026-01-12T22:20:06.846Z] ❌ ERRO: Erro ao buscar tags da vaga ab4b6ff3-3d05-44fb-9806-ed1ca35c4c1b: "socket hang up"
[2026-01-12T22:20:06.852Z] ❌ ERRO: Erro ao buscar tags da vaga 983684cd-3191-4aa4-8a0f-d7d35c1f1469: "socket hang up"
[2026-01-12T22:20:06.862Z] ❌ ERRO: Erro ao buscar tags da vaga e681b432-3bbe-4ae9-b8e4-f2e86d3d11c6: "socket hang up"
[2026-01-12T22:20:06.863Z] ❌ ERRO: Erro ao buscar tags da vaga b381a667-0d32-47c5-92a3-1fd1e7fa5393: "socket hang up"
[2026-01-12T22:20:06.865Z] ❌ ERRO: Erro ao buscar tags da vaga cfa194c4-bf08-4a1a-a264-c41470216bd9: "socket hang up"
[2026-01-12T22:20:06.865Z] ❌ ERRO: Erro ao buscar tags da vaga 2db744bb-f359-4eb6-a319-3059ec161be5: "socket hang up"
[2026-01-12T22:20:06.866Z] ❌ ERRO: Erro ao buscar tags da vaga 792a095b-b3ef-4eba-a6a2-a0a66d9a6129: "socket hang up"
[2026-01-12T22:20:06.868Z] ❌ ERRO: Erro ao buscar tags da vaga 76c93207-d2ca-4fb3-abad-94e7c36b3604: "socket hang up"
[2026-01-12T22:20:06.869Z] ❌ ERRO: Erro ao buscar tags da vaga 76ee6b00-1bca-4ced-9f05-946753815c3c: "socket hang up"
[2026-01-12T22:20:06.873Z] ❌ ERRO: Erro ao buscar tags da vaga 781a8a0d-1cee-45b0-b25f-ff91e04f8eb3: "socket hang up"
[2026-01-12T22:20:06.874Z] ❌ ERRO: Erro ao buscar tags da vaga 8629e6be-e251-453f-9493-e841351db50e: "socket hang up"
[2026-01-12T22:20:06.874Z] ❌ ERRO: Erro ao buscar tags da vaga 8555a61a-3392-42fb-9072-d7805680ad92: "socket hang up"
[2026-01-12T22:20:06.881Z] ❌ ERRO: Erro ao buscar tags da vaga 84b11a17-31af-463e-9fb8-fc5f2463030d: "socket hang up"
[2026-01-12T22:20:06.881Z] ❌ ERRO: Erro ao buscar tags da vaga 7945b7ff-3afc-4399-a52e-7ad3bb23e3f9: "socket hang up"
[2026-01-12T22:20:06.882Z] ❌ ERRO: Erro ao buscar tags da vaga a4d30c4c-ad22-4f05-a538-198826b91414: "socket hang up"
[2026-01-12T22:20:06.887Z] ❌ ERRO: Erro ao buscar tags da vaga b0d6514a-d73d-49e6-905e-e2c16fb5dbe1: "socket hang up"
[2026-01-12T22:20:06.888Z] ❌ ERRO: Erro ao buscar tags da vaga ddc9f50c-b15c-497d-a740-bd682de6e982: "socket hang up"
[2026-01-12T22:20:06.889Z] ❌ ERRO: Erro ao buscar tags da vaga c9745ee1-aeea-4868-b13c-4a2b914e8e77: "socket hang up"
[2026-01-12T22:20:06.890Z] ❌ ERRO: Erro ao buscar tags da vaga 1dabe24a-55f3-4143-baa3-beb26a5ea825: "socket hang up"
[2026-01-12T22:20:07.077Z] ❌ ERRO: Erro ao buscar tags da vaga 198081f8-53cc-455a-834a-6467f07ce5a4: "socket hang up"
[2026-01-12T22:20:07.079Z] ❌ ERRO: Erro ao buscar tags da vaga 12d66e5d-8f00-4e59-aefa-261fadae8747: "socket hang up"
[2026-01-12T22:20:07.086Z] ❌ ERRO: Erro ao buscar tags da vaga 12df898d-45bf-487a-bb44-f0d6b52abb93: "socket hang up"
[2026-01-12T22:20:07.088Z] ❌ ERRO: Erro ao buscar tags da vaga 1432c3df-44a3-45da-a7a7-8b8cfcb8a2a8: "socket hang up"
[2026-01-12T22:20:07.089Z] ❌ ERRO: Erro ao buscar tags da vaga 12d01928-a53b-416a-a122-2a7779ba2d34: "socket hang up"
[2026-01-12T22:20:07.091Z] ❌ ERRO: Erro ao buscar tags da vaga 73b65c4b-9848-43c1-b286-04dfdfe4a70f: "socket hang up"
[2026-01-12T22:20:07.093Z] ❌ ERRO: Erro ao buscar tags da vaga 871d5a51-df59-437a-b78f-2ab4633292bf: "socket hang up"
[2026-01-12T22:20:07.099Z] ❌ ERRO: Erro ao buscar tags da vaga 8bff2734-de96-4dbd-a3da-371e00880a02: "socket hang up"
[2026-01-12T22:20:07.227Z] ❌ ERRO: Erro ao buscar tags da vaga b508f8e4-6c60-434a-9d01-6a0e6239548d: "socket hang up"
[2026-01-12T22:20:07.228Z] ❌ ERRO: Erro ao buscar tags da vaga d0b95540-7927-49ed-8d5b-844e4fa6453c: "socket hang up"
[2026-01-12T22:20:07.229Z] ❌ ERRO: Erro ao buscar tags da vaga e3643e48-0d7c-4989-916f-fe7659d98a33: "socket hang up"
[2026-01-12T22:20:07.230Z] ❌ ERRO: Erro ao buscar tags da vaga e3300c6a-ffcf-4b70-b147-97012871bb99: "socket hang up"
[2026-01-12T22:20:07.230Z] ❌ ERRO: Erro ao buscar tags da vaga 7371002c-a20c-4885-8755-793f66ba1deb: "socket hang up"
[2026-01-12T22:20:07.231Z] ❌ ERRO: Erro ao buscar tags da vaga 3e00d7c2-a10a-4c16-aa01-115737031119: "socket hang up"
[2026-01-12T22:20:07.231Z] ❌ ERRO: Erro ao buscar tags da vaga 3672c6af-0306-4df1-bbdd-f87442e4867b: "socket hang up"
[2026-01-12T22:20:07.232Z] ❌ ERRO: Erro ao buscar tags da vaga 3306e92c-dc9e-47a0-8b24-438b310ce51a: "socket hang up"
[2026-01-12T22:20:07.243Z] ❌ ERRO: Erro ao buscar tags da vaga 812a8718-2cb7-4bad-bd68-e371bef16922: "socket hang up"
[2026-01-12T22:20:07.244Z] ❌ ERRO: Erro ao buscar tags da vaga 9e5ae1d3-7900-4046-9c97-91c1429fa348: "socket hang up"
[2026-01-12T22:20:07.245Z] ❌ ERRO: Erro ao buscar tags da vaga 9eb409d5-61ce-456a-96df-880c81c180c7: "socket hang up"
[2026-01-12T22:20:07.246Z] ❌ ERRO: Erro ao buscar tags da vaga 9acd00b2-fff2-46c4-b781-b6cc623d7266: "socket hang up"
[2026-01-12T22:20:07.246Z] ❌ ERRO: Erro ao buscar tags da vaga b7a9bf6d-4bb7-475b-acb1-d00b623d11cf: "socket hang up"
[2026-01-12T22:20:07.248Z] ❌ ERRO: Erro ao buscar tags da vaga 997894d1-5d61-4742-bb6c-8a9f9584dea0: "socket hang up"
[2026-01-12T22:20:07.258Z] ❌ ERRO: Erro ao buscar tags da vaga a17ece41-6e89-40c5-bdbe-1963cc4129e6: "socket hang up"
[2026-01-12T22:20:07.261Z] ❌ ERRO: Erro ao buscar tags da vaga a7c5c7f8-dd68-4c17-bb29-8bd16a6b6e90: "socket hang up"
[2026-01-12T22:20:07.264Z] ❌ ERRO: Erro ao buscar tags da vaga 9cd89a17-1d89-4463-b05d-94b74024a965: "socket hang up"
[2026-01-12T22:20:07.265Z] ❌ ERRO: Erro ao buscar tags da vaga 19a031ab-f6f1-4bac-9b3f-49453b88e747: "socket hang up"
[2026-01-12T22:20:07.266Z] ❌ ERRO: Erro ao buscar tags da vaga 6fe6f7f9-da78-4b27-88c7-b8adbadc5ae2: "socket hang up"
[2026-01-12T22:20:07.266Z] ❌ ERRO: Erro ao buscar tags da vaga 73636ab7-4474-4575-ac9b-ee08f032918a: "socket hang up"
[2026-01-12T22:20:07.267Z] ❌ ERRO: Erro ao buscar tags da vaga 71f23562-3ec7-49eb-bdf7-c839f0892745: "socket hang up"
[2026-01-12T22:20:07.268Z] ❌ ERRO: Erro ao buscar tags da vaga 3fa0ce0c-c82f-4606-a18f-8637a9d028ad: "socket hang up"
[2026-01-12T22:20:07.271Z] ❌ ERRO: Erro ao buscar tags da vaga 1199197f-ad3f-49fb-b59d-e8993669d8bf: "socket hang up"
[2026-01-12T22:20:07.274Z] ❌ ERRO: Erro ao buscar tags da vaga 35f4346a-f575-47da-b210-e72b7c82bd68: "socket hang up"
[2026-01-12T22:20:07.279Z] ❌ ERRO: Erro ao buscar tags da vaga 35e7cc64-988c-4038-bf14-557a52ce72c8: "socket hang up"
[2026-01-12T22:20:07.308Z] ❌ ERRO: Erro ao buscar tags da vaga 3266ee48-79cb-4d45-9d3a-bcb0ef086569: "socket hang up"
[2026-01-12T22:20:07.309Z] ❌ ERRO: Erro ao buscar tags da vaga 3518b656-ce33-467a-be1f-2517cc8b0983: "socket hang up"
[2026-01-12T22:20:07.310Z] ❌ ERRO: Erro ao buscar tags da vaga 36246616-3b33-40e7-a13b-07461647a1af: "socket hang up"
[2026-01-12T22:20:07.311Z] ❌ ERRO: Erro ao buscar tags da vaga 3150379a-7df2-465d-9347-a52d292e6d05: "socket hang up"
[2026-01-12T22:20:07.322Z] ❌ ERRO: Erro ao buscar tags da vaga 2e9b2e51-a864-4fb6-8501-42707c3a53ef: "socket hang up"
[2026-01-12T22:20:07.455Z] ❌ ERRO: Erro ao buscar tags da vaga 2e27e07c-a46f-4b47-b06c-6ad09de1541a: "socket hang up"
[2026-01-12T22:20:07.457Z] ❌ ERRO: Erro ao buscar tags da vaga 28b18b11-ffd6-4a4c-8792-52625979eec6: "socket hang up"
[2026-01-12T22:20:07.473Z] ❌ ERRO: Erro ao buscar tags da vaga 2b8c1009-6f71-4a00-82ad-d0ae4121933a: "socket hang up"
[2026-01-12T22:20:08.422Z] ❌ ERRO: Erro ao buscar tags da vaga 2a247d8e-5f71-4516-a2f2-7768e4d2ac13: "socket hang up"
[2026-01-12T22:20:08.431Z] ❌ ERRO: Erro ao buscar tags da vaga 28ada291-0f0a-4f88-8c21-d4399fccf2ea: "socket hang up"
[2026-01-12T22:20:08.444Z] ❌ ERRO: Erro ao buscar tags da vaga 2bc2c17d-a2e9-4eba-bc37-1b2788c55ce9: "socket hang up"
[2026-01-12T22:20:08.445Z] ❌ ERRO: Erro ao buscar tags da vaga 27057a67-dc99-4561-8fbb-2c01d0f95664: "socket hang up"
[2026-01-12T22:20:08.461Z] ❌ ERRO: Erro ao buscar tags da vaga 28890951-c5c2-4172-8ffc-00b2c087f26d: "socket hang up"
[2026-01-12T22:20:08.470Z] ❌ ERRO: Erro ao buscar tags da vaga 21cb7be5-7c24-4c31-9b68-e01c598f0b29: "socket hang up"
[2026-01-12T22:20:08.473Z] ❌ ERRO: Erro ao buscar tags da vaga 21370dcd-11c3-4d02-b8c2-795c1f7302ca: "socket hang up"
[2026-01-12T22:20:08.480Z] ❌ ERRO: Erro ao buscar tags da vaga 216e0e8d-2373-4449-bf8e-3e304555a918: "socket hang up"
[2026-01-12T22:20:08.482Z] ❌ ERRO: Erro ao buscar tags da vaga 24df6510-fc44-48e7-b72b-b0722c51ada9: "socket hang up"
[2026-01-12T22:20:08.483Z] ❌ ERRO: Erro ao buscar tags da vaga 1b25ccbf-ce03-4599-ab6b-c6574f8b51a9: "socket hang up"
[2026-01-12T22:20:08.488Z] ❌ ERRO: Erro ao buscar tags da vaga 62fb5e76-f6c2-4ec1-bfea-a4ff8557634c: "socket hang up"
[2026-01-12T22:20:08.489Z] ❌ ERRO: Erro ao buscar tags da vaga 666bd257-db76-400a-8100-1bfa9e356068: "socket hang up"
[2026-01-12T22:20:08.490Z] ❌ ERRO: Erro ao buscar tags da vaga 5fbebe8b-c092-4778-902e-8d193305f8f0: "socket hang up"
[2026-01-12T22:20:08.490Z] ❌ ERRO: Erro ao buscar tags da vaga 604cbaca-96af-420d-98c3-55cee4995a1b: "socket hang up"
[2026-01-12T22:20:08.527Z] ❌ ERRO: Erro ao buscar tags da vaga 62583a4f-b749-414e-b544-9a307c40ac8c: "socket hang up"
[2026-01-12T22:20:08.527Z] ❌ ERRO: Erro ao buscar tags da vaga 6075f3be-d885-4c32-9087-41d6eb798c93: "socket hang up"
[2026-01-12T22:20:08.528Z] ❌ ERRO: Erro ao buscar tags da vaga 5e78e517-13fd-47c7-83c7-6a33e14c4b63: "socket hang up"
[2026-01-12T22:20:08.534Z] ❌ ERRO: Erro ao buscar tags da vaga 587d8ef0-bd3c-47ea-8ce6-e650cf6c527a: "socket hang up"
[2026-01-12T22:20:08.541Z] ❌ ERRO: Erro ao buscar tags da vaga 5a8e7dd3-99a8-40ad-b441-ee06f58f7588: "socket hang up"
[2026-01-12T22:20:09.325Z] ❌ ERRO: Erro ao buscar tags da vaga 53cefb70-7450-470b-a873-5ba48d95da84: "socket hang up"
[2026-01-12T22:20:09.333Z] ❌ ERRO: Erro ao buscar tags da vaga 58951772-68fb-4324-8266-a47fe2be8e9d: "socket hang up"
[2026-01-12T22:20:09.346Z] ❌ ERRO: Erro ao buscar tags da vaga 5505856a-c9c2-4b49-89eb-cf446e0c0629: "socket hang up"
[2026-01-12T22:20:09.347Z] ❌ ERRO: Erro ao buscar tags da vaga 50225e4a-e656-4671-9f30-39500578ece1: "socket hang up"
[2026-01-12T22:20:09.348Z] ❌ ERRO: Erro ao buscar tags da vaga 4ea77680-2259-477c-944c-3f7792aaf843: "socket hang up"
[2026-01-12T22:20:09.349Z] ❌ ERRO: Erro ao buscar tags da vaga 4fffcb5c-962b-4f22-9703-7590e791be48: "socket hang up"
[2026-01-12T22:20:09.349Z] ❌ ERRO: Erro ao buscar tags da vaga 4edb97eb-0611-4546-b901-731b92afab0c: "socket hang up"
[2026-01-12T22:20:09.350Z] ❌ ERRO: Erro ao buscar tags da vaga 4e052659-0bcb-44df-a8bb-94dd0a51a6fb: "socket hang up"
[2026-01-12T22:20:09.350Z] ❌ ERRO: Erro ao buscar tags da vaga 4a517f4c-baf4-45dc-86ab-606f9b799d17: "socket hang up"
[2026-01-12T22:20:09.350Z] ❌ ERRO: Erro ao buscar tags da vaga 48419cea-f5d0-48a9-9e2f-32d275868d2a: "socket hang up"
[2026-01-12T22:20:09.351Z] ❌ ERRO: Erro ao buscar tags da vaga 4b86e7b6-b76f-4f4b-b0ab-7c3a6873213b: "socket hang up"
[2026-01-12T22:20:09.358Z] ❌ ERRO: Erro ao buscar tags da vaga 466f3abd-50bd-49da-95b3-63c011d69385: "socket hang up"
[2026-01-12T22:20:09.358Z] ❌ ERRO: Erro ao buscar tags da vaga 48c7d8ca-bc43-4991-b901-4004b1d9ad68: "socket hang up"
[2026-01-12T22:20:09.377Z] ❌ ERRO: Erro ao buscar tags da vaga 4531a001-3bd3-450c-965b-70c1da3a161e: "socket hang up"
[2026-01-12T22:20:09.382Z] ❌ ERRO: Erro ao buscar tags da vaga 6c1511a0-6cd1-4028-be3c-3d033cd3ff41: "socket hang up"
[2026-01-12T22:20:09.383Z] ❌ ERRO: Erro ao buscar tags da vaga 6ee0e457-5d3f-40e8-bd14-f8ab4d6f9c81: "socket hang up"
[2026-01-12T22:20:09.383Z] ❌ ERRO: Erro ao buscar tags da vaga 42b083cd-35ca-40cc-8886-2efff457eef7: "socket hang up"
[2026-01-12T22:20:09.384Z] ❌ ERRO: Erro ao buscar tags da vaga 6bff9d21-f95c-4928-b421-b2e79f39b85b: "socket hang up"
[2026-01-12T22:20:09.384Z] ❌ ERRO: Erro ao buscar tags da vaga 6b78bfff-00b0-4f45-b192-16c24d7c9d5f: "socket hang up"
[2026-01-12T22:20:09.385Z] ❌ ERRO: Erro ao buscar tags da vaga 69f0dfde-3439-4335-b3bc-cf0c41f613d9: "socket hang up"
[2026-01-12T22:20:09.402Z] ❌ ERRO: Erro ao buscar tags da vaga 69b50fd3-4a4b-4081-8a4e-c6590504b7eb: "socket hang up"
[2026-01-12T22:20:09.410Z] ❌ ERRO: Erro ao buscar tags da vaga 68cb2d53-21ec-45f3-a7e9-b5cb928ef79b: "socket hang up"
[2026-01-12T22:20:09.417Z] ❌ ERRO: Erro ao buscar tags da vaga 66e073f2-37ce-4b27-9a6b-fdc5113fde6b: "socket hang up"
[2026-01-12T22:20:09.445Z] ❌ ERRO: Erro ao buscar tags da vaga 7637003e-55c4-492b-9d40-eed2545b3a12: "socket hang up"
[2026-01-12T22:20:09.447Z] ❌ ERRO: Erro ao buscar tags da vaga 8d3a6d73-419d-4c5c-a385-ae20a61dc4a1: "socket hang up"
[2026-01-12T22:20:09.448Z] ❌ ERRO: Erro ao buscar tags da vaga 8c950fd0-b46f-4d85-bd5a-648e012c2937: "socket hang up"
[2026-01-12T22:20:09.449Z] ❌ ERRO: Erro ao buscar tags da vaga 8c1a6724-f397-4a03-95a7-d39e9c80cb30: "socket hang up"
[2026-01-12T22:20:09.454Z] ❌ ERRO: Erro ao buscar tags da vaga a3a8f036-14d3-46c3-8744-213851ab0740: "socket hang up"
[2026-01-12T22:20:09.456Z] ❌ ERRO: Erro ao buscar tags da vaga 882c0a08-d993-4cac-ad0a-5f38ea3e65e9: "socket hang up"
[2026-01-12T22:20:09.464Z] ❌ ERRO: Erro ao buscar tags da vaga a21274c4-32ba-4d05-9e0a-c7e6e35efe7f: "socket hang up"
[2026-01-12T22:20:09.465Z] ❌ ERRO: Erro ao buscar tags da vaga a28921e8-abbc-4b40-bed2-9fddb4079b3c: "socket hang up"
[2026-01-12T22:20:09.466Z] ❌ ERRO: Erro ao buscar tags da vaga a9a62503-94f0-4e67-95ca-2d603fd9b78b: "socket hang up"
[2026-01-12T22:20:09.470Z] ❌ ERRO: Erro ao buscar tags da vaga a3fe7418-1061-4227-a71e-8c5733a97bc9: "socket hang up"
[2026-01-12T22:20:09.470Z] ❌ ERRO: Erro ao buscar tags da vaga a9156217-6f67-43f3-ae2b-fe5f39e016a7: "socket hang up"
[2026-01-12T22:20:09.471Z] ❌ ERRO: Erro ao buscar tags da vaga a38150ac-23e0-45d8-add6-1217f41b881c: "socket hang up"
[2026-01-12T22:20:09.472Z] ❌ ERRO: Erro ao buscar tags da vaga ae3a7e47-9acf-4e5e-89dc-0933da79ee49: "socket hang up"
[2026-01-12T22:20:09.478Z] ❌ ERRO: Erro ao buscar tags da vaga ab1f7522-7466-4480-abe4-83c6e021761d: "socket hang up"
[2026-01-12T22:20:09.479Z] ❌ ERRO: Erro ao buscar tags da vaga af024203-9fd6-40fd-ac69-05662eb045ec: "socket hang up"
[2026-01-12T22:20:09.480Z] ❌ ERRO: Erro ao buscar tags da vaga abfb09de-9bf6-43d8-b3f7-584e865a7420: "socket hang up"
[2026-01-12T22:20:09.481Z] ❌ ERRO: Erro ao buscar tags da vaga b34296e8-1def-4c29-b45a-8a081b925956: "socket hang up"
[2026-01-12T22:20:09.482Z] ❌ ERRO: Erro ao buscar tags da vaga b3a3e8cf-3cd1-4059-a656-9ffedb098d60: "socket hang up"
[2026-01-12T22:20:09.483Z] ❌ ERRO: Erro ao buscar tags da vaga b63048e4-5224-4e3f-982a-dd4ec8c53c04: "socket hang up"
[2026-01-12T22:20:09.491Z] ❌ ERRO: Erro ao buscar tags da vaga aec9178e-2772-4226-b71a-8f67748f368e: "socket hang up"
[2026-01-12T22:20:09.492Z] ❌ ERRO: Erro ao buscar tags da vaga b18a8440-4514-405c-a31e-42c76e4de898: "socket hang up"
[2026-01-12T22:20:09.492Z] ❌ ERRO: Erro ao buscar tags da vaga b75c0e83-d035-49d8-a9c1-86dfb2c3c78e: "socket hang up"
[2026-01-12T22:20:09.493Z] ❌ ERRO: Erro ao buscar tags da vaga b335822e-5c67-4949-b87b-5d1ef1764d4a: "socket hang up"
[2026-01-12T22:20:09.494Z] ❌ ERRO: Erro ao buscar tags da vaga b6b44e51-df22-4ae3-9d20-f3ec57dc8086: "socket hang up"
[2026-01-12T22:20:09.495Z] ❌ ERRO: Erro ao buscar tags da vaga ba07cc99-ee2b-4b4c-9781-977690ee888d: "socket hang up"
[2026-01-12T22:20:09.495Z] ❌ ERRO: Erro ao buscar tags da vaga bb3160a4-1d6e-4c27-8a3e-10012501159b: "socket hang up"
[2026-01-12T22:20:09.495Z] ❌ ERRO: Erro ao buscar tags da vaga b683cad9-ea1c-4075-96f5-b58ee4fa332e: "socket hang up"
[2026-01-12T22:20:09.496Z] ❌ ERRO: Erro ao buscar tags da vaga b8e04f6a-8e2d-43c7-b25e-a54b807dc329: "socket hang up"
[2026-01-12T22:20:09.497Z] ❌ ERRO: Erro ao buscar tags da vaga bb5eec13-15ec-434b-946a-b1793a46914b: "socket hang up"
[2026-01-12T22:20:09.652Z] ❌ ERRO: Erro ao buscar tags da vaga bc97677e-f4ff-4bef-bfe6-941b3193c3b0: "socket hang up"
[2026-01-12T22:20:09.653Z] ❌ ERRO: Erro ao buscar tags da vaga be2692a9-1dca-486d-a802-5ce412dc7a8e: "socket hang up"
[2026-01-12T22:20:09.662Z] ❌ ERRO: Erro ao buscar tags da vaga be439c0f-69e6-4606-8c75-f0556b6fb72d: "socket hang up"
[2026-01-12T22:20:09.663Z] ❌ ERRO: Erro ao buscar tags da vaga bd33935e-d096-4eb2-bc72-723b12423f0d: "socket hang up"
[2026-01-12T22:20:09.664Z] ❌ ERRO: Erro ao buscar tags da vaga c4070a66-63c5-405c-b1e3-441b92bb43a4: "socket hang up"
[2026-01-12T22:20:09.664Z] ❌ ERRO: Erro ao buscar tags da vaga bfc0de30-6c0f-4d47-94fe-0a3b137d1032: "socket hang up"
[2026-01-12T22:20:09.664Z] ❌ ERRO: Erro ao buscar tags da vaga c47273b3-1435-4d56-9389-39c47f3aa6a3: "socket hang up"
[2026-01-12T22:20:09.665Z] ❌ ERRO: Erro ao buscar tags da vaga bee80d70-f0cb-4eab-9b60-da7e2375cff8: "socket hang up"
[2026-01-12T22:20:09.666Z] ❌ ERRO: Erro ao buscar tags da vaga c2565fd3-47a2-496c-9a5a-1778b3a40bf2: "socket hang up"
[2026-01-12T22:20:09.666Z] ❌ ERRO: Erro ao buscar tags da vaga c709ca23-54be-49f1-b4d5-eb02601ffd6d: "socket hang up"
[2026-01-12T22:20:09.667Z] ❌ ERRO: Erro ao buscar tags da vaga be766298-eaaf-493f-9884-783856a1575f: "socket hang up"
[2026-01-12T22:20:09.668Z] ❌ ERRO: Erro ao buscar tags da vaga cdea6c2f-2269-43cc-84ea-fe0e25b5e54d: "socket hang up"
[2026-01-12T22:20:09.668Z] ❌ ERRO: Erro ao buscar tags da vaga ccbf5f24-7ef8-43b5-8dbb-423b39b21d50: "socket hang up"
[2026-01-12T22:20:09.668Z] ❌ ERRO: Erro ao buscar tags da vaga c52b4b74-26c4-4dfb-ab95-96c2ffb9c866: "socket hang up"
[2026-01-12T22:20:09.669Z] ❌ ERRO: Erro ao buscar tags da vaga cf5e8f77-4527-4432-a281-86e21c186077: "socket hang up"
[2026-01-12T22:20:09.669Z] ❌ ERRO: Erro ao buscar tags da vaga d166490e-2a11-4c8c-ba4e-d8a8d5a81358: "socket hang up"
[2026-01-12T22:20:09.670Z] ❌ ERRO: Erro ao buscar tags da vaga d6b89b2c-20c2-41bf-bd91-d126bbbb0f5c: "socket hang up"
[2026-01-12T22:20:09.670Z] ❌ ERRO: Erro ao buscar tags da vaga cf62ef85-5b6a-4b33-96e2-e3300f8a768a: "socket hang up"
[2026-01-12T22:20:09.670Z] ❌ ERRO: Erro ao buscar tags da vaga d3fc787b-2632-484e-979b-ed27ad981770: "socket hang up"
[2026-01-12T22:20:09.671Z] ❌ ERRO: Erro ao buscar tags da vaga d0c27dd1-ba64-4b09-b9cf-a4c406314e63: "socket hang up"
[2026-01-12T22:20:09.671Z] ❌ ERRO: Erro ao buscar tags da vaga dd9b4e38-c7a3-4453-a912-6cc7b4e542dd: "socket hang up"
[2026-01-12T22:20:09.672Z] ❌ ERRO: Erro ao buscar tags da vaga d773d309-13af-4a7c-a56c-c74ea2767f84: "socket hang up"
[2026-01-12T22:20:09.672Z] ❌ ERRO: Erro ao buscar tags da vaga de32cf73-deb2-46a7-a78b-05a0427cbfe6: "socket hang up"
[2026-01-12T22:20:09.672Z] ❌ ERRO: Erro ao buscar tags da vaga d8dca707-4a10-4554-bd57-3423565aebf3: "socket hang up"
[2026-01-12T22:20:09.673Z] ❌ ERRO: Erro ao buscar tags da vaga db58afee-aa79-44d7-b01a-084c08ac9ffc: "socket hang up"
[2026-01-12T22:20:09.738Z] ❌ ERRO: Erro ao buscar tags da vaga f84ee05c-b0f8-4835-8e57-0e7c12705119: "socket hang up"
[2026-01-12T22:20:09.740Z] ❌ ERRO: Erro ao buscar tags da vaga e4f3e42b-6b05-40dc-8659-a81504410e9b: "socket hang up"
[2026-01-12T22:20:09.741Z] ❌ ERRO: Erro ao buscar tags da vaga f19ffe30-c39c-49e5-b9db-7d7533ae8b7e: "socket hang up"
[2026-01-12T22:20:09.741Z] ❌ ERRO: Erro ao buscar tags da vaga f02d9412-b27a-42d6-b021-22baa32446b1: "socket hang up"
[2026-01-12T22:20:09.742Z] ❌ ERRO: Erro ao buscar tags da vaga e3e6ab23-7e2e-4539-ba23-922599a99718: "socket hang up"
[2026-01-12T22:20:09.742Z] ❌ ERRO: Erro ao buscar tags da vaga da8ee7b6-3cca-41e0-8496-1e7d784dea5c: "socket hang up"
[2026-01-12T22:20:09.742Z] ❌ ERRO: Erro ao buscar tags da vaga df4f7c2e-8f9a-464a-b5cd-ecb105cfd6cb: "socket hang up"
[2026-01-12T22:20:09.743Z] ❌ ERRO: Erro ao buscar tags da vaga f294572b-b7cf-468b-bf7a-4381da0d33b0: "socket hang up"
[2026-01-12T22:20:09.745Z] ❌ ERRO: Erro ao buscar tags da vaga d780f1b1-9a14-4f2c-8517-39febde65ba4: "socket hang up"
[2026-01-12T22:20:09.745Z] ❌ ERRO: Erro ao buscar tags da vaga eed56da4-5ad6-495e-8c53-5205d7ecbf8b: "socket hang up"
[2026-01-12T22:20:09.746Z] ❌ ERRO: Erro ao buscar tags da vaga ef7e90f9-09ed-497c-a74a-35464f8ff4e0: "socket hang up"
[2026-01-12T22:20:09.749Z] ❌ ERRO: Erro ao buscar tags da vaga e9f9d0de-7dea-4c59-9078-3c63136d2c3d: "socket hang up"
[2026-01-12T22:20:09.749Z] ❌ ERRO: Erro ao buscar tags da vaga ebfc702b-fe2b-4256-9a71-9f29927aebf0: "socket hang up"
[2026-01-12T22:20:09.750Z] ❌ ERRO: Erro ao buscar tags da vaga eb987d00-3669-416c-afd6-f299f2106f09: "socket hang up"
[2026-01-12T22:20:09.756Z] ❌ ERRO: Erro ao buscar tags da vaga e8ef0e45-f2c9-4dfc-a026-213cad983ec8: "socket hang up"
[2026-01-12T22:20:09.757Z] ❌ ERRO: Erro ao buscar página de talentos: "socket hang up"
[2026-01-12T22:20:09.758Z] ❌ ERRO: Erro em fetchAllTalentsForSync: "A API falhou ao buscar uma página de talentos."
[2026-01-12T22:20:09.758Z] ❌ ERRO: SYNC SERVICE (all_talents): Falha ao buscar novos dados. Mantendo cache antigo. "A API falhou ao buscar uma página de talentos."
[2026-01-12T22:20:09.759Z] ❌ ERRO: Erro ao buscar tags da vaga f2cebfcd-1a4f-43d5-b082-c0849853ddbc: "socket hang up"
[2026-01-12T22:20:09.759Z] ❌ ERRO: Erro ao buscar tags da vaga f71b7bab-ec59-4b45-8cb1-53d0497256c5: "socket hang up"
[2026-01-12T22:20:09.759Z] ❌ ERRO: Erro ao buscar tags da vaga f3c4bffb-3043-4b9a-9c4b-846d1ea394d4: "socket hang up"
[2026-01-12T22:20:09.760Z] ❌ ERRO: Erro ao buscar tags da vaga fd534c00-0776-4981-9a48-530a813cd7f7: "socket hang up"
[2026-01-12T22:20:09.760Z] ❌ ERRO: Erro ao buscar tags da vaga eb6ceb2b-7ff6-4365-9fa4-67ea175d8f5a: "socket hang up"
[2026-01-12T22:20:09.761Z] ❌ ERRO: Erro ao buscar tags da vaga e68c4f98-5623-4108-a8f2-b8252a1e5363: "socket hang up"
[2026-01-12T22:20:09.761Z] ❌ ERRO: Erro ao buscar tags da vaga e8e05409-1d79-449e-9bd5-8766914f9cb9: "socket hang up"
[2026-01-12T22:20:09.762Z] ❌ ERRO: Erro ao buscar tags da vaga f71ee2bd-27ec-4e54-8bd7-1c88d6841244: "socket hang up"
[2026-01-12T22:20:09.764Z] ❌ ERRO: Erro ao buscar tags da vaga f354323d-be6c-42ee-8341-3cf00a5ba7f1: "socket hang up"
[2026-01-12T22:20:09.765Z] ❌ ERRO: Erro ao buscar tags da vaga f31cde87-5872-42dc-b34c-c4604a679e95: "socket hang up"
[2026-01-12T22:20:09.766Z] ❌ ERRO: Erro ao buscar tags da vaga fa721cb8-4af5-4340-b46e-5e8708f28f33: "socket hang up"
[2026-01-12T22:20:09.767Z] ❌ ERRO: Erro ao buscar tags da vaga fb54fa05-e2bf-41b4-8adb-2e59fa0d3916: "socket hang up"
[2026-01-12T22:20:12.963Z] Página de vagas recebida. Chave para a próxima página encontrada. Total atual: 100
[2026-01-12T22:20:13.726Z] Página de vagas recebida. Chave para a próxima página encontrada. Total atual: 200
[2026-01-12T22:20:14.856Z] Busca completa. Total final de 206 vagas carregadas da API.
[2026-01-12T22:20:16.900Z] DEBUG: Dados salvos com sucesso em "/Users/patricksiqueira/PEOPLE/api-people/debug_logs/all_jobs_raw_1768256416437.txt"
[2026-01-12T22:20:16.903Z] --- SERVIÇO: Buscando tags para a vaga 010b9be5-e7a6-4bef-bf00-07b6b4a2e787 ---
[2026-01-12T22:20:17.080Z] --- SERVIÇO: Buscando tags para a vaga 01eb8c12-9d27-4d24-8924-e00e3312a549 ---
[2026-01-12T22:20:17.080Z] --- SERVIÇO: Buscando tags para a vaga 02036b7c-7e4e-4da4-94c4-4e0411046210 ---
[2026-01-12T22:20:17.080Z] --- SERVIÇO: Buscando tags para a vaga 038f7c8c-0ad0-4489-9019-f1f320c10a94 ---
[2026-01-12T22:20:17.080Z] --- SERVIÇO: Buscando tags para a vaga 0713cef6-067b-46dd-90f6-9d6d1e70efb2 ---
[2026-01-12T22:20:17.080Z] --- SERVIÇO: Buscando tags para a vaga 087fa08a-3f9b-4f89-8abd-ed0a8ffb32aa ---
[2026-01-12T22:20:17.081Z] --- SERVIÇO: Buscando tags para a vaga 09c2edda-64b4-41e1-8580-73c6b2e03d64 ---
[2026-01-12T22:20:17.081Z] --- SERVIÇO: Buscando tags para a vaga 0b2a0725-363b-4a25-a95f-658f93451a17 ---
[2026-01-12T22:20:17.081Z] --- SERVIÇO: Buscando tags para a vaga 0e3ad5ba-5f6b-48a9-91b0-d02402d2039e ---
[2026-01-12T22:20:17.081Z] --- SERVIÇO: Buscando tags para a vaga 0f57a077-a7ad-4665-8d59-76ab585fd594 ---
[2026-01-12T22:20:17.081Z] --- SERVIÇO: Buscando tags para a vaga 103725bc-95a8-4a2a-a7dd-a07dd432f599 ---
[2026-01-12T22:20:17.081Z] --- SERVIÇO: Buscando tags para a vaga 1061f8b2-c706-473d-b7f9-d1f129c50797 ---
[2026-01-12T22:20:17.161Z] --- SERVIÇO: Buscando tags para a vaga 110cafa9-71a1-43b3-b3d3-02315a6cab75 ---
[2026-01-12T22:20:17.162Z] --- SERVIÇO: Buscando tags para a vaga 1199197f-ad3f-49fb-b59d-e8993669d8bf ---
[2026-01-12T22:20:17.162Z] --- SERVIÇO: Buscando tags para a vaga 12d01928-a53b-416a-a122-2a7779ba2d34 ---
[2026-01-12T22:20:17.162Z] --- SERVIÇO: Buscando tags para a vaga 12d66e5d-8f00-4e59-aefa-261fadae8747 ---
[2026-01-12T22:20:17.162Z] --- SERVIÇO: Buscando tags para a vaga 12df898d-45bf-487a-bb44-f0d6b52abb93 ---
[2026-01-12T22:20:17.162Z] --- SERVIÇO: Buscando tags para a vaga 1432c3df-44a3-45da-a7a7-8b8cfcb8a2a8 ---
[2026-01-12T22:20:17.162Z] --- SERVIÇO: Buscando tags para a vaga 198081f8-53cc-455a-834a-6467f07ce5a4 ---
[2026-01-12T22:20:17.162Z] --- SERVIÇO: Buscando tags para a vaga 19a031ab-f6f1-4bac-9b3f-49453b88e747 ---
[2026-01-12T22:20:17.163Z] --- SERVIÇO: Buscando tags para a vaga 1b25ccbf-ce03-4599-ab6b-c6574f8b51a9 ---
[2026-01-12T22:20:17.163Z] --- SERVIÇO: Buscando tags para a vaga 1dabe24a-55f3-4143-baa3-beb26a5ea825 ---
[2026-01-12T22:20:17.163Z] --- SERVIÇO: Buscando tags para a vaga 21370dcd-11c3-4d02-b8c2-795c1f7302ca ---
[2026-01-12T22:20:17.163Z] --- SERVIÇO: Buscando tags para a vaga 216e0e8d-2373-4449-bf8e-3e304555a918 ---
[2026-01-12T22:20:17.174Z] --- SERVIÇO: Buscando tags para a vaga 21cb7be5-7c24-4c31-9b68-e01c598f0b29 ---
[2026-01-12T22:20:17.174Z] --- SERVIÇO: Buscando tags para a vaga 22abe01d-7c71-47fb-9631-c1e7af0adda9 ---
[2026-01-12T22:20:17.174Z] --- SERVIÇO: Buscando tags para a vaga 24df6510-fc44-48e7-b72b-b0722c51ada9 ---
[2026-01-12T22:20:17.174Z] --- SERVIÇO: Buscando tags para a vaga 27057a67-dc99-4561-8fbb-2c01d0f95664 ---
[2026-01-12T22:20:17.174Z] --- SERVIÇO: Buscando tags para a vaga 28890951-c5c2-4172-8ffc-00b2c087f26d ---
[2026-01-12T22:20:17.174Z] --- SERVIÇO: Buscando tags para a vaga 28ada291-0f0a-4f88-8c21-d4399fccf2ea ---
[2026-01-12T22:20:17.174Z] --- SERVIÇO: Buscando tags para a vaga 28b18b11-ffd6-4a4c-8792-52625979eec6 ---
[2026-01-12T22:20:17.174Z] --- SERVIÇO: Buscando tags para a vaga 2a247d8e-5f71-4516-a2f2-7768e4d2ac13 ---
[2026-01-12T22:20:17.174Z] --- SERVIÇO: Buscando tags para a vaga 2b8c1009-6f71-4a00-82ad-d0ae4121933a ---
[2026-01-12T22:20:17.174Z] --- SERVIÇO: Buscando tags para a vaga 2bc2c17d-a2e9-4eba-bc37-1b2788c55ce9 ---
[2026-01-12T22:20:17.174Z] --- SERVIÇO: Buscando tags para a vaga 2bf8cf21-f6a4-4dea-b08f-68534e123b75 ---
[2026-01-12T22:20:17.174Z] --- SERVIÇO: Buscando tags para a vaga 2cb4f868-f797-42b7-ad10-a111bce78c81 ---
[2026-01-12T22:20:17.381Z] --- SERVIÇO: Buscando tags para a vaga 2cbcf9fb-be48-4840-9d1f-ea87787203e3 ---
[2026-01-12T22:20:17.382Z] --- SERVIÇO: Buscando tags para a vaga 2ce5c7e0-29cc-4b13-9f84-757887c847a7 ---
[2026-01-12T22:20:17.382Z] --- SERVIÇO: Buscando tags para a vaga 2db744bb-f359-4eb6-a319-3059ec161be5 ---
[2026-01-12T22:20:17.382Z] --- SERVIÇO: Buscando tags para a vaga 2e27e07c-a46f-4b47-b06c-6ad09de1541a ---
[2026-01-12T22:20:17.383Z] --- SERVIÇO: Buscando tags para a vaga 2e9b2e51-a864-4fb6-8501-42707c3a53ef ---
[2026-01-12T22:20:17.383Z] --- SERVIÇO: Buscando tags para a vaga 3150379a-7df2-465d-9347-a52d292e6d05 ---
[2026-01-12T22:20:17.383Z] --- SERVIÇO: Buscando tags para a vaga 3266ee48-79cb-4d45-9d3a-bcb0ef086569 ---
[2026-01-12T22:20:17.383Z] --- SERVIÇO: Buscando tags para a vaga 3306e92c-dc9e-47a0-8b24-438b310ce51a ---
[2026-01-12T22:20:17.383Z] --- SERVIÇO: Buscando tags para a vaga 3518b656-ce33-467a-be1f-2517cc8b0983 ---
[2026-01-12T22:20:17.383Z] --- SERVIÇO: Buscando tags para a vaga 35e7cc64-988c-4038-bf14-557a52ce72c8 ---
[2026-01-12T22:20:17.384Z] --- SERVIÇO: Buscando tags para a vaga 35f4346a-f575-47da-b210-e72b7c82bd68 ---
[2026-01-12T22:20:17.384Z] --- SERVIÇO: Buscando tags para a vaga 36246616-3b33-40e7-a13b-07461647a1af ---
[2026-01-12T22:20:17.384Z] --- SERVIÇO: Buscando tags para a vaga 3672c6af-0306-4df1-bbdd-f87442e4867b ---
[2026-01-12T22:20:17.752Z] --- SERVIÇO: Buscando tags para a vaga 37d72799-de1c-49b7-b594-32dcf3f56165 ---
[2026-01-12T22:20:17.752Z] --- SERVIÇO: Buscando tags para a vaga 3ad21787-de34-4af8-84f9-a48fc651e6e0 ---
[2026-01-12T22:20:17.753Z] --- SERVIÇO: Buscando tags para a vaga 3e00d7c2-a10a-4c16-aa01-115737031119 ---
[2026-01-12T22:20:17.753Z] --- SERVIÇO: Buscando tags para a vaga 3fa0ce0c-c82f-4606-a18f-8637a9d028ad ---
[2026-01-12T22:20:17.753Z] --- SERVIÇO: Buscando tags para a vaga 42b083cd-35ca-40cc-8886-2efff457eef7 ---
[2026-01-12T22:20:17.753Z] --- SERVIÇO: Buscando tags para a vaga 4531a001-3bd3-450c-965b-70c1da3a161e ---
[2026-01-12T22:20:17.753Z] --- SERVIÇO: Buscando tags para a vaga 466f3abd-50bd-49da-95b3-63c011d69385 ---
[2026-01-12T22:20:17.753Z] --- SERVIÇO: Buscando tags para a vaga 48419cea-f5d0-48a9-9e2f-32d275868d2a ---
[2026-01-12T22:20:17.753Z] --- SERVIÇO: Buscando tags para a vaga 48c7d8ca-bc43-4991-b901-4004b1d9ad68 ---
[2026-01-12T22:20:17.753Z] --- SERVIÇO: Buscando tags para a vaga 4a517f4c-baf4-45dc-86ab-606f9b799d17 ---
[2026-01-12T22:20:17.754Z] --- SERVIÇO: Buscando tags para a vaga 4b86e7b6-b76f-4f4b-b0ab-7c3a6873213b ---
[2026-01-12T22:20:17.754Z] --- SERVIÇO: Buscando tags para a vaga 4e052659-0bcb-44df-a8bb-94dd0a51a6fb ---
[2026-01-12T22:20:17.754Z] --- SERVIÇO: Buscando tags para a vaga 4ea77680-2259-477c-944c-3f7792aaf843 ---
[2026-01-12T22:20:17.884Z] --- SERVIÇO: Buscando tags para a vaga 4edb97eb-0611-4546-b901-731b92afab0c ---
[2026-01-12T22:20:17.884Z] --- SERVIÇO: Buscando tags para a vaga 4fffcb5c-962b-4f22-9703-7590e791be48 ---
[2026-01-12T22:20:17.885Z] --- SERVIÇO: Buscando tags para a vaga 50225e4a-e656-4671-9f30-39500578ece1 ---
[2026-01-12T22:20:17.885Z] --- SERVIÇO: Buscando tags para a vaga 53cefb70-7450-470b-a873-5ba48d95da84 ---
[2026-01-12T22:20:17.885Z] --- SERVIÇO: Buscando tags para a vaga 5505856a-c9c2-4b49-89eb-cf446e0c0629 ---
[2026-01-12T22:20:17.885Z] --- SERVIÇO: Buscando tags para a vaga 587d8ef0-bd3c-47ea-8ce6-e650cf6c527a ---
[2026-01-12T22:20:17.885Z] --- SERVIÇO: Buscando tags para a vaga 58951772-68fb-4324-8266-a47fe2be8e9d ---
[2026-01-12T22:20:17.885Z] --- SERVIÇO: Buscando tags para a vaga 5a8e7dd3-99a8-40ad-b441-ee06f58f7588 ---
[2026-01-12T22:20:17.885Z] --- SERVIÇO: Buscando tags para a vaga 5e78e517-13fd-47c7-83c7-6a33e14c4b63 ---
[2026-01-12T22:20:17.885Z] --- SERVIÇO: Buscando tags para a vaga 5fbebe8b-c092-4778-902e-8d193305f8f0 ---
[2026-01-12T22:20:17.885Z] --- SERVIÇO: Buscando tags para a vaga 604cbaca-96af-420d-98c3-55cee4995a1b ---
[2026-01-12T22:20:17.885Z] --- SERVIÇO: Buscando tags para a vaga 6075f3be-d885-4c32-9087-41d6eb798c93 ---
[2026-01-12T22:20:18.108Z] --- SERVIÇO: Buscando tags para a vaga 62583a4f-b749-414e-b544-9a307c40ac8c ---
[2026-01-12T22:20:18.108Z] --- SERVIÇO: Buscando tags para a vaga 62fb5e76-f6c2-4ec1-bfea-a4ff8557634c ---
[2026-01-12T22:20:18.108Z] --- SERVIÇO: Buscando tags para a vaga 666bd257-db76-400a-8100-1bfa9e356068 ---
[2026-01-12T22:20:18.109Z] --- SERVIÇO: Buscando tags para a vaga 66e073f2-37ce-4b27-9a6b-fdc5113fde6b ---
[2026-01-12T22:20:18.109Z] --- SERVIÇO: Buscando tags para a vaga 68cb2d53-21ec-45f3-a7e9-b5cb928ef79b ---
[2026-01-12T22:20:18.109Z] --- SERVIÇO: Buscando tags para a vaga 69b50fd3-4a4b-4081-8a4e-c6590504b7eb ---
[2026-01-12T22:20:18.109Z] --- SERVIÇO: Buscando tags para a vaga 69f0dfde-3439-4335-b3bc-cf0c41f613d9 ---
[2026-01-12T22:20:18.109Z] --- SERVIÇO: Buscando tags para a vaga 6b78bfff-00b0-4f45-b192-16c24d7c9d5f ---
[2026-01-12T22:20:18.109Z] --- SERVIÇO: Buscando tags para a vaga 6bff9d21-f95c-4928-b421-b2e79f39b85b ---
[2026-01-12T22:20:18.109Z] --- SERVIÇO: Buscando tags para a vaga 6c1511a0-6cd1-4028-be3c-3d033cd3ff41 ---
[2026-01-12T22:20:18.109Z] --- SERVIÇO: Buscando tags para a vaga 6ee0e457-5d3f-40e8-bd14-f8ab4d6f9c81 ---
[2026-01-12T22:20:18.109Z] --- SERVIÇO: Buscando tags para a vaga 6fe6f7f9-da78-4b27-88c7-b8adbadc5ae2 ---
[2026-01-12T22:20:18.109Z] --- SERVIÇO: Buscando tags para a vaga 71f23562-3ec7-49eb-bdf7-c839f0892745 ---
[2026-01-12T22:20:18.303Z] --- SERVIÇO: Buscando tags para a vaga 73636ab7-4474-4575-ac9b-ee08f032918a ---
[2026-01-12T22:20:18.303Z] --- SERVIÇO: Buscando tags para a vaga 7371002c-a20c-4885-8755-793f66ba1deb ---
[2026-01-12T22:20:18.303Z] --- SERVIÇO: Buscando tags para a vaga 73b65c4b-9848-43c1-b286-04dfdfe4a70f ---
[2026-01-12T22:20:18.303Z] --- SERVIÇO: Buscando tags para a vaga 7637003e-55c4-492b-9d40-eed2545b3a12 ---
[2026-01-12T22:20:18.305Z] --- SERVIÇO: Buscando tags para a vaga 764f8bad-1f99-408a-a845-79bb3bd79699 ---
[2026-01-12T22:20:18.305Z] --- SERVIÇO: Buscando tags para a vaga 76c93207-d2ca-4fb3-abad-94e7c36b3604 ---
[2026-01-12T22:20:18.305Z] --- SERVIÇO: Buscando tags para a vaga 76ee6b00-1bca-4ced-9f05-946753815c3c ---
[2026-01-12T22:20:18.305Z] --- SERVIÇO: Buscando tags para a vaga 781a8a0d-1cee-45b0-b25f-ff91e04f8eb3 ---
[2026-01-12T22:20:18.305Z] --- SERVIÇO: Buscando tags para a vaga 792a095b-b3ef-4eba-a6a2-a0a66d9a6129 ---
[2026-01-12T22:20:18.305Z] --- SERVIÇO: Buscando tags para a vaga 7945b7ff-3afc-4399-a52e-7ad3bb23e3f9 ---
[2026-01-12T22:20:18.305Z] --- SERVIÇO: Buscando tags para a vaga 812a8718-2cb7-4bad-bd68-e371bef16922 ---
[2026-01-12T22:20:18.305Z] --- SERVIÇO: Buscando tags para a vaga 84b11a17-31af-463e-9fb8-fc5f2463030d ---
[2026-01-12T22:20:18.309Z] --- SERVIÇO: Buscando tags para a vaga 8555a61a-3392-42fb-9072-d7805680ad92 ---
[2026-01-12T22:20:18.309Z] --- SERVIÇO: Buscando tags para a vaga 8629e6be-e251-453f-9493-e841351db50e ---
[2026-01-12T22:20:18.310Z] --- SERVIÇO: Buscando tags para a vaga 871d5a51-df59-437a-b78f-2ab4633292bf ---
[2026-01-12T22:20:18.310Z] --- SERVIÇO: Buscando tags para a vaga 882c0a08-d993-4cac-ad0a-5f38ea3e65e9 ---
[2026-01-12T22:20:18.310Z] --- SERVIÇO: Buscando tags para a vaga 8bff2734-de96-4dbd-a3da-371e00880a02 ---
[2026-01-12T22:20:18.311Z] --- SERVIÇO: Buscando tags para a vaga 8c1a6724-f397-4a03-95a7-d39e9c80cb30 ---
[2026-01-12T22:20:18.311Z] --- SERVIÇO: Buscando tags para a vaga 8c950fd0-b46f-4d85-bd5a-648e012c2937 ---
[2026-01-12T22:20:18.311Z] --- SERVIÇO: Buscando tags para a vaga 8d3a6d73-419d-4c5c-a385-ae20a61dc4a1 ---
[2026-01-12T22:20:18.311Z] --- SERVIÇO: Buscando tags para a vaga 983684cd-3191-4aa4-8a0f-d7d35c1f1469 ---
[2026-01-12T22:20:18.311Z] --- SERVIÇO: Buscando tags para a vaga 997894d1-5d61-4742-bb6c-8a9f9584dea0 ---
[2026-01-12T22:20:18.311Z] --- SERVIÇO: Buscando tags para a vaga 9acd00b2-fff2-46c4-b781-b6cc623d7266 ---
[2026-01-12T22:20:18.311Z] --- SERVIÇO: Buscando tags para a vaga 9cd89a17-1d89-4463-b05d-94b74024a965 ---
[2026-01-12T22:20:18.311Z] --- SERVIÇO: Buscando tags para a vaga 9e5ae1d3-7900-4046-9c97-91c1429fa348 ---
[2026-01-12T22:20:18.329Z] --- SERVIÇO: Buscando tags para a vaga 9eb409d5-61ce-456a-96df-880c81c180c7 ---
[2026-01-12T22:20:18.329Z] --- SERVIÇO: Buscando tags para a vaga a17ece41-6e89-40c5-bdbe-1963cc4129e6 ---
[2026-01-12T22:20:18.329Z] --- SERVIÇO: Buscando tags para a vaga a21274c4-32ba-4d05-9e0a-c7e6e35efe7f ---
[2026-01-12T22:20:18.329Z] --- SERVIÇO: Buscando tags para a vaga a28921e8-abbc-4b40-bed2-9fddb4079b3c ---
[2026-01-12T22:20:18.329Z] --- SERVIÇO: Buscando tags para a vaga a38150ac-23e0-45d8-add6-1217f41b881c ---
[2026-01-12T22:20:18.329Z] --- SERVIÇO: Buscando tags para a vaga a3a8f036-14d3-46c3-8744-213851ab0740 ---
[2026-01-12T22:20:18.329Z] --- SERVIÇO: Buscando tags para a vaga a3fe7418-1061-4227-a71e-8c5733a97bc9 ---
[2026-01-12T22:20:18.329Z] --- SERVIÇO: Buscando tags para a vaga a4d30c4c-ad22-4f05-a538-198826b91414 ---
[2026-01-12T22:20:18.329Z] --- SERVIÇO: Buscando tags para a vaga a7c5c7f8-dd68-4c17-bb29-8bd16a6b6e90 ---
[2026-01-12T22:20:18.329Z] --- SERVIÇO: Buscando tags para a vaga a9156217-6f67-43f3-ae2b-fe5f39e016a7 ---
[2026-01-12T22:20:18.329Z] --- SERVIÇO: Buscando tags para a vaga a9a62503-94f0-4e67-95ca-2d603fd9b78b ---
[2026-01-12T22:20:18.329Z] --- SERVIÇO: Buscando tags para a vaga ab1f7522-7466-4480-abe4-83c6e021761d ---
[2026-01-12T22:20:18.465Z] --- SERVIÇO: Buscando tags para a vaga ab4b6ff3-3d05-44fb-9806-ed1ca35c4c1b ---
[2026-01-12T22:20:18.465Z] --- SERVIÇO: Buscando tags para a vaga abfb09de-9bf6-43d8-b3f7-584e865a7420 ---
[2026-01-12T22:20:18.465Z] --- SERVIÇO: Buscando tags para a vaga adcc8425-b7b1-41a5-b9a1-5f559f9fa844 ---
[2026-01-12T22:20:18.465Z] --- SERVIÇO: Buscando tags para a vaga ae3a7e47-9acf-4e5e-89dc-0933da79ee49 ---
[2026-01-12T22:20:18.465Z] --- SERVIÇO: Buscando tags para a vaga aec9178e-2772-4226-b71a-8f67748f368e ---
[2026-01-12T22:20:18.466Z] --- SERVIÇO: Buscando tags para a vaga af024203-9fd6-40fd-ac69-05662eb045ec ---
[2026-01-12T22:20:18.466Z] --- SERVIÇO: Buscando tags para a vaga b0d6514a-d73d-49e6-905e-e2c16fb5dbe1 ---
[2026-01-12T22:20:18.466Z] --- SERVIÇO: Buscando tags para a vaga b18a8440-4514-405c-a31e-42c76e4de898 ---
[2026-01-12T22:20:18.466Z] --- SERVIÇO: Buscando tags para a vaga b335822e-5c67-4949-b87b-5d1ef1764d4a ---
[2026-01-12T22:20:18.587Z] --- SERVIÇO: Buscando tags para a vaga b34296e8-1def-4c29-b45a-8a081b925956 ---
[2026-01-12T22:20:18.587Z] --- SERVIÇO: Buscando tags para a vaga b381a667-0d32-47c5-92a3-1fd1e7fa5393 ---
[2026-01-12T22:20:18.590Z] --- SERVIÇO: Buscando tags para a vaga b3a3e8cf-3cd1-4059-a656-9ffedb098d60 ---
[2026-01-12T22:20:18.591Z] --- SERVIÇO: Buscando tags para a vaga b508f8e4-6c60-434a-9d01-6a0e6239548d ---
[2026-01-12T22:20:18.591Z] --- SERVIÇO: Buscando tags para a vaga b63048e4-5224-4e3f-982a-dd4ec8c53c04 ---
[2026-01-12T22:20:18.591Z] --- SERVIÇO: Buscando tags para a vaga b683cad9-ea1c-4075-96f5-b58ee4fa332e ---
[2026-01-12T22:20:18.591Z] --- SERVIÇO: Buscando tags para a vaga b6b44e51-df22-4ae3-9d20-f3ec57dc8086 ---
[2026-01-12T22:20:18.591Z] --- SERVIÇO: Buscando tags para a vaga b75c0e83-d035-49d8-a9c1-86dfb2c3c78e ---
[2026-01-12T22:20:18.591Z] --- SERVIÇO: Buscando tags para a vaga b7a9bf6d-4bb7-475b-acb1-d00b623d11cf ---
[2026-01-12T22:20:18.591Z] --- SERVIÇO: Buscando tags para a vaga b8e04f6a-8e2d-43c7-b25e-a54b807dc329 ---
[2026-01-12T22:20:18.591Z] --- SERVIÇO: Buscando tags para a vaga ba07cc99-ee2b-4b4c-9781-977690ee888d ---
[2026-01-12T22:20:18.591Z] --- SERVIÇO: Buscando tags para a vaga bb3160a4-1d6e-4c27-8a3e-10012501159b ---
[2026-01-12T22:20:18.592Z] --- SERVIÇO: Buscando tags para a vaga bb5eec13-15ec-434b-946a-b1793a46914b ---
[2026-01-12T22:20:18.592Z] --- SERVIÇO: Buscando tags para a vaga bc97677e-f4ff-4bef-bfe6-941b3193c3b0 ---
[2026-01-12T22:20:18.592Z] --- SERVIÇO: Buscando tags para a vaga bd33935e-d096-4eb2-bc72-723b12423f0d ---
[2026-01-12T22:20:18.647Z] --- SERVIÇO: Buscando tags para a vaga be2692a9-1dca-486d-a802-5ce412dc7a8e ---
[2026-01-12T22:20:18.647Z] --- SERVIÇO: Buscando tags para a vaga be439c0f-69e6-4606-8c75-f0556b6fb72d ---
[2026-01-12T22:20:18.647Z] --- SERVIÇO: Buscando tags para a vaga be766298-eaaf-493f-9884-783856a1575f ---
[2026-01-12T22:20:18.648Z] --- SERVIÇO: Buscando tags para a vaga bee80d70-f0cb-4eab-9b60-da7e2375cff8 ---
[2026-01-12T22:20:18.648Z] --- SERVIÇO: Buscando tags para a vaga bfc0de30-6c0f-4d47-94fe-0a3b137d1032 ---
[2026-01-12T22:20:18.648Z] --- SERVIÇO: Buscando tags para a vaga c2565fd3-47a2-496c-9a5a-1778b3a40bf2 ---
[2026-01-12T22:20:18.648Z] --- SERVIÇO: Buscando tags para a vaga c4070a66-63c5-405c-b1e3-441b92bb43a4 ---
[2026-01-12T22:20:18.648Z] --- SERVIÇO: Buscando tags para a vaga c47273b3-1435-4d56-9389-39c47f3aa6a3 ---
[2026-01-12T22:20:18.648Z] --- SERVIÇO: Buscando tags para a vaga c52b4b74-26c4-4dfb-ab95-96c2ffb9c866 ---
[2026-01-12T22:20:18.648Z] --- SERVIÇO: Buscando tags para a vaga c709ca23-54be-49f1-b4d5-eb02601ffd6d ---
[2026-01-12T22:20:18.648Z] --- SERVIÇO: Buscando tags para a vaga c9745ee1-aeea-4868-b13c-4a2b914e8e77 ---
[2026-01-12T22:20:18.648Z] --- SERVIÇO: Buscando tags para a vaga ccbf5f24-7ef8-43b5-8dbb-423b39b21d50 ---
[2026-01-12T22:20:18.649Z] --- SERVIÇO: Buscando tags para a vaga cdea6c2f-2269-43cc-84ea-fe0e25b5e54d ---
[2026-01-12T22:20:18.649Z] --- SERVIÇO: Buscando tags para a vaga cf5e8f77-4527-4432-a281-86e21c186077 ---
[2026-01-12T22:20:18.649Z] --- SERVIÇO: Buscando tags para a vaga cf62ef85-5b6a-4b33-96e2-e3300f8a768a ---
[2026-01-12T22:20:18.649Z] --- SERVIÇO: Buscando tags para a vaga cfa194c4-bf08-4a1a-a264-c41470216bd9 ---
[2026-01-12T22:20:18.649Z] --- SERVIÇO: Buscando tags para a vaga d0b95540-7927-49ed-8d5b-844e4fa6453c ---
[2026-01-12T22:20:18.649Z] --- SERVIÇO: Buscando tags para a vaga d0c27dd1-ba64-4b09-b9cf-a4c406314e63 ---
[2026-01-12T22:20:18.649Z] --- SERVIÇO: Buscando tags para a vaga d166490e-2a11-4c8c-ba4e-d8a8d5a81358 ---
[2026-01-12T22:20:18.649Z] --- SERVIÇO: Buscando tags para a vaga d3fc787b-2632-484e-979b-ed27ad981770 ---
[2026-01-12T22:20:18.649Z] --- SERVIÇO: Buscando tags para a vaga d6b89b2c-20c2-41bf-bd91-d126bbbb0f5c ---
[2026-01-12T22:20:18.649Z] --- SERVIÇO: Buscando tags para a vaga d773d309-13af-4a7c-a56c-c74ea2767f84 ---
[2026-01-12T22:20:18.649Z] --- SERVIÇO: Buscando tags para a vaga d780f1b1-9a14-4f2c-8517-39febde65ba4 ---
[2026-01-12T22:20:18.649Z] --- SERVIÇO: Buscando tags para a vaga d8dca707-4a10-4554-bd57-3423565aebf3 ---
[2026-01-12T22:20:18.649Z] --- SERVIÇO: Buscando tags para a vaga da8ee7b6-3cca-41e0-8496-1e7d784dea5c ---
[2026-01-12T22:20:18.713Z] --- SERVIÇO: Buscando tags para a vaga db58afee-aa79-44d7-b01a-084c08ac9ffc ---
[2026-01-12T22:20:18.713Z] --- SERVIÇO: Buscando tags para a vaga dd9b4e38-c7a3-4453-a912-6cc7b4e542dd ---
[2026-01-12T22:20:18.713Z] --- SERVIÇO: Buscando tags para a vaga ddc9f50c-b15c-497d-a740-bd682de6e982 ---
[2026-01-12T22:20:18.713Z] --- SERVIÇO: Buscando tags para a vaga de32cf73-deb2-46a7-a78b-05a0427cbfe6 ---
[2026-01-12T22:20:18.713Z] --- SERVIÇO: Buscando tags para a vaga df4f7c2e-8f9a-464a-b5cd-ecb105cfd6cb ---
[2026-01-12T22:20:18.713Z] --- SERVIÇO: Buscando tags para a vaga e3300c6a-ffcf-4b70-b147-97012871bb99 ---
[2026-01-12T22:20:18.713Z] --- SERVIÇO: Buscando tags para a vaga e3643e48-0d7c-4989-916f-fe7659d98a33 ---
[2026-01-12T22:20:18.713Z] --- SERVIÇO: Buscando tags para a vaga e3e6ab23-7e2e-4539-ba23-922599a99718 ---
[2026-01-12T22:20:18.713Z] --- SERVIÇO: Buscando tags para a vaga e4f3e42b-6b05-40dc-8659-a81504410e9b ---
[2026-01-12T22:20:18.713Z] --- SERVIÇO: Buscando tags para a vaga e681b432-3bbe-4ae9-b8e4-f2e86d3d11c6 ---
[2026-01-12T22:20:18.713Z] --- SERVIÇO: Buscando tags para a vaga e68c4f98-5623-4108-a8f2-b8252a1e5363 ---
[2026-01-12T22:20:18.713Z] --- SERVIÇO: Buscando tags para a vaga e8e05409-1d79-449e-9bd5-8766914f9cb9 ---
[2026-01-12T22:20:18.725Z] --- SERVIÇO: Buscando tags para a vaga e8ef0e45-f2c9-4dfc-a026-213cad983ec8 ---
[2026-01-12T22:20:18.725Z] --- SERVIÇO: Buscando tags para a vaga e9f9d0de-7dea-4c59-9078-3c63136d2c3d ---
[2026-01-12T22:20:18.725Z] --- SERVIÇO: Buscando tags para a vaga eb6ceb2b-7ff6-4365-9fa4-67ea175d8f5a ---
[2026-01-12T22:20:18.725Z] --- SERVIÇO: Buscando tags para a vaga eb987d00-3669-416c-afd6-f299f2106f09 ---
[2026-01-12T22:20:18.725Z] --- SERVIÇO: Buscando tags para a vaga ebfc702b-fe2b-4256-9a71-9f29927aebf0 ---
[2026-01-12T22:20:18.726Z] --- SERVIÇO: Buscando tags para a vaga eed56da4-5ad6-495e-8c53-5205d7ecbf8b ---
[2026-01-12T22:20:18.726Z] --- SERVIÇO: Buscando tags para a vaga ef7e90f9-09ed-497c-a74a-35464f8ff4e0 ---
[2026-01-12T22:20:18.727Z] --- SERVIÇO: Buscando tags para a vaga f02d9412-b27a-42d6-b021-22baa32446b1 ---
[2026-01-12T22:20:18.727Z] --- SERVIÇO: Buscando tags para a vaga f19ffe30-c39c-49e5-b9db-7d7533ae8b7e ---
[2026-01-12T22:20:18.727Z] --- SERVIÇO: Buscando tags para a vaga f294572b-b7cf-468b-bf7a-4381da0d33b0 ---
[2026-01-12T22:20:18.727Z] --- SERVIÇO: Buscando tags para a vaga f2cebfcd-1a4f-43d5-b082-c0849853ddbc ---
[2026-01-12T22:20:18.727Z] --- SERVIÇO: Buscando tags para a vaga f31cde87-5872-42dc-b34c-c4604a679e95 ---
[2026-01-12T22:20:18.727Z] --- SERVIÇO: Buscando tags para a vaga f354323d-be6c-42ee-8341-3cf00a5ba7f1 ---
[2026-01-12T22:20:18.753Z] --- SERVIÇO: Buscando tags para a vaga f3c4bffb-3043-4b9a-9c4b-846d1ea394d4 ---
[2026-01-12T22:20:18.753Z] --- SERVIÇO: Buscando tags para a vaga f71b7bab-ec59-4b45-8cb1-53d0497256c5 ---
[2026-01-12T22:20:18.753Z] --- SERVIÇO: Buscando tags para a vaga f71ee2bd-27ec-4e54-8bd7-1c88d6841244 ---
[2026-01-12T22:20:18.753Z] --- SERVIÇO: Buscando tags para a vaga f84ee05c-b0f8-4835-8e57-0e7c12705119 ---
[2026-01-12T22:20:18.753Z] --- SERVIÇO: Buscando tags para a vaga f8a46ee0-7d89-48bd-8c89-3f209d6a19bf ---
[2026-01-12T22:20:18.753Z] --- SERVIÇO: Buscando tags para a vaga fa721cb8-4af5-4340-b46e-5e8708f28f33 ---
[2026-01-12T22:20:18.753Z] --- SERVIÇO: Buscando tags para a vaga fb54fa05-e2bf-41b4-8adb-2e59fa0d3916 ---
[2026-01-12T22:20:18.753Z] --- SERVIÇO: Buscando tags para a vaga fd534c00-0776-4981-9a48-530a813cd7f7 ---
[2026-01-12T22:20:29.899Z] --- ORQUESTRADOR (SYNC): Buscando TODOS os talentos com paginação interna ---
[2026-01-12T22:20:29.899Z] Buscando uma página de talentos (limite de 100).
[2026-01-12T22:20:38.816Z] Buscando uma página de talentos (limite de 100).
[2026-01-12T22:20:41.612Z] Buscando uma página de talentos (limite de 100).
[2026-01-12T22:20:43.372Z] Buscando uma página de talentos (limite de 100).
[2026-01-12T22:20:45.092Z] Buscando uma página de talentos (limite de 100).
[2026-01-12T22:20:46.625Z] Buscando uma página de talentos (limite de 100).
[2026-01-12T22:20:47.850Z] Buscando uma página de talentos (limite de 100).
[2026-01-12T22:20:49.784Z] Buscando uma página de talentos (limite de 100).
[2026-01-12T22:20:51.442Z] Buscando uma página de talentos (limite de 100).
[2026-01-12T22:20:52.789Z] Buscando uma página de talentos (limite de 100).
[2026-01-12T22:20:54.389Z] Buscando uma página de talentos (limite de 100).
[2026-01-12T22:20:58.974Z] Buscando uma página de talentos (limite de 100).
[2026-01-12T22:21:00.477Z] Buscando uma página de talentos (limite de 100).
[2026-01-12T22:21:02.484Z] Buscando uma página de talentos (limite de 100).
[2026-01-12T22:21:03.947Z] Buscando uma página de talentos (limite de 100).
[2026-01-12T22:21:06.065Z] Buscando uma página de talentos (limite de 100).
[2026-01-12T22:21:06.066Z] --- ORQUESTRADOR (SYNC): Buscando e enriquecendo todas as vagas ---
[2026-01-12T22:21:06.067Z] --- SERVIÇO: Buscando TODAS as vagas com paginação interna ---
[2026-01-12T22:21:07.454Z] Página de vagas recebida. Chave para a próxima página encontrada. Total atual: 100
[2026-01-12T22:21:07.523Z] Buscando uma página de talentos (limite de 100).
[2026-01-12T22:21:08.302Z] Página de vagas recebida. Chave para a próxima página encontrada. Total atual: 200
[2026-01-12T22:21:08.564Z] Busca completa. Total final de 206 vagas carregadas da API.
[2026-01-12T22:21:08.605Z] DEBUG: Dados salvos com sucesso em "/Users/patricksiqueira/PEOPLE/api-people/debug_logs/all_jobs_raw_1768256468564.txt"
[2026-01-12T22:21:08.607Z] --- SERVIÇO: Buscando tags para a vaga 010b9be5-e7a6-4bef-bf00-07b6b4a2e787 ---
[2026-01-12T22:21:08.608Z] --- SERVIÇO: Buscando tags para a vaga 01eb8c12-9d27-4d24-8924-e00e3312a549 ---
[2026-01-12T22:21:08.608Z] --- SERVIÇO: Buscando tags para a vaga 02036b7c-7e4e-4da4-94c4-4e0411046210 ---
[2026-01-12T22:21:08.609Z] --- SERVIÇO: Buscando tags para a vaga 038f7c8c-0ad0-4489-9019-f1f320c10a94 ---
[2026-01-12T22:21:08.611Z] --- SERVIÇO: Buscando tags para a vaga 0713cef6-067b-46dd-90f6-9d6d1e70efb2 ---
[2026-01-12T22:21:08.611Z] --- SERVIÇO: Buscando tags para a vaga 087fa08a-3f9b-4f89-8abd-ed0a8ffb32aa ---
[2026-01-12T22:21:08.612Z] --- SERVIÇO: Buscando tags para a vaga 09c2edda-64b4-41e1-8580-73c6b2e03d64 ---
[2026-01-12T22:21:08.614Z] --- SERVIÇO: Buscando tags para a vaga 0b2a0725-363b-4a25-a95f-658f93451a17 ---
[2026-01-12T22:21:08.614Z] --- SERVIÇO: Buscando tags para a vaga 0e3ad5ba-5f6b-48a9-91b0-d02402d2039e ---
[2026-01-12T22:21:08.615Z] --- SERVIÇO: Buscando tags para a vaga 0f57a077-a7ad-4665-8d59-76ab585fd594 ---
[2026-01-12T22:21:08.615Z] --- SERVIÇO: Buscando tags para a vaga 103725bc-95a8-4a2a-a7dd-a07dd432f599 ---
[2026-01-12T22:21:08.616Z] --- SERVIÇO: Buscando tags para a vaga 1061f8b2-c706-473d-b7f9-d1f129c50797 ---
[2026-01-12T22:21:08.616Z] --- SERVIÇO: Buscando tags para a vaga 110cafa9-71a1-43b3-b3d3-02315a6cab75 ---
[2026-01-12T22:21:08.616Z] --- SERVIÇO: Buscando tags para a vaga 1199197f-ad3f-49fb-b59d-e8993669d8bf ---
[2026-01-12T22:21:08.617Z] --- SERVIÇO: Buscando tags para a vaga 12d01928-a53b-416a-a122-2a7779ba2d34 ---
[2026-01-12T22:21:08.617Z] --- SERVIÇO: Buscando tags para a vaga 12d66e5d-8f00-4e59-aefa-261fadae8747 ---
[2026-01-12T22:21:08.617Z] --- SERVIÇO: Buscando tags para a vaga 12df898d-45bf-487a-bb44-f0d6b52abb93 ---
[2026-01-12T22:21:08.617Z] --- SERVIÇO: Buscando tags para a vaga 1432c3df-44a3-45da-a7a7-8b8cfcb8a2a8 ---
[2026-01-12T22:21:08.619Z] --- SERVIÇO: Buscando tags para a vaga 198081f8-53cc-455a-834a-6467f07ce5a4 ---
[2026-01-12T22:21:08.619Z] --- SERVIÇO: Buscando tags para a vaga 19a031ab-f6f1-4bac-9b3f-49453b88e747 ---
[2026-01-12T22:21:08.619Z] --- SERVIÇO: Buscando tags para a vaga 1b25ccbf-ce03-4599-ab6b-c6574f8b51a9 ---
[2026-01-12T22:21:08.619Z] --- SERVIÇO: Buscando tags para a vaga 1dabe24a-55f3-4143-baa3-beb26a5ea825 ---
[2026-01-12T22:21:08.619Z] --- SERVIÇO: Buscando tags para a vaga 21370dcd-11c3-4d02-b8c2-795c1f7302ca ---
[2026-01-12T22:21:08.620Z] --- SERVIÇO: Buscando tags para a vaga 216e0e8d-2373-4449-bf8e-3e304555a918 ---
[2026-01-12T22:21:08.620Z] --- SERVIÇO: Buscando tags para a vaga 21cb7be5-7c24-4c31-9b68-e01c598f0b29 ---
[2026-01-12T22:21:08.620Z] --- SERVIÇO: Buscando tags para a vaga 22abe01d-7c71-47fb-9631-c1e7af0adda9 ---
[2026-01-12T22:21:08.620Z] --- SERVIÇO: Buscando tags para a vaga 24df6510-fc44-48e7-b72b-b0722c51ada9 ---
[2026-01-12T22:21:08.620Z] --- SERVIÇO: Buscando tags para a vaga 27057a67-dc99-4561-8fbb-2c01d0f95664 ---
[2026-01-12T22:21:08.620Z] --- SERVIÇO: Buscando tags para a vaga 28890951-c5c2-4172-8ffc-00b2c087f26d ---
[2026-01-12T22:21:08.620Z] --- SERVIÇO: Buscando tags para a vaga 28ada291-0f0a-4f88-8c21-d4399fccf2ea ---
[2026-01-12T22:21:08.620Z] --- SERVIÇO: Buscando tags para a vaga 28b18b11-ffd6-4a4c-8792-52625979eec6 ---
[2026-01-12T22:21:08.620Z] --- SERVIÇO: Buscando tags para a vaga 2a247d8e-5f71-4516-a2f2-7768e4d2ac13 ---
[2026-01-12T22:21:08.620Z] --- SERVIÇO: Buscando tags para a vaga 2b8c1009-6f71-4a00-82ad-d0ae4121933a ---
[2026-01-12T22:21:08.620Z] --- SERVIÇO: Buscando tags para a vaga 2bc2c17d-a2e9-4eba-bc37-1b2788c55ce9 ---
[2026-01-12T22:21:08.620Z] --- SERVIÇO: Buscando tags para a vaga 2bf8cf21-f6a4-4dea-b08f-68534e123b75 ---
[2026-01-12T22:21:08.620Z] --- SERVIÇO: Buscando tags para a vaga 2cb4f868-f797-42b7-ad10-a111bce78c81 ---
[2026-01-12T22:21:08.621Z] --- SERVIÇO: Buscando tags para a vaga 2cbcf9fb-be48-4840-9d1f-ea87787203e3 ---
[2026-01-12T22:21:08.624Z] --- SERVIÇO: Buscando tags para a vaga 2ce5c7e0-29cc-4b13-9f84-757887c847a7 ---
[2026-01-12T22:21:08.624Z] --- SERVIÇO: Buscando tags para a vaga 2db744bb-f359-4eb6-a319-3059ec161be5 ---
[2026-01-12T22:21:08.624Z] --- SERVIÇO: Buscando tags para a vaga 2e27e07c-a46f-4b47-b06c-6ad09de1541a ---
[2026-01-12T22:21:08.810Z] --- SERVIÇO: Buscando tags para a vaga 2e9b2e51-a864-4fb6-8501-42707c3a53ef ---
[2026-01-12T22:21:08.811Z] --- SERVIÇO: Buscando tags para a vaga 3150379a-7df2-465d-9347-a52d292e6d05 ---
[2026-01-12T22:21:08.812Z] --- SERVIÇO: Buscando tags para a vaga 3266ee48-79cb-4d45-9d3a-bcb0ef086569 ---
[2026-01-12T22:21:08.812Z] --- SERVIÇO: Buscando tags para a vaga 3306e92c-dc9e-47a0-8b24-438b310ce51a ---
[2026-01-12T22:21:08.812Z] --- SERVIÇO: Buscando tags para a vaga 3518b656-ce33-467a-be1f-2517cc8b0983 ---
[2026-01-12T22:21:08.812Z] --- SERVIÇO: Buscando tags para a vaga 35e7cc64-988c-4038-bf14-557a52ce72c8 ---
[2026-01-12T22:21:08.812Z] --- SERVIÇO: Buscando tags para a vaga 35f4346a-f575-47da-b210-e72b7c82bd68 ---
[2026-01-12T22:21:08.813Z] --- SERVIÇO: Buscando tags para a vaga 36246616-3b33-40e7-a13b-07461647a1af ---
[2026-01-12T22:21:08.813Z] --- SERVIÇO: Buscando tags para a vaga 3672c6af-0306-4df1-bbdd-f87442e4867b ---
[2026-01-12T22:21:08.813Z] --- SERVIÇO: Buscando tags para a vaga 37d72799-de1c-49b7-b594-32dcf3f56165 ---
[2026-01-12T22:21:08.813Z] --- SERVIÇO: Buscando tags para a vaga 3ad21787-de34-4af8-84f9-a48fc651e6e0 ---
[2026-01-12T22:21:08.813Z] --- SERVIÇO: Buscando tags para a vaga 3e00d7c2-a10a-4c16-aa01-115737031119 ---
[2026-01-12T22:21:08.813Z] --- SERVIÇO: Buscando tags para a vaga 3fa0ce0c-c82f-4606-a18f-8637a9d028ad ---
[2026-01-12T22:21:08.814Z] --- SERVIÇO: Buscando tags para a vaga 42b083cd-35ca-40cc-8886-2efff457eef7 ---
[2026-01-12T22:21:08.814Z] --- SERVIÇO: Buscando tags para a vaga 4531a001-3bd3-450c-965b-70c1da3a161e ---
[2026-01-12T22:21:08.814Z] --- SERVIÇO: Buscando tags para a vaga 466f3abd-50bd-49da-95b3-63c011d69385 ---
[2026-01-12T22:21:08.815Z] --- SERVIÇO: Buscando tags para a vaga 48419cea-f5d0-48a9-9e2f-32d275868d2a ---
[2026-01-12T22:21:08.815Z] --- SERVIÇO: Buscando tags para a vaga 48c7d8ca-bc43-4991-b901-4004b1d9ad68 ---
[2026-01-12T22:21:08.815Z] --- SERVIÇO: Buscando tags para a vaga 4a517f4c-baf4-45dc-86ab-606f9b799d17 ---
[2026-01-12T22:21:08.815Z] --- SERVIÇO: Buscando tags para a vaga 4b86e7b6-b76f-4f4b-b0ab-7c3a6873213b ---
[2026-01-12T22:21:08.815Z] --- SERVIÇO: Buscando tags para a vaga 4e052659-0bcb-44df-a8bb-94dd0a51a6fb ---
[2026-01-12T22:21:08.815Z] --- SERVIÇO: Buscando tags para a vaga 4ea77680-2259-477c-944c-3f7792aaf843 ---
[2026-01-12T22:21:08.815Z] --- SERVIÇO: Buscando tags para a vaga 4edb97eb-0611-4546-b901-731b92afab0c ---
[2026-01-12T22:21:08.816Z] --- SERVIÇO: Buscando tags para a vaga 4fffcb5c-962b-4f22-9703-7590e791be48 ---
[2026-01-12T22:21:08.816Z] --- SERVIÇO: Buscando tags para a vaga 50225e4a-e656-4671-9f30-39500578ece1 ---
[2026-01-12T22:21:08.816Z] --- SERVIÇO: Buscando tags para a vaga 53cefb70-7450-470b-a873-5ba48d95da84 ---
[2026-01-12T22:21:08.816Z] --- SERVIÇO: Buscando tags para a vaga 5505856a-c9c2-4b49-89eb-cf446e0c0629 ---
[2026-01-12T22:21:08.816Z] --- SERVIÇO: Buscando tags para a vaga 587d8ef0-bd3c-47ea-8ce6-e650cf6c527a ---
[2026-01-12T22:21:08.817Z] --- SERVIÇO: Buscando tags para a vaga 58951772-68fb-4324-8266-a47fe2be8e9d ---
[2026-01-12T22:21:08.817Z] --- SERVIÇO: Buscando tags para a vaga 5a8e7dd3-99a8-40ad-b441-ee06f58f7588 ---
[2026-01-12T22:21:08.818Z] --- SERVIÇO: Buscando tags para a vaga 5e78e517-13fd-47c7-83c7-6a33e14c4b63 ---
[2026-01-12T22:21:08.818Z] --- SERVIÇO: Buscando tags para a vaga 5fbebe8b-c092-4778-902e-8d193305f8f0 ---
[2026-01-12T22:21:08.818Z] --- SERVIÇO: Buscando tags para a vaga 604cbaca-96af-420d-98c3-55cee4995a1b ---
[2026-01-12T22:21:08.819Z] --- SERVIÇO: Buscando tags para a vaga 6075f3be-d885-4c32-9087-41d6eb798c93 ---
[2026-01-12T22:21:08.819Z] --- SERVIÇO: Buscando tags para a vaga 62583a4f-b749-414e-b544-9a307c40ac8c ---
[2026-01-12T22:21:08.819Z] --- SERVIÇO: Buscando tags para a vaga 62fb5e76-f6c2-4ec1-bfea-a4ff8557634c ---
[2026-01-12T22:21:08.819Z] --- SERVIÇO: Buscando tags para a vaga 666bd257-db76-400a-8100-1bfa9e356068 ---
[2026-01-12T22:21:08.819Z] --- SERVIÇO: Buscando tags para a vaga 66e073f2-37ce-4b27-9a6b-fdc5113fde6b ---
[2026-01-12T22:21:08.820Z] --- SERVIÇO: Buscando tags para a vaga 68cb2d53-21ec-45f3-a7e9-b5cb928ef79b ---
[2026-01-12T22:21:08.820Z] --- SERVIÇO: Buscando tags para a vaga 69b50fd3-4a4b-4081-8a4e-c6590504b7eb ---
[2026-01-12T22:21:08.820Z] --- SERVIÇO: Buscando tags para a vaga 69f0dfde-3439-4335-b3bc-cf0c41f613d9 ---
[2026-01-12T22:21:08.820Z] --- SERVIÇO: Buscando tags para a vaga 6b78bfff-00b0-4f45-b192-16c24d7c9d5f ---
[2026-01-12T22:21:08.820Z] --- SERVIÇO: Buscando tags para a vaga 6bff9d21-f95c-4928-b421-b2e79f39b85b ---
[2026-01-12T22:21:08.820Z] --- SERVIÇO: Buscando tags para a vaga 6c1511a0-6cd1-4028-be3c-3d033cd3ff41 ---
[2026-01-12T22:21:08.820Z] --- SERVIÇO: Buscando tags para a vaga 6ee0e457-5d3f-40e8-bd14-f8ab4d6f9c81 ---
[2026-01-12T22:21:08.820Z] --- SERVIÇO: Buscando tags para a vaga 6fe6f7f9-da78-4b27-88c7-b8adbadc5ae2 ---
[2026-01-12T22:21:08.821Z] --- SERVIÇO: Buscando tags para a vaga 71f23562-3ec7-49eb-bdf7-c839f0892745 ---
[2026-01-12T22:21:08.821Z] --- SERVIÇO: Buscando tags para a vaga 73636ab7-4474-4575-ac9b-ee08f032918a ---
[2026-01-12T22:21:08.821Z] --- SERVIÇO: Buscando tags para a vaga 7371002c-a20c-4885-8755-793f66ba1deb ---
[2026-01-12T22:21:08.821Z] --- SERVIÇO: Buscando tags para a vaga 73b65c4b-9848-43c1-b286-04dfdfe4a70f ---
[2026-01-12T22:21:08.821Z] --- SERVIÇO: Buscando tags para a vaga 7637003e-55c4-492b-9d40-eed2545b3a12 ---
[2026-01-12T22:21:08.821Z] --- SERVIÇO: Buscando tags para a vaga 764f8bad-1f99-408a-a845-79bb3bd79699 ---
[2026-01-12T22:21:08.821Z] --- SERVIÇO: Buscando tags para a vaga 76c93207-d2ca-4fb3-abad-94e7c36b3604 ---
[2026-01-12T22:21:08.822Z] --- SERVIÇO: Buscando tags para a vaga 76ee6b00-1bca-4ced-9f05-946753815c3c ---
[2026-01-12T22:21:08.822Z] --- SERVIÇO: Buscando tags para a vaga 781a8a0d-1cee-45b0-b25f-ff91e04f8eb3 ---
[2026-01-12T22:21:08.822Z] --- SERVIÇO: Buscando tags para a vaga 792a095b-b3ef-4eba-a6a2-a0a66d9a6129 ---
[2026-01-12T22:21:08.822Z] --- SERVIÇO: Buscando tags para a vaga 7945b7ff-3afc-4399-a52e-7ad3bb23e3f9 ---
[2026-01-12T22:21:08.822Z] --- SERVIÇO: Buscando tags para a vaga 812a8718-2cb7-4bad-bd68-e371bef16922 ---
[2026-01-12T22:21:08.822Z] --- SERVIÇO: Buscando tags para a vaga 84b11a17-31af-463e-9fb8-fc5f2463030d ---
[2026-01-12T22:21:08.822Z] --- SERVIÇO: Buscando tags para a vaga 8555a61a-3392-42fb-9072-d7805680ad92 ---
[2026-01-12T22:21:08.822Z] --- SERVIÇO: Buscando tags para a vaga 8629e6be-e251-453f-9493-e841351db50e ---
[2026-01-12T22:21:08.822Z] --- SERVIÇO: Buscando tags para a vaga 871d5a51-df59-437a-b78f-2ab4633292bf ---
[2026-01-12T22:21:08.822Z] --- SERVIÇO: Buscando tags para a vaga 882c0a08-d993-4cac-ad0a-5f38ea3e65e9 ---
[2026-01-12T22:21:08.822Z] --- SERVIÇO: Buscando tags para a vaga 8bff2734-de96-4dbd-a3da-371e00880a02 ---
[2026-01-12T22:21:08.822Z] --- SERVIÇO: Buscando tags para a vaga 8c1a6724-f397-4a03-95a7-d39e9c80cb30 ---
[2026-01-12T22:21:08.823Z] --- SERVIÇO: Buscando tags para a vaga 8c950fd0-b46f-4d85-bd5a-648e012c2937 ---
[2026-01-12T22:21:08.823Z] --- SERVIÇO: Buscando tags para a vaga 8d3a6d73-419d-4c5c-a385-ae20a61dc4a1 ---
[2026-01-12T22:21:08.823Z] --- SERVIÇO: Buscando tags para a vaga 983684cd-3191-4aa4-8a0f-d7d35c1f1469 ---
[2026-01-12T22:21:08.823Z] --- SERVIÇO: Buscando tags para a vaga 997894d1-5d61-4742-bb6c-8a9f9584dea0 ---
[2026-01-12T22:21:08.823Z] --- SERVIÇO: Buscando tags para a vaga 9acd00b2-fff2-46c4-b781-b6cc623d7266 ---
[2026-01-12T22:21:08.823Z] --- SERVIÇO: Buscando tags para a vaga 9cd89a17-1d89-4463-b05d-94b74024a965 ---
[2026-01-12T22:21:08.823Z] --- SERVIÇO: Buscando tags para a vaga 9e5ae1d3-7900-4046-9c97-91c1429fa348 ---
[2026-01-12T22:21:08.823Z] --- SERVIÇO: Buscando tags para a vaga 9eb409d5-61ce-456a-96df-880c81c180c7 ---
[2026-01-12T22:21:08.823Z] --- SERVIÇO: Buscando tags para a vaga a17ece41-6e89-40c5-bdbe-1963cc4129e6 ---
[2026-01-12T22:21:08.823Z] --- SERVIÇO: Buscando tags para a vaga a21274c4-32ba-4d05-9e0a-c7e6e35efe7f ---
[2026-01-12T22:21:08.823Z] --- SERVIÇO: Buscando tags para a vaga a28921e8-abbc-4b40-bed2-9fddb4079b3c ---
[2026-01-12T22:21:08.823Z] --- SERVIÇO: Buscando tags para a vaga a38150ac-23e0-45d8-add6-1217f41b881c ---
[2026-01-12T22:21:08.823Z] --- SERVIÇO: Buscando tags para a vaga a3a8f036-14d3-46c3-8744-213851ab0740 ---
[2026-01-12T22:21:08.823Z] --- SERVIÇO: Buscando tags para a vaga a3fe7418-1061-4227-a71e-8c5733a97bc9 ---
[2026-01-12T22:21:08.823Z] --- SERVIÇO: Buscando tags para a vaga a4d30c4c-ad22-4f05-a538-198826b91414 ---
[2026-01-12T22:21:08.823Z] --- SERVIÇO: Buscando tags para a vaga a7c5c7f8-dd68-4c17-bb29-8bd16a6b6e90 ---
[2026-01-12T22:21:08.823Z] --- SERVIÇO: Buscando tags para a vaga a9156217-6f67-43f3-ae2b-fe5f39e016a7 ---
[2026-01-12T22:21:08.823Z] --- SERVIÇO: Buscando tags para a vaga a9a62503-94f0-4e67-95ca-2d603fd9b78b ---
[2026-01-12T22:21:08.823Z] --- SERVIÇO: Buscando tags para a vaga ab1f7522-7466-4480-abe4-83c6e021761d ---
[2026-01-12T22:21:08.824Z] --- SERVIÇO: Buscando tags para a vaga ab4b6ff3-3d05-44fb-9806-ed1ca35c4c1b ---
[2026-01-12T22:21:08.824Z] --- SERVIÇO: Buscando tags para a vaga abfb09de-9bf6-43d8-b3f7-584e865a7420 ---
[2026-01-12T22:21:08.824Z] --- SERVIÇO: Buscando tags para a vaga adcc8425-b7b1-41a5-b9a1-5f559f9fa844 ---
[2026-01-12T22:21:08.824Z] --- SERVIÇO: Buscando tags para a vaga ae3a7e47-9acf-4e5e-89dc-0933da79ee49 ---
[2026-01-12T22:21:08.824Z] --- SERVIÇO: Buscando tags para a vaga aec9178e-2772-4226-b71a-8f67748f368e ---
[2026-01-12T22:21:08.824Z] --- SERVIÇO: Buscando tags para a vaga af024203-9fd6-40fd-ac69-05662eb045ec ---
[2026-01-12T22:21:08.824Z] --- SERVIÇO: Buscando tags para a vaga b0d6514a-d73d-49e6-905e-e2c16fb5dbe1 ---
[2026-01-12T22:21:08.824Z] --- SERVIÇO: Buscando tags para a vaga b18a8440-4514-405c-a31e-42c76e4de898 ---
[2026-01-12T22:21:08.824Z] --- SERVIÇO: Buscando tags para a vaga b335822e-5c67-4949-b87b-5d1ef1764d4a ---
[2026-01-12T22:21:08.824Z] --- SERVIÇO: Buscando tags para a vaga b34296e8-1def-4c29-b45a-8a081b925956 ---
[2026-01-12T22:21:08.824Z] --- SERVIÇO: Buscando tags para a vaga b381a667-0d32-47c5-92a3-1fd1e7fa5393 ---
[2026-01-12T22:21:08.824Z] --- SERVIÇO: Buscando tags para a vaga b3a3e8cf-3cd1-4059-a656-9ffedb098d60 ---
[2026-01-12T22:21:08.824Z] --- SERVIÇO: Buscando tags para a vaga b508f8e4-6c60-434a-9d01-6a0e6239548d ---
[2026-01-12T22:21:08.824Z] --- SERVIÇO: Buscando tags para a vaga b63048e4-5224-4e3f-982a-dd4ec8c53c04 ---
[2026-01-12T22:21:08.824Z] --- SERVIÇO: Buscando tags para a vaga b683cad9-ea1c-4075-96f5-b58ee4fa332e ---
[2026-01-12T22:21:08.824Z] --- SERVIÇO: Buscando tags para a vaga b6b44e51-df22-4ae3-9d20-f3ec57dc8086 ---
[2026-01-12T22:21:08.824Z] --- SERVIÇO: Buscando tags para a vaga b75c0e83-d035-49d8-a9c1-86dfb2c3c78e ---
[2026-01-12T22:21:08.824Z] --- SERVIÇO: Buscando tags para a vaga b7a9bf6d-4bb7-475b-acb1-d00b623d11cf ---
[2026-01-12T22:21:08.824Z] --- SERVIÇO: Buscando tags para a vaga b8e04f6a-8e2d-43c7-b25e-a54b807dc329 ---
[2026-01-12T22:21:08.824Z] --- SERVIÇO: Buscando tags para a vaga ba07cc99-ee2b-4b4c-9781-977690ee888d ---
[2026-01-12T22:21:08.824Z] --- SERVIÇO: Buscando tags para a vaga bb3160a4-1d6e-4c27-8a3e-10012501159b ---
[2026-01-12T22:21:08.824Z] --- SERVIÇO: Buscando tags para a vaga bb5eec13-15ec-434b-946a-b1793a46914b ---
[2026-01-12T22:21:08.824Z] --- SERVIÇO: Buscando tags para a vaga bc97677e-f4ff-4bef-bfe6-941b3193c3b0 ---
[2026-01-12T22:21:08.824Z] --- SERVIÇO: Buscando tags para a vaga bd33935e-d096-4eb2-bc72-723b12423f0d ---
[2026-01-12T22:21:08.824Z] --- SERVIÇO: Buscando tags para a vaga be2692a9-1dca-486d-a802-5ce412dc7a8e ---
[2026-01-12T22:21:08.824Z] --- SERVIÇO: Buscando tags para a vaga be439c0f-69e6-4606-8c75-f0556b6fb72d ---
[2026-01-12T22:21:08.824Z] --- SERVIÇO: Buscando tags para a vaga be766298-eaaf-493f-9884-783856a1575f ---
[2026-01-12T22:21:08.824Z] --- SERVIÇO: Buscando tags para a vaga bee80d70-f0cb-4eab-9b60-da7e2375cff8 ---
[2026-01-12T22:21:08.824Z] --- SERVIÇO: Buscando tags para a vaga bfc0de30-6c0f-4d47-94fe-0a3b137d1032 ---
[2026-01-12T22:21:08.824Z] --- SERVIÇO: Buscando tags para a vaga c2565fd3-47a2-496c-9a5a-1778b3a40bf2 ---
[2026-01-12T22:21:08.824Z] --- SERVIÇO: Buscando tags para a vaga c4070a66-63c5-405c-b1e3-441b92bb43a4 ---
[2026-01-12T22:21:08.825Z] --- SERVIÇO: Buscando tags para a vaga c47273b3-1435-4d56-9389-39c47f3aa6a3 ---
[2026-01-12T22:21:08.825Z] --- SERVIÇO: Buscando tags para a vaga c52b4b74-26c4-4dfb-ab95-96c2ffb9c866 ---
[2026-01-12T22:21:08.825Z] --- SERVIÇO: Buscando tags para a vaga c709ca23-54be-49f1-b4d5-eb02601ffd6d ---
[2026-01-12T22:21:08.825Z] --- SERVIÇO: Buscando tags para a vaga c9745ee1-aeea-4868-b13c-4a2b914e8e77 ---
[2026-01-12T22:21:08.825Z] --- SERVIÇO: Buscando tags para a vaga ccbf5f24-7ef8-43b5-8dbb-423b39b21d50 ---
[2026-01-12T22:21:09.069Z] --- SERVIÇO: Buscando tags para a vaga cdea6c2f-2269-43cc-84ea-fe0e25b5e54d ---
[2026-01-12T22:21:09.069Z] --- SERVIÇO: Buscando tags para a vaga cf5e8f77-4527-4432-a281-86e21c186077 ---
[2026-01-12T22:21:09.069Z] --- SERVIÇO: Buscando tags para a vaga cf62ef85-5b6a-4b33-96e2-e3300f8a768a ---
[2026-01-12T22:21:09.069Z] --- SERVIÇO: Buscando tags para a vaga cfa194c4-bf08-4a1a-a264-c41470216bd9 ---
[2026-01-12T22:21:09.070Z] --- SERVIÇO: Buscando tags para a vaga d0b95540-7927-49ed-8d5b-844e4fa6453c ---
[2026-01-12T22:21:09.070Z] --- SERVIÇO: Buscando tags para a vaga d0c27dd1-ba64-4b09-b9cf-a4c406314e63 ---
[2026-01-12T22:21:09.070Z] --- SERVIÇO: Buscando tags para a vaga d166490e-2a11-4c8c-ba4e-d8a8d5a81358 ---
[2026-01-12T22:21:09.070Z] --- SERVIÇO: Buscando tags para a vaga d3fc787b-2632-484e-979b-ed27ad981770 ---
[2026-01-12T22:21:09.070Z] --- SERVIÇO: Buscando tags para a vaga d6b89b2c-20c2-41bf-bd91-d126bbbb0f5c ---
[2026-01-12T22:21:09.070Z] --- SERVIÇO: Buscando tags para a vaga d773d309-13af-4a7c-a56c-c74ea2767f84 ---
[2026-01-12T22:21:09.070Z] --- SERVIÇO: Buscando tags para a vaga d780f1b1-9a14-4f2c-8517-39febde65ba4 ---
[2026-01-12T22:21:09.070Z] --- SERVIÇO: Buscando tags para a vaga d8dca707-4a10-4554-bd57-3423565aebf3 ---
[2026-01-12T22:21:09.072Z] --- SERVIÇO: Buscando tags para a vaga da8ee7b6-3cca-41e0-8496-1e7d784dea5c ---
[2026-01-12T22:21:09.072Z] --- SERVIÇO: Buscando tags para a vaga db58afee-aa79-44d7-b01a-084c08ac9ffc ---
[2026-01-12T22:21:09.072Z] --- SERVIÇO: Buscando tags para a vaga dd9b4e38-c7a3-4453-a912-6cc7b4e542dd ---
[2026-01-12T22:21:09.073Z] --- SERVIÇO: Buscando tags para a vaga ddc9f50c-b15c-497d-a740-bd682de6e982 ---
[2026-01-12T22:21:09.073Z] --- SERVIÇO: Buscando tags para a vaga de32cf73-deb2-46a7-a78b-05a0427cbfe6 ---
[2026-01-12T22:21:09.073Z] --- SERVIÇO: Buscando tags para a vaga df4f7c2e-8f9a-464a-b5cd-ecb105cfd6cb ---
[2026-01-12T22:21:09.073Z] --- SERVIÇO: Buscando tags para a vaga e3300c6a-ffcf-4b70-b147-97012871bb99 ---
[2026-01-12T22:21:09.073Z] --- SERVIÇO: Buscando tags para a vaga e3643e48-0d7c-4989-916f-fe7659d98a33 ---
[2026-01-12T22:21:09.073Z] --- SERVIÇO: Buscando tags para a vaga e3e6ab23-7e2e-4539-ba23-922599a99718 ---
[2026-01-12T22:21:09.073Z] --- SERVIÇO: Buscando tags para a vaga e4f3e42b-6b05-40dc-8659-a81504410e9b ---
[2026-01-12T22:21:09.073Z] --- SERVIÇO: Buscando tags para a vaga e681b432-3bbe-4ae9-b8e4-f2e86d3d11c6 ---
[2026-01-12T22:21:09.073Z] --- SERVIÇO: Buscando tags para a vaga e68c4f98-5623-4108-a8f2-b8252a1e5363 ---
[2026-01-12T22:21:09.073Z] --- SERVIÇO: Buscando tags para a vaga e8e05409-1d79-449e-9bd5-8766914f9cb9 ---
[2026-01-12T22:21:09.073Z] --- SERVIÇO: Buscando tags para a vaga e8ef0e45-f2c9-4dfc-a026-213cad983ec8 ---
[2026-01-12T22:21:09.073Z] --- SERVIÇO: Buscando tags para a vaga e9f9d0de-7dea-4c59-9078-3c63136d2c3d ---
[2026-01-12T22:21:09.073Z] --- SERVIÇO: Buscando tags para a vaga eb6ceb2b-7ff6-4365-9fa4-67ea175d8f5a ---
[2026-01-12T22:21:09.073Z] --- SERVIÇO: Buscando tags para a vaga eb987d00-3669-416c-afd6-f299f2106f09 ---
[2026-01-12T22:21:09.073Z] --- SERVIÇO: Buscando tags para a vaga ebfc702b-fe2b-4256-9a71-9f29927aebf0 ---
[2026-01-12T22:21:09.073Z] --- SERVIÇO: Buscando tags para a vaga eed56da4-5ad6-495e-8c53-5205d7ecbf8b ---
[2026-01-12T22:21:09.073Z] --- SERVIÇO: Buscando tags para a vaga ef7e90f9-09ed-497c-a74a-35464f8ff4e0 ---
[2026-01-12T22:21:09.073Z] --- SERVIÇO: Buscando tags para a vaga f02d9412-b27a-42d6-b021-22baa32446b1 ---
[2026-01-12T22:21:09.073Z] --- SERVIÇO: Buscando tags para a vaga f19ffe30-c39c-49e5-b9db-7d7533ae8b7e ---
[2026-01-12T22:21:09.073Z] --- SERVIÇO: Buscando tags para a vaga f294572b-b7cf-468b-bf7a-4381da0d33b0 ---
[2026-01-12T22:21:09.074Z] --- SERVIÇO: Buscando tags para a vaga f2cebfcd-1a4f-43d5-b082-c0849853ddbc ---
[2026-01-12T22:21:09.074Z] --- SERVIÇO: Buscando tags para a vaga f31cde87-5872-42dc-b34c-c4604a679e95 ---
[2026-01-12T22:21:09.074Z] --- SERVIÇO: Buscando tags para a vaga f354323d-be6c-42ee-8341-3cf00a5ba7f1 ---
[2026-01-12T22:21:09.074Z] --- SERVIÇO: Buscando tags para a vaga f3c4bffb-3043-4b9a-9c4b-846d1ea394d4 ---
[2026-01-12T22:21:09.074Z] --- SERVIÇO: Buscando tags para a vaga f71b7bab-ec59-4b45-8cb1-53d0497256c5 ---
[2026-01-12T22:21:09.074Z] --- SERVIÇO: Buscando tags para a vaga f71ee2bd-27ec-4e54-8bd7-1c88d6841244 ---
[2026-01-12T22:21:09.074Z] --- SERVIÇO: Buscando tags para a vaga f84ee05c-b0f8-4835-8e57-0e7c12705119 ---
[2026-01-12T22:21:09.074Z] --- SERVIÇO: Buscando tags para a vaga f8a46ee0-7d89-48bd-8c89-3f209d6a19bf ---
[2026-01-12T22:21:09.074Z] --- SERVIÇO: Buscando tags para a vaga fa721cb8-4af5-4340-b46e-5e8708f28f33 ---
[2026-01-12T22:21:09.074Z] --- SERVIÇO: Buscando tags para a vaga fb54fa05-e2bf-41b4-8adb-2e59fa0d3916 ---
[2026-01-12T22:21:09.074Z] --- SERVIÇO: Buscando tags para a vaga fd534c00-0776-4981-9a48-530a813cd7f7 ---
[2026-01-12T22:21:09.401Z] Buscando uma página de talentos (limite de 100).
[2026-01-12T22:21:09.662Z] --- ORQUESTRADOR (SYNC): Busca completa. Total de 65889 talentos carregados.
[2026-01-12T22:21:29.900Z] --- ORQUESTRADOR (SYNC): Buscando TODOS os talentos com paginação interna ---
[2026-01-12T22:21:29.901Z] Buscando uma página de talentos (limite de 100).
[2026-01-12T22:21:31.370Z] Buscando uma página de talentos (limite de 100).
[2026-01-12T22:21:32.789Z] Buscando uma página de talentos (limite de 100).
[2026-01-12T22:21:33.988Z] Buscando uma página de talentos (limite de 100).
[2026-01-12T22:21:35.133Z] Buscando uma página de talentos (limite de 100).
[2026-01-12T22:21:36.334Z] Buscando uma página de talentos (limite de 100).
[2026-01-12T22:21:37.441Z] Buscando uma página de talentos (limite de 100).
[2026-01-12T22:21:38.043Z] Buscando uma página de talentos (limite de 100).
[2026-01-12T22:21:39.247Z] Buscando uma página de talentos (limite de 100).
[2026-01-12T22:21:40.413Z] Buscando uma página de talentos (limite de 100).
[2026-01-12T22:21:41.479Z] Buscando uma página de talentos (limite de 100).
